WARNING: Using incubator modules: jdk.incubator.vector
[TELEPORT_DIAG] enabled=false threshold=0.1
Loading parameter values from /home/jba/Code/BoA/RUN_LOGS/2026-06-08_scaling_study/4x_gpu_K2.pf...
     Parameter assigned: deltaT set to 1.0E-5
     Parameter assigned: biochemDeltaT set to 0.01
     Parameter assigned: collisionDeltaT set to 1.0E-5
     Parameter assigned: brownianDeltaT set to 1.0E-5
     Parameter assigned: runTime set to 0.016
     Parameter assigned: toFileInterval set to 5000
     Parameter assigned: remoteWriteInterval set to 1000
     Parameter assigned: fracMove set to 0.5
     Parameter assigned: fracR set to 0.1
     Parameter assigned: fracMoveTorq set to 0.2
     Parameter assigned: boxXDim set to 28.0
     Parameter assigned: boxYDim set to 28.0
     Parameter assigned: boxZDim set to 0.5
     Parameter assigned: aeta set to 0.1
     Parameter assigned: noMonomersSimd set to true
     Parameter assigned: kRdmNuc set to 0.0
     Parameter assigned: kNodeNuc set to 0.0
     Parameter assigned: initialFilaments set to 1600
     Parameter assigned: minFilLength set to 1.0
     Parameter assigned: maxFilLength set to 3.0
     Parameter assigned: initialMyoMiniFils set to 0
     Parameter assigned: equilNodes set to 0
     Parameter assigned: glidingAssay set to true
     Parameter assigned: externalDensitySweep set to true
     Parameter assigned: fixedMyosinDensity set to 500.0
     Parameter assigned: fixedMyosinZValue set to -0.05
     Parameter assigned: glidingFilamentLength set to 2.0
     Parameter assigned: filSegLength set to 64
Done... there were 0 misunderstandings.
[RNG] per-worker RNG pool: 17 MTFs, masterSeed=9074287506982141672 (BOA_RNG_SEED unset)
**************************************************************
Eulerian Mesh stats:
nXBins = 141; xBinWidth = 0.2 µm
nYBins = 141; yBinWidth = 0.2 µm
binDepth = 1000
**************************************************************
MotorBindGrid3D: 141 x 141 x 4 cells (0.2 µm each)
[14:25] [phase-plan] inert-wave cull — ThreadSet activation snapshot:
[14:25]   ON   ThingStep Threads
[14:25]   ON   ThingBrownian Threads
[14:25]   ON   Myosin Threads
[14:25]   OFF  MyoDimer Threads
[14:25]   OFF  Protein Node Threads
[14:25]   OFF  MyoMiniFil Threads
[14:25]   OFF  Chamber Myo Threads
[14:25]   OFF  Chamber MyoDimer Threads
[14:25]   ON   Mesh Threads
[14:25]   ON   Ck Mesh Threads
[14:25]   ON   Ck Mots Threads
[14:25]   OFF  XLink Threads
[14:25]   OFF  Arp23 Threads
[14:25]   OFF  NodeLink Threads
[14:25]   OFF  Membrane Node Threads
[14:25]   OFF  ActA Threads
[14:25]   ON   MotorBindGrid3D Fill
[14:25] [phase-plan] 7 active, 10 inert (will skip dispatch)
[POSE_CHURN] sized POSE_DELTA_CAP=12808 (initialFilaments=1600, peakModel=3202, safety=4x, floor=8192)
GPUMoveThing: slotCap=2355204 myoCap=784000 moveBlock=64 jointBlock=64 runSeed=-586083280 nWorkers=16
[GATHER] call=1000 totalDirty=0 maxThread=0 cumAvg=12.7 cumMaxPerThread=19
[GATHER] call=2000 totalDirty=0 maxThread=0 cumAvg=12.3 cumMaxPerThread=19
Sim. time=00.01....~534.52 minutes computation to simulate 1 sec, run finished in ~00.05 hours
[GATHER] call=3000 totalDirty=0 maxThread=0 cumAvg=12.2 cumMaxPerThread=19
collisionTime = 0.0
myosinTime = 0.0
[STATS] bindEvents=8374
[STATS] checkBugInsideFireCt=0
[STATS] addLinkForcesFireCt=0
[STATS] addTorsionFireCt=0
[STATS] meshFillFilSegFireCt=15341882
[STATS] meshAllSegsFireCt=0
[STATS] mbg3dFillFilSegFireCt=0
[STATS] updatePosFromBindFireCt=8374
[STATS] updatePosFromStepFireCt=0
[STATS] validateSegFireCt=883729
[STATS] anchorFireCt=0
[STATS] filSegInitFireCt=36503
[STATS] motorInitFireCt=392000
[STATS] meanBoundMotors=520.380
[STATS] gpuMotorBinding total=1.448s calls=1701 pack=0.423s gridPack=0.000s exec=0.000s unpack=1.448s
[STATS] gpuMoveThing total=294.887s calls=1701 slotPack=64.626s jointPack=21.213s exec=190.787s unpack=18.257s
[STATS] gpuMoveThing demandSyncPose=0.576s(calls=1) demandSyncDerived=0.057s(calls=1) planRebuild=1
[STATS] gpuMoveThing poseDelta avg=34902.00 max=3202 sum=34902 fresh=1 overflow=0 cap=12808
[STATS] gpuMoveThing trueDirty calls=1700 slotChange avg=10.27 max=1601 pending avg=10.27 max=1601 totalUpperMax=3202 slotCount=1195052 slotCap=2355204
[STATS] glidingVelocity=0.0000
ThingStep Threads took 87.657000 seconds.
ThingBrownian Threads took 11.495000 seconds.
Myosin Threads took 1.687000 seconds.
MyoDimer Threads took 0.000000 seconds.
Protein Node Threads took 0.000000 seconds.
MyoMiniFil Threads took 0.000000 seconds.
Chamber Myo Threads took 0.000000 seconds.
Chamber MyoDimer Threads took 0.000000 seconds.
Mesh Threads took 29.416000 seconds.
Ck Mesh Threads took 2.855000 seconds.
Ck Mots Threads took 0.000000 seconds.
XLink Threads took 0.928000 seconds.
Arp23 Threads took 0.000000 seconds.
NodeLink Threads took 0.000000 seconds.
Membrane Node Threads took 0.000000 seconds.
ActA Threads took 0.000000 seconds.
MotorBindGrid3D Fill took 0.000000 seconds.
Finished closing JSON plots!
