WARNING: Using incubator modules: jdk.incubator.vector
[TURNOVER] global biochem cadence ON (biochem phase-aligned; GPU pose pull at biochem+output cadence)
[TELEPORT_DIAG] enabled=false threshold=0.1
Loading parameter values from /home/jba/Code/BoA/ParameterFiles/boa10-64Seg-dyn-dense-8x...
     Parameter assigned: deltaT set to 1.0E-4
     Parameter assigned: biochemDeltaT set to 0.01
     Parameter assigned: collisionDeltaT set to 1.0E-5
     No match found for parameter label brownianDeltaT ... you best check that out!
     Parameter assigned: runTime set to 0.065
     Parameter assigned: fracMove set to 0.4
     Parameter assigned: fracR set to 0.134
     Parameter assigned: fracMoveTorq set to 0.013685
     Parameter assigned: drawInterval set to 100
     Parameter assigned: toFileInterval set to 1000000000
     No match found for parameter label toQKFileInterval ... you best check that out!
     Parameter assigned: jpegQuality set to 1.0
     Parameter assigned: remoteWriteInterval set to 100000
     Parameter assigned: frameWidth set to 800
     Parameter assigned: frameHeight set to 800
     No match found for parameter label bugOff ... you best check that out!
     Parameter assigned: simOutsideBug set to false
     Parameter assigned: initialFilaments set to 32000
     Parameter assigned: initialMyoMiniFils set to 32000
     Parameter assigned: minFilLength set to 0.9
     Parameter assigned: maxFilLength set to 1.3
     Parameter assigned: stdDevActinDist set to 0.5
     Parameter assigned: boxXDim set to 28.2843
     Parameter assigned: boxYDim set to 28.2843
     Parameter assigned: boxZDim set to 0.5
     Parameter assigned: actinConc set to 20.0
     Parameter assigned: actinConcNonHydro set to 15.0
     Parameter assigned: aeta set to 1.0
     Parameter assigned: capConc set to 2.0
     Parameter assigned: nodeZone set to 0.9
     Parameter assigned: nodeRadius set to 0.025
     Parameter assigned: forminsPerNode set to 0
     No match found for parameter label myosPerNode ... you best check that out!
     Parameter assigned: nodeTransDiff set to 1.0E-16
     Parameter assigned: nodeRotDiff set to 0.001
     Parameter assigned: actinSeed set to 3
     Parameter assigned: actinOnCortex set to true
     Parameter assigned: filSegLength set to 64
     Parameter assigned: filTorqSpring set to 1.0E-20
     Parameter assigned: BTransCoeff set to 1.0
     Parameter assigned: BRotCoeff set to 0.5
     Parameter assigned: maxSegAngle set to 22.5
     Parameter assigned: maxSegDist set to 0.0108
     Parameter assigned: nodeTorqSpring set to 1.0E-20
     Parameter assigned: maxNodeTetherStrainDist set to 0.0108
     Parameter assigned: nodeTetherDetachRate set to 0.001
     Parameter assigned: forminMoves set to false
     Parameter assigned: forminRelease set to 1.0
     Parameter assigned: noMonomersSimd set to false
     Parameter assigned: filamentsAnneal set to false
     Parameter assigned: annealDist set to 0.054
     Parameter assigned: annealAngleCosine set to 0.9
     Parameter assigned: maxLinksOnSeg set to 10.0
     Parameter assigned: sideBonds set to 0
     Parameter assigned: sideBondsRelax set to false
     Parameter assigned: sideBondsStabilize set to 1.0
     Parameter assigned: bundleStableFactor set to 2.0
     Parameter assigned: filLinkSpring set to 1.0E-9
     Parameter assigned: filLinkTorqSpring set to 1.0E-19
     Parameter assigned: xLinkTransAttn set to 1.0
     Parameter assigned: xLinkRotAttn set to 1.0
     No match found for parameter label maxFilLinkDist ... you best check that out!
     No match found for parameter label linkDissolveRate ... you best check that out!
     Parameter assigned: kATPOn1 set to 1.3
     Parameter assigned: kATPOff1 set to 0.8
     Parameter assigned: kADPOff1 set to 2.7
     Parameter assigned: kATPOn1NonHydro set to 0.0
     Parameter assigned: kATPOff1NonHydro set to 0.0
     Parameter assigned: kATPOn2 set to 11.6
     Parameter assigned: kATPOff2 set to 1.4
     Parameter assigned: kADPOff2 set to 7.2
     Parameter assigned: kATPOn2WithFormin set to 0.0
     Parameter assigned: kATPOff2WithFormin set to 0.0
     Parameter assigned: kADPOff2WithFormin set to 0.0
     Parameter assigned: kATPOn2NonHydro set to 0.0
     Parameter assigned: kATPOff2NonHydro set to 0.0
     Parameter assigned: kATPOn2NonHydroWithFormin set to 0.0
     Parameter assigned: kATPOff2NonHydroWithFormin set to 0.0
     Parameter assigned: capRate set to 3.0
     Parameter assigned: cofilinRate set to 0.4
     Parameter assigned: cofilinConc set to 3.0
     Parameter assigned: cofilinRatio set to 1.1
     Parameter assigned: myosinStallForce set to 2.0
     No match found for parameter label myosinReleaseRate ... you best check that out!
     No match found for parameter label myoFBRBase ... you best check that out!
     No match found for parameter label myoFBRExp ... you best check that out!
     Parameter assigned: capNumEnd1 set to 3
     Parameter assigned: capNumEnd2 set to 3
     Parameter assigned: capNumEnd1WithNode set to 3
     Parameter assigned: capNumEnd2WithNode set to 3
     Parameter assigned: polyCompressionCutoff set to 0.0
     Parameter assigned: kRdmNuc set to 0.001
     Parameter assigned: kNodeNuc set to 10.0
     Parameter assigned: kHydrolysis set to 1.0
     Parameter assigned: kDissociation set to 1.0
     Parameter assigned: showTime set to true
     Parameter assigned: showConc set to true
     Parameter assigned: showNonHydroConc set to false
     Parameter assigned: showFilCt set to true
     Parameter assigned: showFilLinkCt set to true
     Parameter assigned: showFilSegCt set to false
     Parameter assigned: showMonCt set to true
     Parameter assigned: fixedHistScale set to 100.0
     Parameter assigned: showHistBox set to true
     Parameter assigned: showYHistTics set to true
     Parameter assigned: flatTops set to true
     Parameter assigned: maxXLinkBondAngle set to 0.6
     Parameter assigned: xLinkOnRate set to 400.0
     Parameter assigned: xLinkConc set to 1.0
     Parameter assigned: linkOffConst set to 1.0
     Parameter assigned: linkOffCoeff set to 1.0
     Parameter assigned: linkOffExp set to 2.0
     Parameter assigned: crossLinkGrabDist set to 0.05
Done... there were 9 misunderstandings.
[RNG] per-worker RNG pool: 17 MTFs, masterSeed=4886800893853101197 (BOA_RNG_SEED unset)
**************************************************************
Eulerian Mesh stats:
nXBins = 143; xBinWidth = 0.2 µm
nYBins = 143; yBinWidth = 0.2 µm
binDepth = 1000
**************************************************************
MotorBindGrid3D: 143 x 143 x 4 cells (0.2 µm each)
[10:17] [phase-plan] inert-wave cull — ThreadSet activation snapshot:
[10:17]   ON   ThingStep Threads
[10:17]   ON   ThingBrownian Threads
[10:17]   ON   Myosin Threads
[10:17]   ON   MyoDimer Threads
[10:17]   OFF  Protein Node Threads
[10:17]   ON   MyoMiniFil Threads
[10:17]   OFF  Chamber Myo Threads
[10:17]   OFF  Chamber MyoDimer Threads
[10:17]   ON   Mesh Threads
[10:17]   ON   Ck Mesh Threads
[10:17]   ON   Ck Mots Threads
[10:17]   OFF  XLink Threads
[10:17]   OFF  Arp23 Threads
[10:17]   OFF  NodeLink Threads
[10:17]   OFF  Membrane Node Threads
[10:17]   OFF  ActA Threads
[10:17]   ON   MotorBindGrid3D Fill
[10:17] [phase-plan] 9 active, 8 inert (will skip dispatch)
[POSE_CHURN] sized POSE_DELTA_CAP=256008 (initialFilaments=32000, peakModel=64002, safety=4x, floor=8192)
GPUMoveThing: slotCap=6272002 myoCap=2048000 moveBlock=64 jointBlock=64 runSeed=1301404594 nWorkers=16
[GATHER] call=1000 totalDirty=0 maxThread=0 cumAvg=18692.7 cumMaxPerThread=7862
collisionTime = 0.0
myosinTime = 0.0

*** step() per-force profile (BOA_STEP_PROFILE=1) ***
  Force                                     sec    pct          calls      ns/call
  F1/F2  FilSeg boundary collision        2.427   1.7%      124936718           19
  F5/F6  FilSeg node tether               7.339   5.2%      124936718           59
  F7     MyoMini boundary collision       8.423   5.9%       21119958          399
  F8-F10 MyoMotor tipLink (motor-fil)   124.063  87.2%      675838656          184
  TOTAL (sum of buckets)                142.251
  Note: bucket sums are wall × thread-count (each worker accumulates its own time).
[STATS] bindEvents=28084
[STATS] filLinks=34002 (active=34002 inactive=8866)
[STATS] linkCtMean=23965.18 (samples=660) linkCtMeanSettled=31916.24 (samples=335) finalActive=34002
[STATS] filFilBroadphase active=true filsegMeshFillSkipped=660 candPairs=15833839 candMaxPerSeg=104 overflowSegs=0 drainCalls=6
[STATS] fActin segs=190254 monomers=13291789 fActinUM=6.90 meanSegLenUM=0.191 freePoolUM=13.10
[STATS] mem usedHeapMB=15866.6 maxHeapMB=24815.6 slotCap=6272002 slotCount=3294254 myoCap=2048000 devBufEstMB=1075.2
[STATS] percolation filaments=32000 activeLinks=25136 linksPerFil=0.786 largestComp=143 (0.4% of fils) spanX=0.18 spanY=0.16 spanZ=0.97 spanFrac=0.18 percolates=false

*** [STEP_PROFILE] window=[300,660) steps=360 path=GPU wall=370881.9ms (1030.2275 ms/step) ***
  --- every-step phases (ms/step) ---
    exec                252.12810
    pack                266.83268
    crosslinkForce        8.84167
    meshFill              0.00556
    cpuIntegrate        527.53611  (GPU: move-wrap)
      step               55.96944
      gatherForces        5.09444
      brownian           20.99444
  --- biochem-cadence phases (amortized ms/step | per-fire ms | fires) ---
    crosslinkFormation    4.51111 | 541.3333 | 3
    biochem              32.66667 | 3920.0000 | 3
    sync                  0.33114 |  39.7372 | 3
  --- 'other' decomposition (ms/step) ---
    jointsCpu            42.55739
      membraneLinks       0.00490
      myoJoints1         19.79049
      myoJoints2         22.76199
    motorFilCol           3.24722
    recompute           171.35696
      ↳classify         143.87305
      ↳poseAudit         21.31214
      ↳capacity           0.00047
      ↳classifyRuns=103/360 steps (structural=103, lengthOnly=0, redundant=0.0%)
    resetCt              87.65556
    moveDrains            4.06422
    membrane              1.50181
    safepoint             0.00579
    output                0.00203
    cleanup              64.08611
    cleanupTail           0.01401
    gc(of residual)       1.63611  [subset of otherResidual: JVM GC pauses]
  --- totals (ms/step) ---
    total(wall)        1030.22746
    host(=tot-exec)     778.09936
    otherResidual         8.36111  (of which gc=1.6361, non-gc=6.7250)

[A3] cpuFallback histogram (last classify): thingCt=3294255 cpuFb total=1 { FilSeg=0 MyoMini=0 ProteinNode=0 Chamber=1 other=0 }
[A3] dimer cohesion dispatch: device(noop)=165041485 cpu(work)=0  | body↔rod constrain: device(noop)=195873469 cpu(work)=0  | updateMyosins(host-bookkeeping)=20312728
[NODE] cpuNodeTetherApplyCt=0 (must be 0 on GPU node path)
[STATS] checkBugInsideFireCt=0
[STATS] addLinkForcesFireCt=0
[STATS] addTorsionFireCt=0
[STATS] meshFillFilSegFireCt=0
[STATS] meshAllSegsFireCt=0
[STATS] mbg3dFillFilSegFireCt=0
[STATS] updatePosFromBindFireCt=28084
[STATS] updatePosFromStepFireCt=0
[STATS] validateSegFireCt=590501
[STATS] anchorFireCt=0
[STATS] filSegInitFireCt=530235
[STATS] motorInitFireCt=1030528
[STATS] meanBoundMotors=895.529
[STATS] gpuMotorBinding total=1.988s calls=660 pack=2.091s gridPack=0.000s exec=0.000s unpack=1.988s
[STATS] gpuMoveThing total=344.203s calls=660 slotPack=130.827s jointPack=21.775s exec=169.179s unpack=22.419s
[STATS] gpuMoveThing demandSyncPose=1.054s(calls=6) demandSyncDerived=0.000s(calls=0) planRebuild=1 packRuleDesync=0
[STATS] cadence steps=660 demandSyncPoseCalls=6 biochemFireCt=6 crosslinkFireCt=6 crosslinkCheckInt=100 (pull/step=0.009 biochem/step=0.009 xlink/step=0.009)
[STATS] gpuMoveThing poseDelta avg=107476.20 max=64097 sum=537381 fresh=1 overflow=0 cap=256008
[STATS] gpuMoveThing trueDirty calls=659 slotChange avg=299.82 max=32097 pending avg=515.02 max=34010 totalUpperMax=64097 slotCount=3294254 slotCap=6272002
[STATS] A1 classify runs=214 (structural=214 lengthOnly=0) classifyMs=106671.8 poseAuditMs=15701.3 fullRecompute=false
ThingStep Threads took 116.886000 seconds.
ThingBrownian Threads took 13.228000 seconds.
Myosin Threads took 0.555000 seconds.
MyoDimer Threads took 11.830000 seconds.
Protein Node Threads took 0.000000 seconds.
MyoMiniFil Threads took 14.504000 seconds.
Chamber Myo Threads took 0.000000 seconds.
Chamber MyoDimer Threads took 0.000000 seconds.
Mesh Threads took 0.000000 seconds.
Ck Mesh Threads took 0.000000 seconds.
Ck Mots Threads took 0.000000 seconds.
XLink Threads took 3.241000 seconds.
Arp23 Threads took 0.000000 seconds.
NodeLink Threads took 0.000000 seconds.
Membrane Node Threads took 0.000000 seconds.
ActA Threads took 0.000000 seconds.
MotorBindGrid3D Fill took 0.000000 seconds.
Finished closing JSON plots!
