WARNING: Using incubator modules: jdk.incubator.vector
[TURNOVER] global biochem cadence ON (biochem phase-aligned; GPU pose pull at biochem+output cadence)
[TELEPORT_DIAG] enabled=false threshold=0.1
Loading parameter values from /home/jba/Code/BoA/ParameterFiles/boa10-64Seg-dyn-dense-4x...
     Parameter assigned: deltaT set to 1.0E-4
     Parameter assigned: biochemDeltaT set to 0.01
     Parameter assigned: collisionDeltaT set to 1.0E-5
     No match found for parameter label brownianDeltaT ... you best check that out!
     Parameter assigned: runTime set to 0.065
     Parameter assigned: fracMove set to 0.4
     Parameter assigned: fracR set to 0.134
     Parameter assigned: fracMoveTorq set to 0.013685
     Parameter assigned: drawInterval set to 100
     Parameter assigned: toFileInterval set to 1000000000
     No match found for parameter label toQKFileInterval ... you best check that out!
     Parameter assigned: jpegQuality set to 1.0
     Parameter assigned: remoteWriteInterval set to 100000
     Parameter assigned: frameWidth set to 800
     Parameter assigned: frameHeight set to 800
     No match found for parameter label bugOff ... you best check that out!
     Parameter assigned: simOutsideBug set to false
     Parameter assigned: initialFilaments set to 16000
     Parameter assigned: initialMyoMiniFils set to 16000
     Parameter assigned: minFilLength set to 0.9
     Parameter assigned: maxFilLength set to 1.3
     Parameter assigned: stdDevActinDist set to 0.5
     Parameter assigned: boxXDim set to 20.0
     Parameter assigned: boxYDim set to 20.0
     Parameter assigned: boxZDim set to 0.5
     Parameter assigned: actinConc set to 20.0
     Parameter assigned: actinConcNonHydro set to 15.0
     Parameter assigned: aeta set to 1.0
     Parameter assigned: capConc set to 2.0
     Parameter assigned: nodeZone set to 0.9
     Parameter assigned: nodeRadius set to 0.025
     Parameter assigned: forminsPerNode set to 0
     No match found for parameter label myosPerNode ... you best check that out!
     Parameter assigned: nodeTransDiff set to 1.0E-16
     Parameter assigned: nodeRotDiff set to 0.001
     Parameter assigned: actinSeed set to 3
     Parameter assigned: actinOnCortex set to true
     Parameter assigned: filSegLength set to 64
     Parameter assigned: filTorqSpring set to 1.0E-20
     Parameter assigned: BTransCoeff set to 1.0
     Parameter assigned: BRotCoeff set to 0.5
     Parameter assigned: maxSegAngle set to 22.5
     Parameter assigned: maxSegDist set to 0.0108
     Parameter assigned: nodeTorqSpring set to 1.0E-20
     Parameter assigned: maxNodeTetherStrainDist set to 0.0108
     Parameter assigned: nodeTetherDetachRate set to 0.001
     Parameter assigned: forminMoves set to false
     Parameter assigned: forminRelease set to 1.0
     Parameter assigned: noMonomersSimd set to false
     Parameter assigned: filamentsAnneal set to false
     Parameter assigned: annealDist set to 0.054
     Parameter assigned: annealAngleCosine set to 0.9
     Parameter assigned: maxLinksOnSeg set to 10.0
     Parameter assigned: sideBonds set to 0
     Parameter assigned: sideBondsRelax set to false
     Parameter assigned: sideBondsStabilize set to 1.0
     Parameter assigned: bundleStableFactor set to 2.0
     Parameter assigned: filLinkSpring set to 1.0E-9
     Parameter assigned: filLinkTorqSpring set to 1.0E-19
     Parameter assigned: xLinkTransAttn set to 1.0
     Parameter assigned: xLinkRotAttn set to 1.0
     No match found for parameter label maxFilLinkDist ... you best check that out!
     No match found for parameter label linkDissolveRate ... you best check that out!
     Parameter assigned: kATPOn1 set to 1.3
     Parameter assigned: kATPOff1 set to 0.8
     Parameter assigned: kADPOff1 set to 2.7
     Parameter assigned: kATPOn1NonHydro set to 0.0
     Parameter assigned: kATPOff1NonHydro set to 0.0
     Parameter assigned: kATPOn2 set to 11.6
     Parameter assigned: kATPOff2 set to 1.4
     Parameter assigned: kADPOff2 set to 7.2
     Parameter assigned: kATPOn2WithFormin set to 0.0
     Parameter assigned: kATPOff2WithFormin set to 0.0
     Parameter assigned: kADPOff2WithFormin set to 0.0
     Parameter assigned: kATPOn2NonHydro set to 0.0
     Parameter assigned: kATPOff2NonHydro set to 0.0
     Parameter assigned: kATPOn2NonHydroWithFormin set to 0.0
     Parameter assigned: kATPOff2NonHydroWithFormin set to 0.0
     Parameter assigned: capRate set to 3.0
     Parameter assigned: cofilinRate set to 0.4
     Parameter assigned: cofilinConc set to 3.0
     Parameter assigned: cofilinRatio set to 1.1
     Parameter assigned: myosinStallForce set to 2.0
     No match found for parameter label myosinReleaseRate ... you best check that out!
     No match found for parameter label myoFBRBase ... you best check that out!
     No match found for parameter label myoFBRExp ... you best check that out!
     Parameter assigned: capNumEnd1 set to 3
     Parameter assigned: capNumEnd2 set to 3
     Parameter assigned: capNumEnd1WithNode set to 3
     Parameter assigned: capNumEnd2WithNode set to 3
     Parameter assigned: polyCompressionCutoff set to 0.0
     Parameter assigned: kRdmNuc set to 0.001
     Parameter assigned: kNodeNuc set to 10.0
     Parameter assigned: kHydrolysis set to 1.0
     Parameter assigned: kDissociation set to 1.0
     Parameter assigned: showTime set to true
     Parameter assigned: showConc set to true
     Parameter assigned: showNonHydroConc set to false
     Parameter assigned: showFilCt set to true
     Parameter assigned: showFilLinkCt set to true
     Parameter assigned: showFilSegCt set to false
     Parameter assigned: showMonCt set to true
     Parameter assigned: fixedHistScale set to 100.0
     Parameter assigned: showHistBox set to true
     Parameter assigned: showYHistTics set to true
     Parameter assigned: flatTops set to true
     Parameter assigned: maxXLinkBondAngle set to 0.6
     Parameter assigned: xLinkOnRate set to 400.0
     Parameter assigned: xLinkConc set to 1.0
     Parameter assigned: linkOffConst set to 1.0
     Parameter assigned: linkOffCoeff set to 1.0
     Parameter assigned: linkOffExp set to 2.0
     Parameter assigned: crossLinkGrabDist set to 0.05
Done... there were 9 misunderstandings.
[RNG] per-worker RNG pool: 17 MTFs, masterSeed=6760877232702286633 (BOA_RNG_SEED unset)
**************************************************************
Eulerian Mesh stats:
nXBins = 101; xBinWidth = 0.2 µm
nYBins = 101; yBinWidth = 0.2 µm
binDepth = 1000
**************************************************************
MotorBindGrid3D: 101 x 101 x 4 cells (0.2 µm each)
[09:52] [phase-plan] inert-wave cull — ThreadSet activation snapshot:
[09:52]   ON   ThingStep Threads
[09:52]   ON   ThingBrownian Threads
[09:52]   ON   Myosin Threads
[09:52]   ON   MyoDimer Threads
[09:52]   OFF  Protein Node Threads
[09:52]   ON   MyoMiniFil Threads
[09:52]   OFF  Chamber Myo Threads
[09:52]   OFF  Chamber MyoDimer Threads
[09:52]   ON   Mesh Threads
[09:52]   ON   Ck Mesh Threads
[09:52]   ON   Ck Mots Threads
[09:52]   OFF  XLink Threads
[09:52]   OFF  Arp23 Threads
[09:52]   OFF  NodeLink Threads
[09:52]   OFF  Membrane Node Threads
[09:52]   OFF  ActA Threads
[09:52]   ON   MotorBindGrid3D Fill
[09:52] [phase-plan] 9 active, 8 inert (will skip dispatch)
[POSE_CHURN] sized POSE_DELTA_CAP=128008 (initialFilaments=16000, peakModel=32002, safety=4x, floor=8192)
GPUMoveThing: slotCap=3136002 myoCap=1024000 moveBlock=64 jointBlock=64 runSeed=1979678214 nWorkers=16
[GATHER] call=1000 totalDirty=0 maxThread=0 cumAvg=9459.7 cumMaxPerThread=4039
collisionTime = 0.0
myosinTime = 0.0

*** step() per-force profile (BOA_STEP_PROFILE=1) ***
  Force                                     sec    pct          calls      ns/call
  F1/F2  FilSeg boundary collision        1.210   1.7%       62413489           19
  F5/F6  FilSeg node tether               3.970   5.5%       62413489           64
  F7     MyoMini boundary collision       4.380   6.1%       10559996          415
  F8-F10 MyoMotor tipLink (motor-fil)    62.596  86.8%      337919872          185
  TOTAL (sum of buckets)                 72.156
  Note: bucket sums are wall × thread-count (each worker accumulates its own time).
[STATS] bindEvents=15900
[STATS] filLinks=17175 (active=17175 inactive=4596)
[STATS] linkCtMean=12190.72 (samples=660) linkCtMeanSettled=16261.90 (samples=335) finalActive=17175
[STATS] filFilBroadphase active=true filsegMeshFillSkipped=660 candPairs=7988240 candMaxPerSeg=107 overflowSegs=0 drainCalls=6
[STATS] fActin segs=95035 monomers=6639850 fActinUM=6.89 meanSegLenUM=0.191 freePoolUM=13.11
[STATS] mem usedHeapMB=9659.5 maxHeapMB=24815.6 slotCap=3136002 slotCount=1647035 myoCap=1024000 devBufEstMB=591.6
[STATS] percolation filaments=16000 activeLinks=12579 linksPerFil=0.786 largestComp=129 (0.8% of fils) spanX=0.26 spanY=0.22 spanZ=0.98 spanFrac=0.26 percolates=false

*** [STEP_PROFILE] window=[300,660) steps=360 path=GPU wall=177940.0ms (494.2778 ms/step) ***
  --- every-step phases (ms/step) ---
    exec                136.25271
    pack                125.68961
    crosslinkForce        4.39167
    meshFill              0.00278
    cpuIntegrate        266.37778  (GPU: move-wrap)
      step               25.51667
      gatherForces        2.98333
      brownian            9.92222
  --- biochem-cadence phases (amortized ms/step | per-fire ms | fires) ---
    crosslinkFormation    1.90278 | 228.3333 | 3
    biochem              15.73611 | 1888.3333 | 3
    sync                  0.17312 |  20.7741 | 3
  --- 'other' decomposition (ms/step) ---
    jointsCpu            21.62627
      membraneLinks       0.00455
      myoJoints1         10.68895
      myoJoints2         10.93278
    motorFilCol           1.51389
    recompute            70.77724
      ↳classify          59.68645
      ↳poseAudit          8.11947
      ↳capacity           0.00037
      ↳classifyRuns=81/360 steps (structural=81, lengthOnly=0, redundant=0.0%)
    resetCt              40.80000
    moveDrains            2.53269
    membrane              1.54355
    safepoint             0.00543
    output                0.00184
    cleanup              28.98333
    cleanupTail           0.01155
    gc(of residual)       0.00000  [subset of otherResidual: JVM GC pauses]
  --- totals (ms/step) ---
    total(wall)         494.27783
    host(=tot-exec)     358.02512
    otherResidual         3.91106  (of which gc=0.0000, non-gc=3.9111)

[A3] cpuFallback histogram (last classify): thingCt=1647036 cpuFb total=1 { FilSeg=0 MyoMini=0 ProteinNode=0 Chamber=1 other=0 }
[A3] dimer cohesion dispatch: device(noop)=82320949 cpu(work)=0  | body↔rod constrain: device(noop)=95783259 cpu(work)=0  | updateMyosins(host-bookkeeping)=9984356
[NODE] cpuNodeTetherApplyCt=0 (must be 0 on GPU node path)
[STATS] checkBugInsideFireCt=0
[STATS] addLinkForcesFireCt=0
[STATS] addTorsionFireCt=0
[STATS] meshFillFilSegFireCt=0
[STATS] meshAllSegsFireCt=0
[STATS] mbg3dFillFilSegFireCt=0
[STATS] updatePosFromBindFireCt=15900
[STATS] updatePosFromStepFireCt=0
[STATS] validateSegFireCt=341674
[STATS] anchorFireCt=0
[STATS] filSegInitFireCt=264641
[STATS] motorInitFireCt=515520
[STATS] meanBoundMotors=518.206
[STATS] gpuMotorBinding total=1.052s calls=660 pack=1.026s gridPack=0.000s exec=0.000s unpack=1.052s
[STATS] gpuMoveThing total=182.465s calls=660 slotPack=64.726s jointPack=11.049s exec=95.182s unpack=11.506s
[STATS] gpuMoveThing demandSyncPose=0.944s(calls=6) demandSyncDerived=0.000s(calls=0) planRebuild=1 packRuleDesync=0
[STATS] cadence steps=660 demandSyncPoseCalls=6 biochemFireCt=6 crosslinkFireCt=6 crosslinkCheckInt=100 (pull/step=0.009 biochem/step=0.009 xlink/step=0.009)
[STATS] gpuMoveThing poseDelta avg=53977.80 max=32000 sum=269889 fresh=1 overflow=0 cap=128008
[STATS] gpuMoveThing trueDirty calls=659 slotChange avg=152.31 max=16000 pending avg=256.93 max=16975 totalUpperMax=32000 slotCount=1647035 slotCap=3136002
[STATS] A1 classify runs=123 (structural=123 lengthOnly=0) classifyMs=33052.8 poseAuditMs=4485.5 fullRecompute=false
ThingStep Threads took 58.045000 seconds.
ThingBrownian Threads took 6.468000 seconds.
Myosin Threads took 0.662000 seconds.
MyoDimer Threads took 6.003000 seconds.
Protein Node Threads took 0.000000 seconds.
MyoMiniFil Threads took 7.303000 seconds.
Chamber Myo Threads took 0.000000 seconds.
Chamber MyoDimer Threads took 0.000000 seconds.
Mesh Threads took 0.000000 seconds.
Ck Mesh Threads took 0.000000 seconds.
Ck Mots Threads took 0.000000 seconds.
XLink Threads took 1.624000 seconds.
Arp23 Threads took 0.000000 seconds.
NodeLink Threads took 0.000000 seconds.
Membrane Node Threads took 0.000000 seconds.
ActA Threads took 0.000000 seconds.
MotorBindGrid3D Fill took 0.000000 seconds.
Finished closing JSON plots!
