WARNING: Using incubator modules: jdk.incubator.vector
[TURNOVER] global biochem cadence ON (biochem phase-aligned; GPU pose pull at biochem+output cadence)
[TELEPORT_DIAG] enabled=false threshold=0.1
Loading parameter values from /home/jba/Code/BoA/ParameterFiles/boa10-64Seg-dyn-dense-1x...
     Parameter assigned: deltaT set to 1.0E-4
     Parameter assigned: biochemDeltaT set to 0.01
     Parameter assigned: collisionDeltaT set to 1.0E-5
     No match found for parameter label brownianDeltaT ... you best check that out!
     Parameter assigned: runTime set to 0.065
     Parameter assigned: fracMove set to 0.4
     Parameter assigned: fracR set to 0.134
     Parameter assigned: fracMoveTorq set to 0.013685
     Parameter assigned: drawInterval set to 100
     Parameter assigned: toFileInterval set to 1000000000
     No match found for parameter label toQKFileInterval ... you best check that out!
     Parameter assigned: jpegQuality set to 1.0
     Parameter assigned: remoteWriteInterval set to 100000
     Parameter assigned: frameWidth set to 800
     Parameter assigned: frameHeight set to 800
     No match found for parameter label bugOff ... you best check that out!
     Parameter assigned: simOutsideBug set to false
     Parameter assigned: initialFilaments set to 4000
     Parameter assigned: initialMyoMiniFils set to 4000
     Parameter assigned: minFilLength set to 0.9
     Parameter assigned: maxFilLength set to 1.3
     Parameter assigned: stdDevActinDist set to 0.5
     Parameter assigned: boxXDim set to 10.0
     Parameter assigned: boxYDim set to 10.0
     Parameter assigned: boxZDim set to 0.5
     Parameter assigned: actinConc set to 20.0
     Parameter assigned: actinConcNonHydro set to 15.0
     Parameter assigned: aeta set to 1.0
     Parameter assigned: capConc set to 2.0
     Parameter assigned: nodeZone set to 0.9
     Parameter assigned: nodeRadius set to 0.025
     Parameter assigned: forminsPerNode set to 0
     No match found for parameter label myosPerNode ... you best check that out!
     Parameter assigned: nodeTransDiff set to 1.0E-16
     Parameter assigned: nodeRotDiff set to 0.001
     Parameter assigned: actinSeed set to 3
     Parameter assigned: actinOnCortex set to true
     Parameter assigned: filSegLength set to 64
     Parameter assigned: filTorqSpring set to 1.0E-20
     Parameter assigned: BTransCoeff set to 1.0
     Parameter assigned: BRotCoeff set to 0.5
     Parameter assigned: maxSegAngle set to 22.5
     Parameter assigned: maxSegDist set to 0.0108
     Parameter assigned: nodeTorqSpring set to 1.0E-20
     Parameter assigned: maxNodeTetherStrainDist set to 0.0108
     Parameter assigned: nodeTetherDetachRate set to 0.001
     Parameter assigned: forminMoves set to false
     Parameter assigned: forminRelease set to 1.0
     Parameter assigned: noMonomersSimd set to false
     Parameter assigned: filamentsAnneal set to false
     Parameter assigned: annealDist set to 0.054
     Parameter assigned: annealAngleCosine set to 0.9
     Parameter assigned: maxLinksOnSeg set to 10.0
     Parameter assigned: sideBonds set to 0
     Parameter assigned: sideBondsRelax set to false
     Parameter assigned: sideBondsStabilize set to 1.0
     Parameter assigned: bundleStableFactor set to 2.0
     Parameter assigned: filLinkSpring set to 1.0E-9
     Parameter assigned: filLinkTorqSpring set to 1.0E-19
     Parameter assigned: xLinkTransAttn set to 1.0
     Parameter assigned: xLinkRotAttn set to 1.0
     No match found for parameter label maxFilLinkDist ... you best check that out!
     No match found for parameter label linkDissolveRate ... you best check that out!
     Parameter assigned: kATPOn1 set to 1.3
     Parameter assigned: kATPOff1 set to 0.8
     Parameter assigned: kADPOff1 set to 2.7
     Parameter assigned: kATPOn1NonHydro set to 0.0
     Parameter assigned: kATPOff1NonHydro set to 0.0
     Parameter assigned: kATPOn2 set to 11.6
     Parameter assigned: kATPOff2 set to 1.4
     Parameter assigned: kADPOff2 set to 7.2
     Parameter assigned: kATPOn2WithFormin set to 0.0
     Parameter assigned: kATPOff2WithFormin set to 0.0
     Parameter assigned: kADPOff2WithFormin set to 0.0
     Parameter assigned: kATPOn2NonHydro set to 0.0
     Parameter assigned: kATPOff2NonHydro set to 0.0
     Parameter assigned: kATPOn2NonHydroWithFormin set to 0.0
     Parameter assigned: kATPOff2NonHydroWithFormin set to 0.0
     Parameter assigned: capRate set to 3.0
     Parameter assigned: cofilinRate set to 0.4
     Parameter assigned: cofilinConc set to 3.0
     Parameter assigned: cofilinRatio set to 1.1
     Parameter assigned: myosinStallForce set to 2.0
     No match found for parameter label myosinReleaseRate ... you best check that out!
     No match found for parameter label myoFBRBase ... you best check that out!
     No match found for parameter label myoFBRExp ... you best check that out!
     Parameter assigned: capNumEnd1 set to 3
     Parameter assigned: capNumEnd2 set to 3
     Parameter assigned: capNumEnd1WithNode set to 3
     Parameter assigned: capNumEnd2WithNode set to 3
     Parameter assigned: polyCompressionCutoff set to 0.0
     Parameter assigned: kRdmNuc set to 0.001
     Parameter assigned: kNodeNuc set to 10.0
     Parameter assigned: kHydrolysis set to 1.0
     Parameter assigned: kDissociation set to 1.0
     Parameter assigned: showTime set to true
     Parameter assigned: showConc set to true
     Parameter assigned: showNonHydroConc set to false
     Parameter assigned: showFilCt set to true
     Parameter assigned: showFilLinkCt set to true
     Parameter assigned: showFilSegCt set to false
     Parameter assigned: showMonCt set to true
     Parameter assigned: fixedHistScale set to 100.0
     Parameter assigned: showHistBox set to true
     Parameter assigned: showYHistTics set to true
     Parameter assigned: flatTops set to true
     Parameter assigned: maxXLinkBondAngle set to 0.6
     Parameter assigned: xLinkOnRate set to 400.0
     Parameter assigned: xLinkConc set to 1.0
     Parameter assigned: linkOffConst set to 1.0
     Parameter assigned: linkOffCoeff set to 1.0
     Parameter assigned: linkOffExp set to 2.0
     Parameter assigned: crossLinkGrabDist set to 0.05
Done... there were 9 misunderstandings.
[RNG] per-worker RNG pool: 17 MTFs, masterSeed=5870404838719305331 (BOA_RNG_SEED unset)
**************************************************************
Eulerian Mesh stats:
nXBins = 51; xBinWidth = 0.2 µm
nYBins = 51; yBinWidth = 0.2 µm
binDepth = 1000
**************************************************************
MotorBindGrid3D: 51 x 51 x 4 cells (0.2 µm each)
[09:39] [phase-plan] inert-wave cull — ThreadSet activation snapshot:
[09:39]   ON   ThingStep Threads
[09:39]   ON   ThingBrownian Threads
[09:39]   ON   Myosin Threads
[09:39]   ON   MyoDimer Threads
[09:39]   OFF  Protein Node Threads
[09:39]   ON   MyoMiniFil Threads
[09:39]   OFF  Chamber Myo Threads
[09:39]   OFF  Chamber MyoDimer Threads
[09:39]   ON   Mesh Threads
[09:39]   ON   Ck Mesh Threads
[09:39]   ON   Ck Mots Threads
[09:39]   OFF  XLink Threads
[09:39]   OFF  Arp23 Threads
[09:39]   OFF  NodeLink Threads
[09:39]   OFF  Membrane Node Threads
[09:39]   OFF  ActA Threads
[09:39]   ON   MotorBindGrid3D Fill
[09:39] [phase-plan] 9 active, 8 inert (will skip dispatch)
[POSE_CHURN] sized POSE_DELTA_CAP=32008 (initialFilaments=4000, peakModel=8002, safety=4x, floor=8192)
GPUMoveThing: slotCap=784002 myoCap=256000 moveBlock=64 jointBlock=64 runSeed=-1228494855 nWorkers=16
[GATHER] call=1000 totalDirty=0 maxThread=0 cumAvg=2395.6 cumMaxPerThread=1022
collisionTime = 0.0
myosinTime = 0.0

*** step() per-force profile (BOA_STEP_PROFILE=1) ***
  Force                                     sec    pct          calls      ns/call
  F1/F2  FilSeg boundary collision        0.326   1.8%       15610279           21
  F5/F6  FilSeg node tether               0.924   5.2%       15610279           59
  F7     MyoMini boundary collision       1.067   6.0%        2640000          404
  F8-F10 MyoMotor tipLink (motor-fil)    15.488  87.0%       84480000          183
  TOTAL (sum of buckets)                 17.805
  Note: bucket sums are wall × thread-count (each worker accumulates its own time).
[STATS] bindEvents=6378
[STATS] filLinks=4361 (active=4361 inactive=1187)
[STATS] linkCtMean=3102.00 (samples=660) linkCtMeanSettled=4121.93 (samples=335) finalActive=4361
[STATS] filFilBroadphase active=true filsegMeshFillSkipped=660 candPairs=2084239 candMaxPerSeg=105 overflowSegs=0 drainCalls=6
[STATS] fActin segs=23765 monomers=1659954 fActinUM=6.89 meanSegLenUM=0.191 freePoolUM=13.11
[STATS] mem usedHeapMB=3128.1 maxHeapMB=24815.6 slotCap=784002 slotCount=411765 myoCap=256000 devBufEstMB=228.9
[STATS] percolation filaments=4000 activeLinks=3174 linksPerFil=0.794 largestComp=97 (2.4% of fils) spanX=0.40 spanY=0.41 spanZ=0.96 spanFrac=0.41 percolates=false

*** [STEP_PROFILE] window=[300,660) steps=360 path=GPU wall=48957.0ms (135.9918 ms/step) ***
  --- every-step phases (ms/step) ---
    exec                 54.37649
    pack                 30.89311
    crosslinkForce        1.41944
    meshFill              0.00556
    cpuIntegrate         86.72778  (GPU: move-wrap)
      step                7.04167
      gatherForces        1.44722
      brownian            3.05000
  --- biochem-cadence phases (amortized ms/step | per-fire ms | fires) ---
    crosslinkFormation    0.38889 |  46.6667 | 3
    biochem               4.68611 | 562.3333 | 3
    sync                  0.04322 |   5.1868 | 3
  --- 'other' decomposition (ms/step) ---
    jointsCpu             7.00852
      membraneLinks       0.00224
      myoJoints1          3.74879
      myoJoints2          3.25749
    motorFilCol           0.36111
    recompute             4.98699
      ↳classify           3.95904
      ↳poseAudit          0.36093
      ↳capacity           0.00030
      ↳classifyRuns=15/360 steps (structural=15, lengthOnly=0, redundant=0.0%)
    resetCt              10.34722
    moveDrains            1.06929
    membrane              1.42682
    safepoint             0.00496
    output                0.00158
    cleanup               6.68056
    cleanupTail           0.00569
    gc(of residual)       0.00000  [subset of otherResidual: JVM GC pauses]
  --- totals (ms/step) ---
    total(wall)         135.99180
    host(=tot-exec)      81.61531
    otherResidual         0.74733  (of which gc=0.0000, non-gc=0.7473)

[A3] cpuFallback histogram (last classify): thingCt=411766 cpuFb total=1 { FilSeg=0 MyoMini=0 ProteinNode=0 Chamber=1 other=0 }
[A3] dimer cohesion dispatch: device(noop)=19185288 cpu(work)=0  | body↔rod constrain: device(noop)=24054161 cpu(work)=0  | updateMyosins(host-bookkeeping)=2539649
[NODE] cpuNodeTetherApplyCt=0 (must be 0 on GPU node path)
[STATS] checkBugInsideFireCt=0
[STATS] addLinkForcesFireCt=0
[STATS] addTorsionFireCt=0
[STATS] meshFillFilSegFireCt=0
[STATS] meshAllSegsFireCt=0
[STATS] mbg3dFillFilSegFireCt=0
[STATS] updatePosFromBindFireCt=6378
[STATS] updatePosFromStepFireCt=0
[STATS] validateSegFireCt=154123
[STATS] anchorFireCt=0
[STATS] filSegInitFireCt=66135
[STATS] motorInitFireCt=128896
[STATS] meanBoundMotors=233.806
[STATS] gpuMotorBinding total=0.247s calls=660 pack=0.265s gridPack=0.000s exec=0.000s unpack=0.247s
[STATS] gpuMoveThing total=60.354s calls=660 slotPack=15.898s jointPack=2.747s exec=38.839s unpack=2.868s
[STATS] gpuMoveThing demandSyncPose=0.328s(calls=6) demandSyncDerived=0.000s(calls=0) planRebuild=1 packRuleDesync=0
[STATS] cadence steps=660 demandSyncPoseCalls=6 biochemFireCt=6 crosslinkFireCt=6 crosslinkCheckInt=100 (pull/step=0.009 biochem/step=0.009 xlink/step=0.009)
[STATS] gpuMoveThing poseDelta avg=13510.20 max=8000 sum=67551 fresh=1 overflow=0 cap=32008
[STATS] gpuMoveThing trueDirty calls=659 slotChange avg=38.22 max=4000 pending avg=64.23 max=4241 totalUpperMax=8000 slotCount=411765 slotCap=784002
[STATS] A1 classify runs=40 (structural=40 lengthOnly=0) classifyMs=3970.4 poseAuditMs=374.2 fullRecompute=false
ThingStep Threads took 15.278000 seconds.
ThingBrownian Threads took 1.759000 seconds.
Myosin Threads took 0.486000 seconds.
MyoDimer Threads took 1.553000 seconds.
Protein Node Threads took 0.000000 seconds.
MyoMiniFil Threads took 1.906000 seconds.
Chamber Myo Threads took 0.000000 seconds.
Chamber MyoDimer Threads took 0.000000 seconds.
Mesh Threads took 0.000000 seconds.
Ck Mesh Threads took 0.000000 seconds.
Ck Mots Threads took 0.000000 seconds.
XLink Threads took 0.511000 seconds.
Arp23 Threads took 0.000000 seconds.
NodeLink Threads took 0.000000 seconds.
Membrane Node Threads took 0.000000 seconds.
ActA Threads took 0.000000 seconds.
MotorBindGrid3D Fill took 0.000000 seconds.
Finished closing JSON plots!
