WARNING: Using incubator modules: jdk.incubator.vector
[TURNOVER] global biochem cadence ON (biochem phase-aligned; GPU pose pull at biochem+output cadence)
[TELEPORT_DIAG] enabled=false threshold=0.1
Loading parameter values from /home/jba/Code/BoA/ParameterFiles/boa10-64Seg-dyn-dense-1x...
     Parameter assigned: deltaT set to 1.0E-4
     Parameter assigned: biochemDeltaT set to 0.01
     Parameter assigned: collisionDeltaT set to 1.0E-5
     No match found for parameter label brownianDeltaT ... you best check that out!
     Parameter assigned: runTime set to 0.065
     Parameter assigned: fracMove set to 0.4
     Parameter assigned: fracR set to 0.134
     Parameter assigned: fracMoveTorq set to 0.013685
     Parameter assigned: drawInterval set to 100
     Parameter assigned: toFileInterval set to 1000000000
     No match found for parameter label toQKFileInterval ... you best check that out!
     Parameter assigned: jpegQuality set to 1.0
     Parameter assigned: remoteWriteInterval set to 100000
     Parameter assigned: frameWidth set to 800
     Parameter assigned: frameHeight set to 800
     No match found for parameter label bugOff ... you best check that out!
     Parameter assigned: simOutsideBug set to false
     Parameter assigned: initialFilaments set to 4000
     Parameter assigned: initialMyoMiniFils set to 4000
     Parameter assigned: minFilLength set to 0.9
     Parameter assigned: maxFilLength set to 1.3
     Parameter assigned: stdDevActinDist set to 0.5
     Parameter assigned: boxXDim set to 10.0
     Parameter assigned: boxYDim set to 10.0
     Parameter assigned: boxZDim set to 0.5
     Parameter assigned: actinConc set to 20.0
     Parameter assigned: actinConcNonHydro set to 15.0
     Parameter assigned: aeta set to 1.0
     Parameter assigned: capConc set to 2.0
     Parameter assigned: nodeZone set to 0.9
     Parameter assigned: nodeRadius set to 0.025
     Parameter assigned: forminsPerNode set to 0
     No match found for parameter label myosPerNode ... you best check that out!
     Parameter assigned: nodeTransDiff set to 1.0E-16
     Parameter assigned: nodeRotDiff set to 0.001
     Parameter assigned: actinSeed set to 3
     Parameter assigned: actinOnCortex set to true
     Parameter assigned: filSegLength set to 64
     Parameter assigned: filTorqSpring set to 1.0E-20
     Parameter assigned: BTransCoeff set to 1.0
     Parameter assigned: BRotCoeff set to 0.5
     Parameter assigned: maxSegAngle set to 22.5
     Parameter assigned: maxSegDist set to 0.0108
     Parameter assigned: nodeTorqSpring set to 1.0E-20
     Parameter assigned: maxNodeTetherStrainDist set to 0.0108
     Parameter assigned: nodeTetherDetachRate set to 0.001
     Parameter assigned: forminMoves set to false
     Parameter assigned: forminRelease set to 1.0
     Parameter assigned: noMonomersSimd set to false
     Parameter assigned: filamentsAnneal set to false
     Parameter assigned: annealDist set to 0.054
     Parameter assigned: annealAngleCosine set to 0.9
     Parameter assigned: maxLinksOnSeg set to 10.0
     Parameter assigned: sideBonds set to 0
     Parameter assigned: sideBondsRelax set to false
     Parameter assigned: sideBondsStabilize set to 1.0
     Parameter assigned: bundleStableFactor set to 2.0
     Parameter assigned: filLinkSpring set to 1.0E-9
     Parameter assigned: filLinkTorqSpring set to 1.0E-19
     Parameter assigned: xLinkTransAttn set to 1.0
     Parameter assigned: xLinkRotAttn set to 1.0
     No match found for parameter label maxFilLinkDist ... you best check that out!
     No match found for parameter label linkDissolveRate ... you best check that out!
     Parameter assigned: kATPOn1 set to 1.3
     Parameter assigned: kATPOff1 set to 0.8
     Parameter assigned: kADPOff1 set to 2.7
     Parameter assigned: kATPOn1NonHydro set to 0.0
     Parameter assigned: kATPOff1NonHydro set to 0.0
     Parameter assigned: kATPOn2 set to 11.6
     Parameter assigned: kATPOff2 set to 1.4
     Parameter assigned: kADPOff2 set to 7.2
     Parameter assigned: kATPOn2WithFormin set to 0.0
     Parameter assigned: kATPOff2WithFormin set to 0.0
     Parameter assigned: kADPOff2WithFormin set to 0.0
     Parameter assigned: kATPOn2NonHydro set to 0.0
     Parameter assigned: kATPOff2NonHydro set to 0.0
     Parameter assigned: kATPOn2NonHydroWithFormin set to 0.0
     Parameter assigned: kATPOff2NonHydroWithFormin set to 0.0
     Parameter assigned: capRate set to 3.0
     Parameter assigned: cofilinRate set to 0.4
     Parameter assigned: cofilinConc set to 3.0
     Parameter assigned: cofilinRatio set to 1.1
     Parameter assigned: myosinStallForce set to 2.0
     No match found for parameter label myosinReleaseRate ... you best check that out!
     No match found for parameter label myoFBRBase ... you best check that out!
     No match found for parameter label myoFBRExp ... you best check that out!
     Parameter assigned: capNumEnd1 set to 3
     Parameter assigned: capNumEnd2 set to 3
     Parameter assigned: capNumEnd1WithNode set to 3
     Parameter assigned: capNumEnd2WithNode set to 3
     Parameter assigned: polyCompressionCutoff set to 0.0
     Parameter assigned: kRdmNuc set to 0.001
     Parameter assigned: kNodeNuc set to 10.0
     Parameter assigned: kHydrolysis set to 1.0
     Parameter assigned: kDissociation set to 1.0
     Parameter assigned: showTime set to true
     Parameter assigned: showConc set to true
     Parameter assigned: showNonHydroConc set to false
     Parameter assigned: showFilCt set to true
     Parameter assigned: showFilLinkCt set to true
     Parameter assigned: showFilSegCt set to false
     Parameter assigned: showMonCt set to true
     Parameter assigned: fixedHistScale set to 100.0
     Parameter assigned: showHistBox set to true
     Parameter assigned: showYHistTics set to true
     Parameter assigned: flatTops set to true
     Parameter assigned: maxXLinkBondAngle set to 0.6
     Parameter assigned: xLinkOnRate set to 400.0
     Parameter assigned: xLinkConc set to 1.0
     Parameter assigned: linkOffConst set to 1.0
     Parameter assigned: linkOffCoeff set to 1.0
     Parameter assigned: linkOffExp set to 2.0
     Parameter assigned: crossLinkGrabDist set to 0.05
Done... there were 9 misunderstandings.
[RNG] per-worker RNG pool: 17 MTFs, masterSeed=3919756438326346184 (BOA_RNG_SEED unset)
**************************************************************
Eulerian Mesh stats:
nXBins = 51; xBinWidth = 0.2 µm
nYBins = 51; yBinWidth = 0.2 µm
binDepth = 1000
**************************************************************
MotorBindGrid3D: 51 x 51 x 4 cells (0.2 µm each)
[09:27] [phase-plan] inert-wave cull — ThreadSet activation snapshot:
[09:27]   ON   ThingStep Threads
[09:27]   ON   ThingBrownian Threads
[09:27]   ON   Myosin Threads
[09:27]   ON   MyoDimer Threads
[09:27]   OFF  Protein Node Threads
[09:27]   ON   MyoMiniFil Threads
[09:27]   OFF  Chamber Myo Threads
[09:27]   OFF  Chamber MyoDimer Threads
[09:27]   ON   Mesh Threads
[09:27]   ON   Ck Mesh Threads
[09:27]   ON   Ck Mots Threads
[09:27]   OFF  XLink Threads
[09:27]   OFF  Arp23 Threads
[09:27]   OFF  NodeLink Threads
[09:27]   OFF  Membrane Node Threads
[09:27]   OFF  ActA Threads
[09:27]   ON   MotorBindGrid3D Fill
[09:27] [phase-plan] 9 active, 8 inert (will skip dispatch)
[POSE_CHURN] sized POSE_DELTA_CAP=32008 (initialFilaments=4000, peakModel=8002, safety=4x, floor=8192)
GPUMoveThing: slotCap=784002 myoCap=256000 moveBlock=64 jointBlock=64 runSeed=276223913 nWorkers=16
[GATHER] call=1000 totalDirty=0 maxThread=0 cumAvg=2498.3 cumMaxPerThread=1074
collisionTime = 0.0
myosinTime = 0.0

*** step() per-force profile (BOA_STEP_PROFILE=1) ***
  Force                                     sec    pct          calls      ns/call
  F1/F2  FilSeg boundary collision        0.327   1.8%       15620785           21
  F5/F6  FilSeg node tether               0.915   5.2%       15620785           59
  F7     MyoMini boundary collision       1.072   6.0%        2640000          406
  F8-F10 MyoMotor tipLink (motor-fil)    15.450  87.0%       84480000          183
  TOTAL (sum of buckets)                 17.764
  Note: bucket sums are wall × thread-count (each worker accumulates its own time).
[STATS] bindEvents=5969
[STATS] filLinks=4570 (active=4570 inactive=1207)
[STATS] linkCtMean=3198.74 (samples=660) linkCtMeanSettled=4298.10 (samples=335) finalActive=4570
[STATS] filFilBroadphase active=true filsegMeshFillSkipped=660 candPairs=2092187 candMaxPerSeg=104 overflowSegs=0 drainCalls=6
[STATS] fActin segs=23779 monomers=1659715 fActinUM=6.89 meanSegLenUM=0.191 freePoolUM=13.11
[STATS] mem usedHeapMB=3159.7 maxHeapMB=24815.6 slotCap=784002 slotCount=411779 myoCap=256000 devBufEstMB=228.9
[STATS] percolation filaments=4000 activeLinks=3363 linksPerFil=0.841 largestComp=126 (3.2% of fils) spanX=0.81 spanY=0.35 spanZ=0.95 spanFrac=0.81 percolates=true

*** [STEP_PROFILE] window=[300,660) steps=360 path=GPU wall=48436.4ms (134.5457 ms/step) ***
  --- every-step phases (ms/step) ---
    exec                 53.77774
    pack                 30.50882
    crosslinkForce        1.43333
    meshFill              0.00556
    cpuIntegrate         85.60000  (GPU: move-wrap)
      step                6.97500
      gatherForces        1.44444
      brownian            2.93611
  --- biochem-cadence phases (amortized ms/step | per-fire ms | fires) ---
    crosslinkFormation    0.35278 |  42.3333 | 3
    biochem               4.63333 | 556.0000 | 3
    sync                  0.04359 |   5.2306 | 3
  --- 'other' decomposition (ms/step) ---
    jointsCpu             7.16349
      membraneLinks       0.00209
      myoJoints1          3.94238
      myoJoints2          3.21902
    motorFilCol           0.40000
    recompute             4.85038
      ↳classify           3.83248
      ↳poseAudit          0.34983
      ↳capacity           0.00032
      ↳classifyRuns=15/360 steps (structural=15, lengthOnly=0, redundant=0.0%)
    resetCt              10.23056
    moveDrains            0.96066
    membrane              1.45338
    safepoint             0.00503
    output                0.00134
    cleanup               6.64167
    cleanupTail           0.00559
    gc(of residual)       0.00000  [subset of otherResidual: JVM GC pauses]
  --- totals (ms/step) ---
    total(wall)         134.54567
    host(=tot-exec)      80.76793
    otherResidual         0.72287  (of which gc=0.0000, non-gc=0.7229)

[A3] cpuFallback histogram (last classify): thingCt=411780 cpuFb total=1 { FilSeg=0 MyoMini=0 ProteinNode=0 Chamber=1 other=0 }
[A3] dimer cohesion dispatch: device(noop)=18833956 cpu(work)=0  | body↔rod constrain: device(noop)=23430236 cpu(work)=0  | updateMyosins(host-bookkeeping)=2490420
[NODE] cpuNodeTetherApplyCt=0 (must be 0 on GPU node path)
[STATS] checkBugInsideFireCt=0
[STATS] addLinkForcesFireCt=0
[STATS] addTorsionFireCt=0
[STATS] meshFillFilSegFireCt=0
[STATS] meshAllSegsFireCt=0
[STATS] mbg3dFillFilSegFireCt=0
[STATS] updatePosFromBindFireCt=5969
[STATS] updatePosFromStepFireCt=0
[STATS] validateSegFireCt=144805
[STATS] anchorFireCt=0
[STATS] filSegInitFireCt=65934
[STATS] motorInitFireCt=128768
[STATS] meanBoundMotors=219.673
[STATS] gpuMotorBinding total=0.244s calls=660 pack=0.260s gridPack=0.000s exec=0.000s unpack=0.244s
[STATS] gpuMoveThing total=59.009s calls=660 slotPack=15.626s jointPack=2.692s exec=37.878s unpack=2.811s
[STATS] gpuMoveThing demandSyncPose=0.367s(calls=6) demandSyncDerived=0.000s(calls=0) planRebuild=1 packRuleDesync=0
[STATS] cadence steps=660 demandSyncPoseCalls=6 biochemFireCt=6 crosslinkFireCt=6 crosslinkCheckInt=100 (pull/step=0.009 biochem/step=0.009 xlink/step=0.009)
[STATS] gpuMoveThing poseDelta avg=13315.00 max=8000 sum=66575 fresh=1 overflow=0 cap=32008
[STATS] gpuMoveThing trueDirty calls=659 slotChange avg=37.08 max=4000 pending avg=63.91 max=4248 totalUpperMax=8000 slotCount=411779 slotCap=784002
[STATS] A1 classify runs=37 (structural=37 lengthOnly=0) classifyMs=3498.7 poseAuditMs=331.7 fullRecompute=false
ThingStep Threads took 14.989000 seconds.
ThingBrownian Threads took 1.691000 seconds.
Myosin Threads took 0.644000 seconds.
MyoDimer Threads took 1.553000 seconds.
Protein Node Threads took 0.000000 seconds.
MyoMiniFil Threads took 1.879000 seconds.
Chamber Myo Threads took 0.000000 seconds.
Chamber MyoDimer Threads took 0.000000 seconds.
Mesh Threads took 0.000000 seconds.
Ck Mesh Threads took 0.000000 seconds.
Ck Mots Threads took 0.000000 seconds.
XLink Threads took 0.537000 seconds.
Arp23 Threads took 0.000000 seconds.
NodeLink Threads took 0.000000 seconds.
Membrane Node Threads took 0.000000 seconds.
ActA Threads took 0.000000 seconds.
MotorBindGrid3D Fill took 0.000000 seconds.
Finished closing JSON plots!
