[TELEPORT_DIAG] enabled=false threshold=0.1
Loading parameter values from /home/jba/Code/BoA/ParameterFiles/contractilityAssay_gpu_short...
     Parameter assigned: deltaT set to 1.0E-5
     Parameter assigned: biochemDeltaT set to 0.01
     Parameter assigned: collisionDeltaT set to 1.0E-5
     No match found for parameter label brownianDeltaT ... you best check that out!
     Parameter assigned: runTime set to 0.1
     Parameter assigned: toFileInterval set to 100
     Parameter assigned: remoteWriteInterval set to 5000
     Parameter assigned: fracMove set to 0.0573
     Parameter assigned: fracR set to 1.0
     Parameter assigned: fracMoveTorq set to 0.01
     Parameter assigned: aeta set to 0.1
     Parameter assigned: boxXDim set to 4.0
     Parameter assigned: boxYDim set to 0.3
     Parameter assigned: boxZDim set to 0.2
     Parameter assigned: contractilityAssay set to true
     Parameter assigned: contractFilNSegs set to 13
     Parameter assigned: contractFilYOffset set to 0.05
     Parameter assigned: contractNoMotor set to false
     Parameter assigned: contractReversePolarity set to false
     Parameter assigned: filSegLength set to 64
     Parameter assigned: noMonomersSimd set to false
     Parameter assigned: myoMiniLifetime set to 1.0E9
     Parameter assigned: numMyoDimersEachEndOfMiniFil set to 8
     Parameter assigned: BTransCoeff set to 1.0
     Parameter assigned: BRotCoeff set to 0.3
     Parameter assigned: myosinStallForce set to 2.0
     No match found for parameter label myosinReleaseRate ... you best check that out!
     No match found for parameter label myoFBRBase ... you best check that out!
     No match found for parameter label myoFBRExp ... you best check that out!
     No match found for parameter label bugOff ... you best check that out!
     Parameter assigned: simOutsideBug set to false
     Parameter assigned: initialFilaments set to 0
     Parameter assigned: initialMyoMiniFils set to 0
     Parameter assigned: equilNodes set to 0
     Parameter assigned: kRdmNuc set to 0.0
     Parameter assigned: kNodeNuc set to 0.0
     Parameter assigned: kATPOn1 set to 0.0
     Parameter assigned: kATPOff1 set to 0.0
     Parameter assigned: kADPOff1 set to 0.0
     Parameter assigned: kATPOn2 set to 0.0
     Parameter assigned: kATPOff2 set to 0.0
     Parameter assigned: kADPOff2 set to 0.0
     Parameter assigned: capRate set to 0.0
     Parameter assigned: cofilinRate set to 0.0
     Parameter assigned: cofilinConc set to 0.0
     Parameter assigned: kHydrolysis set to 0.0
     Parameter assigned: kDissociation set to 0.0
Done... there were 5 misunderstandings.
[RNG] per-worker RNG pool: 17 MTFs, masterSeed=920006689710854685 (BOA_RNG_SEED unset)
[CONTRACT] box X=4.000 µm (anchors at x=+/-1.900, 0.10 µm inset), 13-seg filaments, Lfil=2.282 µm
[CONTRACT] yOffset=+/-0.050 µm, overlap=0.763 µm, minifilament span=0.180 µm, polarity=normal (plus ends outward), motor=ON
**************************************************************
Eulerian Mesh stats:
nXBins = 21; xBinWidth = 0.2 µm
nYBins = 3; yBinWidth = 0.2 µm
binDepth = 1000
**************************************************************
MotorBindGrid3D: 21 x 3 x 2 cells (0.2 µm each)
[14:23] [phase-plan] inert-wave cull — ThreadSet activation snapshot:
[14:23]   ON   ThingStep Threads
[14:23]   ON   ThingBrownian Threads
[14:23]   ON   Myosin Threads
[14:23]   ON   MyoDimer Threads
[14:23]   OFF  Protein Node Threads
[14:23]   ON   MyoMiniFil Threads
[14:23]   OFF  Chamber Myo Threads
[14:23]   OFF  Chamber MyoDimer Threads
[14:23]   ON   Mesh Threads
[14:23]   ON   Ck Mesh Threads
[14:23]   ON   Ck Mots Threads
[14:23]   OFF  XLink Threads
[14:23]   OFF  Arp23 Threads
[14:23]   OFF  NodeLink Threads
[14:23]   OFF  Membrane Node Threads
[14:23]   OFF  ActA Threads
[14:23]   ON   MotorBindGrid3D Fill
[14:23] [phase-plan] 9 active, 8 inert (will skip dispatch)
ThreeJSWriter: output directory /home/jba/Code/threejs_output/coh_contract_oracle_s2.001
ThreeJSWriter: archived 1 source files to source.zip
ThreeJSWriter: wrote params_input.contractilityAssay_gpu_short
ThreeJSWriter: wrote params_effective.txt (243 parameters)
[STATS] contractility step=1 t=0.0000 tensionA=0.2823 tensionB=0.2823 pN boundMotors=0 | avgBound=0.00 ewmaBound=0.00 avgTension=0.282 ewmaTension=0.282 peakTension=0.282 pN
[STATS] contractility step=101 t=0.0010 tensionA=0.2823 tensionB=0.2800 pN boundMotors=0 | avgBound=0.00 ewmaBound=0.00 avgTension=0.284 ewmaTension=0.283 peakTension=0.423 pN
[STATS] contractility step=201 t=0.0020 tensionA=0.2823 tensionB=0.2800 pN boundMotors=1 | avgBound=0.40 ewmaBound=0.33 avgTension=0.283 ewmaTension=0.283 peakTension=0.423 pN
[STATS] contractility step=301 t=0.0030 tensionA=0.2807 tensionB=0.5520 pN boundMotors=1 | avgBound=0.58 ewmaBound=0.57 avgTension=0.284 ewmaTension=0.284 peakTension=0.423 pN
[STATS] contractility step=401 t=0.0040 tensionA=0.2771 tensionB=0.2722 pN boundMotors=4 | avgBound=1.18 ewmaBound=1.57 avgTension=0.283 ewmaTension=0.283 peakTension=0.423 pN
[GATHER] call=1000 totalDirty=0 maxThread=0 cumAvg=71.4 cumMaxPerThread=23
[STATS] contractility step=501 t=0.0050 tensionA=0.2724 tensionB=0.2894 pN boundMotors=4 | avgBound=1.71 ewmaBound=2.46 avgTension=0.282 ewmaTension=0.281 peakTension=0.423 pN
[STATS] contractility step=601 t=0.0060 tensionA=0.2730 tensionB=0.2957 pN boundMotors=4 | avgBound=2.09 ewmaBound=3.07 avgTension=0.283 ewmaTension=0.285 peakTension=0.447 pN
[STATS] contractility step=701 t=0.0070 tensionA=0.2839 tensionB=0.3446 pN boundMotors=5 | avgBound=2.36 ewmaBound=3.45 avgTension=0.286 ewmaTension=0.293 peakTension=0.462 pN
[STATS] contractility step=801 t=0.0080 tensionA=0.2914 tensionB=0.3368 pN boundMotors=5 | avgBound=2.69 ewmaBound=4.06 avgTension=0.293 ewmaTension=0.311 peakTension=0.506 pN
[STATS] contractility step=901 t=0.0090 tensionA=0.2922 tensionB=0.7630 pN boundMotors=5 | avgBound=3.03 ewmaBound=4.74 avgTension=0.298 ewmaTension=0.322 peakTension=0.535 pN
[GATHER] call=2000 totalDirty=0 maxThread=0 cumAvg=72.7 cumMaxPerThread=23
[STATS] contractility step=1001 t=0.0100 tensionA=0.2911 tensionB=0.3913 pN boundMotors=5 | avgBound=3.23 ewmaBound=4.86 avgTension=0.303 ewmaTension=0.333 peakTension=0.548 pN
[STATS] contractility step=1101 t=0.0110 tensionA=0.2935 tensionB=0.4152 pN boundMotors=3 | avgBound=3.32 ewmaBound=4.61 avgTension=0.308 ewmaTension=0.343 peakTension=0.548 pN
[STATS] contractility step=1201 t=0.0120 tensionA=0.3087 tensionB=0.8475 pN boundMotors=4 | avgBound=3.48 ewmaBound=4.84 avgTension=0.313 ewmaTension=0.354 peakTension=0.590 pN
[STATS] contractility step=1301 t=0.0130 tensionA=0.3399 tensionB=0.4527 pN boundMotors=4 | avgBound=3.48 ewmaBound=4.30 avgTension=0.319 ewmaTension=0.366 peakTension=0.590 pN
[STATS] contractility step=1401 t=0.0140 tensionA=0.3844 tensionB=0.4698 pN boundMotors=4 | avgBound=3.56 ewmaBound=4.41 avgTension=0.325 ewmaTension=0.385 peakTension=0.638 pN
[GATHER] call=3000 totalDirty=0 maxThread=0 cumAvg=73.3 cumMaxPerThread=23
[STATS] contractility step=1501 t=0.0150 tensionA=0.4303 tensionB=0.4924 pN boundMotors=5 | avgBound=3.63 ewmaBound=4.49 avgTension=0.334 ewmaTension=0.410 peakTension=0.664 pN
[STATS] contractility step=1601 t=0.0160 tensionA=0.4724 tensionB=0.5191 pN boundMotors=6 | avgBound=3.79 ewmaBound=5.16 avgTension=0.343 ewmaTension=0.439 peakTension=0.719 pN
[STATS] contractility step=1701 t=0.0170 tensionA=0.5205 tensionB=0.5219 pN boundMotors=9 | avgBound=3.95 ewmaBound=5.75 avgTension=0.353 ewmaTension=0.472 peakTension=0.809 pN
[STATS] contractility step=1801 t=0.0180 tensionA=0.5898 tensionB=0.5591 pN boundMotors=8 | avgBound=4.13 ewmaBound=6.25 avgTension=0.365 ewmaTension=0.507 peakTension=0.849 pN
[STATS] contractility step=1901 t=0.0190 tensionA=0.6661 tensionB=1.1849 pN boundMotors=10 | avgBound=4.28 ewmaBound=6.57 avgTension=0.378 ewmaTension=0.549 peakTension=0.926 pN
[GATHER] call=4000 totalDirty=0 maxThread=0 cumAvg=74.0 cumMaxPerThread=23
[STATS] contractility step=2001 t=0.0200 tensionA=0.7226 tensionB=0.6396 pN boundMotors=6 | avgBound=4.35 ewmaBound=6.21 avgTension=0.392 ewmaTension=0.593 peakTension=0.957 pN
[STATS] contractility step=2101 t=0.0210 tensionA=0.7667 tensionB=0.7066 pN boundMotors=5 | avgBound=4.44 ewmaBound=6.18 avgTension=0.407 ewmaTension=0.640 peakTension=0.957 pN
[STATS] contractility step=2201 t=0.0220 tensionA=0.8099 tensionB=0.7672 pN boundMotors=10 | avgBound=4.50 ewmaBound=6.16 avgTension=0.423 ewmaTension=0.690 peakTension=0.957 pN
[STATS] contractility step=2301 t=0.0230 tensionA=0.8523 tensionB=0.7598 pN boundMotors=7 | avgBound=4.59 ewmaBound=6.28 avgTension=0.441 ewmaTension=0.747 peakTension=1.192 pN
[STATS] contractility step=2401 t=0.0240 tensionA=0.9010 tensionB=0.8152 pN boundMotors=7 | avgBound=4.66 ewmaBound=6.28 avgTension=0.459 ewmaTension=0.794 peakTension=1.286 pN
[GATHER] call=5000 totalDirty=0 maxThread=0 cumAvg=74.4 cumMaxPerThread=23
[STATS] contractility step=2501 t=0.0250 tensionA=0.9504 tensionB=0.8918 pN boundMotors=5 | avgBound=4.73 ewmaBound=6.32 avgTension=0.476 ewmaTension=0.836 peakTension=1.286 pN
[STATS] contractility step=2601 t=0.0260 tensionA=0.9884 tensionB=0.9337 pN boundMotors=5 | avgBound=4.76 ewmaBound=6.04 avgTension=0.494 ewmaTension=0.879 peakTension=1.286 pN
[STATS] contractility step=2701 t=0.0270 tensionA=1.0081 tensionB=0.9640 pN boundMotors=5 | avgBound=4.81 ewmaBound=6.04 avgTension=0.512 ewmaTension=0.917 peakTension=1.286 pN
[STATS] contractility step=2801 t=0.0280 tensionA=1.0138 tensionB=0.9885 pN boundMotors=6 | avgBound=4.86 ewmaBound=6.10 avgTension=0.529 ewmaTension=0.948 peakTension=1.286 pN
[STATS] contractility step=2901 t=0.0290 tensionA=1.0240 tensionB=1.0088 pN boundMotors=6 | avgBound=4.91 ewmaBound=6.19 avgTension=0.546 ewmaTension=0.972 peakTension=1.286 pN
[GATHER] call=6000 totalDirty=0 maxThread=0 cumAvg=74.7 cumMaxPerThread=23
[STATS] contractility step=3001 t=0.0300 tensionA=1.0503 tensionB=1.9500 pN boundMotors=8 | avgBound=4.99 ewmaBound=6.63 avgTension=0.562 ewmaTension=1.001 peakTension=1.554 pN
[STATS] contractility step=3101 t=0.0310 tensionA=1.0872 tensionB=1.0227 pN boundMotors=7 | avgBound=5.04 ewmaBound=6.60 avgTension=0.579 ewmaTension=1.025 peakTension=1.554 pN
[STATS] contractility step=3201 t=0.0320 tensionA=1.1222 tensionB=2.1314 pN boundMotors=7 | avgBound=5.08 ewmaBound=6.51 avgTension=0.595 ewmaTension=1.051 peakTension=1.627 pN
[STATS] contractility step=3301 t=0.0330 tensionA=1.1556 tensionB=1.0943 pN boundMotors=6 | avgBound=5.13 ewmaBound=6.53 avgTension=0.611 ewmaTension=1.087 peakTension=1.643 pN
[STATS] contractility step=3401 t=0.0340 tensionA=1.2062 tensionB=1.1841 pN boundMotors=8 | avgBound=5.18 ewmaBound=6.73 avgTension=0.628 ewmaTension=1.124 peakTension=1.791 pN
[GATHER] call=7000 totalDirty=0 maxThread=0 cumAvg=75.0 cumMaxPerThread=23
[STATS] contractility step=3501 t=0.0350 tensionA=1.2664 tensionB=1.2296 pN boundMotors=5 | avgBound=5.21 ewmaBound=6.51 avgTension=0.647 ewmaTension=1.186 peakTension=1.821 pN
[STATS] contractility step=3601 t=0.0360 tensionA=1.3276 tensionB=1.3139 pN boundMotors=7 | avgBound=5.24 ewmaBound=6.39 avgTension=0.666 ewmaTension=1.245 peakTension=1.979 pN
[STATS] contractility step=3701 t=0.0370 tensionA=1.3950 tensionB=1.2681 pN boundMotors=6 | avgBound=5.28 ewmaBound=6.52 avgTension=0.686 ewmaTension=1.321 peakTension=2.093 pN
[STATS] contractility step=3801 t=0.0380 tensionA=1.4725 tensionB=2.8504 pN boundMotors=6 | avgBound=5.30 ewmaBound=6.36 avgTension=0.707 ewmaTension=1.382 peakTension=2.161 pN
[STATS] contractility step=3901 t=0.0390 tensionA=1.5409 tensionB=1.4498 pN boundMotors=5 | avgBound=5.31 ewmaBound=6.11 avgTension=0.728 ewmaTension=1.444 peakTension=2.161 pN
[GATHER] call=8000 totalDirty=0 maxThread=0 cumAvg=75.1 cumMaxPerThread=23
[STATS] contractility step=4001 t=0.0400 tensionA=1.5978 tensionB=1.3625 pN boundMotors=5 | avgBound=5.31 ewmaBound=5.68 avgTension=0.751 ewmaTension=1.514 peakTension=2.284 pN
[STATS] contractility step=4101 t=0.0410 tensionA=1.6423 tensionB=1.5201 pN boundMotors=8 | avgBound=5.32 ewmaBound=5.85 avgTension=0.771 ewmaTension=1.548 peakTension=2.307 pN
[STATS] contractility step=4201 t=0.0420 tensionA=1.6886 tensionB=1.6092 pN boundMotors=7 | avgBound=5.34 ewmaBound=5.90 avgTension=0.792 ewmaTension=1.578 peakTension=2.307 pN
[STATS] contractility step=4301 t=0.0430 tensionA=1.7366 tensionB=1.5853 pN boundMotors=5 | avgBound=5.36 ewmaBound=5.88 avgTension=0.813 ewmaTension=1.625 peakTension=2.479 pN
[STATS] contractility step=4401 t=0.0440 tensionA=1.7784 tensionB=1.6152 pN boundMotors=3 | avgBound=5.34 ewmaBound=5.37 avgTension=0.833 ewmaTension=1.660 peakTension=2.479 pN
[GATHER] call=9000 totalDirty=0 maxThread=0 cumAvg=75.1 cumMaxPerThread=23
[STATS] contractility step=4501 t=0.0450 tensionA=1.8176 tensionB=1.6655 pN boundMotors=6 | avgBound=5.32 ewmaBound=4.93 avgTension=0.853 ewmaTension=1.686 peakTension=2.479 pN
[STATS] contractility step=4601 t=0.0460 tensionA=1.8434 tensionB=1.6892 pN boundMotors=5 | avgBound=5.32 ewmaBound=5.14 avgTension=0.873 ewmaTension=1.713 peakTension=2.479 pN
[STATS] contractility step=4701 t=0.0470 tensionA=1.8672 tensionB=1.6958 pN boundMotors=5 | avgBound=5.32 ewmaBound=5.14 avgTension=0.892 ewmaTension=1.740 peakTension=2.616 pN
[STATS] contractility step=4801 t=0.0480 tensionA=1.8777 tensionB=1.6624 pN boundMotors=8 | avgBound=5.32 ewmaBound=5.40 avgTension=0.911 ewmaTension=1.767 peakTension=2.639 pN
[STATS] contractility step=4901 t=0.0490 tensionA=1.8752 tensionB=1.6861 pN boundMotors=7 | avgBound=5.34 ewmaBound=5.70 avgTension=0.929 ewmaTension=1.776 peakTension=2.639 pN
[GATHER] call=10000 totalDirty=0 maxThread=0 cumAvg=75.1 cumMaxPerThread=23
Sim. time=00.05....~03.75 minutes computation to simulate 1 sec, run finished in ~00.00 hours
[STATS] contractility step=5001 t=0.0500 tensionA=1.8794 tensionB=1.7126 pN boundMotors=7 | avgBound=5.35 ewmaBound=5.71 avgTension=0.947 ewmaTension=1.786 peakTension=2.651 pN
[STATS] contractility step=5101 t=0.0510 tensionA=1.8919 tensionB=1.7854 pN boundMotors=8 | avgBound=5.38 ewmaBound=6.08 avgTension=0.964 ewmaTension=1.800 peakTension=2.651 pN
[STATS] contractility step=5201 t=0.0520 tensionA=1.9030 tensionB=1.8392 pN boundMotors=5 | avgBound=5.38 ewmaBound=5.92 avgTension=0.981 ewmaTension=1.822 peakTension=2.651 pN
[STATS] contractility step=5301 t=0.0530 tensionA=1.9249 tensionB=1.8384 pN boundMotors=4 | avgBound=5.38 ewmaBound=5.66 avgTension=0.998 ewmaTension=1.856 peakTension=2.800 pN
[STATS] contractility step=5401 t=0.0540 tensionA=1.9460 tensionB=1.8809 pN boundMotors=5 | avgBound=5.38 ewmaBound=5.45 avgTension=1.015 ewmaTension=1.879 peakTension=2.860 pN
[GATHER] call=11000 totalDirty=0 maxThread=0 cumAvg=75.2 cumMaxPerThread=23
[STATS] contractility step=5501 t=0.0550 tensionA=1.9568 tensionB=1.9089 pN boundMotors=4 | avgBound=5.38 ewmaBound=5.48 avgTension=1.032 ewmaTension=1.898 peakTension=2.860 pN
[STATS] contractility step=5601 t=0.0560 tensionA=1.9702 tensionB=1.8841 pN boundMotors=6 | avgBound=5.39 ewmaBound=5.65 avgTension=1.048 ewmaTension=1.919 peakTension=2.888 pN
[STATS] contractility step=5701 t=0.0570 tensionA=1.9904 tensionB=1.9037 pN boundMotors=7 | avgBound=5.40 ewmaBound=5.74 avgTension=1.064 ewmaTension=1.927 peakTension=2.888 pN
[STATS] contractility step=5801 t=0.0580 tensionA=2.0132 tensionB=1.8559 pN boundMotors=7 | avgBound=5.40 ewmaBound=5.69 avgTension=1.080 ewmaTension=1.946 peakTension=2.904 pN
[STATS] contractility step=5901 t=0.0590 tensionA=2.0308 tensionB=1.8633 pN boundMotors=6 | avgBound=5.41 ewmaBound=5.75 avgTension=1.095 ewmaTension=1.957 peakTension=2.904 pN
[GATHER] call=12000 totalDirty=0 maxThread=0 cumAvg=75.2 cumMaxPerThread=23
[STATS] contractility step=6001 t=0.0600 tensionA=2.0430 tensionB=1.8701 pN boundMotors=5 | avgBound=5.41 ewmaBound=5.68 avgTension=1.110 ewmaTension=1.962 peakTension=2.904 pN
[STATS] contractility step=6101 t=0.0610 tensionA=2.0581 tensionB=1.8754 pN boundMotors=5 | avgBound=5.40 ewmaBound=5.25 avgTension=1.124 ewmaTension=1.965 peakTension=2.908 pN
[STATS] contractility step=6201 t=0.0620 tensionA=2.0747 tensionB=1.8909 pN boundMotors=4 | avgBound=5.39 ewmaBound=5.19 avgTension=1.137 ewmaTension=1.970 peakTension=2.908 pN
[STATS] contractility step=6301 t=0.0630 tensionA=2.0796 tensionB=1.7144 pN boundMotors=4 | avgBound=5.40 ewmaBound=5.57 avgTension=1.152 ewmaTension=1.996 peakTension=2.930 pN
[STATS] contractility step=6401 t=0.0640 tensionA=2.0731 tensionB=1.8350 pN boundMotors=5 | avgBound=5.39 ewmaBound=5.15 avgTension=1.164 ewmaTension=1.986 peakTension=2.930 pN
[GATHER] call=13000 totalDirty=0 maxThread=0 cumAvg=75.2 cumMaxPerThread=23
[STATS] contractility step=6501 t=0.0650 tensionA=2.0649 tensionB=1.8477 pN boundMotors=3 | avgBound=5.41 ewmaBound=5.63 avgTension=1.177 ewmaTension=1.985 peakTension=2.930 pN
[STATS] contractility step=6601 t=0.0660 tensionA=2.0552 tensionB=1.8968 pN boundMotors=6 | avgBound=5.39 ewmaBound=5.14 avgTension=1.189 ewmaTension=1.981 peakTension=2.930 pN
[STATS] contractility step=6701 t=0.0670 tensionA=2.0447 tensionB=1.8861 pN boundMotors=5 | avgBound=5.40 ewmaBound=5.37 avgTension=1.201 ewmaTension=1.977 peakTension=2.930 pN
[STATS] contractility step=6801 t=0.0680 tensionA=2.0287 tensionB=1.8162 pN boundMotors=5 | avgBound=5.39 ewmaBound=5.14 avgTension=1.212 ewmaTension=1.973 peakTension=2.930 pN
[STATS] contractility step=6901 t=0.0690 tensionA=2.0088 tensionB=1.8206 pN boundMotors=6 | avgBound=5.40 ewmaBound=5.58 avgTension=1.222 ewmaTension=1.956 peakTension=2.930 pN
[GATHER] call=14000 totalDirty=0 maxThread=0 cumAvg=75.2 cumMaxPerThread=23
[STATS] contractility step=7001 t=0.0700 tensionA=1.9979 tensionB=1.6443 pN boundMotors=4 | avgBound=5.40 ewmaBound=5.50 avgTension=1.233 ewmaTension=1.960 peakTension=2.930 pN
[STATS] contractility step=7101 t=0.0710 tensionA=2.0011 tensionB=1.7388 pN boundMotors=6 | avgBound=5.40 ewmaBound=5.51 avgTension=1.243 ewmaTension=1.939 peakTension=2.930 pN
[STATS] contractility step=7201 t=0.0720 tensionA=2.0057 tensionB=1.7837 pN boundMotors=5 | avgBound=5.41 ewmaBound=5.61 avgTension=1.251 ewmaTension=1.919 peakTension=2.930 pN
[STATS] contractility step=7301 t=0.0730 tensionA=2.0086 tensionB=1.7582 pN boundMotors=4 | avgBound=5.38 ewmaBound=4.84 avgTension=1.261 ewmaTension=1.916 peakTension=2.930 pN
[STATS] contractility step=7401 t=0.0740 tensionA=1.9974 tensionB=1.7569 pN boundMotors=4 | avgBound=5.36 ewmaBound=4.39 avgTension=1.269 ewmaTension=1.915 peakTension=2.930 pN
[GATHER] call=15000 totalDirty=0 maxThread=0 cumAvg=75.2 cumMaxPerThread=23
[STATS] contractility step=7501 t=0.0750 tensionA=1.9657 tensionB=1.7910 pN boundMotors=4 | avgBound=5.34 ewmaBound=4.11 avgTension=1.278 ewmaTension=1.903 peakTension=2.930 pN
[STATS] contractility step=7601 t=0.0760 tensionA=1.9243 tensionB=1.7871 pN boundMotors=5 | avgBound=5.33 ewmaBound=4.24 avgTension=1.286 ewmaTension=1.892 peakTension=2.930 pN
[STATS] contractility step=7701 t=0.0770 tensionA=1.8825 tensionB=1.7903 pN boundMotors=4 | avgBound=5.32 ewmaBound=4.43 avgTension=1.293 ewmaTension=1.873 peakTension=2.930 pN
[STATS] contractility step=7801 t=0.0780 tensionA=1.8494 tensionB=1.6288 pN boundMotors=5 | avgBound=5.32 ewmaBound=4.78 avgTension=1.300 ewmaTension=1.876 peakTension=2.930 pN
[STATS] contractility step=7901 t=0.0790 tensionA=1.8190 tensionB=1.7415 pN boundMotors=3 | avgBound=5.31 ewmaBound=4.79 avgTension=1.307 ewmaTension=1.852 peakTension=2.930 pN
[GATHER] call=16000 totalDirty=0 maxThread=0 cumAvg=75.1 cumMaxPerThread=23
[STATS] contractility step=8001 t=0.0800 tensionA=1.7830 tensionB=1.7184 pN boundMotors=6 | avgBound=5.30 ewmaBound=4.75 avgTension=1.313 ewmaTension=1.840 peakTension=2.930 pN
[STATS] contractility step=8101 t=0.0810 tensionA=1.7509 tensionB=1.7837 pN boundMotors=6 | avgBound=5.31 ewmaBound=5.27 avgTension=1.319 ewmaTension=1.820 peakTension=2.930 pN
[STATS] contractility step=8201 t=0.0820 tensionA=1.7320 tensionB=1.7260 pN boundMotors=5 | avgBound=5.32 ewmaBound=5.63 avgTension=1.325 ewmaTension=1.814 peakTension=2.930 pN
[STATS] contractility step=8301 t=0.0830 tensionA=1.7349 tensionB=1.7828 pN boundMotors=5 | avgBound=5.32 ewmaBound=5.51 avgTension=1.331 ewmaTension=1.801 peakTension=2.930 pN
[STATS] contractility step=8401 t=0.0840 tensionA=1.7667 tensionB=1.7942 pN boundMotors=7 | avgBound=5.33 ewmaBound=5.48 avgTension=1.336 ewmaTension=1.796 peakTension=2.930 pN
[GATHER] call=17000 totalDirty=0 maxThread=0 cumAvg=75.2 cumMaxPerThread=23
[STATS] contractility step=8501 t=0.0850 tensionA=1.8057 tensionB=1.7745 pN boundMotors=6 | avgBound=5.33 ewmaBound=5.69 avgTension=1.342 ewmaTension=1.802 peakTension=2.930 pN
[STATS] contractility step=8601 t=0.0860 tensionA=1.8376 tensionB=1.7638 pN boundMotors=4 | avgBound=5.33 ewmaBound=5.41 avgTension=1.347 ewmaTension=1.814 peakTension=2.930 pN
[STATS] contractility step=8701 t=0.0870 tensionA=1.8569 tensionB=1.6730 pN boundMotors=7 | avgBound=5.33 ewmaBound=5.48 avgTension=1.353 ewmaTension=1.832 peakTension=2.930 pN
[STATS] contractility step=8801 t=0.0880 tensionA=1.8767 tensionB=1.7728 pN boundMotors=4 | avgBound=5.31 ewmaBound=4.73 avgTension=1.358 ewmaTension=1.825 peakTension=2.930 pN
[STATS] contractility step=8901 t=0.0890 tensionA=1.8911 tensionB=1.7340 pN boundMotors=5 | avgBound=5.29 ewmaBound=4.41 avgTension=1.364 ewmaTension=1.831 peakTension=2.930 pN
[GATHER] call=18000 totalDirty=0 maxThread=0 cumAvg=75.2 cumMaxPerThread=23
[STATS] contractility step=9001 t=0.0900 tensionA=1.8928 tensionB=1.7481 pN boundMotors=5 | avgBound=5.30 ewmaBound=5.13 avgTension=1.369 ewmaTension=1.830 peakTension=2.930 pN
[STATS] contractility step=9101 t=0.0910 tensionA=1.8813 tensionB=1.6200 pN boundMotors=5 | avgBound=5.31 ewmaBound=5.53 avgTension=1.375 ewmaTension=1.843 peakTension=2.930 pN
[STATS] contractility step=9201 t=0.0920 tensionA=1.8669 tensionB=1.5615 pN boundMotors=5 | avgBound=5.32 ewmaBound=5.69 avgTension=1.379 ewmaTension=1.831 peakTension=2.930 pN
[STATS] contractility step=9301 t=0.0930 tensionA=1.8593 tensionB=1.6624 pN boundMotors=7 | avgBound=5.34 ewmaBound=6.12 avgTension=1.384 ewmaTension=1.807 peakTension=2.930 pN
[STATS] contractility step=9401 t=0.0940 tensionA=1.8642 tensionB=1.6702 pN boundMotors=7 | avgBound=5.34 ewmaBound=6.01 avgTension=1.388 ewmaTension=1.793 peakTension=2.930 pN
[GATHER] call=19000 totalDirty=0 maxThread=0 cumAvg=75.2 cumMaxPerThread=23
[STATS] contractility step=9501 t=0.0950 tensionA=1.8786 tensionB=1.5644 pN boundMotors=7 | avgBound=5.34 ewmaBound=5.94 avgTension=1.392 ewmaTension=1.800 peakTension=2.930 pN
[STATS] contractility step=9601 t=0.0960 tensionA=1.8993 tensionB=1.6700 pN boundMotors=8 | avgBound=5.35 ewmaBound=6.11 avgTension=1.396 ewmaTension=1.788 peakTension=2.930 pN
[STATS] contractility step=9701 t=0.0970 tensionA=1.9193 tensionB=3.3110 pN boundMotors=6 | avgBound=5.37 ewmaBound=6.39 avgTension=1.400 ewmaTension=1.798 peakTension=2.930 pN
[STATS] contractility step=9801 t=0.0980 tensionA=1.9349 tensionB=2.9962 pN boundMotors=6 | avgBound=5.38 ewmaBound=6.30 avgTension=1.405 ewmaTension=1.829 peakTension=2.930 pN
[STATS] contractility step=9901 t=0.0990 tensionA=1.9515 tensionB=1.5705 pN boundMotors=7 | avgBound=5.38 ewmaBound=6.13 avgTension=1.409 ewmaTension=1.823 peakTension=2.930 pN
[GATHER] call=20000 totalDirty=0 maxThread=0 cumAvg=75.3 cumMaxPerThread=23
Sim. time=00.10....~03.42 minutes computation to simulate 1 sec, run finished in ~00.00 hours
[STATS] contractility step=10001 t=0.1000 tensionA=1.9813 tensionB=1.6393 pN boundMotors=4 | avgBound=5.38 ewmaBound=5.61 avgTension=1.414 ewmaTension=1.829 peakTension=2.930 pN
[STATS] contractility step=10101 t=0.1010 tensionA=2.0155 tensionB=3.0034 pN boundMotors=6 | avgBound=5.38 ewmaBound=5.56 avgTension=1.419 ewmaTension=1.867 peakTension=2.930 pN
collisionTime = 0.0
myosinTime = 0.0
[STATS] bindEvents=1450
[STATS] checkBugInsideFireCt=0
[STATS] addLinkForcesFireCt=0
[STATS] addTorsionFireCt=0
[STATS] meshFillFilSegFireCt=0
[STATS] meshAllSegsFireCt=0
[STATS] mbg3dFillFilSegFireCt=0
[STATS] updatePosFromBindFireCt=0
[STATS] updatePosFromStepFireCt=0
[STATS] validateSegFireCt=0
[STATS] anchorFireCt=0
[STATS] filSegInitFireCt=0
[STATS] motorInitFireCt=0
[STATS] meanBoundMotors=5.523
ThingStep Threads took 5.524000 seconds.
ThingBrownian Threads took 0.994000 seconds.
Myosin Threads took 1.028000 seconds.
MyoDimer Threads took 1.064000 seconds.
Protein Node Threads took 0.000000 seconds.
MyoMiniFil Threads took 1.067000 seconds.
Chamber Myo Threads took 0.000000 seconds.
Chamber MyoDimer Threads took 0.000000 seconds.
Mesh Threads took 2.085000 seconds.
Ck Mesh Threads took 1.045000 seconds.
Ck Mots Threads took 0.936000 seconds.
XLink Threads took 0.000000 seconds.
Arp23 Threads took 0.000000 seconds.
NodeLink Threads took 0.000000 seconds.
Membrane Node Threads took 0.000000 seconds.
ActA Threads took 0.000000 seconds.
MotorBindGrid3D Fill took 1.044000 seconds.
Finished closing JSON plots!
