WARNING: Using incubator modules: jdk.incubator.vector
[TELEPORT_DIAG] enabled=false threshold=0.1
Loading parameter values from /home/jba/Code/BoA/ParameterFiles/glidingDense_demo_smoke...
     Parameter assigned: deltaT set to 1.0E-5
     Parameter assigned: biochemDeltaT set to 0.01
     Parameter assigned: collisionDeltaT set to 1.0E-5
     Parameter assigned: brownianDeltaT set to 1.0E-5
     Parameter assigned: runTime set to 0.01
     Parameter assigned: toFileInterval set to 500
     Parameter assigned: remoteWriteInterval set to 1000
     Parameter assigned: fracMove set to 0.5
     Parameter assigned: fracR set to 0.1
     Parameter assigned: fracMoveTorq set to 0.2
     Parameter assigned: boxXDim set to 14.0
     Parameter assigned: boxYDim set to 14.0
     Parameter assigned: boxZDim set to 0.5
     Parameter assigned: aeta set to 0.1
     Parameter assigned: noMonomersSimd set to true
     Parameter assigned: kRdmNuc set to 0.0
     Parameter assigned: kNodeNuc set to 0.0
     Parameter assigned: initialFilaments set to 100
     Parameter assigned: minFilLength set to 1.0
     Parameter assigned: maxFilLength set to 3.0
     Parameter assigned: initialMyoMiniFils set to 0
     Parameter assigned: equilNodes set to 0
     Parameter assigned: glidingAssay set to true
     Parameter assigned: externalDensitySweep set to true
     Parameter assigned: fixedMyosinDensity set to 500.0
     Parameter assigned: fixedMyosinZValue set to -0.05
     Parameter assigned: glidingFilamentLength set to 2.0
     Parameter assigned: filSegLength set to 64
Done... there were 0 misunderstandings.
**************************************************************
Eulerian Mesh stats:
nXBins = 71; xBinWidth = 0.2 µm
nYBins = 71; yBinWidth = 0.2 µm
binDepth = 1000
**************************************************************
MotorBindGrid3D: 71 x 71 x 4 cells (0.2 µm each)
GPUMotorBinding (resident): motorCap=500000 segCap=1000000 totalCells=20164 contentsCap=8000000 bindBlk=64 segBboxBlk=128
GPUMoveThing: slotCap=588204 myoCap=196000 moveBlock=64 jointBlock=64 runSeed=-285214343 nWorkers=16
[GATHER] call=1000 totalDirty=0 maxThread=0 cumAvg=0.8 cumMaxPerThread=2
[GATHER] call=2000 totalDirty=0 maxThread=0 cumAvg=1.4 cumMaxPerThread=2
Sim. time=00.01....~183.55 minutes computation to simulate 1 sec, run finished in ~00.00 hours
collisionTime = 0.0
myosinTime = 0.0
[STATS] bindEvents=1841
[STATS] checkBugInsideFireCt=0
[STATS] addLinkForcesFireCt=0
[STATS] addTorsionFireCt=0
[STATS] meshFillFilSegFireCt=1359834
[STATS] meshAllSegsFireCt=0
[STATS] mbg3dFillFilSegFireCt=0
[STATS] updatePosFromBindFireCt=1841
[STATS] updatePosFromStepFireCt=0
[STATS] validateSegFireCt=155744
[STATS] anchorFireCt=0
[STATS] filSegInitFireCt=2401
[STATS] motorInitFireCt=98000
[STATS] meanBoundMotors=141.722
[STATS] gpuMotorBinding total=13.900s calls=1101 pack=0.069s gridPack=0.000s exec=13.584s unpack=0.247s
[STATS] gpuMoveThing total=44.078s calls=1101 slotPack=16.272s jointPack=7.032s exec=12.884s unpack=7.887s
[STATS] gpuMoveThing demandSyncPose=4.752s(calls=1101) demandSyncDerived=0.000s(calls=0) planRebuild=1
[STATS] gpuMoveThing poseDelta avg=2.09 max=202 sum=2300 fresh=1 overflow=0 cap=4096
[STATS] glidingVelocity=42.7568
ThingStep Threads took 20.626000 seconds.
ThingBrownian Threads took 2.887000 seconds.
Myosin Threads took 0.952000 seconds.
MyoDimer Threads took 0.000000 seconds.
Protein Node Threads took 0.000000 seconds.
MyoMiniFil Threads took 0.000000 seconds.
Chamber Myo Threads took 0.000000 seconds.
Chamber MyoDimer Threads took 0.000000 seconds.
Mesh Threads took 5.482000 seconds.
Ck Mesh Threads took 1.036000 seconds.
Ck Mots Threads took 0.000000 seconds.
XLink Threads took 0.586000 seconds.
Arp23 Threads took 0.000000 seconds.
NodeLink Threads took 0.000000 seconds.
Membrane Node Threads took 0.000000 seconds.
ActA Threads took 0.000000 seconds.
MotorBindGrid3D Fill took 0.000000 seconds.
Finished closing JSON plots!

real	2m6.193s
user	11m27.552s
sys	0m8.798s
