WARNING: Using incubator modules: jdk.incubator.vector
[TELEPORT_DIAG] enabled=false threshold=0.1
Loading parameter values from /home/jba/Code/BoA/RUN_LOGS/2026-06-07_retro_sweep/8027662_K2.pf...
     Parameter assigned: deltaT set to 1.0E-5
     Parameter assigned: biochemDeltaT set to 0.01
     Parameter assigned: collisionDeltaT set to 1.0E-5
     Parameter assigned: brownianDeltaT set to 1.0E-5
     Parameter assigned: runTime set to 0.02
     Parameter assigned: toFileInterval set to 5000
     Parameter assigned: remoteWriteInterval set to 1000
     Parameter assigned: fracMove set to 0.5
     Parameter assigned: fracR set to 0.1
     Parameter assigned: fracMoveTorq set to 0.2
     Parameter assigned: boxXDim set to 14.0
     Parameter assigned: boxYDim set to 14.0
     Parameter assigned: boxZDim set to 0.5
     Parameter assigned: aeta set to 0.1
     Parameter assigned: noMonomersSimd set to true
     Parameter assigned: kRdmNuc set to 0.0
     Parameter assigned: kNodeNuc set to 0.0
     Parameter assigned: initialFilaments set to 400
     Parameter assigned: minFilLength set to 1.0
     Parameter assigned: maxFilLength set to 3.0
     Parameter assigned: initialMyoMiniFils set to 0
     Parameter assigned: equilNodes set to 0
     Parameter assigned: glidingAssay set to true
     Parameter assigned: externalDensitySweep set to true
     Parameter assigned: fixedMyosinDensity set to 500.0
     Parameter assigned: fixedMyosinZValue set to -0.05
     Parameter assigned: glidingFilamentLength set to 2.0
     Parameter assigned: filSegLength set to 64
Done... there were 0 misunderstandings.
**************************************************************
Eulerian Mesh stats:
nXBins = 71; xBinWidth = 0.2 Âµm
nYBins = 71; yBinWidth = 0.2 Âµm
binDepth = 1000
**************************************************************
MotorBindGrid3D: 71 x 71 x 4 cells (0.2 Âµm each)
GPUMoveThing: slotCap=588804 blockSize=64 runSeed=-2100549359 nWorkers=16
GPUMotorBinding: motorCap=500000 segCap=1000000 totalCells=20164 contentsCap=8000000 blockSize=64
Sim. time=00.01....~288.82 minutes computation to simulate 1 sec, run finished in ~00.05 hours
Sim. time=00.02....~268.84 minutes computation to simulate 1 sec, run finished in ~00.00 hours
collisionTime = 0.0
myosinTime = 0.0
[STATS] bindEvents=28910
[STATS] meanBoundMotors=1104.624
[STATS] gpuMotorBinding total=24.799s calls=2101 pack=1.889s gridPack=1.231s exec=20.899s unpack=0.697s
[STATS] gpuMoveThing total=86.724s calls=2101 pack=21.632s exec=19.871s unpack=45.220s
[STATS] glidingVelocity=0.0000
ThingStep Threads took 51.428000 seconds.
ThingBrownian Threads took 5.613000 seconds.
Myosin Threads took 41.570000 seconds.
MyoDimer Threads took 19.040000 seconds.
Protein Node Threads took 1.673000 seconds.
MyoMiniFil Threads took 1.675000 seconds.
Chamber Myo Threads took 1.662000 seconds.
Chamber MyoDimer Threads took 1.658000 seconds.
Mesh Threads took 12.659000 seconds.
Ck Mesh Threads took 2.513000 seconds.
Ck Mots Threads took 0.000000 seconds.
XLink Threads took 1.149000 seconds.
Arp23 Threads took 1.131000 seconds.
NodeLink Threads took 3.266000 seconds.
Membrane Node Threads took 1.330000 seconds.
ActA Threads took 1.885000 seconds.
MotorBindGrid3D Fill took 62.315000 seconds.
Finished closing JSON plots!
