WARNING: Using incubator modules: jdk.incubator.vector
[TELEPORT_DIAG] enabled=false threshold=0.1
Loading parameter values from /home/jba/Code/BoA/RUN_LOGS/2026-06-07_retro_sweep/b044874_K1.pf...
     Parameter assigned: deltaT set to 1.0E-5
     Parameter assigned: biochemDeltaT set to 0.01
     Parameter assigned: collisionDeltaT set to 1.0E-5
     Parameter assigned: brownianDeltaT set to 1.0E-5
     Parameter assigned: runTime set to 0.005
     Parameter assigned: toFileInterval set to 5000
     Parameter assigned: remoteWriteInterval set to 1000
     Parameter assigned: fracMove set to 0.5
     Parameter assigned: fracR set to 0.1
     Parameter assigned: fracMoveTorq set to 0.2
     Parameter assigned: boxXDim set to 14.0
     Parameter assigned: boxYDim set to 14.0
     Parameter assigned: boxZDim set to 0.5
     Parameter assigned: aeta set to 0.1
     Parameter assigned: noMonomersSimd set to true
     Parameter assigned: kRdmNuc set to 0.0
     Parameter assigned: kNodeNuc set to 0.0
     Parameter assigned: initialFilaments set to 400
     Parameter assigned: minFilLength set to 1.0
     Parameter assigned: maxFilLength set to 3.0
     Parameter assigned: initialMyoMiniFils set to 0
     Parameter assigned: equilNodes set to 0
     Parameter assigned: glidingAssay set to true
     Parameter assigned: externalDensitySweep set to true
     Parameter assigned: fixedMyosinDensity set to 500.0
     Parameter assigned: fixedMyosinZValue set to -0.05
     Parameter assigned: glidingFilamentLength set to 2.0
     Parameter assigned: filSegLength set to 64
Done... there were 0 misunderstandings.
**************************************************************
Eulerian Mesh stats:
nXBins = 71; xBinWidth = 0.2 Âµm
nYBins = 71; yBinWidth = 0.2 Âµm
binDepth = 1000
**************************************************************
MotorBindGrid3D: 71 x 71 x 4 cells (0.2 Âµm each)
GPUMoveThing: slotCap=588804 myoCap=196000 moveBlock=64 jointBlock=64 runSeed=-2100549359 nWorkers=16
GPUMotorBinding: motorCap=500000 segCap=1000000 totalCells=20164 contentsCap=8000000 bindBlk=64 segBboxBlk=128
GPUMoveThing: slotCap=588804 myoCap=196000 moveBlock=64 jointBlock=64 runSeed=-2100549359 nWorkers=16
GPUMoveThing: slotCap=588804 myoCap=196000 moveBlock=64 jointBlock=64 runSeed=-2100549359 nWorkers=16
GPUMoveThing: slotCap=588804 myoCap=196000 moveBlock=64 jointBlock=64 runSeed=-2100549359 nWorkers=16
GPUMoveThing: slotCap=588804 myoCap=196000 moveBlock=64 jointBlock=64 runSeed=-2100549359 nWorkers=16
GPUMoveThing: slotCap=588804 myoCap=196000 moveBlock=64 jointBlock=64 runSeed=-2100549359 nWorkers=16
GPUMoveThing: slotCap=588804 myoCap=196000 moveBlock=64 jointBlock=64 runSeed=-2100549359 nWorkers=16
GPUMoveThing: slotCap=588804 myoCap=196000 moveBlock=64 jointBlock=64 runSeed=-2100549359 nWorkers=16
GPUMoveThing: slotCap=588804 myoCap=196000 moveBlock=64 jointBlock=64 runSeed=-2100549359 nWorkers=16
GPUMoveThing: slotCap=588804 myoCap=196000 moveBlock=64 jointBlock=64 runSeed=-2100549359 nWorkers=16
GPUMoveThing: slotCap=588804 myoCap=196000 moveBlock=64 jointBlock=64 runSeed=-2100549359 nWorkers=16
GPUMoveThing: slotCap=588804 myoCap=196000 moveBlock=64 jointBlock=64 runSeed=-2100549359 nWorkers=16
GPUMoveThing: slotCap=588804 myoCap=196000 moveBlock=64 jointBlock=64 runSeed=-2100549359 nWorkers=16
GPUMoveThing: slotCap=588804 myoCap=196000 moveBlock=64 jointBlock=64 runSeed=-2100549359 nWorkers=16
GPUMoveThing: slotCap=588804 myoCap=196000 moveBlock=64 jointBlock=64 runSeed=-2100549359 nWorkers=16
GPUMoveThing: slotCap=588804 myoCap=196000 moveBlock=64 jointBlock=64 runSeed=-2100549359 nWorkers=16
GPUMoveThing: slotCap=588804 myoCap=196000 moveBlock=64 jointBlock=64 runSeed=-2100549359 nWorkers=16
[GATHER] call=1000 totalDirty=0 maxThread=0 cumAvg=1.1 cumMaxPerThread=4
collisionTime = 0.0
myosinTime = 0.0
[STATS] bindEvents=1898
[STATS] checkBugInsideFireCt=0
[STATS] addLinkForcesFireCt=0
[STATS] addTorsionFireCt=0
[STATS] meshFillFilSegFireCt=2091387
[STATS] meshAllSegsFireCt=0
[STATS] mbg3dFillFilSegFireCt=0
[STATS] updatePosFromBindFireCt=1898
[STATS] updatePosFromStepFireCt=0
[STATS] validateSegFireCt=154439
[STATS] anchorFireCt=0
[STATS] filSegInitFireCt=9277
[STATS] motorInitFireCt=98000
[STATS] meanBoundMotors=257.607
[STATS] gpuMotorBinding total=12.322s calls=601 pack=0.583s gridPack=0.000s exec=11.453s unpack=0.204s
[STATS] gpuMoveThing total=20.338s calls=601 slotPack=4.820s jointPack=3.794s exec=7.233s unpack=4.490s
[STATS] gpuMoveThing demandSyncPose=2.665s(calls=601) demandSyncDerived=0.000s(calls=0) planRebuild=17
[STATS] glidingVelocity=0.0000
ThingStep Threads took 11.478000 seconds.
ThingBrownian Threads took 1.629000 seconds.
Myosin Threads took 0.520000 seconds.
MyoDimer Threads took 0.000000 seconds.
Protein Node Threads took 0.000000 seconds.
MyoMiniFil Threads took 0.000000 seconds.
Chamber Myo Threads took 0.000000 seconds.
Chamber MyoDimer Threads took 0.000000 seconds.
Mesh Threads took 2.705000 seconds.
Ck Mesh Threads took 0.736000 seconds.
Ck Mots Threads took 0.000000 seconds.
XLink Threads took 0.300000 seconds.
Arp23 Threads took 0.000000 seconds.
NodeLink Threads took 0.000000 seconds.
Membrane Node Threads took 0.000000 seconds.
ActA Threads took 0.000000 seconds.
MotorBindGrid3D Fill took 0.000000 seconds.
Finished closing JSON plots!
