WARNING: Using incubator modules: jdk.incubator.vector
[TELEPORT_DIAG] enabled=false threshold=0.1
Loading parameter values from /home/jba/Code/BoA/RUN_LOGS/2026-06-07_retro_sweep/bb7dc99_K2.pf...
     Parameter assigned: deltaT set to 1.0E-5
     Parameter assigned: biochemDeltaT set to 0.01
     Parameter assigned: collisionDeltaT set to 1.0E-5
     Parameter assigned: brownianDeltaT set to 1.0E-5
     Parameter assigned: runTime set to 0.02
     Parameter assigned: toFileInterval set to 5000
     Parameter assigned: remoteWriteInterval set to 1000
     Parameter assigned: fracMove set to 0.5
     Parameter assigned: fracR set to 0.1
     Parameter assigned: fracMoveTorq set to 0.2
     Parameter assigned: boxXDim set to 14.0
     Parameter assigned: boxYDim set to 14.0
     Parameter assigned: boxZDim set to 0.5
     Parameter assigned: aeta set to 0.1
     Parameter assigned: noMonomersSimd set to true
     Parameter assigned: kRdmNuc set to 0.0
     Parameter assigned: kNodeNuc set to 0.0
     Parameter assigned: initialFilaments set to 400
     Parameter assigned: minFilLength set to 1.0
     Parameter assigned: maxFilLength set to 3.0
     Parameter assigned: initialMyoMiniFils set to 0
     Parameter assigned: equilNodes set to 0
     Parameter assigned: glidingAssay set to true
     Parameter assigned: externalDensitySweep set to true
     Parameter assigned: fixedMyosinDensity set to 500.0
     Parameter assigned: fixedMyosinZValue set to -0.05
     Parameter assigned: glidingFilamentLength set to 2.0
     Parameter assigned: filSegLength set to 64
Done... there were 0 misunderstandings.
**************************************************************
Eulerian Mesh stats:
nXBins = 71; xBinWidth = 0.2 Âµm
nYBins = 71; yBinWidth = 0.2 Âµm
binDepth = 1000
**************************************************************
MotorBindGrid3D: 71 x 71 x 4 cells (0.2 Âµm each)
GPUMotorBinding: motorCap=100000 segCap=1000000 totalCells=20164 contentsCap=8000000 blockSize=64
GPUMoveThing: slotCap=588804 blockSize=64
Sim. time=00.01....~499.01 minutes computation to simulate 1 sec, run finished in ~00.08 hours
Sim. time=00.02....~477.95 minutes computation to simulate 1 sec, run finished in ~00.00 hours
collisionTime = 0.0
myosinTime = 0.0
[STATS] bindEvents=29493
[STATS] meanBoundMotors=1104.083
[STATS] gpuMotorBinding total=21.828s calls=2101 pack=1.859s gridPack=1.111s exec=17.216s unpack=0.682s
[STATS] gpuMoveThing total=298.056s calls=2101 pack=158.282s exec=22.585s unpack=117.112s
[STATS] glidingVelocity=0.0000
ThingStep Threads took 51.438000 seconds.
ThingBrownian Threads took 60.911000 seconds.
Myosin Threads took 42.780000 seconds.
MyoDimer Threads took 17.044000 seconds.
Protein Node Threads took 1.898000 seconds.
MyoMiniFil Threads took 1.894000 seconds.
Chamber Myo Threads took 1.877000 seconds.
Chamber MyoDimer Threads took 1.859000 seconds.
Mesh Threads took 11.792000 seconds.
Ck Mesh Threads took 2.472000 seconds.
Ck Mots Threads took 0.000000 seconds.
XLink Threads took 1.256000 seconds.
Arp23 Threads took 1.294000 seconds.
NodeLink Threads took 3.591000 seconds.
Membrane Node Threads took 1.816000 seconds.
ActA Threads took 2.222000 seconds.
MotorBindGrid3D Fill took 60.981000 seconds.
Finished closing JSON plots!
