[21:27:55] Sweep starting: 7 commits, K1=500 K2=2000 heap=20G
[21:27:55] === Commit 1/7: pre-campaign (6b5599f) ===
[21:27:55]   building...
[21:27:57]   running cpu K1 (runTime=0.005)...
[21:29:52]     rc=0 wall=115.41s
[21:29:52]   running cpu K2 (runTime=0.020)...
[21:36:04]     rc=0 wall=371.75s
[21:36:04]   running gpu K1 (runTime=0.005)...
[21:38:01]     rc=0 wall=117.57s
[21:38:01]   running gpu K2 (runTime=0.020)...
[21:44:23]     rc=0 wall=381.96s
[21:44:23]   done. elapsed=988s eta=5928s remaining
[21:44:23] === Commit 2/7: iter2b (bb7dc99) ===
[21:44:24]   building...
[21:44:25]   running cpu K1 (runTime=0.005)...
[21:46:19]     rc=0 wall=113.02s
[21:46:19]   running cpu K2 (runTime=0.020)...
[21:52:31]     rc=0 wall=372.38s
[21:52:31]   running gpu K1 (runTime=0.005)...
[21:55:37]     rc=0 wall=185.81s
[21:55:37]   running gpu K2 (runTime=0.020)...
[22:05:52]     rc=0 wall=615.43s
[22:05:52]   done. elapsed=2277s eta=5692s remaining
[22:05:52] === Commit 3/7: iter2c (bb7829e) ===
[22:05:52]   checkout failed; skipping
[22:05:52] === Commit 4/7: iter2d (8027662) ===
[22:05:52]   checkout failed; skipping
[22:05:52] === Commit 5/7: pre-4.5 (b044874) ===
[22:05:52]   checkout failed; skipping
[22:05:52] === Commit 6/7: post-4.5 (7759be7) ===
[22:05:52]   checkout failed; skipping
[22:05:52] === Commit 7/7: post-residency (498bb7c) ===
[22:05:52]   checkout failed; skipping
[22:05:52] === Sweep complete ===
[22:05:52] Cleanup: returning repo to main
[22:05:52] WARN: failed to checkout main on exit
[22:32:34] Sweep starting: 5 commits, K1=500 K2=2000 heap=20G
[22:32:34] === Commit 1/5: iter2c (bb7829e) ===
[22:32:34]   building...
[22:32:36]   running cpu K1 (runTime=0.005)...
[22:34:31]     rc=0 wall=114.54s
[22:34:31]   running cpu K2 (runTime=0.020)...
[22:40:48]     rc=0 wall=376.85s
[22:40:48]   running gpu K1 (runTime=0.005)...
[22:43:30]     rc=0 wall=162.34s
[22:43:30]   running gpu K2 (runTime=0.020)...
[22:52:27]     rc=0 wall=537.04s
[22:52:27]   done. elapsed=1193s eta=4772s remaining
[22:52:27] === Commit 2/5: iter2d (8027662) ===
[22:52:27]   building...
[22:52:29]   running cpu K1 (runTime=0.005)...
[22:54:23]     rc=0 wall=114.47s
[22:54:23]   running cpu K2 (runTime=0.020)...
[23:00:36]     rc=0 wall=372.90s
[23:00:36]   running gpu K1 (runTime=0.005)...
[23:02:26]     rc=0 wall=109.91s
[23:02:26]   running gpu K2 (runTime=0.020)...
[23:08:17]     rc=0 wall=351.37s
[23:08:17]   done. elapsed=2143s eta=3214s remaining
[23:08:17] === Commit 3/5: pre-4.5 (b044874) ===
[23:08:18]   building...
[23:08:20]   running cpu K1 (runTime=0.005)...
[23:09:49]     rc=0 wall=89.58s
[23:09:49]   running cpu K2 (runTime=0.020)...
[23:14:34]     rc=0 wall=284.88s
[23:14:34]   running gpu K1 (runTime=0.005)...
[23:15:49]     rc=0 wall=75.03s
[23:15:49]   running gpu K2 (runTime=0.020)...
[23:19:25]     rc=0 wall=216.05s
[23:19:25]   done. elapsed=2811s eta=1874s remaining
[23:19:25] === Commit 4/5: post-4.5 (7759be7) ===
[23:19:25]   building...
[23:19:27]   running cpu K1 (runTime=0.005)...
[23:20:56]     rc=0 wall=88.82s
[23:20:56]   running cpu K2 (runTime=0.020)...
[23:25:44]     rc=0 wall=287.55s
[23:25:44]   running gpu K1 (runTime=0.005)...
[23:26:57]     rc=0 wall=73.22s
[23:26:57]   running gpu K2 (runTime=0.020)...
[23:30:35]     rc=0 wall=217.85s
[23:30:35]   done. elapsed=3481s eta=870s remaining
[23:30:35] === Commit 5/5: post-residency (498bb7c) ===
[23:30:35]   building...
[23:30:37]   running cpu K1 (runTime=0.005)...
[23:32:06]     rc=0 wall=89.55s
[23:32:06]   running cpu K2 (runTime=0.020)...
[23:36:51]     rc=0 wall=284.31s
[23:36:51]   running gpu K1 (runTime=0.005)...
[23:38:00]     rc=0 wall=69.64s
[23:38:00]   running gpu K2 (runTime=0.020)...
[23:41:23]     rc=0 wall=202.94s
[23:41:23]   done. elapsed=4129s eta=0s remaining
[23:41:23] === Sweep complete ===
[23:41:23] Cleanup: returning repo to main
