WARNING: Using incubator modules: jdk.incubator.vector
[TELEPORT_DIAG] enabled=false threshold=0.1
[MOTOR_DIAG] DIAG_CPU_MOTOR forced ON via env var (CPU pair runs)
Loading parameter values from /home/jba/Code/BoA/ParameterFiles/glidingAssay500_val...
     Parameter assigned: deltaT set to 1.0E-5
     Parameter assigned: biochemDeltaT set to 0.01
     Parameter assigned: collisionDeltaT set to 1.0E-5
     Parameter assigned: brownianDeltaT set to 1.0E-5
     Parameter assigned: runTime set to 0.1
     Parameter assigned: toFileInterval set to 100
     Parameter assigned: remoteWriteInterval set to 1000
     Parameter assigned: fracMove set to 0.5
     Parameter assigned: fracR set to 0.1
     Parameter assigned: fracMoveTorq set to 0.2
     Parameter assigned: boxXDim set to 14.0
     Parameter assigned: boxYDim set to 2.0
     Parameter assigned: boxZDim set to 0.5
     Parameter assigned: aeta set to 0.1
     Parameter assigned: noMonomersSimd set to true
     Parameter assigned: kRdmNuc set to 0.0
     Parameter assigned: kNodeNuc set to 0.0
     Parameter assigned: initialFilaments set to 0
     Parameter assigned: initialMyoMiniFils set to 0
     Parameter assigned: equilNodes set to 0
     Parameter assigned: glidingAssay set to true
     Parameter assigned: externalDensitySweep set to true
     Parameter assigned: fixedMyosinDensity set to 500.0
     Parameter assigned: fixedMyosinZValue set to -0.05
     Parameter assigned: glidingFilamentLength set to 2.0
     Parameter assigned: filSegLength set to 64
Done... there were 0 misunderstandings.
**************************************************************
Eulerian Mesh stats:
nXBins = 71; xBinWidth = 0.2 µm
nYBins = 11; yBinWidth = 0.2 µm
binDepth = 1000
**************************************************************
MotorBindGrid3D: 71 x 11 x 4 cells (0.2 µm each)
GPUMoveThing: slotCap=84004 myoCap=28000 moveBlock=64 jointBlock=64 runSeed=-285867265 nWorkers=16
GPUMotorBinding: motorCap=500000 segCap=1000000 totalCells=3124 contentsCap=3124000 bindBlk=64 segBboxBlk=128
[GATHER] call=1000 totalDirty=0 maxThread=0 cumAvg=2.1 cumMaxPerThread=4
[GATHER] call=2000 totalDirty=0 maxThread=0 cumAvg=4.6 cumMaxPerThread=4
Sim. time=00.01....~60.27 minutes computation to simulate 1 sec, run finished in ~00.09 hours
[GATHER] call=3000 totalDirty=0 maxThread=0 cumAvg=6.0 cumMaxPerThread=6
[GATHER] call=4000 totalDirty=0 maxThread=0 cumAvg=6.5 cumMaxPerThread=6
Sim. time=00.02....~54.94 minutes computation to simulate 1 sec, run finished in ~00.07 hours
[GATHER] call=5000 totalDirty=0 maxThread=0 cumAvg=7.2 cumMaxPerThread=6
[GATHER] call=6000 totalDirty=0 maxThread=0 cumAvg=7.5 cumMaxPerThread=6
Sim. time=00.03....~55.07 minutes computation to simulate 1 sec, run finished in ~00.06 hours
[GATHER] call=7000 totalDirty=0 maxThread=0 cumAvg=7.2 cumMaxPerThread=6
[GATHER] call=8000 totalDirty=0 maxThread=0 cumAvg=7.2 cumMaxPerThread=6
Sim. time=00.04....~55.15 minutes computation to simulate 1 sec, run finished in ~00.06 hours
[GATHER] call=9000 totalDirty=0 maxThread=0 cumAvg=7.1 cumMaxPerThread=6
[GATHER] call=10000 totalDirty=0 maxThread=0 cumAvg=7.1 cumMaxPerThread=6
Sim. time=00.05....~54.70 minutes computation to simulate 1 sec, run finished in ~00.05 hours
[GATHER] call=11000 totalDirty=0 maxThread=0 cumAvg=7.1 cumMaxPerThread=9
[GATHER] call=12000 totalDirty=0 maxThread=0 cumAvg=7.1 cumMaxPerThread=9
Sim. time=00.06....~54.78 minutes computation to simulate 1 sec, run finished in ~00.04 hours
[GATHER] call=13000 totalDirty=0 maxThread=0 cumAvg=7.1 cumMaxPerThread=9
[GATHER] call=14000 totalDirty=0 maxThread=0 cumAvg=7.2 cumMaxPerThread=9
Sim. time=00.07....~54.70 minutes computation to simulate 1 sec, run finished in ~00.03 hours
[GATHER] call=15000 totalDirty=0 maxThread=0 cumAvg=7.1 cumMaxPerThread=9
[GATHER] call=16000 totalDirty=0 maxThread=0 cumAvg=7.0 cumMaxPerThread=9
Sim. time=00.08....~54.97 minutes computation to simulate 1 sec, run finished in ~00.02 hours
[GATHER] call=17000 totalDirty=0 maxThread=0 cumAvg=7.0 cumMaxPerThread=9
[GATHER] call=18000 totalDirty=0 maxThread=0 cumAvg=7.0 cumMaxPerThread=9
Sim. time=00.09....~55.12 minutes computation to simulate 1 sec, run finished in ~00.01 hours
[GATHER] call=19000 totalDirty=0 maxThread=0 cumAvg=7.0 cumMaxPerThread=9
[GATHER] call=20000 totalDirty=0 maxThread=0 cumAvg=7.0 cumMaxPerThread=9
Sim. time=00.10....~54.77 minutes computation to simulate 1 sec, run finished in ~00.00 hours
collisionTime = 0.0
myosinTime = 0.0
[STATS] bindEvents=786
[STATS] meanBoundMotors=7.047
[STATS] gpuMotorBinding total=87.477s calls=10101 pack=1.247s gridPack=0.000s exec=85.666s unpack=0.476s
[STATS] gpuMoveThing total=92.404s calls=10101 slotPack=13.683s jointPack=9.281s exec=35.288s unpack=34.148s
[STATS] glidingVelocity=7.7661
ThingStep Threads took 53.715000 seconds.
ThingBrownian Threads took 10.522000 seconds.
Myosin Threads took 9.710000 seconds.
MyoDimer Threads took 0.000000 seconds.
Protein Node Threads took 0.000000 seconds.
MyoMiniFil Threads took 0.000000 seconds.
Chamber Myo Threads took 0.000000 seconds.
Chamber MyoDimer Threads took 0.000000 seconds.
Mesh Threads took 20.907000 seconds.
Ck Mesh Threads took 9.143000 seconds.
Ck Mots Threads took 0.000000 seconds.
XLink Threads took 0.000000 seconds.
Arp23 Threads took 0.000000 seconds.
NodeLink Threads took 0.000000 seconds.
Membrane Node Threads took 0.000000 seconds.
ActA Threads took 0.000000 seconds.
MotorBindGrid3D Fill took 0.000000 seconds.
Finished closing JSON plots!
