[TELEPORT_DIAG] enabled=false threshold=0.1
Loading parameter values from /home/jba/Code/BoA/ParameterFiles/boa10-64Seg-dyn-dense-1x...
     Parameter assigned: deltaT set to 1.0E-4
     Parameter assigned: biochemDeltaT set to 0.01
     Parameter assigned: collisionDeltaT set to 1.0E-5
     No match found for parameter label brownianDeltaT ... you best check that out!
     Parameter assigned: runTime set to 0.065
     Parameter assigned: fracMove set to 0.4
     Parameter assigned: fracR set to 0.134
     Parameter assigned: fracMoveTorq set to 0.013685
     Parameter assigned: drawInterval set to 100
     Parameter assigned: toFileInterval set to 1000000000
     No match found for parameter label toQKFileInterval ... you best check that out!
     Parameter assigned: jpegQuality set to 1.0
     Parameter assigned: remoteWriteInterval set to 100000
     Parameter assigned: frameWidth set to 800
     Parameter assigned: frameHeight set to 800
     No match found for parameter label bugOff ... you best check that out!
     Parameter assigned: simOutsideBug set to false
     Parameter assigned: initialFilaments set to 1000
     Parameter assigned: initialMyoMiniFils set to 1000
     Parameter assigned: minFilLength set to 0.9
     Parameter assigned: maxFilLength set to 1.3
     Parameter assigned: stdDevActinDist set to 0.5
     Parameter assigned: boxXDim set to 10.0
     Parameter assigned: boxYDim set to 10.0
     Parameter assigned: boxZDim set to 0.5
     Parameter assigned: actinConc set to 20.0
     Parameter assigned: actinConcNonHydro set to 15.0
     Parameter assigned: aeta set to 1.0
     Parameter assigned: capConc set to 2.0
     Parameter assigned: nodeZone set to 0.9
     Parameter assigned: nodeRadius set to 0.025
     Parameter assigned: forminsPerNode set to 0
     No match found for parameter label myosPerNode ... you best check that out!
     Parameter assigned: nodeTransDiff set to 1.0E-16
     Parameter assigned: nodeRotDiff set to 0.001
     Parameter assigned: actinSeed set to 3
     Parameter assigned: actinOnCortex set to true
     Parameter assigned: filSegLength set to 64
     Parameter assigned: filTorqSpring set to 1.0E-20
     Parameter assigned: BTransCoeff set to 1.0
     Parameter assigned: BRotCoeff set to 0.5
     Parameter assigned: maxSegAngle set to 22.5
     Parameter assigned: maxSegDist set to 0.0108
     Parameter assigned: nodeTorqSpring set to 1.0E-20
     Parameter assigned: maxNodeTetherStrainDist set to 0.0108
     Parameter assigned: nodeTetherDetachRate set to 0.001
     Parameter assigned: forminMoves set to false
     Parameter assigned: forminRelease set to 1.0
     Parameter assigned: noMonomersSimd set to false
     Parameter assigned: filamentsAnneal set to false
     Parameter assigned: annealDist set to 0.054
     Parameter assigned: annealAngleCosine set to 0.9
     Parameter assigned: maxLinksOnSeg set to 10.0
     Parameter assigned: sideBonds set to 0
     Parameter assigned: sideBondsRelax set to false
     Parameter assigned: sideBondsStabilize set to 1.0
     Parameter assigned: bundleStableFactor set to 2.0
     Parameter assigned: filLinkSpring set to 1.0E-9
     Parameter assigned: filLinkTorqSpring set to 1.0E-19
     Parameter assigned: xLinkTransAttn set to 1.0
     Parameter assigned: xLinkRotAttn set to 1.0
     No match found for parameter label maxFilLinkDist ... you best check that out!
     No match found for parameter label linkDissolveRate ... you best check that out!
     Parameter assigned: kATPOn1 set to 1.3
     Parameter assigned: kATPOff1 set to 0.8
     Parameter assigned: kADPOff1 set to 2.7
     Parameter assigned: kATPOn1NonHydro set to 0.0
     Parameter assigned: kATPOff1NonHydro set to 0.0
     Parameter assigned: kATPOn2 set to 11.6
     Parameter assigned: kATPOff2 set to 1.4
     Parameter assigned: kADPOff2 set to 7.2
     Parameter assigned: kATPOn2WithFormin set to 0.0
     Parameter assigned: kATPOff2WithFormin set to 0.0
     Parameter assigned: kADPOff2WithFormin set to 0.0
     Parameter assigned: kATPOn2NonHydro set to 0.0
     Parameter assigned: kATPOff2NonHydro set to 0.0
     Parameter assigned: kATPOn2NonHydroWithFormin set to 0.0
     Parameter assigned: kATPOff2NonHydroWithFormin set to 0.0
     Parameter assigned: capRate set to 3.0
     Parameter assigned: cofilinRate set to 0.4
     Parameter assigned: cofilinConc set to 3.0
     Parameter assigned: cofilinRatio set to 1.1
     Parameter assigned: myosinStallForce set to 2.0
     No match found for parameter label myosinReleaseRate ... you best check that out!
     No match found for parameter label myoFBRBase ... you best check that out!
     No match found for parameter label myoFBRExp ... you best check that out!
     Parameter assigned: capNumEnd1 set to 3
     Parameter assigned: capNumEnd2 set to 3
     Parameter assigned: capNumEnd1WithNode set to 3
     Parameter assigned: capNumEnd2WithNode set to 3
     Parameter assigned: polyCompressionCutoff set to 0.0
     Parameter assigned: kRdmNuc set to 0.001
     Parameter assigned: kNodeNuc set to 10.0
     Parameter assigned: kHydrolysis set to 1.0
     Parameter assigned: kDissociation set to 1.0
     Parameter assigned: showTime set to true
     Parameter assigned: showConc set to true
     Parameter assigned: showNonHydroConc set to false
     Parameter assigned: showFilCt set to true
     Parameter assigned: showFilLinkCt set to true
     Parameter assigned: showFilSegCt set to false
     Parameter assigned: showMonCt set to true
     Parameter assigned: fixedHistScale set to 100.0
     Parameter assigned: showHistBox set to true
     Parameter assigned: showYHistTics set to true
     Parameter assigned: flatTops set to true
     Parameter assigned: maxXLinkBondAngle set to 0.6
     Parameter assigned: xLinkOnRate set to 400.0
     Parameter assigned: xLinkConc set to 1.0
     Parameter assigned: linkOffConst set to 1.0
     Parameter assigned: linkOffCoeff set to 1.0
     Parameter assigned: linkOffExp set to 2.0
     Parameter assigned: crossLinkGrabDist set to 0.05
Done... there were 9 misunderstandings.
[RNG] per-worker RNG pool: 17 MTFs, masterSeed=-6389071415215064922 (BOA_RNG_SEED unset)
**************************************************************
Eulerian Mesh stats:
nXBins = 51; xBinWidth = 0.2 µm
nYBins = 51; yBinWidth = 0.2 µm
binDepth = 1000
**************************************************************
MotorBindGrid3D: 51 x 51 x 4 cells (0.2 µm each)
[17:13] [phase-plan] inert-wave cull — ThreadSet activation snapshot:
[17:13]   ON   ThingStep Threads
[17:13]   ON   ThingBrownian Threads
[17:13]   ON   Myosin Threads
[17:13]   ON   MyoDimer Threads
[17:13]   OFF  Protein Node Threads
[17:13]   ON   MyoMiniFil Threads
[17:13]   OFF  Chamber Myo Threads
[17:13]   OFF  Chamber MyoDimer Threads
[17:13]   ON   Mesh Threads
[17:13]   ON   Ck Mesh Threads
[17:13]   ON   Ck Mots Threads
[17:13]   OFF  XLink Threads
[17:13]   OFF  Arp23 Threads
[17:13]   OFF  NodeLink Threads
[17:13]   OFF  Membrane Node Threads
[17:13]   OFF  ActA Threads
[17:13]   ON   MotorBindGrid3D Fill
[17:13] [phase-plan] 9 active, 8 inert (will skip dispatch)
[GATHER] call=1000 totalDirty=0 maxThread=0 cumAvg=52290.1 cumMaxPerThread=11003
collisionTime = 0.0
myosinTime = 0.0

*** step() per-force profile (BOA_STEP_PROFILE=1) ***
  Force                                     sec    pct          calls      ns/call
  F1/F2  FilSeg boundary collision        0.587   7.7%        3903188          150
  F3     FilSeg chain link spring         2.045  26.7%        3903188          524
  F4     FilSeg chain torsion spring      0.619   8.1%        3903188          159
  F5/F6  FilSeg node tether               0.083   1.1%        3903188           21
  F7     MyoMini boundary collision       0.237   3.1%         660000          360
  F8-F10 MyoMotor tipLink (motor-fil)     4.086  53.4%       21120000          193
  TOTAL (sum of buckets)                  7.659
  Note: bucket sums are wall × thread-count (each worker accumulates its own time).
[STATS] bindEvents=6517
[STATS] filLinks=536 (active=536 inactive=134)
[STATS] linkCtMean=390.60 (samples=660) linkCtMeanSettled=516.45 (samples=335) finalActive=536
[STATS] filFilBroadphase active=false filsegMeshFillSkipped=0 candPairs=0 candMaxPerSeg=0 overflowSegs=0 drainCalls=0
[STATS] fActin segs=5945 monomers=415830 fActinUM=1.73 meanSegLenUM=0.192 freePoolUM=18.27
[STATS] mem usedHeapMB=2203.2 maxHeapMB=25769.8
[STATS] percolation filaments=1001 activeLinks=402 linksPerFil=0.402 largestComp=8 (0.8% of fils) spanX=0.18 spanY=0.11 spanZ=0.43 spanFrac=0.18 percolates=false

*** [STEP_PROFILE] window=[300,660) steps=360 path=CPU wall=17865.5ms (49.6265 ms/step) ***
  --- every-step phases (ms/step) ---
    exec                  0.00000  (n/a CPU)
    pack                  0.00000  (n/a CPU)
    crosslinkForce        0.72778
    meshFill              2.65833
    cpuIntegrate          6.91944
      step                5.47500
      gatherForces        3.55000
      brownian            3.95000
  --- biochem-cadence phases (amortized ms/step | per-fire ms | fires) ---
    crosslinkFormation    0.00000 |   0.0000 | 3
    biochem               1.76944 |   1.7694 | 360
    sync                  0.00000 |   0.0000 | 0
  --- 'other' decomposition (ms/step) ---
    jointsCpu             8.94561
    motorFilCol           7.71944
    recompute             2.09864
    resetCt               2.87778
    moveDrains            0.00000  (n/a CPU)
    membrane              1.19182
    safepoint             0.00451
    output                0.00080
    cleanup               1.51667
    cleanupTail           0.00530
    gc(of residual)       0.06111  [subset of otherResidual: JVM GC pauses]
  --- totals (ms/step) ---
    total(wall)          49.62652
    host(=tot-exec)      49.62652
    otherResidual         0.21595  (of which gc=0.0611, non-gc=0.1548)

[STATS] checkBugInsideFireCt=0
[STATS] addLinkForcesFireCt=0
[STATS] addTorsionFireCt=0
[STATS] meshFillFilSegFireCt=0
[STATS] meshAllSegsFireCt=0
[STATS] mbg3dFillFilSegFireCt=0
[STATS] updatePosFromBindFireCt=0
[STATS] updatePosFromStepFireCt=0
[STATS] validateSegFireCt=0
[STATS] anchorFireCt=0
[STATS] filSegInitFireCt=0
[STATS] motorInitFireCt=0
[STATS] meanBoundMotors=194.015
ThingStep Threads took 13.008000 seconds.
ThingBrownian Threads took 2.360000 seconds.
Myosin Threads took 2.686000 seconds.
MyoDimer Threads took 1.680000 seconds.
Protein Node Threads took 0.000000 seconds.
MyoMiniFil Threads took 0.998000 seconds.
Chamber Myo Threads took 0.000000 seconds.
Chamber MyoDimer Threads took 0.000000 seconds.
Mesh Threads took 0.665000 seconds.
Ck Mesh Threads took 0.625000 seconds.
Ck Mots Threads took 3.706000 seconds.
XLink Threads took 0.310000 seconds.
Arp23 Threads took 0.000000 seconds.
NodeLink Threads took 0.000000 seconds.
Membrane Node Threads took 0.000000 seconds.
ActA Threads took 0.000000 seconds.
MotorBindGrid3D Fill took 0.999000 seconds.
Finished closing JSON plots!
