WARNING: Using incubator modules: jdk.incubator.vector
[TELEPORT_DIAG] enabled=false threshold=0.1
Loading parameter values from /home/jba/Code/BoA/RUN_LOGS/2026-06-08_pose_churn/1x_phaseC_K2000.pf...
     Parameter assigned: deltaT set to 1.0E-5
     Parameter assigned: biochemDeltaT set to 0.01
     Parameter assigned: collisionDeltaT set to 1.0E-5
     Parameter assigned: brownianDeltaT set to 1.0E-5
     Parameter assigned: runTime set to 0.02
     Parameter assigned: toFileInterval set to 5000
     Parameter assigned: remoteWriteInterval set to 1000
     Parameter assigned: fracMove set to 0.5
     Parameter assigned: fracR set to 0.1
     Parameter assigned: fracMoveTorq set to 0.2
     Parameter assigned: boxXDim set to 14.0
     Parameter assigned: boxYDim set to 14.0
     Parameter assigned: boxZDim set to 0.5
     Parameter assigned: aeta set to 0.1
     Parameter assigned: noMonomersSimd set to true
     Parameter assigned: kRdmNuc set to 0.0
     Parameter assigned: kNodeNuc set to 0.0
     Parameter assigned: initialFilaments set to 400
     Parameter assigned: minFilLength set to 1.0
     Parameter assigned: maxFilLength set to 3.0
     Parameter assigned: initialMyoMiniFils set to 0
     Parameter assigned: equilNodes set to 0
     Parameter assigned: glidingAssay set to true
     Parameter assigned: externalDensitySweep set to true
     Parameter assigned: fixedMyosinDensity set to 500.0
     Parameter assigned: fixedMyosinZValue set to -0.05
     Parameter assigned: glidingFilamentLength set to 2.0
     Parameter assigned: filSegLength set to 64
Done... there were 0 misunderstandings.
**************************************************************
Eulerian Mesh stats:
nXBins = 71; xBinWidth = 0.2 µm
nYBins = 71; yBinWidth = 0.2 µm
binDepth = 1000
**************************************************************
MotorBindGrid3D: 71 x 71 x 4 cells (0.2 µm each)
[POSE_CHURN] sized POSE_DELTA_CAP=8192 (initialFilaments=400, peakModel=802, safety=4x, floor=8192)
GPUMoveThing: slotCap=588804 myoCap=196000 moveBlock=64 jointBlock=64 runSeed=-2100549359 nWorkers=16
[GATHER] call=1000 totalDirty=0 maxThread=0 cumAvg=3.1 cumMaxPerThread=6
[GATHER] call=2000 totalDirty=0 maxThread=0 cumAvg=3.0 cumMaxPerThread=6
Sim. time=00.01....~219.44 minutes computation to simulate 1 sec, run finished in ~00.04 hours
[GATHER] call=3000 totalDirty=0 maxThread=0 cumAvg=3.0 cumMaxPerThread=6
[GATHER] call=4000 totalDirty=0 maxThread=0 cumAvg=3.0 cumMaxPerThread=6
Sim. time=00.02....~181.83 minutes computation to simulate 1 sec, run finished in ~00.00 hours
collisionTime = 0.0
myosinTime = 0.0
[STATS] bindEvents=5834
[STATS] checkBugInsideFireCt=0
[STATS] addLinkForcesFireCt=0
[STATS] addTorsionFireCt=0
[STATS] meshFillFilSegFireCt=8233179
[STATS] meshAllSegsFireCt=0
[STATS] mbg3dFillFilSegFireCt=0
[STATS] updatePosFromBindFireCt=5834
[STATS] updatePosFromStepFireCt=0
[STATS] validateSegFireCt=605081
[STATS] anchorFireCt=0
[STATS] filSegInitFireCt=9213
[STATS] motorInitFireCt=98000
[STATS] meanBoundMotors=288.664
[STATS] gpuMotorBinding total=0.480s calls=2101 pack=0.138s gridPack=0.000s exec=0.000s unpack=0.480s
[STATS] gpuMoveThing total=136.993s calls=2101 slotPack=32.403s jointPack=13.790s exec=84.315s unpack=6.479s
[STATS] gpuMoveThing demandSyncPose=0.025s(calls=1) demandSyncDerived=0.025s(calls=1) planRebuild=1
[STATS] gpuMoveThing poseDelta avg=8812.00 max=802 sum=8812 fresh=1 overflow=0 cap=8192
[STATS] gpuMoveThing trueDirty calls=2100 slotChange avg=2.10 max=401 pending avg=2.10 max=401 totalUpperMax=802 slotCount=298807 slotCap=588804
[STATS] glidingVelocity=0.0000
ThingStep Threads took 41.964000 seconds.
ThingBrownian Threads took 5.645000 seconds.
Myosin Threads took 1.715000 seconds.
MyoDimer Threads took 0.000000 seconds.
Protein Node Threads took 0.000000 seconds.
MyoMiniFil Threads took 0.000000 seconds.
Chamber Myo Threads took 0.000000 seconds.
Chamber MyoDimer Threads took 0.000000 seconds.
Mesh Threads took 11.375000 seconds.
Ck Mesh Threads took 2.466000 seconds.
Ck Mots Threads took 0.000000 seconds.
XLink Threads took 1.082000 seconds.
Arp23 Threads took 0.000000 seconds.
NodeLink Threads took 0.000000 seconds.
Membrane Node Threads took 0.000000 seconds.
ActA Threads took 0.000000 seconds.
MotorBindGrid3D Fill took 0.000000 seconds.
Finished closing JSON plots!
