WARNING: Using incubator modules: jdk.incubator.vector
[TELEPORT_DIAG] enabled=false threshold=0.1
Loading parameter values from /home/jba/Code/BoA/RUN_LOGS/2026-06-08_pose_churn/4x_churn.pf...
     Parameter assigned: deltaT set to 1.0E-5
     Parameter assigned: biochemDeltaT set to 0.01
     Parameter assigned: collisionDeltaT set to 1.0E-5
     Parameter assigned: brownianDeltaT set to 1.0E-5
     Parameter assigned: runTime set to 0.001
     Parameter assigned: toFileInterval set to 5000
     Parameter assigned: remoteWriteInterval set to 1000
     Parameter assigned: fracMove set to 0.5
     Parameter assigned: fracR set to 0.1
     Parameter assigned: fracMoveTorq set to 0.2
     Parameter assigned: boxXDim set to 28.0
     Parameter assigned: boxYDim set to 28.0
     Parameter assigned: boxZDim set to 0.5
     Parameter assigned: aeta set to 0.1
     Parameter assigned: noMonomersSimd set to true
     Parameter assigned: kRdmNuc set to 0.0
     Parameter assigned: kNodeNuc set to 0.0
     Parameter assigned: initialFilaments set to 1600
     Parameter assigned: minFilLength set to 1.0
     Parameter assigned: maxFilLength set to 3.0
     Parameter assigned: initialMyoMiniFils set to 0
     Parameter assigned: equilNodes set to 0
     Parameter assigned: glidingAssay set to true
     Parameter assigned: externalDensitySweep set to true
     Parameter assigned: fixedMyosinDensity set to 500.0
     Parameter assigned: fixedMyosinZValue set to -0.05
     Parameter assigned: glidingFilamentLength set to 2.0
     Parameter assigned: filSegLength set to 64
Done... there were 0 misunderstandings.
**************************************************************
Eulerian Mesh stats:
nXBins = 141; xBinWidth = 0.2 µm
nYBins = 141; yBinWidth = 0.2 µm
binDepth = 1000
**************************************************************
MotorBindGrid3D: 141 x 141 x 4 cells (0.2 µm each)
GPUMoveThing: slotCap=2355204 myoCap=784000 moveBlock=64 jointBlock=64 runSeed=-531386216 nWorkers=16
[POSE_CHURN] step=10 slotCount=1192136 slotCap=2355204 trueSlotChange=1075 truePendingDirty=1075 trueTotalUpper=2150 cap=5000000
[POSE_CHURN] step=20 slotCount=1195232 slotCap=2355204 trueSlotChange=0 truePendingDirty=0 trueTotalUpper=0 cap=5000000
[POSE_CHURN] step=30 slotCount=1195232 slotCap=2355204 trueSlotChange=0 truePendingDirty=0 trueTotalUpper=0 cap=5000000
[POSE_CHURN] step=40 slotCount=1195232 slotCap=2355204 trueSlotChange=0 truePendingDirty=0 trueTotalUpper=0 cap=5000000
[POSE_CHURN] step=50 slotCount=1195232 slotCap=2355204 trueSlotChange=0 truePendingDirty=0 trueTotalUpper=0 cap=5000000
[POSE_CHURN] step=60 slotCount=1195232 slotCap=2355204 trueSlotChange=0 truePendingDirty=0 trueTotalUpper=0 cap=5000000
[POSE_CHURN] step=70 slotCount=1195232 slotCap=2355204 trueSlotChange=0 truePendingDirty=0 trueTotalUpper=0 cap=5000000
[POSE_CHURN] step=80 slotCount=1195232 slotCap=2355204 trueSlotChange=0 truePendingDirty=0 trueTotalUpper=0 cap=5000000
[POSE_CHURN] step=90 slotCount=1195232 slotCap=2355204 trueSlotChange=0 truePendingDirty=0 trueTotalUpper=0 cap=5000000
[POSE_CHURN] step=100 slotCount=1195232 slotCap=2355204 trueSlotChange=0 truePendingDirty=0 trueTotalUpper=0 cap=5000000
[POSE_CHURN] step=110 slotCount=1195232 slotCap=2355204 trueSlotChange=0 truePendingDirty=0 trueTotalUpper=0 cap=5000000
[POSE_CHURN] step=120 slotCount=1195232 slotCap=2355204 trueSlotChange=0 truePendingDirty=0 trueTotalUpper=0 cap=5000000
[POSE_CHURN] step=130 slotCount=1195232 slotCap=2355204 trueSlotChange=0 truePendingDirty=0 trueTotalUpper=0 cap=5000000
[POSE_CHURN] step=140 slotCount=1195232 slotCap=2355204 trueSlotChange=0 truePendingDirty=0 trueTotalUpper=0 cap=5000000
[POSE_CHURN] step=150 slotCount=1195232 slotCap=2355204 trueSlotChange=0 truePendingDirty=0 trueTotalUpper=0 cap=5000000
[POSE_CHURN] step=160 slotCount=1195232 slotCap=2355204 trueSlotChange=0 truePendingDirty=0 trueTotalUpper=0 cap=5000000
[POSE_CHURN] step=170 slotCount=1195232 slotCap=2355204 trueSlotChange=0 truePendingDirty=0 trueTotalUpper=0 cap=5000000
[POSE_CHURN] step=180 slotCount=1195232 slotCap=2355204 trueSlotChange=0 truePendingDirty=0 trueTotalUpper=0 cap=5000000
[POSE_CHURN] step=190 slotCount=1195232 slotCap=2355204 trueSlotChange=0 truePendingDirty=0 trueTotalUpper=0 cap=5000000
collisionTime = 0.0
myosinTime = 0.0
[STATS] bindEvents=1764
[STATS] checkBugInsideFireCt=0
[STATS] addLinkForcesFireCt=0
[STATS] addTorsionFireCt=0
[STATS] meshFillFilSegFireCt=1675611
[STATS] meshAllSegsFireCt=0
[STATS] mbg3dFillFilSegFireCt=0
[STATS] updatePosFromBindFireCt=1764
[STATS] updatePosFromStepFireCt=0
[STATS] validateSegFireCt=85431
[STATS] anchorFireCt=0
[STATS] filSegInitFireCt=36863
[STATS] motorInitFireCt=392000
[STATS] meanBoundMotors=427.385
[STATS] gpuMotorBinding total=0.192s calls=200 pack=0.054s gridPack=0.000s exec=0.000s unpack=0.192s
[STATS] gpuMoveThing total=46.578s calls=200 slotPack=13.317s jointPack=5.649s exec=24.995s unpack=2.616s
[STATS] gpuMoveThing demandSyncPose=0.577s(calls=1) demandSyncDerived=0.066s(calls=1) planRebuild=1
[STATS] gpuMoveThing poseDelta avg=35262.00 max=3202 sum=35262 fresh=1 overflow=0 cap=5000000
[STATS] gpuMoveThing trueDirty calls=199 slotChange avg=88.60 max=1601 pending avg=88.60 max=1601 totalUpperMax=3202 slotCount=1195232 slotCap=2355204
[STATS] glidingVelocity=0.0000
ThingStep Threads took 15.556000 seconds.
ThingBrownian Threads took 2.340000 seconds.
Myosin Threads took 0.146000 seconds.
MyoDimer Threads took 0.000000 seconds.
Protein Node Threads took 0.000000 seconds.
MyoMiniFil Threads took 0.000000 seconds.
Chamber Myo Threads took 0.000000 seconds.
Chamber MyoDimer Threads took 0.000000 seconds.
Mesh Threads took 3.358000 seconds.
Ck Mesh Threads took 0.616000 seconds.
Ck Mots Threads took 0.000000 seconds.
XLink Threads took 0.113000 seconds.
Arp23 Threads took 0.000000 seconds.
NodeLink Threads took 0.000000 seconds.
Membrane Node Threads took 0.000000 seconds.
ActA Threads took 0.000000 seconds.
MotorBindGrid3D Fill took 0.000000 seconds.
Finished closing JSON plots!
