WARNING: Using incubator modules: jdk.incubator.vector
[TELEPORT_DIAG] enabled=false threshold=0.1
Loading parameter values from /home/jba/Code/BoA/RUN_LOGS/2026-06-08_pose_churn/8x_phaseC_K300.pf...
     Parameter assigned: deltaT set to 1.0E-5
     Parameter assigned: biochemDeltaT set to 0.01
     Parameter assigned: collisionDeltaT set to 1.0E-5
     Parameter assigned: brownianDeltaT set to 1.0E-5
     Parameter assigned: runTime set to 0.003
     Parameter assigned: toFileInterval set to 5000
     Parameter assigned: remoteWriteInterval set to 1000
     Parameter assigned: fracMove set to 0.5
     Parameter assigned: fracR set to 0.1
     Parameter assigned: fracMoveTorq set to 0.2
     Parameter assigned: boxXDim set to 39.598
     Parameter assigned: boxYDim set to 39.598
     Parameter assigned: boxZDim set to 0.5
     Parameter assigned: aeta set to 0.1
     Parameter assigned: noMonomersSimd set to true
     Parameter assigned: kRdmNuc set to 0.0
     Parameter assigned: kNodeNuc set to 0.0
     Parameter assigned: initialFilaments set to 3200
     Parameter assigned: minFilLength set to 1.0
     Parameter assigned: maxFilLength set to 3.0
     Parameter assigned: initialMyoMiniFils set to 0
     Parameter assigned: equilNodes set to 0
     Parameter assigned: glidingAssay set to true
     Parameter assigned: externalDensitySweep set to true
     Parameter assigned: fixedMyosinDensity set to 500.0
     Parameter assigned: fixedMyosinZValue set to -0.05
     Parameter assigned: glidingFilamentLength set to 2.0
     Parameter assigned: filSegLength set to 64
Done... there were 0 misunderstandings.
**************************************************************
Eulerian Mesh stats:
nXBins = 199; xBinWidth = 0.2 µm
nYBins = 199; yBinWidth = 0.2 µm
binDepth = 1000
**************************************************************
MotorBindGrid3D: 199 x 199 x 4 cells (0.2 µm each)
[POSE_CHURN] sized POSE_DELTA_CAP=25608 (initialFilaments=3200, peakModel=6402, safety=4x, floor=8192)
GPUMoveThing: slotCap=4710404 myoCap=1568000 moveBlock=64 jointBlock=64 runSeed=990502477 nWorkers=16
collisionTime = 0.0
myosinTime = 0.0
[STATS] bindEvents=3300
[STATS] checkBugInsideFireCt=0
[STATS] addLinkForcesFireCt=0
[STATS] addTorsionFireCt=0
[STATS] meshFillFilSegFireCt=6875798
[STATS] meshAllSegsFireCt=0
[STATS] mbg3dFillFilSegFireCt=0
[STATS] updatePosFromBindFireCt=3300
[STATS] updatePosFromStepFireCt=0
[STATS] validateSegFireCt=227006
[STATS] anchorFireCt=0
[STATS] filSegInitFireCt=74563
[STATS] motorInitFireCt=784000
[STATS] meanBoundMotors=567.723
[STATS] gpuMotorBinding total=0.688s calls=400 pack=0.215s gridPack=0.000s exec=0.000s unpack=0.688s
[STATS] gpuMoveThing total=150.716s calls=400 slotPack=47.888s jointPack=21.031s exec=71.592s unpack=10.203s
[STATS] gpuMoveThing demandSyncPose=0.586s(calls=1) demandSyncDerived=0.118s(calls=1) planRebuild=1
[STATS] gpuMoveThing poseDelta avg=71362.00 max=6402 sum=71362 fresh=1 overflow=0 cap=25608
[STATS] gpuMoveThing trueDirty calls=399 slotChange avg=89.43 max=3201 pending avg=89.43 max=3201 totalUpperMax=6402 slotCount=2390882 slotCap=4710404
[STATS] glidingVelocity=0.0000
ThingStep Threads took 57.874000 seconds.
ThingBrownian Threads took 9.286000 seconds.
Myosin Threads took 0.448000 seconds.
MyoDimer Threads took 0.000000 seconds.
Protein Node Threads took 0.000000 seconds.
MyoMiniFil Threads took 0.000000 seconds.
Chamber Myo Threads took 0.000000 seconds.
Chamber MyoDimer Threads took 0.000000 seconds.
Mesh Threads took 14.666000 seconds.
Ck Mesh Threads took 7.240000 seconds.
Ck Mots Threads took 0.000000 seconds.
XLink Threads took 0.228000 seconds.
Arp23 Threads took 0.000000 seconds.
NodeLink Threads took 0.000000 seconds.
Membrane Node Threads took 0.000000 seconds.
ActA Threads took 0.000000 seconds.
MotorBindGrid3D Fill took 0.000000 seconds.
Finished closing JSON plots!
