WARNING: Using incubator modules: jdk.incubator.vector
[TURNOVER] global biochem cadence ON (biochem phase-aligned; GPU pose pull at biochem+output cadence)
[TELEPORT_DIAG] enabled=false threshold=0.1
Loading parameter values from /home/jba/Code/BoA/ParameterFiles/boa10-64Seg-dyn-dense...
     Parameter assigned: deltaT set to 1.0E-4
     Parameter assigned: biochemDeltaT set to 0.01
     Parameter assigned: collisionDeltaT set to 1.0E-5
     No match found for parameter label brownianDeltaT ... you best check that out!
     Parameter assigned: runTime set to 0.045
     Parameter assigned: fracMove set to 0.4
     Parameter assigned: fracR set to 0.134
     Parameter assigned: fracMoveTorq set to 0.013685
     Parameter assigned: drawInterval set to 100
     Parameter assigned: toFileInterval set to 1000000000
     No match found for parameter label toQKFileInterval ... you best check that out!
     Parameter assigned: jpegQuality set to 1.0
     Parameter assigned: remoteWriteInterval set to 100000
     Parameter assigned: frameWidth set to 800
     Parameter assigned: frameHeight set to 800
     No match found for parameter label bugOff ... you best check that out!
     Parameter assigned: simOutsideBug set to false
     Parameter assigned: initialFilaments set to 1000
     Parameter assigned: initialMyoMiniFils set to 1000
     Parameter assigned: minFilLength set to 0.9
     Parameter assigned: maxFilLength set to 1.3
     Parameter assigned: stdDevActinDist set to 0.5
     Parameter assigned: boxXDim set to 10.0
     Parameter assigned: boxYDim set to 10.0
     Parameter assigned: boxZDim set to 0.5
     Parameter assigned: actinConc set to 20.0
     Parameter assigned: actinConcNonHydro set to 15.0
     Parameter assigned: aeta set to 1.0
     Parameter assigned: capConc set to 2.0
     Parameter assigned: nodeZone set to 0.9
     Parameter assigned: nodeRadius set to 0.025
     Parameter assigned: forminsPerNode set to 0
     No match found for parameter label myosPerNode ... you best check that out!
     Parameter assigned: nodeTransDiff set to 1.0E-16
     Parameter assigned: nodeRotDiff set to 0.001
     Parameter assigned: actinSeed set to 3
     Parameter assigned: actinOnCortex set to true
     Parameter assigned: filSegLength set to 64
     Parameter assigned: filTorqSpring set to 1.0E-20
     Parameter assigned: BTransCoeff set to 1.0
     Parameter assigned: BRotCoeff set to 0.5
     Parameter assigned: maxSegAngle set to 22.5
     Parameter assigned: maxSegDist set to 0.0108
     Parameter assigned: nodeTorqSpring set to 1.0E-20
     Parameter assigned: maxNodeTetherStrainDist set to 0.0108
     Parameter assigned: nodeTetherDetachRate set to 0.001
     Parameter assigned: forminMoves set to false
     Parameter assigned: forminRelease set to 1.0
     Parameter assigned: noMonomersSimd set to false
     Parameter assigned: filamentsAnneal set to false
     Parameter assigned: annealDist set to 0.054
     Parameter assigned: annealAngleCosine set to 0.9
     Parameter assigned: maxLinksOnSeg set to 10.0
     Parameter assigned: sideBonds set to 0
     Parameter assigned: sideBondsRelax set to false
     Parameter assigned: sideBondsStabilize set to 1.0
     Parameter assigned: bundleStableFactor set to 2.0
     Parameter assigned: filLinkSpring set to 1.0E-9
     Parameter assigned: filLinkTorqSpring set to 1.0E-19
     Parameter assigned: xLinkTransAttn set to 1.0
     Parameter assigned: xLinkRotAttn set to 1.0
     No match found for parameter label maxFilLinkDist ... you best check that out!
     No match found for parameter label linkDissolveRate ... you best check that out!
     Parameter assigned: kATPOn1 set to 1.3
     Parameter assigned: kATPOff1 set to 0.8
     Parameter assigned: kADPOff1 set to 2.7
     Parameter assigned: kATPOn1NonHydro set to 0.0
     Parameter assigned: kATPOff1NonHydro set to 0.0
     Parameter assigned: kATPOn2 set to 11.6
     Parameter assigned: kATPOff2 set to 1.4
     Parameter assigned: kADPOff2 set to 7.2
     Parameter assigned: kATPOn2WithFormin set to 0.0
     Parameter assigned: kATPOff2WithFormin set to 0.0
     Parameter assigned: kADPOff2WithFormin set to 0.0
     Parameter assigned: kATPOn2NonHydro set to 0.0
     Parameter assigned: kATPOff2NonHydro set to 0.0
     Parameter assigned: kATPOn2NonHydroWithFormin set to 0.0
     Parameter assigned: kATPOff2NonHydroWithFormin set to 0.0
     Parameter assigned: capRate set to 3.0
     Parameter assigned: cofilinRate set to 0.4
     Parameter assigned: cofilinConc set to 3.0
     Parameter assigned: cofilinRatio set to 1.1
     Parameter assigned: myosinStallForce set to 2.0
     No match found for parameter label myosinReleaseRate ... you best check that out!
     No match found for parameter label myoFBRBase ... you best check that out!
     No match found for parameter label myoFBRExp ... you best check that out!
     Parameter assigned: capNumEnd1 set to 3
     Parameter assigned: capNumEnd2 set to 3
     Parameter assigned: capNumEnd1WithNode set to 3
     Parameter assigned: capNumEnd2WithNode set to 3
     Parameter assigned: polyCompressionCutoff set to 0.0
     Parameter assigned: kRdmNuc set to 0.001
     Parameter assigned: kNodeNuc set to 10.0
     Parameter assigned: kHydrolysis set to 1.0
     Parameter assigned: kDissociation set to 1.0
     Parameter assigned: showTime set to true
     Parameter assigned: showConc set to true
     Parameter assigned: showNonHydroConc set to false
     Parameter assigned: showFilCt set to true
     Parameter assigned: showFilLinkCt set to true
     Parameter assigned: showFilSegCt set to false
     Parameter assigned: showMonCt set to true
     Parameter assigned: fixedHistScale set to 100.0
     Parameter assigned: showHistBox set to true
     Parameter assigned: showYHistTics set to true
     Parameter assigned: flatTops set to true
     Parameter assigned: maxXLinkBondAngle set to 0.6
     Parameter assigned: xLinkOnRate set to 40.0
     Parameter assigned: xLinkConc set to 1.0
     Parameter assigned: linkOffConst set to 1.0
     Parameter assigned: linkOffCoeff set to 1.0
     Parameter assigned: linkOffExp set to 2.0
Done... there were 9 misunderstandings.
[RNG] per-worker RNG pool: 17 MTFs, masterSeed=-7275037119563851360 (BOA_RNG_SEED unset)
**************************************************************
Eulerian Mesh stats:
nXBins = 51; xBinWidth = 0.2 µm
nYBins = 51; yBinWidth = 0.2 µm
binDepth = 1000
**************************************************************
MotorBindGrid3D: 51 x 51 x 4 cells (0.2 µm each)
[11:21] [phase-plan] inert-wave cull — ThreadSet activation snapshot:
[11:21]   ON   ThingStep Threads
[11:21]   ON   ThingBrownian Threads
[11:21]   ON   Myosin Threads
[11:21]   ON   MyoDimer Threads
[11:21]   OFF  Protein Node Threads
[11:21]   ON   MyoMiniFil Threads
[11:21]   OFF  Chamber Myo Threads
[11:21]   OFF  Chamber MyoDimer Threads
[11:21]   ON   Mesh Threads
[11:21]   ON   Ck Mesh Threads
[11:21]   ON   Ck Mots Threads
[11:21]   OFF  XLink Threads
[11:21]   OFF  Arp23 Threads
[11:21]   OFF  NodeLink Threads
[11:21]   OFF  Membrane Node Threads
[11:21]   OFF  ActA Threads
[11:21]   ON   MotorBindGrid3D Fill
[11:21] [phase-plan] 9 active, 8 inert (will skip dispatch)
[POSE_CHURN] sized POSE_DELTA_CAP=8192 (initialFilaments=1000, peakModel=2002, safety=4x, floor=8192)
GPUMoveThing: slotCap=196002 myoCap=64000 moveBlock=64 jointBlock=64 runSeed=1628221455 nWorkers=16
collisionTime = 0.0
myosinTime = 0.0

*** step() per-force profile (BOA_STEP_PROFILE=1) ***
  Force                                     sec    pct          calls      ns/call
  F1/F2  FilSeg boundary collision        0.060   2.0%        2712143           22
  F5/F6  FilSeg node tether               0.138   4.5%        2712143           51
  F7     MyoMini boundary collision       0.218   7.1%         460000          475
  F8-F10 MyoMotor tipLink (motor-fil)     2.656  86.4%       14720000          180
  TOTAL (sum of buckets)                  3.073
  Note: bucket sums are wall × thread-count (each worker accumulates its own time).
[STATS] bindEvents=1309
[STATS] filLinks=32 (active=32 inactive=4)
[STATS] linkCtMean=14.03 (samples=460) linkCtMeanSettled=23.04 (samples=235) finalActive=32
[STATS] filFilBroadphase active=true filsegMeshFillSkipped=460 candPairs=52465 candMaxPerSeg=23 overflowSegs=0 drainCalls=4
[STATS] fActin segs=5934 monomers=413167 fActinUM=1.72 meanSegLenUM=0.191 freePoolUM=18.28
[STATS] percolation filaments=1001 activeLinks=28 linksPerFil=0.028 largestComp=3 (0.3% of fils) spanX=0.14 spanY=0.08 spanZ=0.34 spanFrac=0.14 percolates=false

*** [STEP_PROFILE] window=[200,460) steps=260 path=GPU wall=45101.7ms (173.4682 ms/step) ***
  --- every-step phases (ms/step) ---
    exec                145.26382
    pack                  8.08522
    crosslinkForce        0.76923
    meshFill              0.00769
    cpuIntegrate        154.05385  (GPU: move-wrap)
      step                2.41538
      gatherForces        1.18077
      brownian            1.64615
  --- biochem-cadence phases (amortized ms/step | per-fire ms | fires) ---
    crosslinkFormation    0.04615 |   6.0000 | 2
    biochem               2.13077 | 277.0000 | 2
    sync                  0.80521 | 104.6767 | 2
  --- totals (ms/step) ---
    total(wall)         173.46819
    host(=tot-exec)      28.20437
    other(unlabeled)     16.36009

[STATS] checkBugInsideFireCt=0
[STATS] addLinkForcesFireCt=0
[STATS] addTorsionFireCt=0
[STATS] meshFillFilSegFireCt=0
[STATS] meshAllSegsFireCt=0
[STATS] mbg3dFillFilSegFireCt=0
[STATS] updatePosFromBindFireCt=1309
[STATS] updatePosFromStepFireCt=0
[STATS] validateSegFireCt=26752
[STATS] anchorFireCt=0
[STATS] filSegInitFireCt=14995
[STATS] motorInitFireCt=32128
[STATS] meanBoundMotors=58.215
[STATS] gpuMotorBinding total=0.038s calls=460 pack=0.046s gridPack=0.000s exec=0.000s unpack=0.038s
[STATS] gpuMoveThing total=73.064s calls=460 slotPack=2.836s jointPack=0.603s exec=68.937s unpack=0.686s
[STATS] gpuMoveThing demandSyncPose=0.221s(calls=4) demandSyncDerived=0.000s(calls=0) planRebuild=1 packRuleDesync=0
[STATS] cadence steps=460 demandSyncPoseCalls=4 biochemFireCt=4 crosslinkFireCt=4 crosslinkCheckInt=100 (pull/step=0.009 biochem/step=0.009 xlink/step=0.009)
[STATS] gpuMoveThing poseDelta avg=4920.33 max=2000 sum=14761 fresh=1 overflow=0 cap=8192
[STATS] gpuMoveThing trueDirty calls=459 slotChange avg=12.44 max=1000 pending avg=19.70 max=1116 totalUpperMax=2000 slotCount=102934 slotCap=196002
ThingStep Threads took 3.977000 seconds.
ThingBrownian Threads took 0.527000 seconds.
Myosin Threads took 0.380000 seconds.
MyoDimer Threads took 0.425000 seconds.
Protein Node Threads took 0.000000 seconds.
MyoMiniFil Threads took 0.473000 seconds.
Chamber Myo Threads took 0.000000 seconds.
Chamber MyoDimer Threads took 0.000000 seconds.
Mesh Threads took 0.000000 seconds.
Ck Mesh Threads took 0.000000 seconds.
Ck Mots Threads took 0.000000 seconds.
XLink Threads took 0.183000 seconds.
Arp23 Threads took 0.000000 seconds.
NodeLink Threads took 0.000000 seconds.
Membrane Node Threads took 0.000000 seconds.
ActA Threads took 0.000000 seconds.
MotorBindGrid3D Fill took 0.000000 seconds.
Finished closing JSON plots!
