[0.222s][info][jfr,startup] Recording 1 scheduled to start in 200 s. The result will be written to:
[0.222s][info][jfr,startup] 
[0.222s][info][jfr,startup] /home/jba/Code/BoA/RUN_LOGS/2026-06-08_pt3d_inc0b_scalar/4x_cpu_after.jfr
[TELEPORT_DIAG] enabled=false threshold=0.1
Loading parameter values from /home/jba/Code/BoA/RUN_LOGS/2026-06-08_pt3d_inc0b_scalar/4x_cpu_K1.pf...
     Parameter assigned: deltaT set to 1.0E-5
     Parameter assigned: biochemDeltaT set to 0.01
     Parameter assigned: collisionDeltaT set to 1.0E-5
     Parameter assigned: brownianDeltaT set to 1.0E-5
     Parameter assigned: runTime set to 0.004
     Parameter assigned: toFileInterval set to 5000
     Parameter assigned: remoteWriteInterval set to 1000
     Parameter assigned: fracMove set to 0.5
     Parameter assigned: fracR set to 0.1
     Parameter assigned: fracMoveTorq set to 0.2
     Parameter assigned: boxXDim set to 28.0
     Parameter assigned: boxYDim set to 28.0
     Parameter assigned: boxZDim set to 0.5
     Parameter assigned: aeta set to 0.1
     Parameter assigned: noMonomersSimd set to true
     Parameter assigned: kRdmNuc set to 0.0
     Parameter assigned: kNodeNuc set to 0.0
     Parameter assigned: initialFilaments set to 1600
     Parameter assigned: minFilLength set to 1.0
     Parameter assigned: maxFilLength set to 3.0
     Parameter assigned: initialMyoMiniFils set to 0
     Parameter assigned: equilNodes set to 0
     Parameter assigned: glidingAssay set to true
     Parameter assigned: externalDensitySweep set to true
     Parameter assigned: fixedMyosinDensity set to 500.0
     Parameter assigned: fixedMyosinZValue set to -0.05
     Parameter assigned: glidingFilamentLength set to 2.0
     Parameter assigned: filSegLength set to 64
Done... there were 0 misunderstandings.
**************************************************************
Eulerian Mesh stats:
nXBins = 141; xBinWidth = 0.2 µm
nYBins = 141; yBinWidth = 0.2 µm
binDepth = 1000
**************************************************************
MotorBindGrid3D: 141 x 141 x 4 cells (0.2 µm each)
[19:44] [phase-plan] inert-wave cull — ThreadSet activation snapshot:
[19:44]   ON   ThingStep Threads
[19:44]   ON   ThingBrownian Threads
[19:44]   ON   Myosin Threads
[19:44]   OFF  MyoDimer Threads
[19:44]   OFF  Protein Node Threads
[19:44]   OFF  MyoMiniFil Threads
[19:44]   OFF  Chamber Myo Threads
[19:44]   OFF  Chamber MyoDimer Threads
[19:44]   ON   Mesh Threads
[19:44]   ON   Ck Mesh Threads
[19:44]   ON   Ck Mots Threads
[19:44]   OFF  XLink Threads
[19:44]   OFF  Arp23 Threads
[19:44]   OFF  NodeLink Threads
[19:44]   OFF  Membrane Node Threads
[19:44]   OFF  ActA Threads
[19:44]   ON   MotorBindGrid3D Fill
[19:44] [phase-plan] 7 active, 10 inert (will skip dispatch)
[GATHER] call=1000 totalDirty=0 maxThread=0 cumAvg=598934.1 cumMaxPerThread=92610
collisionTime = 0.0
myosinTime = 0.0
[STATS] bindEvents=25823
[STATS] checkBugInsideFireCt=0
[STATS] addLinkForcesFireCt=0
[STATS] addTorsionFireCt=0
[STATS] meshFillFilSegFireCt=0
[STATS] meshAllSegsFireCt=0
[STATS] mbg3dFillFilSegFireCt=0
[STATS] updatePosFromBindFireCt=0
[STATS] updatePosFromStepFireCt=0
[STATS] validateSegFireCt=0
[STATS] anchorFireCt=0
[STATS] filSegInitFireCt=0
[STATS] motorInitFireCt=0
[STATS] meanBoundMotors=2750.291
[STATS] glidingVelocity=0.0000
ThingStep Threads took 94.737000 seconds.
ThingBrownian Threads took 38.954000 seconds.
Myosin Threads took 24.566000 seconds.
MyoDimer Threads took 0.000000 seconds.
Protein Node Threads took 0.000000 seconds.
MyoMiniFil Threads took 0.000000 seconds.
Chamber Myo Threads took 0.000000 seconds.
Chamber MyoDimer Threads took 0.000000 seconds.
Mesh Threads took 8.302000 seconds.
Ck Mesh Threads took 1.459000 seconds.
Ck Mots Threads took 21.822000 seconds.
XLink Threads took 0.290000 seconds.
Arp23 Threads took 0.000000 seconds.
NodeLink Threads took 0.000000 seconds.
Membrane Node Threads took 0.000000 seconds.
ActA Threads took 0.000000 seconds.
MotorBindGrid3D Fill took 7.003000 seconds.
Finished closing JSON plots!
