[TELEPORT_DIAG] enabled=false threshold=0.1
Loading parameter values from /home/jba/Code/BoA/RUN_LOGS/2026-06-08_cheap_wins/smoke.pf...
     Parameter assigned: deltaT set to 1.0E-5
     Parameter assigned: biochemDeltaT set to 0.01
     Parameter assigned: collisionDeltaT set to 1.0E-5
     Parameter assigned: brownianDeltaT set to 1.0E-5
     Parameter assigned: runTime set to 0.005
     Parameter assigned: toFileInterval set to 100
     Parameter assigned: remoteWriteInterval set to 1000
     Parameter assigned: fracMove set to 0.5
     Parameter assigned: fracR set to 0.1
     Parameter assigned: fracMoveTorq set to 0.2
     Parameter assigned: boxXDim set to 14.0
     Parameter assigned: boxYDim set to 14.0
     Parameter assigned: boxZDim set to 0.5
     Parameter assigned: aeta set to 0.1
     Parameter assigned: noMonomersSimd set to true
     Parameter assigned: kRdmNuc set to 0.0
     Parameter assigned: kNodeNuc set to 0.0
     Parameter assigned: initialFilaments set to 400
     Parameter assigned: minFilLength set to 1.0
     Parameter assigned: maxFilLength set to 3.0
     Parameter assigned: initialMyoMiniFils set to 0
     Parameter assigned: equilNodes set to 0
     Parameter assigned: glidingAssay set to true
     Parameter assigned: externalDensitySweep set to true
     Parameter assigned: fixedMyosinDensity set to 500.0
     Parameter assigned: fixedMyosinZValue set to -0.05
     Parameter assigned: glidingFilamentLength set to 2.0
     Parameter assigned: filSegLength set to 64
Done... there were 0 misunderstandings.
**************************************************************
Eulerian Mesh stats:
nXBins = 71; xBinWidth = 0.2 µm
nYBins = 71; yBinWidth = 0.2 µm
binDepth = 1000
**************************************************************
MotorBindGrid3D: 71 x 71 x 4 cells (0.2 µm each)
[15:34] [phase-plan] inert-wave cull — ThreadSet activation snapshot:
[15:34]   ON   ThingStep Threads
[15:34]   ON   ThingBrownian Threads
[15:34]   ON   Myosin Threads
[15:34]   OFF  MyoDimer Threads
[15:34]   OFF  Protein Node Threads
[15:34]   OFF  MyoMiniFil Threads
[15:34]   OFF  Chamber Myo Threads
[15:34]   OFF  Chamber MyoDimer Threads
[15:34]   ON   Mesh Threads
[15:34]   ON   Ck Mesh Threads
[15:34]   ON   Ck Mots Threads
[15:34]   OFF  XLink Threads
[15:34]   OFF  Arp23 Threads
[15:34]   OFF  NodeLink Threads
[15:34]   OFF  Membrane Node Threads
[15:34]   OFF  ActA Threads
[15:34]   ON   MotorBindGrid3D Fill
[15:34] [phase-plan] 7 active, 10 inert (will skip dispatch)
[GATHER] call=1000 totalDirty=0 maxThread=0 cumAvg=149704.1 cumMaxPerThread=23107
collisionTime = 0.0
myosinTime = 0.0
[STATS] bindEvents=7690
[STATS] checkBugInsideFireCt=0
[STATS] addLinkForcesFireCt=0
[STATS] addTorsionFireCt=0
[STATS] meshFillFilSegFireCt=0
[STATS] meshAllSegsFireCt=0
[STATS] mbg3dFillFilSegFireCt=0
[STATS] updatePosFromBindFireCt=0
[STATS] updatePosFromStepFireCt=0
[STATS] validateSegFireCt=0
[STATS] anchorFireCt=0
[STATS] filSegInitFireCt=0
[STATS] motorInitFireCt=0
[STATS] meanBoundMotors=741.982
[STATS] glidingVelocity=52.6271
ThingStep Threads took 31.874000 seconds.
ThingBrownian Threads took 16.821000 seconds.
Myosin Threads took 8.583000 seconds.
MyoDimer Threads took 0.000000 seconds.
Protein Node Threads took 0.000000 seconds.
MyoMiniFil Threads took 0.000000 seconds.
Chamber Myo Threads took 0.000000 seconds.
Chamber MyoDimer Threads took 0.000000 seconds.
Mesh Threads took 3.720000 seconds.
Ck Mesh Threads took 0.722000 seconds.
Ck Mots Threads took 7.241000 seconds.
XLink Threads took 0.286000 seconds.
Arp23 Threads took 0.000000 seconds.
NodeLink Threads took 0.000000 seconds.
Membrane Node Threads took 0.000000 seconds.
ActA Threads took 0.000000 seconds.
MotorBindGrid3D Fill took 2.275000 seconds.
Finished closing JSON plots!
