WARNING: Using incubator modules: jdk.incubator.vector
[TELEPORT_DIAG] enabled=false threshold=0.1
Loading parameter values from /home/jba/Code/BoA/RUN_LOGS/2026-06-08_cheap_wins/smoke.pf...
     Parameter assigned: deltaT set to 1.0E-5
     Parameter assigned: biochemDeltaT set to 0.01
     Parameter assigned: collisionDeltaT set to 1.0E-5
     Parameter assigned: brownianDeltaT set to 1.0E-5
     Parameter assigned: runTime set to 0.005
     Parameter assigned: toFileInterval set to 100
     Parameter assigned: remoteWriteInterval set to 1000
     Parameter assigned: fracMove set to 0.5
     Parameter assigned: fracR set to 0.1
     Parameter assigned: fracMoveTorq set to 0.2
     Parameter assigned: boxXDim set to 14.0
     Parameter assigned: boxYDim set to 14.0
     Parameter assigned: boxZDim set to 0.5
     Parameter assigned: aeta set to 0.1
     Parameter assigned: noMonomersSimd set to true
     Parameter assigned: kRdmNuc set to 0.0
     Parameter assigned: kNodeNuc set to 0.0
     Parameter assigned: initialFilaments set to 400
     Parameter assigned: minFilLength set to 1.0
     Parameter assigned: maxFilLength set to 3.0
     Parameter assigned: initialMyoMiniFils set to 0
     Parameter assigned: equilNodes set to 0
     Parameter assigned: glidingAssay set to true
     Parameter assigned: externalDensitySweep set to true
     Parameter assigned: fixedMyosinDensity set to 500.0
     Parameter assigned: fixedMyosinZValue set to -0.05
     Parameter assigned: glidingFilamentLength set to 2.0
     Parameter assigned: filSegLength set to 64
Done... there were 0 misunderstandings.
**************************************************************
Eulerian Mesh stats:
nXBins = 71; xBinWidth = 0.2 µm
nYBins = 71; yBinWidth = 0.2 µm
binDepth = 1000
**************************************************************
MotorBindGrid3D: 71 x 71 x 4 cells (0.2 µm each)
[POSE_CHURN] sized POSE_DELTA_CAP=8192 (initialFilaments=400, peakModel=802, safety=4x, floor=8192)
GPUMoveThing: slotCap=588804 myoCap=196000 moveBlock=64 jointBlock=64 runSeed=-2100549359 nWorkers=16
[GATHER] call=1000 totalDirty=0 maxThread=0 cumAvg=4.9 cumMaxPerThread=9
collisionTime = 0.0
myosinTime = 0.0
[STATS] bindEvents=1931
[STATS] checkBugInsideFireCt=0
[STATS] addLinkForcesFireCt=0
[STATS] addTorsionFireCt=0
[STATS] meshFillFilSegFireCt=2373555
[STATS] meshAllSegsFireCt=0
[STATS] mbg3dFillFilSegFireCt=0
[STATS] updatePosFromBindFireCt=1931
[STATS] updatePosFromStepFireCt=0
[STATS] validateSegFireCt=158012
[STATS] anchorFireCt=0
[STATS] filSegInitFireCt=9273
[STATS] motorInitFireCt=98000
[STATS] meanBoundMotors=263.542
[STATS] gpuMotorBinding total=0.142s calls=601 pack=0.042s gridPack=0.000s exec=0.000s unpack=0.142s
[STATS] gpuMoveThing total=40.039s calls=601 slotPack=9.447s jointPack=3.954s exec=24.765s unpack=1.872s
[STATS] gpuMoveThing demandSyncPose=0.373s(calls=7) demandSyncDerived=0.112s(calls=7) planRebuild=1
[STATS] gpuMoveThing poseDelta avg=1478.67 max=802 sum=8872 fresh=1 overflow=0 cap=8192
[STATS] gpuMoveThing trueDirty calls=600 slotChange avg=7.39 max=401 pending avg=7.39 max=401 totalUpperMax=802 slotCount=298837 slotCap=588804
[STATS] glidingVelocity=61.3204
ThingStep Threads took 12.011000 seconds.
ThingBrownian Threads took 1.606000 seconds.
Myosin Threads took 0.484000 seconds.
MyoDimer Threads took 0.000000 seconds.
Protein Node Threads took 0.000000 seconds.
MyoMiniFil Threads took 0.000000 seconds.
Chamber Myo Threads took 0.000000 seconds.
Chamber MyoDimer Threads took 0.000000 seconds.
Mesh Threads took 3.194000 seconds.
Ck Mesh Threads took 0.730000 seconds.
Ck Mots Threads took 0.000000 seconds.
XLink Threads took 0.317000 seconds.
Arp23 Threads took 0.000000 seconds.
NodeLink Threads took 0.000000 seconds.
Membrane Node Threads took 0.000000 seconds.
ActA Threads took 0.000000 seconds.
MotorBindGrid3D Fill took 0.000000 seconds.
Finished closing JSON plots!
