[TELEPORT_DIAG] enabled=false threshold=0.1
Loading parameter values from /home/jba/Code/BoA/RUN_LOGS/2026-06-12_crosslink_lifecycle/equiv.pf...
     Parameter assigned: deltaT set to 1.0E-4
     Parameter assigned: biochemDeltaT set to 0.01
     Parameter assigned: collisionDeltaT set to 1.0E-5
     No match found for parameter label brownianDeltaT ... you best check that out!
     Parameter assigned: runTime set to 0.2
     Parameter assigned: fracMove set to 0.4
     Parameter assigned: fracR set to 0.134
     Parameter assigned: fracMoveTorq set to 0.013685
     Parameter assigned: drawInterval set to 100
     Parameter assigned: toFileInterval set to 500
     No match found for parameter label toQKFileInterval ... you best check that out!
     Parameter assigned: jpegQuality set to 1.0
     Parameter assigned: remoteWriteInterval set to 100000
     Parameter assigned: frameWidth set to 800
     Parameter assigned: frameHeight set to 800
     No match found for parameter label bugOff ... you best check that out!
     Parameter assigned: simOutsideBug set to false
     Parameter assigned: initialFilaments set to 200
     Parameter assigned: initialMyoMiniFils set to 0
     Parameter assigned: minFilLength set to 0.1
     Parameter assigned: maxFilLength set to 0.3
     Parameter assigned: stdDevActinDist set to 0.2
     Parameter assigned: boxXDim set to 0.7
     Parameter assigned: boxYDim set to 0.7
     Parameter assigned: boxZDim set to 0.3
     Parameter assigned: actinConc set to 30.0
     Parameter assigned: actinConcNonHydro set to 15.0
     Parameter assigned: aeta set to 1.0
     Parameter assigned: capConc set to 2.0
     Parameter assigned: nodeZone set to 0.9
     Parameter assigned: nodeRadius set to 0.025
     Parameter assigned: forminsPerNode set to 0
     No match found for parameter label myosPerNode ... you best check that out!
     Parameter assigned: nodeTransDiff set to 1.0E-16
     Parameter assigned: nodeRotDiff set to 0.001
     Parameter assigned: actinSeed set to 3
     Parameter assigned: actinOnCortex set to true
     Parameter assigned: filSegLength set to 64
     Parameter assigned: filTorqSpring set to 1.0E-20
     Parameter assigned: BTransCoeff set to 1.0
     Parameter assigned: BRotCoeff set to 0.5
     Parameter assigned: maxSegAngle set to 22.5
     Parameter assigned: maxSegDist set to 0.0108
     Parameter assigned: nodeTorqSpring set to 1.0E-20
     Parameter assigned: maxNodeTetherStrainDist set to 0.0108
     Parameter assigned: nodeTetherDetachRate set to 0.001
     Parameter assigned: forminMoves set to false
     Parameter assigned: forminRelease set to 1.0
     No match found for parameter label noMonomers ... you best check that out!
     Parameter assigned: filamentsAnneal set to false
     Parameter assigned: annealDist set to 0.054
     Parameter assigned: annealAngleCosine set to 0.9
     Parameter assigned: maxLinksOnSeg set to 10.0
     Parameter assigned: sideBonds set to 0
     Parameter assigned: maxXLinkBondAngle set to 0.6
     Parameter assigned: sideBondsRelax set to false
     Parameter assigned: sideBondsStabilize set to 1.0
     Parameter assigned: bundleStableFactor set to 2.0
     Parameter assigned: filLinkSpring set to 1.0E-9
     Parameter assigned: filLinkTorqSpring set to 1.0E-19
     Parameter assigned: xLinkTransAttn set to 1.0
     Parameter assigned: xLinkRotAttn set to 1.0
     No match found for parameter label maxFilLinkDist ... you best check that out!
     No match found for parameter label linkDissolveRate ... you best check that out!
     Parameter assigned: kATPOn1 set to 0.0
     Parameter assigned: kATPOff1 set to 0.0
     Parameter assigned: kADPOff1 set to 0.0
     Parameter assigned: kATPOn1NonHydro set to 0.0
     Parameter assigned: kATPOff1NonHydro set to 0.0
     Parameter assigned: kATPOn2 set to 0.0
     Parameter assigned: kATPOff2 set to 0.0
     Parameter assigned: kADPOff2 set to 0.0
     Parameter assigned: kATPOn2WithFormin set to 0.0
     Parameter assigned: kATPOff2WithFormin set to 0.0
     Parameter assigned: kADPOff2WithFormin set to 0.0
     Parameter assigned: kATPOn2NonHydro set to 0.0
     Parameter assigned: kATPOff2NonHydro set to 0.0
     Parameter assigned: kATPOn2NonHydroWithFormin set to 0.0
     Parameter assigned: kATPOff2NonHydroWithFormin set to 0.0
     Parameter assigned: capRate set to 3.0
     Parameter assigned: cofilinRate set to 0.0
     Parameter assigned: cofilinConc set to 0.0
     Parameter assigned: cofilinRatio set to 1.1
     No match found for parameter label myosSteppingSwitch ... you best check that out!
     No match found for parameter label myosinStepRate ... you best check that out!
     Parameter assigned: myosinStallForce set to 2.0
     No match found for parameter label myosinReleaseRate ... you best check that out!
     No match found for parameter label myoFBRBase ... you best check that out!
     No match found for parameter label myoFBRExp ... you best check that out!
     Parameter assigned: capNumEnd1 set to 3
     Parameter assigned: capNumEnd2 set to 3
     Parameter assigned: capNumEnd1WithNode set to 3
     Parameter assigned: capNumEnd2WithNode set to 3
     Parameter assigned: polyCompressionCutoff set to 0.0
     Parameter assigned: kRdmNuc set to 0.0
     Parameter assigned: kNodeNuc set to 10.0
     Parameter assigned: kHydrolysis set to 1.0
     Parameter assigned: kDissociation set to 1.0
     Parameter assigned: showTime set to true
     Parameter assigned: showConc set to true
     Parameter assigned: showNonHydroConc set to false
     Parameter assigned: showFilCt set to true
     Parameter assigned: showFilLinkCt set to true
     Parameter assigned: showFilSegCt set to false
     Parameter assigned: showMonCt set to true
     Parameter assigned: fixedHistScale set to 100.0
     Parameter assigned: showHistBox set to true
     Parameter assigned: showYHistTics set to true
     Parameter assigned: flatTops set to true
     Parameter assigned: xLinkOnRate set to 40.0
     Parameter assigned: xLinkConc set to 1.0
     Parameter assigned: linkOffConst set to 30.0
     Parameter assigned: linkOffCoeff set to 10.0
     Parameter assigned: linkOffExp set to 2.0
Done... there were 12 misunderstandings.
[RNG] per-worker RNG pool: 17 MTFs, masterSeed=6138918470937799472 (BOA_RNG_SEED unset)
**************************************************************
Eulerian Mesh stats:
nXBins = 5; xBinWidth = 0.2 µm
nYBins = 5; yBinWidth = 0.2 µm
binDepth = 1000
**************************************************************
MotorBindGrid3D: 5 x 5 x 3 cells (0.2 µm each)
[10:39] [phase-plan] inert-wave cull — ThreadSet activation snapshot:
[10:39]   ON   ThingStep Threads
[10:39]   ON   ThingBrownian Threads
[10:39]   ON   Myosin Threads
[10:39]   OFF  MyoDimer Threads
[10:39]   OFF  Protein Node Threads
[10:39]   OFF  MyoMiniFil Threads
[10:39]   OFF  Chamber Myo Threads
[10:39]   OFF  Chamber MyoDimer Threads
[10:39]   ON   Mesh Threads
[10:39]   ON   Ck Mesh Threads
[10:39]   ON   Ck Mots Threads
[10:39]   OFF  XLink Threads
[10:39]   OFF  Arp23 Threads
[10:39]   OFF  NodeLink Threads
[10:39]   OFF  Membrane Node Threads
[10:39]   OFF  ActA Threads
[10:39]   ON   MotorBindGrid3D Fill
[10:39] [phase-plan] 7 active, 10 inert (will skip dispatch)
[GATHER] call=1000 totalDirty=0 maxThread=0 cumAvg=10.8 cumMaxPerThread=7
[GATHER] call=2000 totalDirty=0 maxThread=0 cumAvg=12.4 cumMaxPerThread=7
[GATHER] call=3000 totalDirty=0 maxThread=0 cumAvg=12.2 cumMaxPerThread=8
[GATHER] call=4000 totalDirty=0 maxThread=0 cumAvg=12.1 cumMaxPerThread=8
collisionTime = 0.0
myosinTime = 0.0
[STATS] bindEvents=0
[STATS] filLinks=14 (active=14 inactive=8)
[STATS] linkCtMean=12.02 (samples=2011) linkCtMeanSettled=14.00 (samples=1012) finalActive=14
[STATS] filFilBroadphase active=false filsegMeshFillSkipped=0 candPairs=0 candMaxPerSeg=0 overflowSegs=0 drainCalls=0
[STATS] checkBugInsideFireCt=0
[STATS] addLinkForcesFireCt=0
[STATS] addTorsionFireCt=0
[STATS] meshFillFilSegFireCt=0
[STATS] meshAllSegsFireCt=0
[STATS] mbg3dFillFilSegFireCt=0
[STATS] updatePosFromBindFireCt=0
[STATS] updatePosFromStepFireCt=0
[STATS] validateSegFireCt=0
[STATS] anchorFireCt=0
[STATS] filSegInitFireCt=0
[STATS] motorInitFireCt=0
[STATS] meanBoundMotors=0.000
ThingStep Threads took 1.139000 seconds.
ThingBrownian Threads took 0.220000 seconds.
Myosin Threads took 0.000000 seconds.
MyoDimer Threads took 0.000000 seconds.
Protein Node Threads took 0.000000 seconds.
MyoMiniFil Threads took 0.000000 seconds.
Chamber Myo Threads took 0.000000 seconds.
Chamber MyoDimer Threads took 0.000000 seconds.
Mesh Threads took 0.216000 seconds.
Ck Mesh Threads took 0.246000 seconds.
Ck Mots Threads took 0.000000 seconds.
XLink Threads took 0.111000 seconds.
Arp23 Threads took 0.000000 seconds.
NodeLink Threads took 0.000000 seconds.
Membrane Node Threads took 0.000000 seconds.
ActA Threads took 0.000000 seconds.
MotorBindGrid3D Fill took 0.248000 seconds.
Finished closing JSON plots!
