WARNING: Using incubator modules: jdk.incubator.vector
[TURNOVER] global biochem cadence ON (biochem phase-aligned; GPU pose pull at biochem+output cadence)
[TELEPORT_DIAG] enabled=false threshold=0.1
Loading parameter values from /home/jba/Code/BoA/ParameterFiles/boa10-64Seg-dyn-dense-2x...
     Parameter assigned: deltaT set to 1.0E-4
     Parameter assigned: biochemDeltaT set to 0.01
     Parameter assigned: collisionDeltaT set to 1.0E-5
     No match found for parameter label brownianDeltaT ... you best check that out!
     Parameter assigned: runTime set to 0.065
     Parameter assigned: fracMove set to 0.4
     Parameter assigned: fracR set to 0.134
     Parameter assigned: fracMoveTorq set to 0.013685
     Parameter assigned: drawInterval set to 100
     Parameter assigned: toFileInterval set to 1000000000
     No match found for parameter label toQKFileInterval ... you best check that out!
     Parameter assigned: jpegQuality set to 1.0
     Parameter assigned: remoteWriteInterval set to 100000
     Parameter assigned: frameWidth set to 800
     Parameter assigned: frameHeight set to 800
     No match found for parameter label bugOff ... you best check that out!
     Parameter assigned: simOutsideBug set to false
     Parameter assigned: initialFilaments set to 2000
     Parameter assigned: initialMyoMiniFils set to 2000
     Parameter assigned: minFilLength set to 0.9
     Parameter assigned: maxFilLength set to 1.3
     Parameter assigned: stdDevActinDist set to 0.5
     Parameter assigned: boxXDim set to 14.1421
     Parameter assigned: boxYDim set to 14.1421
     Parameter assigned: boxZDim set to 0.5
     Parameter assigned: actinConc set to 20.0
     Parameter assigned: actinConcNonHydro set to 15.0
     Parameter assigned: aeta set to 1.0
     Parameter assigned: capConc set to 2.0
     Parameter assigned: nodeZone set to 0.9
     Parameter assigned: nodeRadius set to 0.025
     Parameter assigned: forminsPerNode set to 0
     No match found for parameter label myosPerNode ... you best check that out!
     Parameter assigned: nodeTransDiff set to 1.0E-16
     Parameter assigned: nodeRotDiff set to 0.001
     Parameter assigned: actinSeed set to 3
     Parameter assigned: actinOnCortex set to true
     Parameter assigned: filSegLength set to 64
     Parameter assigned: filTorqSpring set to 1.0E-20
     Parameter assigned: BTransCoeff set to 1.0
     Parameter assigned: BRotCoeff set to 0.5
     Parameter assigned: maxSegAngle set to 22.5
     Parameter assigned: maxSegDist set to 0.0108
     Parameter assigned: nodeTorqSpring set to 1.0E-20
     Parameter assigned: maxNodeTetherStrainDist set to 0.0108
     Parameter assigned: nodeTetherDetachRate set to 0.001
     Parameter assigned: forminMoves set to false
     Parameter assigned: forminRelease set to 1.0
     Parameter assigned: noMonomersSimd set to false
     Parameter assigned: filamentsAnneal set to false
     Parameter assigned: annealDist set to 0.054
     Parameter assigned: annealAngleCosine set to 0.9
     Parameter assigned: maxLinksOnSeg set to 10.0
     Parameter assigned: sideBonds set to 0
     Parameter assigned: sideBondsRelax set to false
     Parameter assigned: sideBondsStabilize set to 1.0
     Parameter assigned: bundleStableFactor set to 2.0
     Parameter assigned: filLinkSpring set to 1.0E-9
     Parameter assigned: filLinkTorqSpring set to 1.0E-19
     Parameter assigned: xLinkTransAttn set to 1.0
     Parameter assigned: xLinkRotAttn set to 1.0
     No match found for parameter label maxFilLinkDist ... you best check that out!
     No match found for parameter label linkDissolveRate ... you best check that out!
     Parameter assigned: kATPOn1 set to 1.3
     Parameter assigned: kATPOff1 set to 0.8
     Parameter assigned: kADPOff1 set to 2.7
     Parameter assigned: kATPOn1NonHydro set to 0.0
     Parameter assigned: kATPOff1NonHydro set to 0.0
     Parameter assigned: kATPOn2 set to 11.6
     Parameter assigned: kATPOff2 set to 1.4
     Parameter assigned: kADPOff2 set to 7.2
     Parameter assigned: kATPOn2WithFormin set to 0.0
     Parameter assigned: kATPOff2WithFormin set to 0.0
     Parameter assigned: kADPOff2WithFormin set to 0.0
     Parameter assigned: kATPOn2NonHydro set to 0.0
     Parameter assigned: kATPOff2NonHydro set to 0.0
     Parameter assigned: kATPOn2NonHydroWithFormin set to 0.0
     Parameter assigned: kATPOff2NonHydroWithFormin set to 0.0
     Parameter assigned: capRate set to 3.0
     Parameter assigned: cofilinRate set to 0.4
     Parameter assigned: cofilinConc set to 3.0
     Parameter assigned: cofilinRatio set to 1.1
     Parameter assigned: myosinStallForce set to 2.0
     No match found for parameter label myosinReleaseRate ... you best check that out!
     No match found for parameter label myoFBRBase ... you best check that out!
     No match found for parameter label myoFBRExp ... you best check that out!
     Parameter assigned: capNumEnd1 set to 3
     Parameter assigned: capNumEnd2 set to 3
     Parameter assigned: capNumEnd1WithNode set to 3
     Parameter assigned: capNumEnd2WithNode set to 3
     Parameter assigned: polyCompressionCutoff set to 0.0
     Parameter assigned: kRdmNuc set to 0.001
     Parameter assigned: kNodeNuc set to 10.0
     Parameter assigned: kHydrolysis set to 1.0
     Parameter assigned: kDissociation set to 1.0
     Parameter assigned: showTime set to true
     Parameter assigned: showConc set to true
     Parameter assigned: showNonHydroConc set to false
     Parameter assigned: showFilCt set to true
     Parameter assigned: showFilLinkCt set to true
     Parameter assigned: showFilSegCt set to false
     Parameter assigned: showMonCt set to true
     Parameter assigned: fixedHistScale set to 100.0
     Parameter assigned: showHistBox set to true
     Parameter assigned: showYHistTics set to true
     Parameter assigned: flatTops set to true
     Parameter assigned: maxXLinkBondAngle set to 0.6
     Parameter assigned: xLinkOnRate set to 400.0
     Parameter assigned: xLinkConc set to 1.0
     Parameter assigned: linkOffConst set to 1.0
     Parameter assigned: linkOffCoeff set to 1.0
     Parameter assigned: linkOffExp set to 2.0
     Parameter assigned: crossLinkGrabDist set to 0.05
Done... there were 9 misunderstandings.
[RNG] per-worker RNG pool: 17 MTFs, masterSeed=1082145744531708598 (BOA_RNG_SEED unset)
**************************************************************
Eulerian Mesh stats:
nXBins = 72; xBinWidth = 0.2 µm
nYBins = 72; yBinWidth = 0.2 µm
binDepth = 1000
**************************************************************
MotorBindGrid3D: 72 x 72 x 4 cells (0.2 µm each)
[12:36] [phase-plan] inert-wave cull — ThreadSet activation snapshot:
[12:36]   ON   ThingStep Threads
[12:36]   ON   ThingBrownian Threads
[12:36]   ON   Myosin Threads
[12:36]   ON   MyoDimer Threads
[12:36]   OFF  Protein Node Threads
[12:36]   ON   MyoMiniFil Threads
[12:36]   OFF  Chamber Myo Threads
[12:36]   OFF  Chamber MyoDimer Threads
[12:36]   ON   Mesh Threads
[12:36]   ON   Ck Mesh Threads
[12:36]   ON   Ck Mots Threads
[12:36]   OFF  XLink Threads
[12:36]   OFF  Arp23 Threads
[12:36]   OFF  NodeLink Threads
[12:36]   OFF  Membrane Node Threads
[12:36]   OFF  ActA Threads
[12:36]   ON   MotorBindGrid3D Fill
[12:36] [phase-plan] 9 active, 8 inert (will skip dispatch)
[POSE_CHURN] sized POSE_DELTA_CAP=16008 (initialFilaments=2000, peakModel=4002, safety=4x, floor=8192)
GPUMoveThing: slotCap=392002 myoCap=128000 moveBlock=64 jointBlock=64 runSeed=-718857176 nWorkers=16
[GATHER] call=1000 totalDirty=0 maxThread=0 cumAvg=426.8 cumMaxPerThread=157
collisionTime = 0.0
myosinTime = 0.0

*** step() per-force profile (BOA_STEP_PROFILE=1) ***
  Force                                     sec    pct          calls      ns/call
  F1/F2  FilSeg boundary collision        0.146   1.7%        7827814           19
  F5/F6  FilSeg node tether               0.472   5.4%        7827814           60
  F7     MyoMini boundary collision       0.547   6.2%        1320000          414
  F8-F10 MyoMotor tipLink (motor-fil)     7.612  86.7%       42240000          180
  TOTAL (sum of buckets)                  8.776
  Note: bucket sums are wall × thread-count (each worker accumulates its own time).
[STATS] bindEvents=2384
[STATS] filLinks=591 (active=591 inactive=135)
[STATS] linkCtMean=407.05 (samples=660) linkCtMeanSettled=549.95 (samples=335) finalActive=591
[STATS] filFilBroadphase active=true filsegMeshFillSkipped=660 candPairs=252072 candMaxPerSeg=36 overflowSegs=0 drainCalls=6
[STATS] fActin segs=11928 monomers=832465 fActinUM=1.73 meanSegLenUM=0.191 freePoolUM=18.27
[STATS] mem usedHeapMB=2513.8 maxHeapMB=22906.7 slotCap=392002 slotCount=205928 myoCap=128000 devBufEstMB=168.4
[STATS] percolation filaments=2000 activeLinks=456 linksPerFil=0.228 largestComp=5 (0.3% of fils) spanX=0.06 spanY=0.10 spanZ=0.53 spanFrac=0.10 percolates=false

*** [STEP_PROFILE] window=[300,660) steps=360 path=GPU wall=71213.9ms (197.8164 ms/step) ***
  --- every-step phases (ms/step) ---
    exec                150.81666
    pack                 15.93108
    crosslinkForce        0.92500
    meshFill              0.00278
    cpuIntegrate        166.54167  (GPU: move-wrap)
      step                4.00278
      gatherForces        1.41111
      brownian            1.90833
  --- biochem-cadence phases (amortized ms/step | per-fire ms | fires) ---
    crosslinkFormation    0.08056 |   9.6667 | 3
    biochem               2.98333 | 358.0000 | 3
    sync                  0.02452 |   2.9429 | 3
  --- totals (ms/step) ---
    total(wall)         197.81644
    host(=tot-exec)      46.99978
    other(unlabeled)     27.05252

[STATS] checkBugInsideFireCt=0
[STATS] addLinkForcesFireCt=0
[STATS] addTorsionFireCt=0
[STATS] meshFillFilSegFireCt=0
[STATS] meshAllSegsFireCt=0
[STATS] mbg3dFillFilSegFireCt=0
[STATS] updatePosFromBindFireCt=2384
[STATS] updatePosFromStepFireCt=0
[STATS] validateSegFireCt=57182
[STATS] anchorFireCt=0
[STATS] filSegInitFireCt=34097
[STATS] motorInitFireCt=64320
[STATS] meanBoundMotors=86.703
[STATS] gpuMotorBinding total=0.096s calls=660 pack=0.127s gridPack=0.000s exec=0.000s unpack=0.096s
[STATS] gpuMoveThing total=113.025s calls=660 slotPack=8.131s jointPack=1.489s exec=101.508s unpack=1.896s
[STATS] gpuMoveThing demandSyncPose=0.428s(calls=6) demandSyncDerived=0.000s(calls=0) planRebuild=1 packRuleDesync=0
[STATS] cadence steps=660 demandSyncPoseCalls=6 biochemFireCt=6 crosslinkFireCt=6 crosslinkCheckInt=100 (pull/step=0.009 biochem/step=0.009 xlink/step=0.009)
[STATS] gpuMoveThing poseDelta avg=6803.60 max=4000 sum=34018 fresh=1 overflow=0 cap=16008
[STATS] gpuMoveThing trueDirty calls=659 slotChange avg=18.01 max=2000 pending avg=33.57 max=2247 totalUpperMax=4000 slotCount=205928 slotCap=392002
ThingStep Threads took 8.614000 seconds.
ThingBrownian Threads took 1.012000 seconds.
Myosin Threads took 0.741000 seconds.
MyoDimer Threads took 0.902000 seconds.
Protein Node Threads took 0.000000 seconds.
MyoMiniFil Threads took 1.050000 seconds.
Chamber Myo Threads took 0.000000 seconds.
Chamber MyoDimer Threads took 0.000000 seconds.
Mesh Threads took 0.000000 seconds.
Ck Mesh Threads took 0.000000 seconds.
Ck Mots Threads took 0.000000 seconds.
XLink Threads took 0.342000 seconds.
Arp23 Threads took 0.000000 seconds.
NodeLink Threads took 0.000000 seconds.
Membrane Node Threads took 0.000000 seconds.
ActA Threads took 0.000000 seconds.
MotorBindGrid3D Fill took 0.000000 seconds.
Finished closing JSON plots!
