WARNING: Using incubator modules: jdk.incubator.vector
[TURNOVER] global biochem cadence ON (biochem phase-aligned; GPU pose pull at biochem+output cadence)
[TELEPORT_DIAG] enabled=false threshold=0.1
Loading parameter values from /home/jba/Code/BoA/ParameterFiles/boa10-64Seg-dyn-dense-0p5x...
     Parameter assigned: deltaT set to 1.0E-4
     Parameter assigned: biochemDeltaT set to 0.01
     Parameter assigned: collisionDeltaT set to 1.0E-5
     No match found for parameter label brownianDeltaT ... you best check that out!
     Parameter assigned: runTime set to 0.065
     Parameter assigned: fracMove set to 0.4
     Parameter assigned: fracR set to 0.134
     Parameter assigned: fracMoveTorq set to 0.013685
     Parameter assigned: drawInterval set to 100
     Parameter assigned: toFileInterval set to 1000000000
     No match found for parameter label toQKFileInterval ... you best check that out!
     Parameter assigned: jpegQuality set to 1.0
     Parameter assigned: remoteWriteInterval set to 100000
     Parameter assigned: frameWidth set to 800
     Parameter assigned: frameHeight set to 800
     No match found for parameter label bugOff ... you best check that out!
     Parameter assigned: simOutsideBug set to false
     Parameter assigned: initialFilaments set to 500
     Parameter assigned: initialMyoMiniFils set to 500
     Parameter assigned: minFilLength set to 0.9
     Parameter assigned: maxFilLength set to 1.3
     Parameter assigned: stdDevActinDist set to 0.5
     Parameter assigned: boxXDim set to 7.0711
     Parameter assigned: boxYDim set to 7.0711
     Parameter assigned: boxZDim set to 0.5
     Parameter assigned: actinConc set to 20.0
     Parameter assigned: actinConcNonHydro set to 15.0
     Parameter assigned: aeta set to 1.0
     Parameter assigned: capConc set to 2.0
     Parameter assigned: nodeZone set to 0.9
     Parameter assigned: nodeRadius set to 0.025
     Parameter assigned: forminsPerNode set to 0
     No match found for parameter label myosPerNode ... you best check that out!
     Parameter assigned: nodeTransDiff set to 1.0E-16
     Parameter assigned: nodeRotDiff set to 0.001
     Parameter assigned: actinSeed set to 3
     Parameter assigned: actinOnCortex set to true
     Parameter assigned: filSegLength set to 64
     Parameter assigned: filTorqSpring set to 1.0E-20
     Parameter assigned: BTransCoeff set to 1.0
     Parameter assigned: BRotCoeff set to 0.5
     Parameter assigned: maxSegAngle set to 22.5
     Parameter assigned: maxSegDist set to 0.0108
     Parameter assigned: nodeTorqSpring set to 1.0E-20
     Parameter assigned: maxNodeTetherStrainDist set to 0.0108
     Parameter assigned: nodeTetherDetachRate set to 0.001
     Parameter assigned: forminMoves set to false
     Parameter assigned: forminRelease set to 1.0
     Parameter assigned: noMonomersSimd set to false
     Parameter assigned: filamentsAnneal set to false
     Parameter assigned: annealDist set to 0.054
     Parameter assigned: annealAngleCosine set to 0.9
     Parameter assigned: maxLinksOnSeg set to 10.0
     Parameter assigned: sideBonds set to 0
     Parameter assigned: sideBondsRelax set to false
     Parameter assigned: sideBondsStabilize set to 1.0
     Parameter assigned: bundleStableFactor set to 2.0
     Parameter assigned: filLinkSpring set to 1.0E-9
     Parameter assigned: filLinkTorqSpring set to 1.0E-19
     Parameter assigned: xLinkTransAttn set to 1.0
     Parameter assigned: xLinkRotAttn set to 1.0
     No match found for parameter label maxFilLinkDist ... you best check that out!
     No match found for parameter label linkDissolveRate ... you best check that out!
     Parameter assigned: kATPOn1 set to 1.3
     Parameter assigned: kATPOff1 set to 0.8
     Parameter assigned: kADPOff1 set to 2.7
     Parameter assigned: kATPOn1NonHydro set to 0.0
     Parameter assigned: kATPOff1NonHydro set to 0.0
     Parameter assigned: kATPOn2 set to 11.6
     Parameter assigned: kATPOff2 set to 1.4
     Parameter assigned: kADPOff2 set to 7.2
     Parameter assigned: kATPOn2WithFormin set to 0.0
     Parameter assigned: kATPOff2WithFormin set to 0.0
     Parameter assigned: kADPOff2WithFormin set to 0.0
     Parameter assigned: kATPOn2NonHydro set to 0.0
     Parameter assigned: kATPOff2NonHydro set to 0.0
     Parameter assigned: kATPOn2NonHydroWithFormin set to 0.0
     Parameter assigned: kATPOff2NonHydroWithFormin set to 0.0
     Parameter assigned: capRate set to 3.0
     Parameter assigned: cofilinRate set to 0.4
     Parameter assigned: cofilinConc set to 3.0
     Parameter assigned: cofilinRatio set to 1.1
     Parameter assigned: myosinStallForce set to 2.0
     No match found for parameter label myosinReleaseRate ... you best check that out!
     No match found for parameter label myoFBRBase ... you best check that out!
     No match found for parameter label myoFBRExp ... you best check that out!
     Parameter assigned: capNumEnd1 set to 3
     Parameter assigned: capNumEnd2 set to 3
     Parameter assigned: capNumEnd1WithNode set to 3
     Parameter assigned: capNumEnd2WithNode set to 3
     Parameter assigned: polyCompressionCutoff set to 0.0
     Parameter assigned: kRdmNuc set to 0.001
     Parameter assigned: kNodeNuc set to 10.0
     Parameter assigned: kHydrolysis set to 1.0
     Parameter assigned: kDissociation set to 1.0
     Parameter assigned: showTime set to true
     Parameter assigned: showConc set to true
     Parameter assigned: showNonHydroConc set to false
     Parameter assigned: showFilCt set to true
     Parameter assigned: showFilLinkCt set to true
     Parameter assigned: showFilSegCt set to false
     Parameter assigned: showMonCt set to true
     Parameter assigned: fixedHistScale set to 100.0
     Parameter assigned: showHistBox set to true
     Parameter assigned: showYHistTics set to true
     Parameter assigned: flatTops set to true
     Parameter assigned: maxXLinkBondAngle set to 0.6
     Parameter assigned: xLinkOnRate set to 400.0
     Parameter assigned: xLinkConc set to 1.0
     Parameter assigned: linkOffConst set to 1.0
     Parameter assigned: linkOffCoeff set to 1.0
     Parameter assigned: linkOffExp set to 2.0
     Parameter assigned: crossLinkGrabDist set to 0.05
Done... there were 9 misunderstandings.
[RNG] per-worker RNG pool: 17 MTFs, masterSeed=-1852709203190072968 (BOA_RNG_SEED unset)
**************************************************************
Eulerian Mesh stats:
nXBins = 37; xBinWidth = 0.2 µm
nYBins = 37; yBinWidth = 0.2 µm
binDepth = 1000
**************************************************************
MotorBindGrid3D: 37 x 37 x 4 cells (0.2 µm each)
[12:31] [phase-plan] inert-wave cull — ThreadSet activation snapshot:
[12:31]   ON   ThingStep Threads
[12:31]   ON   ThingBrownian Threads
[12:31]   ON   Myosin Threads
[12:31]   ON   MyoDimer Threads
[12:31]   OFF  Protein Node Threads
[12:31]   ON   MyoMiniFil Threads
[12:31]   OFF  Chamber Myo Threads
[12:31]   OFF  Chamber MyoDimer Threads
[12:31]   ON   Mesh Threads
[12:31]   ON   Ck Mesh Threads
[12:31]   ON   Ck Mots Threads
[12:31]   OFF  XLink Threads
[12:31]   OFF  Arp23 Threads
[12:31]   OFF  NodeLink Threads
[12:31]   OFF  Membrane Node Threads
[12:31]   OFF  ActA Threads
[12:31]   ON   MotorBindGrid3D Fill
[12:31] [phase-plan] 9 active, 8 inert (will skip dispatch)
[POSE_CHURN] sized POSE_DELTA_CAP=8192 (initialFilaments=500, peakModel=1002, safety=4x, floor=8192)
GPUMoveThing: slotCap=98002 myoCap=32000 moveBlock=64 jointBlock=64 runSeed=-129645762 nWorkers=16
[GATHER] call=1000 totalDirty=0 maxThread=0 cumAvg=119.9 cumMaxPerThread=52
collisionTime = 0.0
myosinTime = 0.0

*** step() per-force profile (BOA_STEP_PROFILE=1) ***
  Force                                     sec    pct          calls      ns/call
  F1/F2  FilSeg boundary collision        0.035   1.7%        1945145           18
  F5/F6  FilSeg node tether               0.095   4.7%        1945145           49
  F7     MyoMini boundary collision       0.155   7.7%         330000          471
  F8-F10 MyoMotor tipLink (motor-fil)     1.735  85.9%       10560000          164
  TOTAL (sum of buckets)                  2.021
  Note: bucket sums are wall × thread-count (each worker accumulates its own time).
[STATS] bindEvents=1321
[STATS] filLinks=188 (active=188 inactive=46)
[STATS] linkCtMean=127.53 (samples=660) linkCtMeanSettled=169.13 (samples=335) finalActive=188
[STATS] filFilBroadphase active=true filsegMeshFillSkipped=660 candPairs=69909 candMaxPerSeg=43 overflowSegs=0 drainCalls=6
[STATS] fActin segs=2962 monomers=206894 fActinUM=1.72 meanSegLenUM=0.191 freePoolUM=18.28
[STATS] mem usedHeapMB=1639.9 maxHeapMB=22906.7 slotCap=98002 slotCount=51462 myoCap=32000 devBufEstMB=123.1
[STATS] percolation filaments=501 activeLinks=142 linksPerFil=0.283 largestComp=5 (1.0% of fils) spanX=0.15 spanY=0.14 spanZ=0.68 spanFrac=0.15 percolates=false

*** [STEP_PROFILE] window=[300,660) steps=360 path=GPU wall=56743.0ms (157.6195 ms/step) ***
  --- every-step phases (ms/step) ---
    exec                138.99717
    pack                  3.78466
    crosslinkForce        0.76667
    meshFill              0.00000
    cpuIntegrate        143.27222  (GPU: move-wrap)
      step                1.43889
      gatherForces        0.99167
      brownian            1.47222
  --- biochem-cadence phases (amortized ms/step | per-fire ms | fires) ---
    crosslinkFormation    0.03333 |   4.0000 | 3
    biochem               1.62222 | 194.6667 | 3
    sync                  0.55819 |  66.9832 | 3
  --- totals (ms/step) ---
    total(wall)         157.61945
    host(=tot-exec)      18.62228
    other(unlabeled)     11.85720

[STATS] checkBugInsideFireCt=0
[STATS] addLinkForcesFireCt=0
[STATS] addTorsionFireCt=0
[STATS] meshFillFilSegFireCt=0
[STATS] meshAllSegsFireCt=0
[STATS] mbg3dFillFilSegFireCt=0
[STATS] updatePosFromBindFireCt=1321
[STATS] updatePosFromStepFireCt=0
[STATS] validateSegFireCt=29145
[STATS] anchorFireCt=0
[STATS] filSegInitFireCt=8482
[STATS] motorInitFireCt=16064
[STATS] meanBoundMotors=44.248
[STATS] gpuMotorBinding total=0.029s calls=660 pack=0.031s gridPack=0.000s exec=0.000s unpack=0.029s
[STATS] gpuMoveThing total=96.771s calls=660 slotPack=1.827s jointPack=0.479s exec=93.740s unpack=0.723s
[STATS] gpuMoveThing demandSyncPose=0.211s(calls=6) demandSyncDerived=0.000s(calls=0) planRebuild=1 packRuleDesync=0
[STATS] cadence steps=660 demandSyncPoseCalls=6 biochemFireCt=6 crosslinkFireCt=6 crosslinkCheckInt=100 (pull/step=0.009 biochem/step=0.009 xlink/step=0.009)
[STATS] gpuMoveThing poseDelta avg=1675.60 max=1000 sum=8378 fresh=1 overflow=0 cap=8192
[STATS] gpuMoveThing trueDirty calls=659 slotChange avg=4.32 max=500 pending avg=8.38 max=564 totalUpperMax=1000 slotCount=51462 slotCap=98002
ThingStep Threads took 3.709000 seconds.
ThingBrownian Threads took 0.722000 seconds.
Myosin Threads took 0.574000 seconds.
MyoDimer Threads took 0.531000 seconds.
Protein Node Threads took 0.000000 seconds.
MyoMiniFil Threads took 0.532000 seconds.
Chamber Myo Threads took 0.000000 seconds.
Chamber MyoDimer Threads took 0.000000 seconds.
Mesh Threads took 0.000000 seconds.
Ck Mesh Threads took 0.000000 seconds.
Ck Mots Threads took 0.000000 seconds.
XLink Threads took 0.301000 seconds.
Arp23 Threads took 0.000000 seconds.
NodeLink Threads took 0.000000 seconds.
Membrane Node Threads took 0.000000 seconds.
ActA Threads took 0.000000 seconds.
MotorBindGrid3D Fill took 0.000000 seconds.
Finished closing JSON plots!
