WARNING: Using incubator modules: jdk.incubator.vector
[TURNOVER] global biochem cadence ON (biochem phase-aligned; GPU pose pull at biochem+output cadence)
[TELEPORT_DIAG] enabled=false threshold=0.1
Loading parameter values from /home/jba/Code/BoA/ParameterFiles/boa10-64Seg-dyn-dense-4x...
     Parameter assigned: deltaT set to 1.0E-4
     Parameter assigned: biochemDeltaT set to 0.01
     Parameter assigned: collisionDeltaT set to 1.0E-5
     No match found for parameter label brownianDeltaT ... you best check that out!
     Parameter assigned: runTime set to 0.065
     Parameter assigned: fracMove set to 0.4
     Parameter assigned: fracR set to 0.134
     Parameter assigned: fracMoveTorq set to 0.013685
     Parameter assigned: drawInterval set to 100
     Parameter assigned: toFileInterval set to 1000000000
     No match found for parameter label toQKFileInterval ... you best check that out!
     Parameter assigned: jpegQuality set to 1.0
     Parameter assigned: remoteWriteInterval set to 100000
     Parameter assigned: frameWidth set to 800
     Parameter assigned: frameHeight set to 800
     No match found for parameter label bugOff ... you best check that out!
     Parameter assigned: simOutsideBug set to false
     Parameter assigned: initialFilaments set to 4000
     Parameter assigned: initialMyoMiniFils set to 4000
     Parameter assigned: minFilLength set to 0.9
     Parameter assigned: maxFilLength set to 1.3
     Parameter assigned: stdDevActinDist set to 0.5
     Parameter assigned: boxXDim set to 20.0
     Parameter assigned: boxYDim set to 20.0
     Parameter assigned: boxZDim set to 0.5
     Parameter assigned: actinConc set to 20.0
     Parameter assigned: actinConcNonHydro set to 15.0
     Parameter assigned: aeta set to 1.0
     Parameter assigned: capConc set to 2.0
     Parameter assigned: nodeZone set to 0.9
     Parameter assigned: nodeRadius set to 0.025
     Parameter assigned: forminsPerNode set to 0
     No match found for parameter label myosPerNode ... you best check that out!
     Parameter assigned: nodeTransDiff set to 1.0E-16
     Parameter assigned: nodeRotDiff set to 0.001
     Parameter assigned: actinSeed set to 3
     Parameter assigned: actinOnCortex set to true
     Parameter assigned: filSegLength set to 64
     Parameter assigned: filTorqSpring set to 1.0E-20
     Parameter assigned: BTransCoeff set to 1.0
     Parameter assigned: BRotCoeff set to 0.5
     Parameter assigned: maxSegAngle set to 22.5
     Parameter assigned: maxSegDist set to 0.0108
     Parameter assigned: nodeTorqSpring set to 1.0E-20
     Parameter assigned: maxNodeTetherStrainDist set to 0.0108
     Parameter assigned: nodeTetherDetachRate set to 0.001
     Parameter assigned: forminMoves set to false
     Parameter assigned: forminRelease set to 1.0
     Parameter assigned: noMonomersSimd set to false
     Parameter assigned: filamentsAnneal set to false
     Parameter assigned: annealDist set to 0.054
     Parameter assigned: annealAngleCosine set to 0.9
     Parameter assigned: maxLinksOnSeg set to 10.0
     Parameter assigned: sideBonds set to 0
     Parameter assigned: sideBondsRelax set to false
     Parameter assigned: sideBondsStabilize set to 1.0
     Parameter assigned: bundleStableFactor set to 2.0
     Parameter assigned: filLinkSpring set to 1.0E-9
     Parameter assigned: filLinkTorqSpring set to 1.0E-19
     Parameter assigned: xLinkTransAttn set to 1.0
     Parameter assigned: xLinkRotAttn set to 1.0
     No match found for parameter label maxFilLinkDist ... you best check that out!
     No match found for parameter label linkDissolveRate ... you best check that out!
     Parameter assigned: kATPOn1 set to 1.3
     Parameter assigned: kATPOff1 set to 0.8
     Parameter assigned: kADPOff1 set to 2.7
     Parameter assigned: kATPOn1NonHydro set to 0.0
     Parameter assigned: kATPOff1NonHydro set to 0.0
     Parameter assigned: kATPOn2 set to 11.6
     Parameter assigned: kATPOff2 set to 1.4
     Parameter assigned: kADPOff2 set to 7.2
     Parameter assigned: kATPOn2WithFormin set to 0.0
     Parameter assigned: kATPOff2WithFormin set to 0.0
     Parameter assigned: kADPOff2WithFormin set to 0.0
     Parameter assigned: kATPOn2NonHydro set to 0.0
     Parameter assigned: kATPOff2NonHydro set to 0.0
     Parameter assigned: kATPOn2NonHydroWithFormin set to 0.0
     Parameter assigned: kATPOff2NonHydroWithFormin set to 0.0
     Parameter assigned: capRate set to 3.0
     Parameter assigned: cofilinRate set to 0.4
     Parameter assigned: cofilinConc set to 3.0
     Parameter assigned: cofilinRatio set to 1.1
     Parameter assigned: myosinStallForce set to 2.0
     No match found for parameter label myosinReleaseRate ... you best check that out!
     No match found for parameter label myoFBRBase ... you best check that out!
     No match found for parameter label myoFBRExp ... you best check that out!
     Parameter assigned: capNumEnd1 set to 3
     Parameter assigned: capNumEnd2 set to 3
     Parameter assigned: capNumEnd1WithNode set to 3
     Parameter assigned: capNumEnd2WithNode set to 3
     Parameter assigned: polyCompressionCutoff set to 0.0
     Parameter assigned: kRdmNuc set to 0.001
     Parameter assigned: kNodeNuc set to 10.0
     Parameter assigned: kHydrolysis set to 1.0
     Parameter assigned: kDissociation set to 1.0
     Parameter assigned: showTime set to true
     Parameter assigned: showConc set to true
     Parameter assigned: showNonHydroConc set to false
     Parameter assigned: showFilCt set to true
     Parameter assigned: showFilLinkCt set to true
     Parameter assigned: showFilSegCt set to false
     Parameter assigned: showMonCt set to true
     Parameter assigned: fixedHistScale set to 100.0
     Parameter assigned: showHistBox set to true
     Parameter assigned: showYHistTics set to true
     Parameter assigned: flatTops set to true
     Parameter assigned: maxXLinkBondAngle set to 0.6
     Parameter assigned: xLinkOnRate set to 400.0
     Parameter assigned: xLinkConc set to 1.0
     Parameter assigned: linkOffConst set to 1.0
     Parameter assigned: linkOffCoeff set to 1.0
     Parameter assigned: linkOffExp set to 2.0
     Parameter assigned: crossLinkGrabDist set to 0.05
Done... there were 9 misunderstandings.
[RNG] per-worker RNG pool: 17 MTFs, masterSeed=-8636793471167603303 (BOA_RNG_SEED unset)
**************************************************************
Eulerian Mesh stats:
nXBins = 101; xBinWidth = 0.2 µm
nYBins = 101; yBinWidth = 0.2 µm
binDepth = 1000
**************************************************************
MotorBindGrid3D: 101 x 101 x 4 cells (0.2 µm each)
[12:40] [phase-plan] inert-wave cull — ThreadSet activation snapshot:
[12:40]   ON   ThingStep Threads
[12:40]   ON   ThingBrownian Threads
[12:40]   ON   Myosin Threads
[12:40]   ON   MyoDimer Threads
[12:40]   OFF  Protein Node Threads
[12:40]   ON   MyoMiniFil Threads
[12:40]   OFF  Chamber Myo Threads
[12:40]   OFF  Chamber MyoDimer Threads
[12:40]   ON   Mesh Threads
[12:40]   ON   Ck Mesh Threads
[12:40]   ON   Ck Mots Threads
[12:40]   OFF  XLink Threads
[12:40]   OFF  Arp23 Threads
[12:40]   OFF  NodeLink Threads
[12:40]   OFF  Membrane Node Threads
[12:40]   OFF  ActA Threads
[12:40]   ON   MotorBindGrid3D Fill
[12:40] [phase-plan] 9 active, 8 inert (will skip dispatch)
[POSE_CHURN] sized POSE_DELTA_CAP=32008 (initialFilaments=4000, peakModel=8002, safety=4x, floor=8192)
GPUMoveThing: slotCap=784002 myoCap=256000 moveBlock=64 jointBlock=64 runSeed=1377476650 nWorkers=16
[GATHER] call=1000 totalDirty=0 maxThread=0 cumAvg=892.2 cumMaxPerThread=308
collisionTime = 0.0
myosinTime = 0.0

*** step() per-force profile (BOA_STEP_PROFILE=1) ***
  Force                                     sec    pct          calls      ns/call
  F1/F2  FilSeg boundary collision        0.278   1.6%       15639053           18
  F5/F6  FilSeg node tether               0.955   5.4%       15639053           61
  F7     MyoMini boundary collision       1.098   6.2%        2639998          416
  F8-F10 MyoMotor tipLink (motor-fil)    15.319  86.8%       84479936          181
  TOTAL (sum of buckets)                 17.650
  Note: bucket sums are wall × thread-count (each worker accumulates its own time).
[STATS] bindEvents=3002
[STATS] filLinks=1179 (active=1179 inactive=285)
[STATS] linkCtMean=808.21 (samples=660) linkCtMeanSettled=1084.58 (samples=335) finalActive=1179
[STATS] filFilBroadphase active=true filsegMeshFillSkipped=660 candPairs=504858 candMaxPerSeg=39 overflowSegs=0 drainCalls=6
[STATS] fActin segs=23819 monomers=1662539 fActinUM=1.73 meanSegLenUM=0.191 freePoolUM=18.27
[STATS] mem usedHeapMB=3498.7 maxHeapMB=22906.7 slotCap=784002 slotCount=411819 myoCap=256000 devBufEstMB=228.9
[STATS] percolation filaments=4000 activeLinks=894 linksPerFil=0.224 largestComp=8 (0.2% of fils) spanX=0.08 spanY=0.05 spanZ=0.82 spanFrac=0.08 percolates=false

*** [STEP_PROFILE] window=[300,660) steps=360 path=GPU wall=92146.7ms (255.9630 ms/step) ***
  --- every-step phases (ms/step) ---
    exec                168.55480
    pack                 30.95941
    crosslinkForce        1.06944
    meshFill              0.00278
    cpuIntegrate        199.70833  (GPU: move-wrap)
      step                6.98333
      gatherForces        1.42500
      brownian            3.07500
  --- biochem-cadence phases (amortized ms/step | per-fire ms | fires) ---
    crosslinkFormation    0.18056 |  21.6667 | 3
    biochem               4.70278 | 564.3333 | 3
    sync                  0.04335 |   5.2021 | 3
  --- totals (ms/step) ---
    total(wall)         255.96300
    host(=tot-exec)      87.40819
    other(unlabeled)     50.44988

[STATS] checkBugInsideFireCt=0
[STATS] addLinkForcesFireCt=0
[STATS] addTorsionFireCt=0
[STATS] meshFillFilSegFireCt=0
[STATS] meshAllSegsFireCt=0
[STATS] mbg3dFillFilSegFireCt=0
[STATS] updatePosFromBindFireCt=3002
[STATS] updatePosFromStepFireCt=0
[STATS] validateSegFireCt=71768
[STATS] anchorFireCt=0
[STATS] filSegInitFireCt=67872
[STATS] motorInitFireCt=128960
[STATS] meanBoundMotors=108.806
[STATS] gpuMotorBinding total=0.186s calls=660 pack=0.253s gridPack=0.000s exec=0.000s unpack=0.186s
[STATS] gpuMoveThing total=134.898s calls=660 slotPack=15.798s jointPack=2.701s exec=113.167s unpack=3.230s
[STATS] gpuMoveThing demandSyncPose=0.351s(calls=6) demandSyncDerived=0.000s(calls=0) planRebuild=1 packRuleDesync=0
[STATS] cadence steps=660 demandSyncPoseCalls=6 biochemFireCt=6 crosslinkFireCt=6 crosslinkCheckInt=100 (pull/step=0.009 biochem/step=0.009 xlink/step=0.009)
[STATS] gpuMoveThing poseDelta avg=13932.80 max=8000 sum=69664 fresh=1 overflow=0 cap=32008
[STATS] gpuMoveThing trueDirty calls=659 slotChange avg=38.91 max=4000 pending avg=66.75 max=4560 totalUpperMax=8000 slotCount=411819 slotCap=784002
ThingStep Threads took 15.064000 seconds.
ThingBrownian Threads took 1.770000 seconds.
Myosin Threads took 0.726000 seconds.
MyoDimer Threads took 1.508000 seconds.
Protein Node Threads took 0.000000 seconds.
MyoMiniFil Threads took 1.843000 seconds.
Chamber Myo Threads took 0.000000 seconds.
Chamber MyoDimer Threads took 0.000000 seconds.
Mesh Threads took 0.000000 seconds.
Ck Mesh Threads took 0.000000 seconds.
Ck Mots Threads took 0.000000 seconds.
XLink Threads took 0.375000 seconds.
Arp23 Threads took 0.000000 seconds.
NodeLink Threads took 0.000000 seconds.
Membrane Node Threads took 0.000000 seconds.
ActA Threads took 0.000000 seconds.
MotorBindGrid3D Fill took 0.000000 seconds.
Finished closing JSON plots!
