WARNING: Using incubator modules: jdk.incubator.vector
[TURNOVER] global biochem cadence ON (biochem phase-aligned; GPU pose pull at biochem+output cadence)
[TELEPORT_DIAG] enabled=false threshold=0.1
Loading parameter values from /home/jba/Code/BoA/ParameterFiles/boa10-64Seg-dyn-dense-8x...
     Parameter assigned: deltaT set to 1.0E-4
     Parameter assigned: biochemDeltaT set to 0.01
     Parameter assigned: collisionDeltaT set to 1.0E-5
     No match found for parameter label brownianDeltaT ... you best check that out!
     Parameter assigned: runTime set to 0.065
     Parameter assigned: fracMove set to 0.4
     Parameter assigned: fracR set to 0.134
     Parameter assigned: fracMoveTorq set to 0.013685
     Parameter assigned: drawInterval set to 100
     Parameter assigned: toFileInterval set to 1000000000
     No match found for parameter label toQKFileInterval ... you best check that out!
     Parameter assigned: jpegQuality set to 1.0
     Parameter assigned: remoteWriteInterval set to 100000
     Parameter assigned: frameWidth set to 800
     Parameter assigned: frameHeight set to 800
     No match found for parameter label bugOff ... you best check that out!
     Parameter assigned: simOutsideBug set to false
     Parameter assigned: initialFilaments set to 8000
     Parameter assigned: initialMyoMiniFils set to 8000
     Parameter assigned: minFilLength set to 0.9
     Parameter assigned: maxFilLength set to 1.3
     Parameter assigned: stdDevActinDist set to 0.5
     Parameter assigned: boxXDim set to 28.2843
     Parameter assigned: boxYDim set to 28.2843
     Parameter assigned: boxZDim set to 0.5
     Parameter assigned: actinConc set to 20.0
     Parameter assigned: actinConcNonHydro set to 15.0
     Parameter assigned: aeta set to 1.0
     Parameter assigned: capConc set to 2.0
     Parameter assigned: nodeZone set to 0.9
     Parameter assigned: nodeRadius set to 0.025
     Parameter assigned: forminsPerNode set to 0
     No match found for parameter label myosPerNode ... you best check that out!
     Parameter assigned: nodeTransDiff set to 1.0E-16
     Parameter assigned: nodeRotDiff set to 0.001
     Parameter assigned: actinSeed set to 3
     Parameter assigned: actinOnCortex set to true
     Parameter assigned: filSegLength set to 64
     Parameter assigned: filTorqSpring set to 1.0E-20
     Parameter assigned: BTransCoeff set to 1.0
     Parameter assigned: BRotCoeff set to 0.5
     Parameter assigned: maxSegAngle set to 22.5
     Parameter assigned: maxSegDist set to 0.0108
     Parameter assigned: nodeTorqSpring set to 1.0E-20
     Parameter assigned: maxNodeTetherStrainDist set to 0.0108
     Parameter assigned: nodeTetherDetachRate set to 0.001
     Parameter assigned: forminMoves set to false
     Parameter assigned: forminRelease set to 1.0
     Parameter assigned: noMonomersSimd set to false
     Parameter assigned: filamentsAnneal set to false
     Parameter assigned: annealDist set to 0.054
     Parameter assigned: annealAngleCosine set to 0.9
     Parameter assigned: maxLinksOnSeg set to 10.0
     Parameter assigned: sideBonds set to 0
     Parameter assigned: sideBondsRelax set to false
     Parameter assigned: sideBondsStabilize set to 1.0
     Parameter assigned: bundleStableFactor set to 2.0
     Parameter assigned: filLinkSpring set to 1.0E-9
     Parameter assigned: filLinkTorqSpring set to 1.0E-19
     Parameter assigned: xLinkTransAttn set to 1.0
     Parameter assigned: xLinkRotAttn set to 1.0
     No match found for parameter label maxFilLinkDist ... you best check that out!
     No match found for parameter label linkDissolveRate ... you best check that out!
     Parameter assigned: kATPOn1 set to 1.3
     Parameter assigned: kATPOff1 set to 0.8
     Parameter assigned: kADPOff1 set to 2.7
     Parameter assigned: kATPOn1NonHydro set to 0.0
     Parameter assigned: kATPOff1NonHydro set to 0.0
     Parameter assigned: kATPOn2 set to 11.6
     Parameter assigned: kATPOff2 set to 1.4
     Parameter assigned: kADPOff2 set to 7.2
     Parameter assigned: kATPOn2WithFormin set to 0.0
     Parameter assigned: kATPOff2WithFormin set to 0.0
     Parameter assigned: kADPOff2WithFormin set to 0.0
     Parameter assigned: kATPOn2NonHydro set to 0.0
     Parameter assigned: kATPOff2NonHydro set to 0.0
     Parameter assigned: kATPOn2NonHydroWithFormin set to 0.0
     Parameter assigned: kATPOff2NonHydroWithFormin set to 0.0
     Parameter assigned: capRate set to 3.0
     Parameter assigned: cofilinRate set to 0.4
     Parameter assigned: cofilinConc set to 3.0
     Parameter assigned: cofilinRatio set to 1.1
     Parameter assigned: myosinStallForce set to 2.0
     No match found for parameter label myosinReleaseRate ... you best check that out!
     No match found for parameter label myoFBRBase ... you best check that out!
     No match found for parameter label myoFBRExp ... you best check that out!
     Parameter assigned: capNumEnd1 set to 3
     Parameter assigned: capNumEnd2 set to 3
     Parameter assigned: capNumEnd1WithNode set to 3
     Parameter assigned: capNumEnd2WithNode set to 3
     Parameter assigned: polyCompressionCutoff set to 0.0
     Parameter assigned: kRdmNuc set to 0.001
     Parameter assigned: kNodeNuc set to 10.0
     Parameter assigned: kHydrolysis set to 1.0
     Parameter assigned: kDissociation set to 1.0
     Parameter assigned: showTime set to true
     Parameter assigned: showConc set to true
     Parameter assigned: showNonHydroConc set to false
     Parameter assigned: showFilCt set to true
     Parameter assigned: showFilLinkCt set to true
     Parameter assigned: showFilSegCt set to false
     Parameter assigned: showMonCt set to true
     Parameter assigned: fixedHistScale set to 100.0
     Parameter assigned: showHistBox set to true
     Parameter assigned: showYHistTics set to true
     Parameter assigned: flatTops set to true
     Parameter assigned: maxXLinkBondAngle set to 0.6
     Parameter assigned: xLinkOnRate set to 400.0
     Parameter assigned: xLinkConc set to 1.0
     Parameter assigned: linkOffConst set to 1.0
     Parameter assigned: linkOffCoeff set to 1.0
     Parameter assigned: linkOffExp set to 2.0
     Parameter assigned: crossLinkGrabDist set to 0.05
Done... there were 9 misunderstandings.
[RNG] per-worker RNG pool: 17 MTFs, masterSeed=-1360144487638467507 (BOA_RNG_SEED unset)
**************************************************************
Eulerian Mesh stats:
nXBins = 143; xBinWidth = 0.2 µm
nYBins = 143; yBinWidth = 0.2 µm
binDepth = 1000
**************************************************************
MotorBindGrid3D: 143 x 143 x 4 cells (0.2 µm each)
[17:48] [phase-plan] inert-wave cull — ThreadSet activation snapshot:
[17:48]   ON   ThingStep Threads
[17:48]   ON   ThingBrownian Threads
[17:48]   ON   Myosin Threads
[17:48]   ON   MyoDimer Threads
[17:48]   OFF  Protein Node Threads
[17:48]   ON   MyoMiniFil Threads
[17:48]   OFF  Chamber Myo Threads
[17:48]   OFF  Chamber MyoDimer Threads
[17:48]   ON   Mesh Threads
[17:48]   ON   Ck Mesh Threads
[17:48]   ON   Ck Mots Threads
[17:48]   OFF  XLink Threads
[17:48]   OFF  Arp23 Threads
[17:48]   OFF  NodeLink Threads
[17:48]   OFF  Membrane Node Threads
[17:48]   OFF  ActA Threads
[17:48]   ON   MotorBindGrid3D Fill
[17:48] [phase-plan] 9 active, 8 inert (will skip dispatch)
[POSE_CHURN] sized POSE_DELTA_CAP=64008 (initialFilaments=8000, peakModel=16002, safety=4x, floor=8192)
GPUMoveThing: slotCap=1568002 myoCap=512000 moveBlock=64 jointBlock=64 runSeed=-6852793 nWorkers=16
[GATHER] call=1000 totalDirty=0 maxThread=0 cumAvg=1709.9 cumMaxPerThread=588
collisionTime = 0.0
myosinTime = 0.0

*** step() per-force profile (BOA_STEP_PROFILE=1) ***
  Force                                     sec    pct          calls      ns/call
  F1/F2  FilSeg boundary collision        0.782   2.2%       31297665           25
  F5/F6  FilSeg node tether               1.807   5.1%       31297665           58
  F7     MyoMini boundary collision       2.098   5.9%        5279999          397
  F8-F10 MyoMotor tipLink (motor-fil)    30.696  86.8%      168959968          182
  TOTAL (sum of buckets)                 35.383
  Note: bucket sums are wall × thread-count (each worker accumulates its own time).
[STATS] bindEvents=3850
[STATS] filLinks=2181 (active=2181 inactive=585)
[STATS] linkCtMean=1532.94 (samples=660) linkCtMeanSettled=2049.32 (samples=335) finalActive=2181
[STATS] filFilBroadphase active=true filsegMeshFillSkipped=660 candPairs=992038 candMaxPerSeg=33 overflowSegs=0 drainCalls=6
[STATS] fActin segs=47683 monomers=3329645 fActinUM=1.73 meanSegLenUM=0.191 freePoolUM=18.27
[STATS] mem usedHeapMB=5293.2 maxHeapMB=22906.7 slotCap=1568002 slotCount=823683 myoCap=512000 devBufEstMB=349.8
[STATS] percolation filaments=8001 activeLinks=1596 linksPerFil=0.199 largestComp=7 (0.1% of fils) spanX=0.04 spanY=0.07 spanZ=0.57 spanFrac=0.07 percolates=false

*** [STEP_PROFILE] window=[300,660) steps=360 path=GPU wall=84091.5ms (233.5874 ms/step) ***
  --- every-step phases (ms/step) ---
    exec                 74.21982
    pack                 62.54592
    crosslinkForce        1.43611
    meshFill              0.00278
    cpuIntegrate        138.45556  (GPU: move-wrap)
      step               13.45556
      gatherForces        1.51111
      brownian            5.28333
  --- biochem-cadence phases (amortized ms/step | per-fire ms | fires) ---
    crosslinkFormation    0.34444 |  41.3333 | 3
    biochem               8.38611 | 1006.3333 | 3
    sync                  0.08373 |  10.0479 | 3
  --- 'other' decomposition (ms/step) ---
    jointsCpu            11.75291
      membraneLinks       0.00243
      myoJoints1          5.96809
      myoJoints2          5.78239
    motorFilCol           0.78611
    recompute            14.63594
      ↳classify          11.63812
      ↳poseAudit          1.55312
      ↳capacity           0.00031
      ↳classifyRuns=32/360 steps (structural=32, lengthOnly=0, redundant=0.0%)
    resetCt              20.89722
    moveDrains            1.34537
    membrane              1.44793
    safepoint             0.00528
    output                0.00144
    cleanup              13.64444
    cleanupTail           0.00738
    gc(of residual)       0.00000  [subset of otherResidual: JVM GC pauses]
  --- totals (ms/step) ---
    total(wall)         233.58742
    host(=tot-exec)     159.36760
    otherResidual         1.79449  (of which gc=0.0000, non-gc=1.7945)

[A3] cpuFallback histogram (last classify): thingCt=823684 cpuFb total=1 { FilSeg=0 MyoMini=0 ProteinNode=0 Chamber=1 other=0 }
[A3] dimer cohesion dispatch: device(noop)=37031294 cpu(work)=0  | body↔rod constrain: device(noop)=47490289 cpu(work)=0  | updateMyosins(host-bookkeeping)=5039291
[STATS] checkBugInsideFireCt=0
[STATS] addLinkForcesFireCt=0
[STATS] addTorsionFireCt=0
[STATS] meshFillFilSegFireCt=0
[STATS] meshAllSegsFireCt=0
[STATS] mbg3dFillFilSegFireCt=0
[STATS] updatePosFromBindFireCt=3850
[STATS] updatePosFromStepFireCt=0
[STATS] validateSegFireCt=91400
[STATS] anchorFireCt=0
[STATS] filSegInitFireCt=135688
[STATS] motorInitFireCt=257664
[STATS] meanBoundMotors=138.523
[STATS] gpuMotorBinding total=0.373s calls=660 pack=0.534s gridPack=0.000s exec=0.000s unpack=0.373s
[STATS] gpuMoveThing total=94.869s calls=660 slotPack=31.709s jointPack=5.363s exec=51.741s unpack=6.054s
[STATS] gpuMoveThing demandSyncPose=0.901s(calls=6) demandSyncDerived=0.000s(calls=0) planRebuild=1 packRuleDesync=0
[STATS] cadence steps=660 demandSyncPoseCalls=6 biochemFireCt=6 crosslinkFireCt=6 crosslinkCheckInt=100 (pull/step=0.009 biochem/step=0.009 xlink/step=0.009)
[STATS] gpuMoveThing poseDelta avg=27545.20 max=16000 sum=137726 fresh=1 overflow=0 cap=64008
[STATS] gpuMoveThing trueDirty calls=659 slotChange avg=75.53 max=8000 pending avg=133.37 max=9032 totalUpperMax=16000 slotCount=823683 slotCap=1568002
[STATS] A1 classify runs=66 (structural=66 lengthOnly=0) classifyMs=8847.2 poseAuditMs=1183.3 fullRecompute=false
ThingStep Threads took 28.955000 seconds.
ThingBrownian Threads took 3.233000 seconds.
Myosin Threads took 0.585000 seconds.
MyoDimer Threads took 2.852000 seconds.
Protein Node Threads took 0.000000 seconds.
MyoMiniFil Threads took 3.551000 seconds.
Chamber Myo Threads took 0.000000 seconds.
Chamber MyoDimer Threads took 0.000000 seconds.
Mesh Threads took 0.000000 seconds.
Ck Mesh Threads took 0.000000 seconds.
Ck Mots Threads took 0.000000 seconds.
XLink Threads took 0.390000 seconds.
Arp23 Threads took 0.000000 seconds.
NodeLink Threads took 0.000000 seconds.
Membrane Node Threads took 0.000000 seconds.
ActA Threads took 0.000000 seconds.
MotorBindGrid3D Fill took 0.000000 seconds.
Finished closing JSON plots!
