WARNING: Using incubator modules: jdk.incubator.vector
[TELEPORT_DIAG] enabled=false threshold=0.1
Loading parameter values from /home/jba/Code/BoA/ParameterFiles/glidingAssay500_val...
     Parameter assigned: deltaT set to 1.0E-5
     Parameter assigned: biochemDeltaT set to 0.01
     Parameter assigned: collisionDeltaT set to 1.0E-5
     Parameter assigned: brownianDeltaT set to 1.0E-5
     Parameter assigned: runTime set to 0.1
     Parameter assigned: toFileInterval set to 100
     Parameter assigned: remoteWriteInterval set to 1000
     Parameter assigned: fracMove set to 0.5
     Parameter assigned: fracR set to 0.1
     Parameter assigned: fracMoveTorq set to 0.2
     Parameter assigned: boxXDim set to 14.0
     Parameter assigned: boxYDim set to 2.0
     Parameter assigned: boxZDim set to 0.5
     Parameter assigned: aeta set to 0.1
     Parameter assigned: noMonomersSimd set to true
     Parameter assigned: kRdmNuc set to 0.0
     Parameter assigned: kNodeNuc set to 0.0
     Parameter assigned: initialFilaments set to 0
     Parameter assigned: initialMyoMiniFils set to 0
     Parameter assigned: equilNodes set to 0
     Parameter assigned: glidingAssay set to true
     Parameter assigned: externalDensitySweep set to true
     Parameter assigned: fixedMyosinDensity set to 500.0
     Parameter assigned: fixedMyosinZValue set to -0.05
     Parameter assigned: glidingFilamentLength set to 2.0
     Parameter assigned: filSegLength set to 64
Done... there were 0 misunderstandings.
**************************************************************
Eulerian Mesh stats:
nXBins = 71; xBinWidth = 0.2 µm
nYBins = 11; yBinWidth = 0.2 µm
binDepth = 1000
**************************************************************
MotorBindGrid3D: 71 x 11 x 4 cells (0.2 µm each)
[MEM] tag=build-startup-before rebuildIdx=0 step=0 moveMem=-1 bindMem=-1 total=0
GPUMoveThing: slotCap=84004 myoCap=28000 moveBlock=64 jointBlock=64 runSeed=-285867265 nWorkers=16
[MEM] tag=build-startup-after rebuildIdx=1 step=0 moveMem=0 bindMem=0 total=0
[MEM] topoDirty (no rebuild) thingCt=42002 lastThingCt=-1 topoDirty=true
[MEM] topoDirty (no rebuild) thingCt=42003 lastThingCt=42002 topoDirty=true
[MEM] topoDirty (no rebuild) thingCt=42004 lastThingCt=42003 topoDirty=true
[MEM] topoDirty (no rebuild) thingCt=42005 lastThingCt=42004 topoDirty=true
[MEM] topoDirty (no rebuild) thingCt=42006 lastThingCt=42005 topoDirty=true
[MEM] topoDirty (no rebuild) thingCt=42007 lastThingCt=42006 topoDirty=true
[MEM] topoDirty (no rebuild) thingCt=42008 lastThingCt=42007 topoDirty=true
[MEM] topoDirty (no rebuild) thingCt=42009 lastThingCt=42008 topoDirty=true
[MEM] topoDirty (no rebuild) thingCt=42010 lastThingCt=42009 topoDirty=true
[MEM] topoDirty (no rebuild) thingCt=42011 lastThingCt=42010 topoDirty=true
[MEM] topoDirty (no rebuild) thingCt=42012 lastThingCt=42011 topoDirty=true
Exception in thread "Thread-256" uk.ac.manchester.tornado.api.exceptions.TornadoOutOfMemoryException: Unable to allocate 24000016 bytes of memory.[33m
	To increase the maximum device memory, use -Dtornado.device.memory=<X>GB
[0m
	at tornado.drivers.common@4.0.1-dev/uk.ac.manchester.tornado.drivers.common.TornadoBufferProvider.freeUnusedNativeBufferAndAssignRegion(TornadoBufferProvider.java:184)
	at tornado.drivers.common@4.0.1-dev/uk.ac.manchester.tornado.drivers.common.TornadoBufferProvider.getOrAllocateBufferWithSize(TornadoBufferProvider.java:211)
	at tornado.drivers.ptx@4.0.1-dev/uk.ac.manchester.tornado.drivers.ptx.mm.PTXMemorySegmentWrapper.allocate(PTXMemorySegmentWrapper.java:183)
	at tornado.drivers.ptx@4.0.1-dev/uk.ac.manchester.tornado.drivers.ptx.runtime.PTXTornadoDevice.allocate(PTXTornadoDevice.java:350)
	at tornado.drivers.ptx@4.0.1-dev/uk.ac.manchester.tornado.drivers.ptx.runtime.PTXTornadoDevice.allocateObjects(PTXTornadoDevice.java:320)
	at tornado.runtime@4.0.1-dev/uk.ac.manchester.tornado.runtime.interpreter.TornadoVMInterpreter.executeAlloc(TornadoVMInterpreter.java:692)
	at tornado.runtime@4.0.1-dev/uk.ac.manchester.tornado.runtime.interpreter.TornadoVMInterpreter.execute(TornadoVMInterpreter.java:300)
	at tornado.runtime@4.0.1-dev/uk.ac.manchester.tornado.runtime.interpreter.TornadoVMInterpreter.execute(TornadoVMInterpreter.java:1235)
	at java.base/java.util.Spliterators$ArraySpliterator.forEachRemaining(Spliterators.java:1024)
	at java.base/java.util.stream.ReferencePipeline$Head.forEach(ReferencePipeline.java:762)
	at tornado.runtime@4.0.1-dev/uk.ac.manchester.tornado.runtime.TornadoVM.executeInterpreterSingleThreaded(TornadoVM.java:127)
	at tornado.runtime@4.0.1-dev/uk.ac.manchester.tornado.runtime.TornadoVM.execute(TornadoVM.java:114)
	at tornado.runtime@4.0.1-dev/uk.ac.manchester.tornado.runtime.tasks.TornadoTaskGraph.scheduleInner(TornadoTaskGraph.java:916)
	at tornado.runtime@4.0.1-dev/uk.ac.manchester.tornado.runtime.tasks.TornadoTaskGraph.execute(TornadoTaskGraph.java:1579)
	at tornado.runtime@4.0.1-dev/uk.ac.manchester.tornado.runtime.tasks.TornadoTaskGraph.execute(TornadoTaskGraph.java:1599)
	at tornado.api@4.0.1-dev/uk.ac.manchester.tornado.api.TaskGraph.execute(TaskGraph.java:804)
	at tornado.api@4.0.1-dev/uk.ac.manchester.tornado.api.ImmutableTaskGraph.execute(ImmutableTaskGraph.java:50)
	at tornado.api@4.0.1-dev/uk.ac.manchester.tornado.api.TornadoExecutor.lambda$execute$0(TornadoExecutor.java:53)
	at java.base/java.util.ArrayList.forEach(ArrayList.java:1596)
	at tornado.api@4.0.1-dev/uk.ac.manchester.tornado.api.TornadoExecutor.execute(TornadoExecutor.java:53)
	at tornado.api@4.0.1-dev/uk.ac.manchester.tornado.api.TornadoExecutionPlan.execute(TornadoExecutionPlan.java:182)
	at boxOfActin.GPUMotorBinding.detectBindings(GPUMotorBinding.java:1242)
	at boxOfActin.BoxOfActin.doLoop(BoxOfActin.java:1001)
	at boxOfActin.BoxOfActin$TimeLoop.run(BoxOfActin.java:849)
