WARNING: Using incubator modules: jdk.incubator.vector
[TELEPORT_DIAG] enabled=false threshold=0.1
Loading parameter values from /home/jba/Code/BoA/ParameterFiles/glidingAssay500_val...
     Parameter assigned: deltaT set to 1.0E-5
     Parameter assigned: biochemDeltaT set to 0.01
     Parameter assigned: collisionDeltaT set to 1.0E-5
     Parameter assigned: brownianDeltaT set to 1.0E-5
     Parameter assigned: runTime set to 0.1
     Parameter assigned: toFileInterval set to 100
     Parameter assigned: remoteWriteInterval set to 1000
     Parameter assigned: fracMove set to 0.5
     Parameter assigned: fracR set to 0.1
     Parameter assigned: fracMoveTorq set to 0.2
     Parameter assigned: boxXDim set to 14.0
     Parameter assigned: boxYDim set to 2.0
     Parameter assigned: boxZDim set to 0.5
     Parameter assigned: aeta set to 0.1
     Parameter assigned: noMonomersSimd set to true
     Parameter assigned: kRdmNuc set to 0.0
     Parameter assigned: kNodeNuc set to 0.0
     Parameter assigned: initialFilaments set to 0
     Parameter assigned: initialMyoMiniFils set to 0
     Parameter assigned: equilNodes set to 0
     Parameter assigned: glidingAssay set to true
     Parameter assigned: externalDensitySweep set to true
     Parameter assigned: fixedMyosinDensity set to 500.0
     Parameter assigned: fixedMyosinZValue set to -0.05
     Parameter assigned: glidingFilamentLength set to 2.0
     Parameter assigned: filSegLength set to 64
Done... there were 0 misunderstandings.
**************************************************************
Eulerian Mesh stats:
nXBins = 71; xBinWidth = 0.2 µm
nYBins = 11; yBinWidth = 0.2 µm
binDepth = 1000
**************************************************************
MotorBindGrid3D: 71 x 11 x 4 cells (0.2 µm each)
[MEM] tag=build-startup-before rebuildIdx=0 step=0 moveMem=-1 bindMem=-1 total=0
GPUMotorBinding (resident): motorCap=500000 segCap=1000000 totalCells=3124 contentsCap=3124000 bindBlk=64 segBboxBlk=128
GPUMoveThing: slotCap=84004 myoCap=28000 moveBlock=64 jointBlock=64 runSeed=-285867265 nWorkers=16
[MEM] tag=build-startup-after rebuildIdx=1 step=0 moveMem=0 bindMem=0 total=0
[MEM] topoDirty (no rebuild) thingCt=42002 lastThingCt=-1 topoDirty=true
[MEM] topoDirty (no rebuild) thingCt=42003 lastThingCt=42002 topoDirty=true
[MEM] topoDirty (no rebuild) thingCt=42004 lastThingCt=42003 topoDirty=true
[MEM] topoDirty (no rebuild) thingCt=42005 lastThingCt=42004 topoDirty=true
[MEM] topoDirty (no rebuild) thingCt=42006 lastThingCt=42005 topoDirty=true
[MEM] topoDirty (no rebuild) thingCt=42007 lastThingCt=42006 topoDirty=true
[MEM] topoDirty (no rebuild) thingCt=42008 lastThingCt=42007 topoDirty=true
[MEM] topoDirty (no rebuild) thingCt=42009 lastThingCt=42008 topoDirty=true
[MEM] topoDirty (no rebuild) thingCt=42010 lastThingCt=42009 topoDirty=true
[MEM] topoDirty (no rebuild) thingCt=42011 lastThingCt=42010 topoDirty=true
[MEM] topoDirty (no rebuild) thingCt=42012 lastThingCt=42011 topoDirty=true
[GATHER] call=1000 totalDirty=0 maxThread=0 cumAvg=0.0 cumMaxPerThread=0
[MEM] tag=periodic rebuildIdx=1 step=500 moveMem=7056416 bindMem=-26520980 total=7056416
[GATHER] call=2000 totalDirty=0 maxThread=0 cumAvg=0.0 cumMaxPerThread=0
[MEM] tag=periodic rebuildIdx=1 step=1000 moveMem=7056416 bindMem=-26520980 total=7056416
Sim. time=00.01....~50.77 minutes computation to simulate 1 sec, run finished in ~00.08 hours
[GATHER] call=3000 totalDirty=0 maxThread=0 cumAvg=0.0 cumMaxPerThread=0
[MEM] tag=periodic rebuildIdx=1 step=1500 moveMem=7056416 bindMem=-26520980 total=7056416
[GATHER] call=4000 totalDirty=0 maxThread=0 cumAvg=0.0 cumMaxPerThread=0
[MEM] tag=periodic rebuildIdx=1 step=2000 moveMem=7056416 bindMem=-26520980 total=7056416
Sim. time=00.02....~44.40 minutes computation to simulate 1 sec, run finished in ~00.06 hours
[GATHER] call=5000 totalDirty=0 maxThread=0 cumAvg=0.0 cumMaxPerThread=0
[MEM] tag=periodic rebuildIdx=1 step=2500 moveMem=7056416 bindMem=-26520980 total=7056416
[GATHER] call=6000 totalDirty=0 maxThread=0 cumAvg=0.0 cumMaxPerThread=0
[MEM] tag=periodic rebuildIdx=1 step=3000 moveMem=7056416 bindMem=-26520980 total=7056416
Sim. time=00.03....~44.40 minutes computation to simulate 1 sec, run finished in ~00.05 hours
[GATHER] call=7000 totalDirty=0 maxThread=0 cumAvg=0.0 cumMaxPerThread=0
[MEM] tag=periodic rebuildIdx=1 step=3500 moveMem=7056416 bindMem=-26520980 total=7056416
[GATHER] call=8000 totalDirty=0 maxThread=0 cumAvg=0.0 cumMaxPerThread=0
[MEM] tag=periodic rebuildIdx=1 step=4000 moveMem=7056416 bindMem=-26520980 total=7056416
Sim. time=00.04....~44.47 minutes computation to simulate 1 sec, run finished in ~00.04 hours
[GATHER] call=9000 totalDirty=0 maxThread=0 cumAvg=0.0 cumMaxPerThread=0
[MEM] tag=periodic rebuildIdx=1 step=4500 moveMem=7056416 bindMem=-26520980 total=7056416
[GATHER] call=10000 totalDirty=0 maxThread=0 cumAvg=0.0 cumMaxPerThread=0
[MEM] tag=periodic rebuildIdx=1 step=5000 moveMem=7056416 bindMem=-26520980 total=7056416
Sim. time=00.05....~44.36 minutes computation to simulate 1 sec, run finished in ~00.04 hours
[GATHER] call=11000 totalDirty=0 maxThread=0 cumAvg=0.0 cumMaxPerThread=0
[MEM] tag=periodic rebuildIdx=1 step=5500 moveMem=7056416 bindMem=-26520980 total=7056416
[GATHER] call=12000 totalDirty=0 maxThread=0 cumAvg=0.0 cumMaxPerThread=0
[MEM] tag=periodic rebuildIdx=1 step=6000 moveMem=7056416 bindMem=-26520980 total=7056416
Sim. time=00.06....~44.19 minutes computation to simulate 1 sec, run finished in ~00.03 hours
[GATHER] call=13000 totalDirty=0 maxThread=0 cumAvg=0.0 cumMaxPerThread=0
[MEM] tag=periodic rebuildIdx=1 step=6500 moveMem=7056416 bindMem=-26520980 total=7056416
[GATHER] call=14000 totalDirty=0 maxThread=0 cumAvg=0.0 cumMaxPerThread=0
[MEM] tag=periodic rebuildIdx=1 step=7000 moveMem=7056416 bindMem=-26520980 total=7056416
Sim. time=00.07....~44.03 minutes computation to simulate 1 sec, run finished in ~00.02 hours
[GATHER] call=15000 totalDirty=0 maxThread=0 cumAvg=0.0 cumMaxPerThread=0
[MEM] tag=periodic rebuildIdx=1 step=7500 moveMem=7056416 bindMem=-26520980 total=7056416
[GATHER] call=16000 totalDirty=0 maxThread=0 cumAvg=0.0 cumMaxPerThread=0
[MEM] tag=periodic rebuildIdx=1 step=8000 moveMem=7056416 bindMem=-26520980 total=7056416
Sim. time=00.08....~44.18 minutes computation to simulate 1 sec, run finished in ~00.01 hours
[GATHER] call=17000 totalDirty=0 maxThread=0 cumAvg=0.0 cumMaxPerThread=0
[MEM] tag=periodic rebuildIdx=1 step=8500 moveMem=7056416 bindMem=-26520980 total=7056416
[GATHER] call=18000 totalDirty=0 maxThread=0 cumAvg=0.0 cumMaxPerThread=0
[MEM] tag=periodic rebuildIdx=1 step=9000 moveMem=7056416 bindMem=-26520980 total=7056416
Sim. time=00.09....~44.13 minutes computation to simulate 1 sec, run finished in ~00.01 hours
[GATHER] call=19000 totalDirty=0 maxThread=0 cumAvg=0.0 cumMaxPerThread=0
[MEM] tag=periodic rebuildIdx=1 step=9500 moveMem=7056416 bindMem=-26520980 total=7056416
[GATHER] call=20000 totalDirty=0 maxThread=0 cumAvg=0.0 cumMaxPerThread=0
[MEM] tag=periodic rebuildIdx=1 step=10000 moveMem=7056416 bindMem=-26520980 total=7056416
Sim. time=00.10....~44.20 minutes computation to simulate 1 sec, run finished in ~00.00 hours
collisionTime = 0.0
myosinTime = 0.0
[STATS] bindEvents=1020
[STATS] checkBugInsideFireCt=0
[STATS] addLinkForcesFireCt=0
[STATS] addTorsionFireCt=0
[STATS] meshFillFilSegFireCt=111056
[STATS] meshAllSegsFireCt=0
[STATS] mbg3dFillFilSegFireCt=0
[STATS] updatePosFromBindFireCt=1020
[STATS] updatePosFromStepFireCt=0
[STATS] validateSegFireCt=80598
[STATS] anchorFireCt=0
[STATS] filSegInitFireCt=21
[STATS] motorInitFireCt=14000
[STATS] meanBoundMotors=7.984
[STATS] gpuMotorBinding total=50.150s calls=10101 pack=0.093s gridPack=0.000s exec=49.744s unpack=0.312s
[STATS] gpuMoveThing total=78.528s calls=10101 slotPack=20.358s jointPack=9.792s exec=31.571s unpack=16.793s
[STATS] gpuMoveThing demandSyncPose=13.671s(calls=10101) demandSyncDerived=0.000s(calls=0) planRebuild=1
[STATS] glidingVelocity=8.4267
ThingStep Threads took 52.416000 seconds.
ThingBrownian Threads took 9.550000 seconds.
Myosin Threads took 8.502000 seconds.
MyoDimer Threads took 0.000000 seconds.
Protein Node Threads took 0.000000 seconds.
MyoMiniFil Threads took 0.000000 seconds.
Chamber Myo Threads took 0.000000 seconds.
Chamber MyoDimer Threads took 0.000000 seconds.
Mesh Threads took 19.941000 seconds.
Ck Mesh Threads took 8.096000 seconds.
Ck Mots Threads took 0.000000 seconds.
XLink Threads took 0.000000 seconds.
Arp23 Threads took 0.000000 seconds.
NodeLink Threads took 0.000000 seconds.
Membrane Node Threads took 0.000000 seconds.
ActA Threads took 0.000000 seconds.
MotorBindGrid3D Fill took 0.000000 seconds.
Finished closing JSON plots!
