WARNING: Using incubator modules: jdk.incubator.vector
[TELEPORT_DIAG] enabled=false threshold=0.1
Loading parameter values from /home/jba/Code/BoA/ParameterFiles/glidingAssay500_val...
     Parameter assigned: deltaT set to 1.0E-5
     Parameter assigned: biochemDeltaT set to 0.01
     Parameter assigned: collisionDeltaT set to 1.0E-5
     Parameter assigned: brownianDeltaT set to 1.0E-5
     Parameter assigned: runTime set to 0.1
     Parameter assigned: toFileInterval set to 100
     Parameter assigned: remoteWriteInterval set to 1000
     Parameter assigned: fracMove set to 0.5
     Parameter assigned: fracR set to 0.1
     Parameter assigned: fracMoveTorq set to 0.2
     Parameter assigned: boxXDim set to 14.0
     Parameter assigned: boxYDim set to 2.0
     Parameter assigned: boxZDim set to 0.5
     Parameter assigned: aeta set to 0.1
     Parameter assigned: noMonomersSimd set to true
     Parameter assigned: kRdmNuc set to 0.0
     Parameter assigned: kNodeNuc set to 0.0
     Parameter assigned: initialFilaments set to 0
     Parameter assigned: initialMyoMiniFils set to 0
     Parameter assigned: equilNodes set to 0
     Parameter assigned: glidingAssay set to true
     Parameter assigned: externalDensitySweep set to true
     Parameter assigned: fixedMyosinDensity set to 500.0
     Parameter assigned: fixedMyosinZValue set to -0.05
     Parameter assigned: glidingFilamentLength set to 2.0
     Parameter assigned: filSegLength set to 64
Done... there were 0 misunderstandings.
**************************************************************
Eulerian Mesh stats:
nXBins = 71; xBinWidth = 0.2 µm
nYBins = 11; yBinWidth = 0.2 µm
binDepth = 1000
**************************************************************
MotorBindGrid3D: 71 x 11 x 4 cells (0.2 µm each)
GPUMotorBinding (resident): motorCap=500000 segCap=1000000 totalCells=3124 contentsCap=3124000 bindBlk=64 segBboxBlk=128
GPUMoveThing: slotCap=84004 myoCap=28000 moveBlock=64 jointBlock=64 runSeed=-1086802225 nWorkers=16
[GATHER] call=1000 totalDirty=0 maxThread=0 cumAvg=0.0 cumMaxPerThread=0
[GATHER] call=2000 totalDirty=0 maxThread=0 cumAvg=0.0 cumMaxPerThread=0
Sim. time=00.01....~62.76 minutes computation to simulate 1 sec, run finished in ~00.09 hours
[GATHER] call=3000 totalDirty=0 maxThread=0 cumAvg=0.0 cumMaxPerThread=0
[GATHER] call=4000 totalDirty=0 maxThread=0 cumAvg=0.0 cumMaxPerThread=0
Sim. time=00.02....~54.75 minutes computation to simulate 1 sec, run finished in ~00.07 hours
[GATHER] call=5000 totalDirty=0 maxThread=0 cumAvg=0.0 cumMaxPerThread=0
[GATHER] call=6000 totalDirty=0 maxThread=0 cumAvg=0.0 cumMaxPerThread=0
Sim. time=00.03....~54.76 minutes computation to simulate 1 sec, run finished in ~00.06 hours
[GATHER] call=7000 totalDirty=0 maxThread=0 cumAvg=0.0 cumMaxPerThread=0
[GATHER] call=8000 totalDirty=0 maxThread=0 cumAvg=0.0 cumMaxPerThread=0
Sim. time=00.04....~54.43 minutes computation to simulate 1 sec, run finished in ~00.05 hours
[GATHER] call=9000 totalDirty=0 maxThread=0 cumAvg=0.0 cumMaxPerThread=0
[GATHER] call=10000 totalDirty=0 maxThread=0 cumAvg=0.0 cumMaxPerThread=0
Sim. time=00.05....~54.50 minutes computation to simulate 1 sec, run finished in ~00.05 hours
[GATHER] call=11000 totalDirty=0 maxThread=0 cumAvg=0.0 cumMaxPerThread=0
[GATHER] call=12000 totalDirty=0 maxThread=0 cumAvg=0.0 cumMaxPerThread=0
Sim. time=00.06....~54.48 minutes computation to simulate 1 sec, run finished in ~00.04 hours
[GATHER] call=13000 totalDirty=0 maxThread=0 cumAvg=0.0 cumMaxPerThread=0
[GATHER] call=14000 totalDirty=0 maxThread=0 cumAvg=0.0 cumMaxPerThread=0
Sim. time=00.07....~44.29 minutes computation to simulate 1 sec, run finished in ~00.02 hours
[GATHER] call=15000 totalDirty=0 maxThread=0 cumAvg=0.0 cumMaxPerThread=0
[GATHER] call=16000 totalDirty=0 maxThread=0 cumAvg=0.0 cumMaxPerThread=0
Sim. time=00.08....~44.73 minutes computation to simulate 1 sec, run finished in ~00.01 hours
[GATHER] call=17000 totalDirty=0 maxThread=0 cumAvg=0.0 cumMaxPerThread=0
[GATHER] call=18000 totalDirty=0 maxThread=0 cumAvg=0.0 cumMaxPerThread=0
Sim. time=00.09....~44.38 minutes computation to simulate 1 sec, run finished in ~00.01 hours
[GATHER] call=19000 totalDirty=0 maxThread=0 cumAvg=0.0 cumMaxPerThread=0
[GATHER] call=20000 totalDirty=0 maxThread=0 cumAvg=0.0 cumMaxPerThread=0
Sim. time=00.10....~44.34 minutes computation to simulate 1 sec, run finished in ~00.00 hours
collisionTime = 0.0
myosinTime = 0.0
[STATS] bindEvents=815
[STATS] checkBugInsideFireCt=0
[STATS] addLinkForcesFireCt=0
[STATS] addTorsionFireCt=0
[STATS] meshFillFilSegFireCt=111056
[STATS] meshAllSegsFireCt=0
[STATS] mbg3dFillFilSegFireCt=0
[STATS] updatePosFromBindFireCt=815
[STATS] updatePosFromStepFireCt=0
[STATS] validateSegFireCt=74240
[STATS] anchorFireCt=0
[STATS] filSegInitFireCt=21
[STATS] motorInitFireCt=14000
[STATS] meanBoundMotors=7.355
[STATS] gpuMotorBinding total=66.284s calls=10101 pack=0.107s gridPack=0.000s exec=65.825s unpack=0.350s
[STATS] gpuMoveThing total=102.665s calls=10101 slotPack=29.025s jointPack=12.589s exec=41.439s unpack=19.593s
[STATS] gpuMoveThing demandSyncPose=15.088s(calls=10101) demandSyncDerived=0.000s(calls=0) planRebuild=1
[STATS] glidingVelocity=7.7343
ThingStep Threads took 56.055000 seconds.
ThingBrownian Threads took 10.323000 seconds.
Myosin Threads took 6.912000 seconds.
MyoDimer Threads took 0.000000 seconds.
Protein Node Threads took 0.000000 seconds.
MyoMiniFil Threads took 0.000000 seconds.
Chamber Myo Threads took 0.000000 seconds.
Chamber MyoDimer Threads took 0.000000 seconds.
Mesh Threads took 19.841000 seconds.
Ck Mesh Threads took 6.344000 seconds.
Ck Mots Threads took 0.000000 seconds.
XLink Threads took 0.000000 seconds.
Arp23 Threads took 0.000000 seconds.
NodeLink Threads took 0.000000 seconds.
Membrane Node Threads took 0.000000 seconds.
ActA Threads took 0.000000 seconds.
MotorBindGrid3D Fill took 0.000000 seconds.
Finished closing JSON plots!
