WARNING: Using incubator modules: jdk.incubator.vector
[TELEPORT_DIAG] enabled=false threshold=0.1
[MOTOR_DIAG] DIAG_CPU_MOTOR forced ON via env var (CPU pair runs)
[RELEASE_LAG_DIAG] DIAG_RELEASE_LAG forced ON (CPU release reads prior-step forceDotFil; mimics device lag)
Loading parameter values from /home/jba/Code/BoA/ParameterFiles/glidingAssay500_val_3jsdemo...
     Parameter assigned: deltaT set to 1.0E-5
     Parameter assigned: biochemDeltaT set to 0.01
     Parameter assigned: collisionDeltaT set to 1.0E-5
     Parameter assigned: brownianDeltaT set to 1.0E-5
     Parameter assigned: runTime set to 0.05
     Parameter assigned: toFileInterval set to 500
     Parameter assigned: remoteWriteInterval set to 1000
     Parameter assigned: fracMove set to 0.5
     Parameter assigned: fracR set to 0.1
     Parameter assigned: fracMoveTorq set to 0.2
     Parameter assigned: boxXDim set to 14.0
     Parameter assigned: boxYDim set to 2.0
     Parameter assigned: boxZDim set to 0.5
     Parameter assigned: aeta set to 0.1
     Parameter assigned: noMonomersSimd set to true
     Parameter assigned: kRdmNuc set to 0.0
     Parameter assigned: kNodeNuc set to 0.0
     Parameter assigned: initialFilaments set to 0
     Parameter assigned: initialMyoMiniFils set to 0
     Parameter assigned: equilNodes set to 0
     Parameter assigned: glidingAssay set to true
     Parameter assigned: externalDensitySweep set to true
     Parameter assigned: fixedMyosinDensity set to 500.0
     Parameter assigned: fixedMyosinZValue set to -0.05
     Parameter assigned: glidingFilamentLength set to 2.0
     Parameter assigned: filSegLength set to 64
Done... there were 0 misunderstandings.
**************************************************************
Eulerian Mesh stats:
nXBins = 71; xBinWidth = 0.2 µm
nYBins = 11; yBinWidth = 0.2 µm
binDepth = 1000
**************************************************************
MotorBindGrid3D: 71 x 11 x 4 cells (0.2 µm each)
GPUMoveThing: slotCap=84004 myoCap=28000 moveBlock=64 jointBlock=64 runSeed=-285867265 nWorkers=16
GPUMotorBinding: motorCap=500000 segCap=1000000 totalCells=3124 contentsCap=3124000 blockSize=64
ThreeJSWriter: created directory /home/jba/Code/BoA/RUN_LOGS/2026-06-04_release_lag_diag/3js_laggedCPU_seed1
ThreeJSWriter: output directory RUN_LOGS/2026-06-04_release_lag_diag/3js_laggedCPU_seed1
ThreeJSWriter: archived 1 source files to source.zip
ThreeJSWriter: wrote params_input.glidingAssay500_val_3jsdemo
ThreeJSWriter: wrote params_effective.txt (237 parameters)
[GATHER] call=1000 totalDirty=0 maxThread=0 cumAvg=5.4 cumMaxPerThread=8
[GATHER] call=2000 totalDirty=0 maxThread=0 cumAvg=7.8 cumMaxPerThread=8
Sim. time=00.01....~60.32 minutes computation to simulate 1 sec, run finished in ~00.04 hours
[GATHER] call=3000 totalDirty=0 maxThread=0 cumAvg=8.3 cumMaxPerThread=8
[GATHER] call=4000 totalDirty=0 maxThread=0 cumAvg=8.6 cumMaxPerThread=8
Sim. time=00.02....~55.22 minutes computation to simulate 1 sec, run finished in ~00.03 hours
[GATHER] call=5000 totalDirty=0 maxThread=0 cumAvg=8.8 cumMaxPerThread=8
[GATHER] call=6000 totalDirty=0 maxThread=0 cumAvg=8.7 cumMaxPerThread=8
Sim. time=00.03....~54.98 minutes computation to simulate 1 sec, run finished in ~00.02 hours
[GATHER] call=7000 totalDirty=0 maxThread=0 cumAvg=8.4 cumMaxPerThread=8
[GATHER] call=8000 totalDirty=0 maxThread=0 cumAvg=8.5 cumMaxPerThread=8
Sim. time=00.04....~54.83 minutes computation to simulate 1 sec, run finished in ~00.01 hours
[GATHER] call=9000 totalDirty=0 maxThread=0 cumAvg=8.3 cumMaxPerThread=8
[GATHER] call=10000 totalDirty=0 maxThread=0 cumAvg=8.3 cumMaxPerThread=8
Sim. time=00.05....~55.09 minutes computation to simulate 1 sec, run finished in ~-00.00 hours
collisionTime = 0.0
myosinTime = 0.0
[STATS] bindEvents=508
[STATS] meanBoundMotors=8.314
[STATS] gpuMotorBinding total=38.086s calls=5100 pack=0.630s gridPack=0.048s exec=37.108s unpack=0.260s
[STATS] gpuMoveThing total=47.668s calls=5100 slotPack=7.224s jointPack=4.899s exec=18.320s unpack=17.223s
[STATS] glidingVelocity=11.4878
ThingStep Threads took 27.297000 seconds.
ThingBrownian Threads took 5.100000 seconds.
Myosin Threads took 4.757000 seconds.
MyoDimer Threads took 0.000000 seconds.
Protein Node Threads took 0.000000 seconds.
MyoMiniFil Threads took 0.000000 seconds.
Chamber Myo Threads took 0.000000 seconds.
Chamber MyoDimer Threads took 0.000000 seconds.
Mesh Threads took 10.414000 seconds.
Ck Mesh Threads took 4.420000 seconds.
Ck Mots Threads took 0.000000 seconds.
XLink Threads took 0.000000 seconds.
Arp23 Threads took 0.000000 seconds.
NodeLink Threads took 0.000000 seconds.
Membrane Node Threads took 0.000000 seconds.
ActA Threads took 0.000000 seconds.
MotorBindGrid3D Fill took 4.248000 seconds.
Finished closing JSON plots!
