[TELEPORT_DIAG] enabled=false threshold=0.1
Loading parameter values from /home/jba/Code/BoA/ParameterFiles/nodeContractilityAssay_short...
     Parameter assigned: deltaT set to 1.0E-5
     Parameter assigned: biochemDeltaT set to 0.01
     Parameter assigned: collisionDeltaT set to 1.0E-5
     No match found for parameter label brownianDeltaT ... you best check that out!
     Parameter assigned: runTime set to 0.15
     Parameter assigned: toFileInterval set to 500
     Parameter assigned: remoteWriteInterval set to 5000
     Parameter assigned: fracMove set to 0.0573
     Parameter assigned: fracR set to 1.0
     Parameter assigned: fracMoveTorq set to 0.01
     Parameter assigned: aeta set to 0.1
     Parameter assigned: boxXDim set to 4.0
     Parameter assigned: boxYDim set to 0.3
     Parameter assigned: boxZDim set to 0.2
     Parameter assigned: nodeContractilityAssay set to true
     Parameter assigned: contractFilNSegs set to 13
     Parameter assigned: contractFilYOffset set to 0.05
     Parameter assigned: contractNoMotor set to false
     Parameter assigned: contractReversePolarity set to false
     Parameter assigned: filSegLength set to 64
     Parameter assigned: noMonomersSimd set to true
     Parameter assigned: contractNodeRadius set to 0.06
     Parameter assigned: contractNodeCount set to 1
     Parameter assigned: contractNodeYOffset set to 0.05
     Parameter assigned: numNodeMyos set to 60
     Parameter assigned: numNodeMyoDimers set to 30
     Parameter assigned: nodeLifetime set to 1.0E9
     Parameter assigned: myoBrownianAttn set to 1.0
     Parameter assigned: BTransCoeff set to 1.0
     Parameter assigned: BRotCoeff set to 0.3
     Parameter assigned: myosinStallForce set to 2.0
     No match found for parameter label myosinReleaseRate ... you best check that out!
     No match found for parameter label myoFBRBase ... you best check that out!
     No match found for parameter label myoFBRExp ... you best check that out!
     No match found for parameter label bugOff ... you best check that out!
     Parameter assigned: simOutsideBug set to false
     Parameter assigned: initialFilaments set to 0
     Parameter assigned: initialMyoMiniFils set to 0
     Parameter assigned: initialNodes set to 0
     Parameter assigned: equilNodes set to 0
     Parameter assigned: kRdmNuc set to 0.0
     Parameter assigned: kNodeNuc set to 0.0
     Parameter assigned: kATPOn1 set to 0.0
     Parameter assigned: kATPOff1 set to 0.0
     Parameter assigned: kADPOff1 set to 0.0
     Parameter assigned: kATPOn2 set to 0.0
     Parameter assigned: kATPOff2 set to 0.0
     Parameter assigned: kADPOff2 set to 0.0
     Parameter assigned: capRate set to 0.0
     Parameter assigned: cofilinRate set to 0.0
     Parameter assigned: cofilinConc set to 0.0
     Parameter assigned: kHydrolysis set to 0.0
     Parameter assigned: kDissociation set to 0.0
Done... there were 5 misunderstandings.
[RNG] per-worker RNG pool: 17 MTFs, masterSeed=5328880959279089707 (BOA_RNG_SEED unset)
Node trans/rot diff =3.640E-14 / 7.583E0
[CONTRACT][NODE] box X=4.000 µm (anchors at x=+/-1.900, 0.10 µm inset), 13-seg filaments, Lfil=2.282 µm
[CONTRACT][NODE] yOffset=+/-0.050 µm, overlap=0.763 µm, nodes=1 radius=0.060 µm, myo heads/node=120, reach=0.148 µm, polarity=normal (plus ends outward), motor=ON
**************************************************************
Eulerian Mesh stats:
nXBins = 21; xBinWidth = 0.2 µm
nYBins = 3; yBinWidth = 0.2 µm
binDepth = 1000
**************************************************************
MotorBindGrid3D: 21 x 3 x 2 cells (0.2 µm each)
[22:24] [phase-plan] inert-wave cull — ThreadSet activation snapshot:
[22:24]   ON   ThingStep Threads
[22:24]   ON   ThingBrownian Threads
[22:24]   ON   Myosin Threads
[22:24]   ON   MyoDimer Threads
[22:24]   ON   Protein Node Threads
[22:24]   OFF  MyoMiniFil Threads
[22:24]   OFF  Chamber Myo Threads
[22:24]   OFF  Chamber MyoDimer Threads
[22:24]   ON   Mesh Threads
[22:24]   ON   Ck Mesh Threads
[22:24]   ON   Ck Mots Threads
[22:24]   OFF  XLink Threads
[22:24]   OFF  Arp23 Threads
[22:24]   OFF  NodeLink Threads
[22:24]   ON   Membrane Node Threads
[22:24]   OFF  ActA Threads
[22:24]   ON   MotorBindGrid3D Fill
[22:24] [phase-plan] 10 active, 7 inert (will skip dispatch)
[STATS] contractility step=1 t=0.0000 tensionA=0.2823 tensionB=0.2823 pN boundMotors=0 | avgBound=0.00 ewmaBound=0.00 avgTension=0.282 ewmaTension=0.282 peakTension=0.282 pN
[GATHER] call=1000 totalDirty=0 maxThread=0 cumAvg=293.8 cumMaxPerThread=111
[STATS] contractility step=501 t=0.0050 tensionA=0.2705 tensionB=0.2823 pN boundMotors=1 | avgBound=1.06 ewmaBound=1.25 avgTension=0.281 ewmaTension=0.279 peakTension=0.282 pN
[GATHER] call=2000 totalDirty=0 maxThread=0 cumAvg=294.1 cumMaxPerThread=111
[STATS] contractility step=1001 t=0.0100 tensionA=0.2260 tensionB=0.2706 pN boundMotors=3 | avgBound=1.64 ewmaBound=2.42 avgTension=0.272 ewmaTension=0.259 peakTension=0.282 pN
[GATHER] call=3000 totalDirty=0 maxThread=0 cumAvg=294.7 cumMaxPerThread=111
[STATS] contractility step=1501 t=0.0150 tensionA=0.1914 tensionB=0.3411 pN boundMotors=6 | avgBound=2.27 ewmaBound=4.03 avgTension=0.264 ewmaTension=0.254 peakTension=0.282 pN
[GATHER] call=4000 totalDirty=0 maxThread=0 cumAvg=295.6 cumMaxPerThread=111
[STATS] contractility step=2001 t=0.0200 tensionA=0.2815 tensionB=0.4433 pN boundMotors=7 | avgBound=3.17 ewmaBound=5.48 avgTension=0.277 ewmaTension=0.329 peakTension=0.362 pN
[GATHER] call=5000 totalDirty=0 maxThread=0 cumAvg=296.1 cumMaxPerThread=111
[STATS] contractility step=2501 t=0.0250 tensionA=0.3760 tensionB=0.4340 pN boundMotors=6 | avgBound=3.75 ewmaBound=5.64 avgTension=0.298 ewmaTension=0.385 peakTension=0.405 pN
[GATHER] call=6000 totalDirty=0 maxThread=0 cumAvg=296.3 cumMaxPerThread=111
[STATS] contractility step=3001 t=0.0300 tensionA=0.4805 tensionB=0.4374 pN boundMotors=4 | avgBound=3.87 ewmaBound=4.22 avgTension=0.321 ewmaTension=0.441 peakTension=0.459 pN
[GATHER] call=7000 totalDirty=0 maxThread=0 cumAvg=296.3 cumMaxPerThread=111
[STATS] contractility step=3501 t=0.0350 tensionA=0.4937 tensionB=0.4075 pN boundMotors=4 | avgBound=4.01 ewmaBound=4.87 avgTension=0.340 ewmaTension=0.453 peakTension=0.459 pN
[GATHER] call=8000 totalDirty=0 maxThread=0 cumAvg=296.2 cumMaxPerThread=112
[STATS] contractility step=4001 t=0.0400 tensionA=0.4624 tensionB=0.3588 pN boundMotors=2 | avgBound=4.00 ewmaBound=3.45 avgTension=0.352 ewmaTension=0.425 peakTension=0.459 pN
[GATHER] call=9000 totalDirty=0 maxThread=0 cumAvg=296.2 cumMaxPerThread=112
[STATS] contractility step=4501 t=0.0450 tensionA=0.5231 tensionB=0.2796 pN boundMotors=8 | avgBound=4.03 ewmaBound=5.19 avgTension=0.358 ewmaTension=0.404 peakTension=0.459 pN
[GATHER] call=10000 totalDirty=0 maxThread=0 cumAvg=296.3 cumMaxPerThread=112
Sim. time=00.05....~03.73 minutes computation to simulate 1 sec, run finished in ~00.01 hours
[STATS] contractility step=5001 t=0.0500 tensionA=0.6042 tensionB=0.2705 pN boundMotors=6 | avgBound=4.15 ewmaBound=4.76 avgTension=0.364 ewmaTension=0.424 peakTension=0.459 pN
[GATHER] call=11000 totalDirty=0 maxThread=0 cumAvg=296.5 cumMaxPerThread=112
[STATS] contractility step=5501 t=0.0550 tensionA=0.7800 tensionB=0.2733 pN boundMotors=7 | avgBound=4.35 ewmaBound=6.58 avgTension=0.373 ewmaTension=0.483 peakTension=0.527 pN
[GATHER] call=12000 totalDirty=0 maxThread=0 cumAvg=296.7 cumMaxPerThread=113
[STATS] contractility step=6001 t=0.0600 tensionA=0.9893 tensionB=0.4075 pN boundMotors=12 | avgBound=4.63 ewmaBound=8.52 avgTension=0.393 ewmaTension=0.633 peakTension=0.698 pN
[GATHER] call=13000 totalDirty=0 maxThread=0 cumAvg=296.9 cumMaxPerThread=113
[STATS] contractility step=6501 t=0.0650 tensionA=1.2079 tensionB=0.6166 pN boundMotors=8 | avgBound=5.01 ewmaBound=8.55 avgTension=0.425 ewmaTension=0.829 peakTension=0.912 pN
[GATHER] call=14000 totalDirty=0 maxThread=0 cumAvg=297.1 cumMaxPerThread=113
[STATS] contractility step=7001 t=0.0700 tensionA=1.3357 tensionB=0.6399 pN boundMotors=9 | avgBound=5.23 ewmaBound=8.34 avgTension=0.463 ewmaTension=0.958 peakTension=0.988 pN
[GATHER] call=15000 totalDirty=0 maxThread=0 cumAvg=297.2 cumMaxPerThread=113
[STATS] contractility step=7501 t=0.0750 tensionA=1.4637 tensionB=0.7033 pN boundMotors=6 | avgBound=5.40 ewmaBound=7.89 avgTension=0.501 ewmaTension=1.046 peakTension=1.083 pN
[GATHER] call=16000 totalDirty=0 maxThread=0 cumAvg=297.2 cumMaxPerThread=113
[STATS] contractility step=8001 t=0.0800 tensionA=1.5089 tensionB=0.8373 pN boundMotors=7 | avgBound=5.51 ewmaBound=7.18 avgTension=0.541 ewmaTension=1.144 peakTension=1.173 pN
[GATHER] call=17000 totalDirty=0 maxThread=0 cumAvg=297.3 cumMaxPerThread=113
[STATS] contractility step=8501 t=0.0850 tensionA=1.4041 tensionB=1.0143 pN boundMotors=9 | avgBound=5.59 ewmaBound=7.25 avgTension=0.579 ewmaTension=1.191 peakTension=1.209 pN
[GATHER] call=18000 totalDirty=0 maxThread=0 cumAvg=297.4 cumMaxPerThread=113
[STATS] contractility step=9001 t=0.0900 tensionA=1.4245 tensionB=1.0546 pN boundMotors=7 | avgBound=5.65 ewmaBound=6.87 avgTension=0.616 ewmaTension=1.240 peakTension=1.252 pN
[GATHER] call=19000 totalDirty=0 maxThread=0 cumAvg=297.5 cumMaxPerThread=113
[STATS] contractility step=9501 t=0.0950 tensionA=1.4790 tensionB=1.0757 pN boundMotors=8 | avgBound=5.79 ewmaBound=8.74 avgTension=0.648 ewmaTension=1.246 peakTension=1.277 pN
[GATHER] call=20000 totalDirty=0 maxThread=0 cumAvg=297.6 cumMaxPerThread=113
Sim. time=00.10....~03.51 minutes computation to simulate 1 sec, run finished in ~00.00 hours
[STATS] contractility step=10001 t=0.1000 tensionA=1.4828 tensionB=1.2088 pN boundMotors=8 | avgBound=5.92 ewmaBound=8.41 avgTension=0.682 ewmaTension=1.323 peakTension=1.346 pN
[GATHER] call=21000 totalDirty=0 maxThread=0 cumAvg=297.7 cumMaxPerThread=113
[STATS] contractility step=10501 t=0.1050 tensionA=1.4835 tensionB=1.3038 pN boundMotors=8 | avgBound=6.06 ewmaBound=8.81 avgTension=0.715 ewmaTension=1.375 peakTension=1.394 pN
[GATHER] call=22000 totalDirty=0 maxThread=0 cumAvg=297.8 cumMaxPerThread=113
[STATS] contractility step=11001 t=0.1100 tensionA=1.4578 tensionB=1.3530 pN boundMotors=8 | avgBound=6.13 ewmaBound=8.04 avgTension=0.746 ewmaTension=1.407 peakTension=1.414 pN
[GATHER] call=23000 totalDirty=0 maxThread=0 cumAvg=297.8 cumMaxPerThread=113
[STATS] contractility step=11501 t=0.1150 tensionA=1.4087 tensionB=1.3528 pN boundMotors=9 | avgBound=6.25 ewmaBound=9.02 avgTension=0.774 ewmaTension=1.391 peakTension=1.414 pN
[GATHER] call=24000 totalDirty=0 maxThread=0 cumAvg=297.9 cumMaxPerThread=113
[STATS] contractility step=12001 t=0.1200 tensionA=1.5510 tensionB=1.5233 pN boundMotors=8 | avgBound=6.33 ewmaBound=8.05 avgTension=0.802 ewmaTension=1.471 peakTension=1.537 pN
[GATHER] call=25000 totalDirty=0 maxThread=0 cumAvg=297.9 cumMaxPerThread=113
[STATS] contractility step=12501 t=0.1250 tensionA=1.7332 tensionB=1.5231 pN boundMotors=6 | avgBound=6.36 ewmaBound=6.98 avgTension=0.834 ewmaTension=1.595 peakTension=1.628 pN
[GATHER] call=26000 totalDirty=0 maxThread=0 cumAvg=298.0 cumMaxPerThread=113
[STATS] contractility step=13001 t=0.1300 tensionA=1.8008 tensionB=1.5565 pN boundMotors=8 | avgBound=6.40 ewmaBound=7.70 avgTension=0.866 ewmaTension=1.660 peakTension=1.679 pN
[GATHER] call=27000 totalDirty=0 maxThread=0 cumAvg=298.0 cumMaxPerThread=113
[STATS] contractility step=13501 t=0.1350 tensionA=1.9221 tensionB=1.6464 pN boundMotors=8 | avgBound=6.43 ewmaBound=7.42 avgTension=0.897 ewmaTension=1.731 peakTension=1.784 pN
[GATHER] call=28000 totalDirty=0 maxThread=0 cumAvg=298.0 cumMaxPerThread=113
[STATS] contractility step=14001 t=0.1400 tensionA=2.1382 tensionB=2.0965 pN boundMotors=5 | avgBound=6.43 ewmaBound=6.03 avgTension=0.935 ewmaTension=1.990 peakTension=2.117 pN
[GATHER] call=29000 totalDirty=0 maxThread=0 cumAvg=298.0 cumMaxPerThread=113
[STATS] contractility step=14501 t=0.1450 tensionA=2.0524 tensionB=2.2843 pN boundMotors=5 | avgBound=6.42 ewmaBound=6.21 avgTension=0.977 ewmaTension=2.167 peakTension=2.195 pN
[GATHER] call=30000 totalDirty=0 maxThread=0 cumAvg=297.9 cumMaxPerThread=113
Sim. time=00.15....~03.51 minutes computation to simulate 1 sec, run finished in ~-00.00 hours
[STATS] contractility step=15001 t=0.1500 tensionA=2.1021 tensionB=2.1307 pN boundMotors=6 | avgBound=6.40 ewmaBound=5.87 avgTension=1.016 ewmaTension=2.130 peakTension=2.195 pN
collisionTime = 0.0
myosinTime = 0.0
[STATS] bindEvents=1197
[STATS] filLinks=0 (active=0 inactive=0)
[STATS] linkCtMean=0.00 (samples=15100) linkCtMeanSettled=0.00 (samples=7601) finalActive=0
[STATS] filFilBroadphase active=false filsegMeshFillSkipped=0 candPairs=0 candMaxPerSeg=0 overflowSegs=0 drainCalls=0
[STATS] fActin segs=26 monomers=1664 fActinUM=1.44 meanSegLenUM=0.176 freePoolUM=15.00
[STATS] mem usedHeapMB=1049.1 maxHeapMB=4295.0
[STATS] percolation filaments=2 activeLinks=0 linksPerFil=0.000 largestComp=1 (50.0% of fils) spanX=0.56 spanY=0.14 spanZ=0.05 spanFrac=0.56 percolates=false
[A3] cpuFallback histogram (last classify): thingCt=0 cpuFb total=0 { FilSeg=0 MyoMini=0 ProteinNode=0 Chamber=0 other=0 }
[A3] dimer cohesion dispatch: device(noop)=0 cpu(work)=0  | body↔rod constrain: device(noop)=0 cpu(work)=0  | updateMyosins(host-bookkeeping)=0
[STATS] checkBugInsideFireCt=0
[STATS] addLinkForcesFireCt=0
[STATS] addTorsionFireCt=0
[STATS] meshFillFilSegFireCt=0
[STATS] meshAllSegsFireCt=0
[STATS] mbg3dFillFilSegFireCt=0
[STATS] updatePosFromBindFireCt=0
[STATS] updatePosFromStepFireCt=0
[STATS] validateSegFireCt=0
[STATS] anchorFireCt=0
[STATS] filSegInitFireCt=0
[STATS] motorInitFireCt=0
[STATS] meanBoundMotors=6.477
ThingStep Threads took 8.392000 seconds.
ThingBrownian Threads took 1.494000 seconds.
Myosin Threads took 1.441000 seconds.
MyoDimer Threads took 1.329000 seconds.
Protein Node Threads took 1.451000 seconds.
MyoMiniFil Threads took 0.000000 seconds.
Chamber Myo Threads took 0.000000 seconds.
Chamber MyoDimer Threads took 0.000000 seconds.
Mesh Threads took 2.778000 seconds.
Ck Mesh Threads took 1.419000 seconds.
Ck Mots Threads took 1.437000 seconds.
XLink Threads took 0.000000 seconds.
Arp23 Threads took 0.000000 seconds.
NodeLink Threads took 0.000000 seconds.
Membrane Node Threads took 1.510000 seconds.
ActA Threads took 0.000000 seconds.
MotorBindGrid3D Fill took 1.400000 seconds.
Finished closing JSON plots!
