[TELEPORT_DIAG] enabled=false threshold=0.1
Loading parameter values from /home/jba/Code/BoA/ParameterFiles/nodeContractilityAssay_noMotor_med...
     Parameter assigned: deltaT set to 1.0E-5
     Parameter assigned: biochemDeltaT set to 0.01
     Parameter assigned: collisionDeltaT set to 1.0E-5
     No match found for parameter label brownianDeltaT ... you best check that out!
     Parameter assigned: runTime set to 0.15
     Parameter assigned: toFileInterval set to 500
     Parameter assigned: remoteWriteInterval set to 5000
     Parameter assigned: fracMove set to 0.0573
     Parameter assigned: fracR set to 1.0
     Parameter assigned: fracMoveTorq set to 0.01
     Parameter assigned: aeta set to 0.1
     Parameter assigned: boxXDim set to 4.0
     Parameter assigned: boxYDim set to 0.3
     Parameter assigned: boxZDim set to 0.2
     Parameter assigned: nodeContractilityAssay set to true
     Parameter assigned: contractFilNSegs set to 13
     Parameter assigned: contractFilYOffset set to 0.05
     Parameter assigned: contractNoMotor set to true
     Parameter assigned: contractReversePolarity set to false
     Parameter assigned: filSegLength set to 64
     Parameter assigned: noMonomersSimd set to true
     Parameter assigned: contractNodeRadius set to 0.06
     Parameter assigned: contractNodeCount set to 1
     Parameter assigned: contractNodeYOffset set to 0.05
     Parameter assigned: numNodeMyos set to 60
     Parameter assigned: numNodeMyoDimers set to 30
     Parameter assigned: nodeLifetime set to 1.0E9
     Parameter assigned: myoBrownianAttn set to 1.0
     Parameter assigned: BTransCoeff set to 1.0
     Parameter assigned: BRotCoeff set to 0.3
     Parameter assigned: myosinStallForce set to 2.0
     No match found for parameter label myosinReleaseRate ... you best check that out!
     No match found for parameter label myoFBRBase ... you best check that out!
     No match found for parameter label myoFBRExp ... you best check that out!
     No match found for parameter label bugOff ... you best check that out!
     Parameter assigned: simOutsideBug set to false
     Parameter assigned: initialFilaments set to 0
     Parameter assigned: initialMyoMiniFils set to 0
     Parameter assigned: initialNodes set to 0
     Parameter assigned: equilNodes set to 0
     Parameter assigned: kRdmNuc set to 0.0
     Parameter assigned: kNodeNuc set to 0.0
     Parameter assigned: kATPOn1 set to 0.0
     Parameter assigned: kATPOff1 set to 0.0
     Parameter assigned: kADPOff1 set to 0.0
     Parameter assigned: kATPOn2 set to 0.0
     Parameter assigned: kATPOff2 set to 0.0
     Parameter assigned: kADPOff2 set to 0.0
     Parameter assigned: capRate set to 0.0
     Parameter assigned: cofilinRate set to 0.0
     Parameter assigned: cofilinConc set to 0.0
     Parameter assigned: kHydrolysis set to 0.0
     Parameter assigned: kDissociation set to 0.0
Done... there were 5 misunderstandings.
[RNG] per-worker RNG pool: 17 MTFs, masterSeed=-5684462657172223873 (BOA_RNG_SEED unset)
[CONTRACT][NODE] box X=4.000 µm (anchors at x=+/-1.900, 0.10 µm inset), 13-seg filaments, Lfil=2.282 µm
[CONTRACT][NODE] yOffset=+/-0.050 µm, overlap=0.763 µm, nodes=0 radius=0.060 µm, myo heads/node=120, reach=0.148 µm, polarity=normal (plus ends outward), motor=OFF (control)
**************************************************************
Eulerian Mesh stats:
nXBins = 21; xBinWidth = 0.2 µm
nYBins = 3; yBinWidth = 0.2 µm
binDepth = 1000
**************************************************************
MotorBindGrid3D: 21 x 3 x 2 cells (0.2 µm each)
[22:55] [phase-plan] inert-wave cull — ThreadSet activation snapshot:
[22:55]   ON   ThingStep Threads
[22:55]   ON   ThingBrownian Threads
[22:55]   ON   Myosin Threads
[22:55]   OFF  MyoDimer Threads
[22:55]   OFF  Protein Node Threads
[22:55]   OFF  MyoMiniFil Threads
[22:55]   OFF  Chamber Myo Threads
[22:55]   OFF  Chamber MyoDimer Threads
[22:55]   ON   Mesh Threads
[22:55]   ON   Ck Mesh Threads
[22:55]   ON   Ck Mots Threads
[22:55]   OFF  XLink Threads
[22:55]   OFF  Arp23 Threads
[22:55]   OFF  NodeLink Threads
[22:55]   OFF  Membrane Node Threads
[22:55]   OFF  ActA Threads
[22:55]   ON   MotorBindGrid3D Fill
[22:55] [phase-plan] 7 active, 10 inert (will skip dispatch)
[STATS] contractility step=1 t=0.0000 tensionA=0.2823 tensionB=0.2823 pN boundMotors=0 | avgBound=0.00 ewmaBound=0.00 avgTension=0.282 ewmaTension=0.282 peakTension=0.282 pN
[GATHER] call=1000 totalDirty=0 maxThread=0 cumAvg=19.2 cumMaxPerThread=4
[STATS] contractility step=501 t=0.0050 tensionA=0.2700 tensionB=0.2700 pN boundMotors=0 | avgBound=0.00 ewmaBound=0.00 avgTension=0.282 ewmaTension=0.278 peakTension=0.439 pN
[GATHER] call=2000 totalDirty=0 maxThread=0 cumAvg=19.0 cumMaxPerThread=4
[STATS] contractility step=1001 t=0.0100 tensionA=0.2255 tensionB=0.2254 pN boundMotors=0 | avgBound=0.00 ewmaBound=0.00 avgTension=0.266 ewmaTension=0.243 peakTension=0.439 pN
[GATHER] call=3000 totalDirty=0 maxThread=0 cumAvg=19.0 cumMaxPerThread=4
[STATS] contractility step=1501 t=0.0150 tensionA=0.1814 tensionB=0.1813 pN boundMotors=0 | avgBound=0.00 ewmaBound=0.00 avgTension=0.245 ewmaTension=0.198 peakTension=0.439 pN
[GATHER] call=4000 totalDirty=0 maxThread=0 cumAvg=19.0 cumMaxPerThread=4
[STATS] contractility step=2001 t=0.0200 tensionA=0.1450 tensionB=0.1449 pN boundMotors=0 | avgBound=0.00 ewmaBound=0.00 avgTension=0.224 ewmaTension=0.159 peakTension=0.439 pN
[GATHER] call=5000 totalDirty=0 maxThread=0 cumAvg=19.0 cumMaxPerThread=4
[STATS] contractility step=2501 t=0.0250 tensionA=0.1158 tensionB=0.1158 pN boundMotors=0 | avgBound=0.00 ewmaBound=0.00 avgTension=0.205 ewmaTension=0.127 peakTension=0.439 pN
[GATHER] call=6000 totalDirty=0 maxThread=0 cumAvg=19.0 cumMaxPerThread=4
[STATS] contractility step=3001 t=0.0300 tensionA=0.0924 tensionB=0.0922 pN boundMotors=0 | avgBound=0.00 ewmaBound=0.00 avgTension=0.188 ewmaTension=0.101 peakTension=0.439 pN
[GATHER] call=7000 totalDirty=0 maxThread=0 cumAvg=19.0 cumMaxPerThread=4
[STATS] contractility step=3501 t=0.0350 tensionA=0.0737 tensionB=0.0736 pN boundMotors=0 | avgBound=0.00 ewmaBound=0.00 avgTension=0.173 ewmaTension=0.081 peakTension=0.439 pN
[GATHER] call=8000 totalDirty=0 maxThread=0 cumAvg=18.9 cumMaxPerThread=4
[STATS] contractility step=4001 t=0.0400 tensionA=0.0591 tensionB=0.0590 pN boundMotors=0 | avgBound=0.00 ewmaBound=0.00 avgTension=0.160 ewmaTension=0.065 peakTension=0.439 pN
[GATHER] call=9000 totalDirty=0 maxThread=0 cumAvg=18.9 cumMaxPerThread=4
[STATS] contractility step=4501 t=0.0450 tensionA=0.0469 tensionB=0.0469 pN boundMotors=0 | avgBound=0.00 ewmaBound=0.00 avgTension=0.148 ewmaTension=0.052 peakTension=0.439 pN
[GATHER] call=10000 totalDirty=0 maxThread=0 cumAvg=18.9 cumMaxPerThread=4
Sim. time=00.05....~02.32 minutes computation to simulate 1 sec, run finished in ~00.00 hours
[STATS] contractility step=5001 t=0.0500 tensionA=0.0376 tensionB=0.0376 pN boundMotors=0 | avgBound=0.00 ewmaBound=0.00 avgTension=0.137 ewmaTension=0.041 peakTension=0.439 pN
[GATHER] call=11000 totalDirty=0 maxThread=0 cumAvg=18.9 cumMaxPerThread=4
[STATS] contractility step=5501 t=0.0550 tensionA=0.0304 tensionB=0.0303 pN boundMotors=0 | avgBound=0.00 ewmaBound=0.00 avgTension=0.128 ewmaTension=0.033 peakTension=0.439 pN
[GATHER] call=12000 totalDirty=0 maxThread=0 cumAvg=18.9 cumMaxPerThread=4
[STATS] contractility step=6001 t=0.0600 tensionA=0.0241 tensionB=0.0241 pN boundMotors=0 | avgBound=0.00 ewmaBound=0.00 avgTension=0.120 ewmaTension=0.027 peakTension=0.439 pN
[GATHER] call=13000 totalDirty=0 maxThread=0 cumAvg=18.9 cumMaxPerThread=4
[STATS] contractility step=6501 t=0.0650 tensionA=0.0192 tensionB=0.0192 pN boundMotors=0 | avgBound=0.00 ewmaBound=0.00 avgTension=0.112 ewmaTension=0.021 peakTension=0.439 pN
[GATHER] call=14000 totalDirty=0 maxThread=0 cumAvg=18.9 cumMaxPerThread=4
[STATS] contractility step=7001 t=0.0700 tensionA=0.0155 tensionB=0.0155 pN boundMotors=0 | avgBound=0.00 ewmaBound=0.00 avgTension=0.105 ewmaTension=0.017 peakTension=0.439 pN
[GATHER] call=15000 totalDirty=0 maxThread=0 cumAvg=18.9 cumMaxPerThread=4
[STATS] contractility step=7501 t=0.0750 tensionA=0.0124 tensionB=0.0123 pN boundMotors=0 | avgBound=0.00 ewmaBound=0.00 avgTension=0.099 ewmaTension=0.014 peakTension=0.439 pN
[GATHER] call=16000 totalDirty=0 maxThread=0 cumAvg=18.9 cumMaxPerThread=4
[STATS] contractility step=8001 t=0.0800 tensionA=0.0099 tensionB=0.0099 pN boundMotors=0 | avgBound=0.00 ewmaBound=0.00 avgTension=0.094 ewmaTension=0.011 peakTension=0.439 pN
[GATHER] call=17000 totalDirty=0 maxThread=0 cumAvg=18.9 cumMaxPerThread=4
[STATS] contractility step=8501 t=0.0850 tensionA=0.0079 tensionB=0.0079 pN boundMotors=0 | avgBound=0.00 ewmaBound=0.00 avgTension=0.089 ewmaTension=0.009 peakTension=0.439 pN
[GATHER] call=18000 totalDirty=0 maxThread=0 cumAvg=18.9 cumMaxPerThread=4
[STATS] contractility step=9001 t=0.0900 tensionA=0.0064 tensionB=0.0063 pN boundMotors=0 | avgBound=0.00 ewmaBound=0.00 avgTension=0.084 ewmaTension=0.007 peakTension=0.439 pN
[GATHER] call=19000 totalDirty=0 maxThread=0 cumAvg=18.9 cumMaxPerThread=4
[STATS] contractility step=9501 t=0.0950 tensionA=0.0051 tensionB=0.0051 pN boundMotors=0 | avgBound=0.00 ewmaBound=0.00 avgTension=0.080 ewmaTension=0.006 peakTension=0.439 pN
[GATHER] call=20000 totalDirty=0 maxThread=0 cumAvg=18.9 cumMaxPerThread=4
Sim. time=00.10....~02.17 minutes computation to simulate 1 sec, run finished in ~00.00 hours
[STATS] contractility step=10001 t=0.1000 tensionA=0.0042 tensionB=0.0042 pN boundMotors=0 | avgBound=0.00 ewmaBound=0.00 avgTension=0.076 ewmaTension=0.005 peakTension=0.439 pN
[GATHER] call=21000 totalDirty=0 maxThread=0 cumAvg=18.9 cumMaxPerThread=4
[STATS] contractility step=10501 t=0.1050 tensionA=0.0036 tensionB=0.0036 pN boundMotors=0 | avgBound=0.00 ewmaBound=0.00 avgTension=0.073 ewmaTension=0.004 peakTension=0.439 pN
[GATHER] call=22000 totalDirty=0 maxThread=0 cumAvg=18.9 cumMaxPerThread=4
[STATS] contractility step=11001 t=0.1100 tensionA=0.0030 tensionB=0.0030 pN boundMotors=0 | avgBound=0.00 ewmaBound=0.00 avgTension=0.070 ewmaTension=0.003 peakTension=0.439 pN
[GATHER] call=23000 totalDirty=0 maxThread=0 cumAvg=18.9 cumMaxPerThread=4
[STATS] contractility step=11501 t=0.1150 tensionA=0.0025 tensionB=0.0025 pN boundMotors=0 | avgBound=0.00 ewmaBound=0.00 avgTension=0.067 ewmaTension=0.003 peakTension=0.439 pN
[GATHER] call=24000 totalDirty=0 maxThread=0 cumAvg=18.9 cumMaxPerThread=4
[STATS] contractility step=12001 t=0.1200 tensionA=0.0021 tensionB=0.0021 pN boundMotors=0 | avgBound=0.00 ewmaBound=0.00 avgTension=0.064 ewmaTension=0.002 peakTension=0.439 pN
[GATHER] call=25000 totalDirty=0 maxThread=0 cumAvg=18.9 cumMaxPerThread=4
[STATS] contractility step=12501 t=0.1250 tensionA=0.0019 tensionB=0.0019 pN boundMotors=0 | avgBound=0.00 ewmaBound=0.00 avgTension=0.062 ewmaTension=0.002 peakTension=0.439 pN
[GATHER] call=26000 totalDirty=0 maxThread=0 cumAvg=18.9 cumMaxPerThread=4
[STATS] contractility step=13001 t=0.1300 tensionA=0.0017 tensionB=0.0017 pN boundMotors=0 | avgBound=0.00 ewmaBound=0.00 avgTension=0.059 ewmaTension=0.002 peakTension=0.439 pN
[GATHER] call=27000 totalDirty=0 maxThread=0 cumAvg=18.9 cumMaxPerThread=4
[STATS] contractility step=13501 t=0.1350 tensionA=0.0016 tensionB=0.0016 pN boundMotors=0 | avgBound=0.00 ewmaBound=0.00 avgTension=0.057 ewmaTension=0.002 peakTension=0.439 pN
[GATHER] call=28000 totalDirty=0 maxThread=0 cumAvg=18.9 cumMaxPerThread=4
[STATS] contractility step=14001 t=0.1400 tensionA=0.0014 tensionB=0.0014 pN boundMotors=0 | avgBound=0.00 ewmaBound=0.00 avgTension=0.055 ewmaTension=0.001 peakTension=0.439 pN
[GATHER] call=29000 totalDirty=0 maxThread=0 cumAvg=18.9 cumMaxPerThread=4
[STATS] contractility step=14501 t=0.1450 tensionA=0.0014 tensionB=0.0014 pN boundMotors=0 | avgBound=0.00 ewmaBound=0.00 avgTension=0.053 ewmaTension=0.001 peakTension=0.439 pN
[GATHER] call=30000 totalDirty=0 maxThread=0 cumAvg=18.9 cumMaxPerThread=4
Sim. time=00.15....~02.18 minutes computation to simulate 1 sec, run finished in ~-00.00 hours
[STATS] contractility step=15001 t=0.1500 tensionA=0.0013 tensionB=0.0013 pN boundMotors=0 | avgBound=0.00 ewmaBound=0.00 avgTension=0.052 ewmaTension=0.001 peakTension=0.439 pN
collisionTime = 0.0
myosinTime = 0.0
[STATS] bindEvents=0
[STATS] filLinks=0 (active=0 inactive=0)
[STATS] linkCtMean=0.00 (samples=15100) linkCtMeanSettled=0.00 (samples=7601) finalActive=0
[STATS] filFilBroadphase active=false filsegMeshFillSkipped=0 candPairs=0 candMaxPerSeg=0 overflowSegs=0 drainCalls=0
[STATS] fActin segs=26 monomers=1664 fActinUM=1.44 meanSegLenUM=0.176 freePoolUM=15.00
[STATS] mem usedHeapMB=1088.7 maxHeapMB=4295.0
[STATS] percolation filaments=2 activeLinks=0 linksPerFil=0.000 largestComp=1 (50.0% of fils) spanX=0.52 spanY=0.00 spanZ=0.00 spanFrac=0.52 percolates=false
[A3] cpuFallback histogram (last classify): thingCt=0 cpuFb total=0 { FilSeg=0 MyoMini=0 ProteinNode=0 Chamber=0 other=0 }
[A3] dimer cohesion dispatch: device(noop)=0 cpu(work)=0  | body↔rod constrain: device(noop)=0 cpu(work)=0  | updateMyosins(host-bookkeeping)=0
[NODE] cpuNodeTetherApplyCt=0 (must be 0 on GPU node path)
[STATS] checkBugInsideFireCt=0
[STATS] addLinkForcesFireCt=0
[STATS] addTorsionFireCt=0
[STATS] meshFillFilSegFireCt=0
[STATS] meshAllSegsFireCt=0
[STATS] mbg3dFillFilSegFireCt=0
[STATS] updatePosFromBindFireCt=0
[STATS] updatePosFromStepFireCt=0
[STATS] validateSegFireCt=0
[STATS] anchorFireCt=0
[STATS] filSegInitFireCt=0
[STATS] motorInitFireCt=0
[STATS] meanBoundMotors=0.000
ThingStep Threads took 7.925000 seconds.
ThingBrownian Threads took 1.450000 seconds.
Myosin Threads took 0.000000 seconds.
MyoDimer Threads took 0.000000 seconds.
Protein Node Threads took 0.000000 seconds.
MyoMiniFil Threads took 0.000000 seconds.
Chamber Myo Threads took 0.000000 seconds.
Chamber MyoDimer Threads took 0.000000 seconds.
Mesh Threads took 1.532000 seconds.
Ck Mesh Threads took 1.478000 seconds.
Ck Mots Threads took 0.000000 seconds.
XLink Threads took 0.000000 seconds.
Arp23 Threads took 0.000000 seconds.
NodeLink Threads took 0.000000 seconds.
Membrane Node Threads took 0.000000 seconds.
ActA Threads took 0.000000 seconds.
MotorBindGrid3D Fill took 1.380000 seconds.
Finished closing JSON plots!
