WARNING: Using incubator modules: jdk.incubator.vector
[TURNOVER] global biochem cadence ON (biochem phase-aligned; GPU pose pull at biochem+output cadence)
[TELEPORT_DIAG] enabled=false threshold=0.1
Loading parameter values from /home/jba/Code/BoA/ParameterFiles/nodeContractilityAssay_noMotor_med...
     Parameter assigned: deltaT set to 1.0E-5
     Parameter assigned: biochemDeltaT set to 0.01
     Parameter assigned: collisionDeltaT set to 1.0E-5
     No match found for parameter label brownianDeltaT ... you best check that out!
     Parameter assigned: runTime set to 0.15
     Parameter assigned: toFileInterval set to 500
     Parameter assigned: remoteWriteInterval set to 5000
     Parameter assigned: fracMove set to 0.0573
     Parameter assigned: fracR set to 1.0
     Parameter assigned: fracMoveTorq set to 0.01
     Parameter assigned: aeta set to 0.1
     Parameter assigned: boxXDim set to 4.0
     Parameter assigned: boxYDim set to 0.3
     Parameter assigned: boxZDim set to 0.2
     Parameter assigned: nodeContractilityAssay set to true
     Parameter assigned: contractFilNSegs set to 13
     Parameter assigned: contractFilYOffset set to 0.05
     Parameter assigned: contractNoMotor set to true
     Parameter assigned: contractReversePolarity set to false
     Parameter assigned: filSegLength set to 64
     Parameter assigned: noMonomersSimd set to true
     Parameter assigned: contractNodeRadius set to 0.06
     Parameter assigned: contractNodeCount set to 1
     Parameter assigned: contractNodeYOffset set to 0.05
     Parameter assigned: numNodeMyos set to 60
     Parameter assigned: numNodeMyoDimers set to 30
     Parameter assigned: nodeLifetime set to 1.0E9
     Parameter assigned: myoBrownianAttn set to 1.0
     Parameter assigned: BTransCoeff set to 1.0
     Parameter assigned: BRotCoeff set to 0.3
     Parameter assigned: myosinStallForce set to 2.0
     No match found for parameter label myosinReleaseRate ... you best check that out!
     No match found for parameter label myoFBRBase ... you best check that out!
     No match found for parameter label myoFBRExp ... you best check that out!
     No match found for parameter label bugOff ... you best check that out!
     Parameter assigned: simOutsideBug set to false
     Parameter assigned: initialFilaments set to 0
     Parameter assigned: initialMyoMiniFils set to 0
     Parameter assigned: initialNodes set to 0
     Parameter assigned: equilNodes set to 0
     Parameter assigned: kRdmNuc set to 0.0
     Parameter assigned: kNodeNuc set to 0.0
     Parameter assigned: kATPOn1 set to 0.0
     Parameter assigned: kATPOff1 set to 0.0
     Parameter assigned: kADPOff1 set to 0.0
     Parameter assigned: kATPOn2 set to 0.0
     Parameter assigned: kATPOff2 set to 0.0
     Parameter assigned: kADPOff2 set to 0.0
     Parameter assigned: capRate set to 0.0
     Parameter assigned: cofilinRate set to 0.0
     Parameter assigned: cofilinConc set to 0.0
     Parameter assigned: kHydrolysis set to 0.0
     Parameter assigned: kDissociation set to 0.0
Done... there were 5 misunderstandings.
[RNG] per-worker RNG pool: 17 MTFs, masterSeed=-4273738875459855462 (BOA_RNG_SEED unset)
[CONTRACT][NODE] box X=4.000 µm (anchors at x=+/-1.900, 0.10 µm inset), 13-seg filaments, Lfil=2.282 µm
[CONTRACT][NODE] yOffset=+/-0.050 µm, overlap=0.763 µm, nodes=0 radius=0.060 µm, myo heads/node=120, reach=0.148 µm, polarity=normal (plus ends outward), motor=OFF (control)
**************************************************************
Eulerian Mesh stats:
nXBins = 21; xBinWidth = 0.2 µm
nYBins = 3; yBinWidth = 0.2 µm
binDepth = 1000
**************************************************************
MotorBindGrid3D: 21 x 3 x 2 cells (0.2 µm each)
[23:00] [phase-plan] inert-wave cull — ThreadSet activation snapshot:
[23:00]   ON   ThingStep Threads
[23:00]   ON   ThingBrownian Threads
[23:00]   ON   Myosin Threads
[23:00]   OFF  MyoDimer Threads
[23:00]   OFF  Protein Node Threads
[23:00]   OFF  MyoMiniFil Threads
[23:00]   OFF  Chamber Myo Threads
[23:00]   OFF  Chamber MyoDimer Threads
[23:00]   ON   Mesh Threads
[23:00]   ON   Ck Mesh Threads
[23:00]   ON   Ck Mots Threads
[23:00]   OFF  XLink Threads
[23:00]   OFF  Arp23 Threads
[23:00]   OFF  NodeLink Threads
[23:00]   OFF  Membrane Node Threads
[23:00]   OFF  ActA Threads
[23:00]   ON   MotorBindGrid3D Fill
[23:00] [phase-plan] 7 active, 10 inert (will skip dispatch)
[POSE_CHURN] sized POSE_DELTA_CAP=8192 (initialFilaments=1, peakModel=4, safety=4x, floor=8192)
GPUMoveThing: slotCap=1024 myoCap=1024 moveBlock=64 jointBlock=64 runSeed=-586083280 nWorkers=16
[STATS] contractility step=1 t=0.0000 tensionA=0.0000 tensionB=0.0000 pN boundMotors=0 | avgBound=0.00 ewmaBound=0.00 avgTension=0.000 ewmaTension=0.000 peakTension=0.000 pN
[GATHER] call=1000 totalDirty=0 maxThread=0 cumAvg=0.0 cumMaxPerThread=0
[STATS] contractility step=501 t=0.0050 tensionA=0.2705 tensionB=0.2705 pN boundMotors=0 | avgBound=0.00 ewmaBound=0.00 avgTension=0.279 ewmaTension=0.255 peakTension=0.283 pN
[GATHER] call=2000 totalDirty=0 maxThread=0 cumAvg=0.0 cumMaxPerThread=0
[STATS] contractility step=1001 t=0.0100 tensionA=0.2260 tensionB=0.2260 pN boundMotors=0 | avgBound=0.00 ewmaBound=0.00 avgTension=0.264 ewmaTension=0.242 peakTension=0.283 pN
[GATHER] call=3000 totalDirty=0 maxThread=0 cumAvg=0.0 cumMaxPerThread=0
[STATS] contractility step=1501 t=0.0150 tensionA=0.1818 tensionB=0.1818 pN boundMotors=0 | avgBound=0.00 ewmaBound=0.00 avgTension=0.244 ewmaTension=0.199 peakTension=0.283 pN
[GATHER] call=4000 totalDirty=0 maxThread=0 cumAvg=0.0 cumMaxPerThread=0
[STATS] contractility step=2001 t=0.0200 tensionA=0.1453 tensionB=0.1453 pN boundMotors=0 | avgBound=0.00 ewmaBound=0.00 avgTension=0.224 ewmaTension=0.160 peakTension=0.283 pN
[GATHER] call=5000 totalDirty=0 maxThread=0 cumAvg=0.0 cumMaxPerThread=0
[STATS] contractility step=2501 t=0.0250 tensionA=0.1161 tensionB=0.1161 pN boundMotors=0 | avgBound=0.00 ewmaBound=0.00 avgTension=0.205 ewmaTension=0.127 peakTension=0.283 pN
[GATHER] call=6000 totalDirty=0 maxThread=0 cumAvg=0.0 cumMaxPerThread=0
[STATS] contractility step=3001 t=0.0300 tensionA=0.0926 tensionB=0.0926 pN boundMotors=0 | avgBound=0.00 ewmaBound=0.00 avgTension=0.188 ewmaTension=0.102 peakTension=0.283 pN
[GATHER] call=7000 totalDirty=0 maxThread=0 cumAvg=0.0 cumMaxPerThread=0
[STATS] contractility step=3501 t=0.0350 tensionA=0.0739 tensionB=0.0739 pN boundMotors=0 | avgBound=0.00 ewmaBound=0.00 avgTension=0.173 ewmaTension=0.081 peakTension=0.283 pN
[GATHER] call=8000 totalDirty=0 maxThread=0 cumAvg=0.0 cumMaxPerThread=0
[STATS] contractility step=4001 t=0.0400 tensionA=0.0592 tensionB=0.0592 pN boundMotors=0 | avgBound=0.00 ewmaBound=0.00 avgTension=0.160 ewmaTension=0.065 peakTension=0.283 pN
[GATHER] call=9000 totalDirty=0 maxThread=0 cumAvg=0.0 cumMaxPerThread=0
[STATS] contractility step=4501 t=0.0450 tensionA=0.0471 tensionB=0.0471 pN boundMotors=0 | avgBound=0.00 ewmaBound=0.00 avgTension=0.148 ewmaTension=0.052 peakTension=0.283 pN
[GATHER] call=10000 totalDirty=0 maxThread=0 cumAvg=0.0 cumMaxPerThread=0
Sim. time=00.05....~44.02 minutes computation to simulate 1 sec, run finished in ~00.07 hours
[STATS] contractility step=5001 t=0.0500 tensionA=0.0377 tensionB=0.0377 pN boundMotors=0 | avgBound=0.00 ewmaBound=0.00 avgTension=0.137 ewmaTension=0.041 peakTension=0.283 pN
[GATHER] call=11000 totalDirty=0 maxThread=0 cumAvg=0.0 cumMaxPerThread=0
[STATS] contractility step=5501 t=0.0550 tensionA=0.0304 tensionB=0.0304 pN boundMotors=0 | avgBound=0.00 ewmaBound=0.00 avgTension=0.128 ewmaTension=0.033 peakTension=0.283 pN
[GATHER] call=12000 totalDirty=0 maxThread=0 cumAvg=0.0 cumMaxPerThread=0
[STATS] contractility step=6001 t=0.0600 tensionA=0.0242 tensionB=0.0242 pN boundMotors=0 | avgBound=0.00 ewmaBound=0.00 avgTension=0.120 ewmaTension=0.027 peakTension=0.283 pN
[GATHER] call=13000 totalDirty=0 maxThread=0 cumAvg=0.0 cumMaxPerThread=0
[STATS] contractility step=6501 t=0.0650 tensionA=0.0193 tensionB=0.0193 pN boundMotors=0 | avgBound=0.00 ewmaBound=0.00 avgTension=0.112 ewmaTension=0.021 peakTension=0.283 pN
[GATHER] call=14000 totalDirty=0 maxThread=0 cumAvg=0.0 cumMaxPerThread=0
[STATS] contractility step=7001 t=0.0700 tensionA=0.0155 tensionB=0.0155 pN boundMotors=0 | avgBound=0.00 ewmaBound=0.00 avgTension=0.105 ewmaTension=0.017 peakTension=0.283 pN
[GATHER] call=15000 totalDirty=0 maxThread=0 cumAvg=0.0 cumMaxPerThread=0
[STATS] contractility step=7501 t=0.0750 tensionA=0.0124 tensionB=0.0124 pN boundMotors=0 | avgBound=0.00 ewmaBound=0.00 avgTension=0.099 ewmaTension=0.014 peakTension=0.283 pN
[GATHER] call=16000 totalDirty=0 maxThread=0 cumAvg=0.0 cumMaxPerThread=0
[STATS] contractility step=8001 t=0.0800 tensionA=0.0100 tensionB=0.0100 pN boundMotors=0 | avgBound=0.00 ewmaBound=0.00 avgTension=0.094 ewmaTension=0.011 peakTension=0.283 pN
[GATHER] call=17000 totalDirty=0 maxThread=0 cumAvg=0.0 cumMaxPerThread=0
[STATS] contractility step=8501 t=0.0850 tensionA=0.0079 tensionB=0.0079 pN boundMotors=0 | avgBound=0.00 ewmaBound=0.00 avgTension=0.089 ewmaTension=0.009 peakTension=0.283 pN
[GATHER] call=18000 totalDirty=0 maxThread=0 cumAvg=0.0 cumMaxPerThread=0
[STATS] contractility step=9001 t=0.0900 tensionA=0.0064 tensionB=0.0064 pN boundMotors=0 | avgBound=0.00 ewmaBound=0.00 avgTension=0.084 ewmaTension=0.007 peakTension=0.283 pN
[GATHER] call=19000 totalDirty=0 maxThread=0 cumAvg=0.0 cumMaxPerThread=0
[STATS] contractility step=9501 t=0.0950 tensionA=0.0052 tensionB=0.0052 pN boundMotors=0 | avgBound=0.00 ewmaBound=0.00 avgTension=0.080 ewmaTension=0.006 peakTension=0.283 pN
[GATHER] call=20000 totalDirty=0 maxThread=0 cumAvg=0.0 cumMaxPerThread=0
Sim. time=00.10....~42.00 minutes computation to simulate 1 sec, run finished in ~00.03 hours
[STATS] contractility step=10001 t=0.1000 tensionA=0.0042 tensionB=0.0042 pN boundMotors=0 | avgBound=0.00 ewmaBound=0.00 avgTension=0.076 ewmaTension=0.005 peakTension=0.283 pN
[GATHER] call=21000 totalDirty=0 maxThread=0 cumAvg=0.0 cumMaxPerThread=0
[STATS] contractility step=10501 t=0.1050 tensionA=0.0036 tensionB=0.0036 pN boundMotors=0 | avgBound=0.00 ewmaBound=0.00 avgTension=0.073 ewmaTension=0.004 peakTension=0.283 pN
[GATHER] call=22000 totalDirty=0 maxThread=0 cumAvg=0.0 cumMaxPerThread=0
[STATS] contractility step=11001 t=0.1100 tensionA=0.0030 tensionB=0.0030 pN boundMotors=0 | avgBound=0.00 ewmaBound=0.00 avgTension=0.070 ewmaTension=0.003 peakTension=0.283 pN
[GATHER] call=23000 totalDirty=0 maxThread=0 cumAvg=0.0 cumMaxPerThread=0
[STATS] contractility step=11501 t=0.1150 tensionA=0.0025 tensionB=0.0025 pN boundMotors=0 | avgBound=0.00 ewmaBound=0.00 avgTension=0.067 ewmaTension=0.003 peakTension=0.283 pN
[GATHER] call=24000 totalDirty=0 maxThread=0 cumAvg=0.0 cumMaxPerThread=0
[STATS] contractility step=12001 t=0.1200 tensionA=0.0021 tensionB=0.0021 pN boundMotors=0 | avgBound=0.00 ewmaBound=0.00 avgTension=0.064 ewmaTension=0.002 peakTension=0.283 pN
[GATHER] call=25000 totalDirty=0 maxThread=0 cumAvg=0.0 cumMaxPerThread=0
[STATS] contractility step=12501 t=0.1250 tensionA=0.0019 tensionB=0.0019 pN boundMotors=0 | avgBound=0.00 ewmaBound=0.00 avgTension=0.062 ewmaTension=0.002 peakTension=0.283 pN
[GATHER] call=26000 totalDirty=0 maxThread=0 cumAvg=0.0 cumMaxPerThread=0
[STATS] contractility step=13001 t=0.1300 tensionA=0.0017 tensionB=0.0017 pN boundMotors=0 | avgBound=0.00 ewmaBound=0.00 avgTension=0.059 ewmaTension=0.002 peakTension=0.283 pN
[GATHER] call=27000 totalDirty=0 maxThread=0 cumAvg=0.0 cumMaxPerThread=0
[STATS] contractility step=13501 t=0.1350 tensionA=0.0016 tensionB=0.0016 pN boundMotors=0 | avgBound=0.00 ewmaBound=0.00 avgTension=0.057 ewmaTension=0.002 peakTension=0.283 pN
[GATHER] call=28000 totalDirty=0 maxThread=0 cumAvg=0.0 cumMaxPerThread=0
[STATS] contractility step=14001 t=0.1400 tensionA=0.0015 tensionB=0.0015 pN boundMotors=0 | avgBound=0.00 ewmaBound=0.00 avgTension=0.055 ewmaTension=0.001 peakTension=0.283 pN
[GATHER] call=29000 totalDirty=0 maxThread=0 cumAvg=0.0 cumMaxPerThread=0
[STATS] contractility step=14501 t=0.1450 tensionA=0.0014 tensionB=0.0014 pN boundMotors=0 | avgBound=0.00 ewmaBound=0.00 avgTension=0.053 ewmaTension=0.001 peakTension=0.283 pN
[GATHER] call=30000 totalDirty=0 maxThread=0 cumAvg=0.0 cumMaxPerThread=0
Sim. time=00.15....~42.07 minutes computation to simulate 1 sec, run finished in ~-00.00 hours
[STATS] contractility step=15001 t=0.1500 tensionA=0.0014 tensionB=0.0014 pN boundMotors=0 | avgBound=0.00 ewmaBound=0.00 avgTension=0.052 ewmaTension=0.001 peakTension=0.283 pN
collisionTime = 0.0
myosinTime = 0.0
[STATS] bindEvents=0
[STATS] filLinks=0 (active=0 inactive=0)
[STATS] linkCtMean=0.00 (samples=15100) linkCtMeanSettled=0.00 (samples=7601) finalActive=0
[STATS] filFilBroadphase active=true filsegMeshFillSkipped=15100 candPairs=75 candMaxPerSeg=2 overflowSegs=0 drainCalls=15
[STATS] fActin segs=26 monomers=1664 fActinUM=1.44 meanSegLenUM=0.176 freePoolUM=15.00
[STATS] mem usedHeapMB=1501.9 maxHeapMB=3817.9 slotCap=1024 slotCount=26 myoCap=1024 devBufEstMB=108.2
[STATS] percolation filaments=2 activeLinks=0 linksPerFil=0.000 largestComp=1 (50.0% of fils) spanX=0.52 spanY=0.00 spanZ=0.00 spanFrac=0.52 percolates=false
[A3] cpuFallback histogram (last classify): thingCt=0 cpuFb total=1 { FilSeg=0 MyoMini=0 ProteinNode=0 Chamber=0 other=0 }
[A3] dimer cohesion dispatch: device(noop)=0 cpu(work)=0  | body↔rod constrain: device(noop)=0 cpu(work)=0  | updateMyosins(host-bookkeeping)=0
[NODE] cpuNodeTetherApplyCt=0 (must be 0 on GPU node path)
[STATS] checkBugInsideFireCt=0
[STATS] addLinkForcesFireCt=0
[STATS] addTorsionFireCt=0
[STATS] meshFillFilSegFireCt=0
[STATS] meshAllSegsFireCt=0
[STATS] mbg3dFillFilSegFireCt=0
[STATS] updatePosFromBindFireCt=0
[STATS] updatePosFromStepFireCt=0
[STATS] validateSegFireCt=0
[STATS] anchorFireCt=0
[STATS] filSegInitFireCt=30226
[STATS] motorInitFireCt=0
[STATS] meanBoundMotors=0.000
[STATS] gpuMotorBinding total=0.001s calls=15100 pack=0.004s gridPack=0.000s exec=0.000s unpack=0.001s
[STATS] gpuMoveThing total=330.258s calls=15100 slotPack=5.419s jointPack=0.001s exec=324.806s unpack=0.025s
[STATS] gpuMoveThing demandSyncPose=0.036s(calls=46) demandSyncDerived=0.001s(calls=31) planRebuild=1 packRuleDesync=0
[STATS] cadence steps=15100 demandSyncPoseCalls=46 biochemFireCt=15 crosslinkFireCt=15 crosslinkCheckInt=999 (pull/step=0.003 biochem/step=0.001 xlink/step=0.001)
[STATS] gpuMoveThing poseDelta avg=671.07 max=2 sum=30198 fresh=1 overflow=0 cap=8192
[STATS] gpuMoveThing trueDirty calls=15099 slotChange avg=0.00 max=0 pending avg=2.00 max=2 totalUpperMax=2 slotCount=26 slotCap=1024
[STATS] A1 classify runs=1 (structural=1 lengthOnly=0) classifyMs=47.7 poseAuditMs=15.8 fullRecompute=false
ThingStep Threads took 32.577000 seconds.
ThingBrownian Threads took 6.105000 seconds.
Myosin Threads took 0.000000 seconds.
MyoDimer Threads took 0.000000 seconds.
Protein Node Threads took 0.000000 seconds.
MyoMiniFil Threads took 0.000000 seconds.
Chamber Myo Threads took 0.000000 seconds.
Chamber MyoDimer Threads took 0.000000 seconds.
Mesh Threads took 0.000000 seconds.
Ck Mesh Threads took 0.000000 seconds.
Ck Mots Threads took 0.000000 seconds.
XLink Threads took 0.000000 seconds.
Arp23 Threads took 0.000000 seconds.
NodeLink Threads took 0.000000 seconds.
Membrane Node Threads took 0.000000 seconds.
ActA Threads took 0.000000 seconds.
MotorBindGrid3D Fill took 0.000000 seconds.
Finished closing JSON plots!
