WARNING: Using incubator modules: jdk.incubator.vector
[TURNOVER] global biochem cadence ON (biochem phase-aligned; GPU pose pull at biochem+output cadence)
[CONTRACT] -contractility: applied stand-alone assay defaults (box 4.0x0.3x0.2 µm, dt=1e-5, turnover off). Pass -pf to override; add -gpu for the device path.
[TELEPORT_DIAG] enabled=false threshold=0.1
[RNG] per-worker RNG pool: 17 MTFs, masterSeed=2778648030666459149 (BOA_RNG_SEED unset)
[CONTRACT] box X=4.000 µm (anchors at x=+/-1.900, 0.10 µm inset), 13-seg filaments, Lfil=2.282 µm
[CONTRACT] yOffset=+/-0.050 µm, overlap=0.763 µm, minifilament span=0.180 µm, polarity=normal (plus ends outward), motor=ON
**************************************************************
Eulerian Mesh stats:
nXBins = 21; xBinWidth = 0.2 µm
nYBins = 3; yBinWidth = 0.2 µm
binDepth = 1000
**************************************************************
MotorBindGrid3D: 21 x 3 x 2 cells (0.2 µm each)
[23:15] [phase-plan] inert-wave cull — ThreadSet activation snapshot:
[23:15]   ON   ThingStep Threads
[23:15]   ON   ThingBrownian Threads
[23:15]   ON   Myosin Threads
[23:15]   ON   MyoDimer Threads
[23:15]   OFF  Protein Node Threads
[23:15]   ON   MyoMiniFil Threads
[23:15]   OFF  Chamber Myo Threads
[23:15]   OFF  Chamber MyoDimer Threads
[23:15]   ON   Mesh Threads
[23:15]   ON   Ck Mesh Threads
[23:15]   ON   Ck Mots Threads
[23:15]   OFF  XLink Threads
[23:15]   OFF  Arp23 Threads
[23:15]   OFF  NodeLink Threads
[23:15]   OFF  Membrane Node Threads
[23:15]   OFF  ActA Threads
[23:15]   ON   MotorBindGrid3D Fill
[23:15] [phase-plan] 9 active, 8 inert (will skip dispatch)
[POSE_CHURN] sized POSE_DELTA_CAP=8192 (initialFilaments=1, peakModel=4, safety=4x, floor=8192)
GPUMoveThing: slotCap=1024 myoCap=1024 moveBlock=64 jointBlock=64 runSeed=-586083280 nWorkers=16
[STATS] contractility step=1 t=0.0000 tensionA=0.0000 tensionB=0.0000 pN boundMotors=0 | avgBound=0.00 ewmaBound=0.00 avgTension=0.000 ewmaTension=0.000 peakTension=0.000 pN
[STATS] contractility step=101 t=0.0010 tensionA=2.0856 tensionB=2.0856 pN boundMotors=0 | avgBound=0.00 ewmaBound=0.00 avgTension=2.328 ewmaTension=0.921 peakTension=2.694 pN
[STATS] contractility step=201 t=0.0020 tensionA=1.7977 tensionB=1.4244 pN boundMotors=1 | avgBound=0.49 ewmaBound=0.39 avgTension=2.071 ewmaTension=1.265 peakTension=2.694 pN
[STATS] contractility step=301 t=0.0030 tensionA=1.5093 tensionB=0.9604 pN boundMotors=1 | avgBound=0.66 ewmaBound=0.63 avgTension=1.858 ewmaTension=1.324 peakTension=2.694 pN
[STATS] contractility step=401 t=0.0040 tensionA=1.1973 tensionB=0.6474 pN boundMotors=1 | avgBound=0.73 ewmaBound=0.75 avgTension=1.659 ewmaTension=1.215 peakTension=2.694 pN
[GATHER] call=1000 totalDirty=0 maxThread=0 cumAvg=0.0 cumMaxPerThread=0
[STATS] contractility step=501 t=0.0050 tensionA=1.1845 tensionB=0.4363 pN boundMotors=1 | avgBound=0.78 ewmaBound=0.85 avgTension=1.495 ewmaTension=1.066 peakTension=2.694 pN
[STATS] contractility step=601 t=0.0060 tensionA=1.0282 tensionB=0.2940 pN boundMotors=1 | avgBound=0.82 ewmaBound=0.91 avgTension=1.371 ewmaTension=0.938 peakTension=2.694 pN
[STATS] contractility step=701 t=0.0070 tensionA=1.1718 tensionB=0.1982 pN boundMotors=2 | avgBound=0.93 ewmaBound=1.21 avgTension=1.263 ewmaTension=0.812 peakTension=2.694 pN
[STATS] contractility step=801 t=0.0080 tensionA=1.4413 tensionB=0.1337 pN boundMotors=3 | avgBound=1.10 ewmaBound=1.64 avgTension=1.200 ewmaTension=0.791 peakTension=2.694 pN
[STATS] contractility step=901 t=0.0090 tensionA=1.6457 tensionB=0.0901 pN boundMotors=3 | avgBound=1.34 ewmaBound=2.29 avgTension=1.157 ewmaTension=0.803 peakTension=2.694 pN
[GATHER] call=2000 totalDirty=0 maxThread=0 cumAvg=0.0 cumMaxPerThread=0
[STATS] contractility step=1001 t=0.0100 tensionA=1.2184 tensionB=0.0607 pN boundMotors=2 | avgBound=1.40 ewmaBound=2.15 avgTension=1.119 ewmaTension=0.788 peakTension=2.694 pN
[STATS] contractility step=1101 t=0.0110 tensionA=1.0997 tensionB=0.0411 pN boundMotors=1 | avgBound=1.45 ewmaBound=2.04 avgTension=1.068 ewmaTension=0.693 peakTension=2.694 pN
[STATS] contractility step=1201 t=0.0120 tensionA=1.1198 tensionB=0.0280 pN boundMotors=1 | avgBound=1.47 ewmaBound=1.94 avgTension=1.027 ewmaTension=0.647 peakTension=2.694 pN
[STATS] contractility step=1301 t=0.0130 tensionA=1.1008 tensionB=0.0188 pN boundMotors=1 | avgBound=1.45 ewmaBound=1.63 avgTension=0.992 ewmaTension=0.619 peakTension=2.694 pN
[STATS] contractility step=1401 t=0.0140 tensionA=0.9791 tensionB=0.0128 pN boundMotors=1 | avgBound=1.42 ewmaBound=1.38 avgTension=0.960 ewmaTension=0.585 peakTension=2.694 pN
[GATHER] call=3000 totalDirty=0 maxThread=0 cumAvg=0.0 cumMaxPerThread=0
[STATS] contractility step=1501 t=0.0150 tensionA=0.7686 tensionB=0.0088 pN boundMotors=1 | avgBound=1.39 ewmaBound=1.23 avgTension=0.925 ewmaTension=0.527 peakTension=2.694 pN
[STATS] contractility step=1601 t=0.0160 tensionA=0.7565 tensionB=0.0059 pN boundMotors=1 | avgBound=1.37 ewmaBound=1.14 avgTension=0.891 ewmaTension=0.465 peakTension=2.694 pN
[STATS] contractility step=1701 t=0.0170 tensionA=0.6801 tensionB=0.0042 pN boundMotors=2 | avgBound=1.36 ewmaBound=1.20 avgTension=0.861 ewmaTension=0.431 peakTension=2.694 pN
[STATS] contractility step=1801 t=0.0180 tensionA=0.4934 tensionB=0.0031 pN boundMotors=2 | avgBound=1.40 ewmaBound=1.51 avgTension=0.830 ewmaTension=0.380 peakTension=2.694 pN
[STATS] contractility step=1901 t=0.0190 tensionA=0.6696 tensionB=0.0022 pN boundMotors=1 | avgBound=1.42 ewmaBound=1.61 avgTension=0.801 ewmaTension=0.339 peakTension=2.694 pN
[GATHER] call=4000 totalDirty=0 maxThread=0 cumAvg=0.0 cumMaxPerThread=0
[STATS] contractility step=2001 t=0.0200 tensionA=0.4152 tensionB=0.0018 pN boundMotors=1 | avgBound=1.40 ewmaBound=1.37 avgTension=0.773 ewmaTension=0.304 peakTension=2.694 pN
[STATS] contractility step=2101 t=0.0210 tensionA=0.4908 tensionB=0.0016 pN boundMotors=1 | avgBound=1.38 ewmaBound=1.23 avgTension=0.748 ewmaTension=0.276 peakTension=2.694 pN
[STATS] contractility step=2201 t=0.0220 tensionA=0.7028 tensionB=0.0014 pN boundMotors=2 | avgBound=1.39 ewmaBound=1.44 avgTension=0.727 ewmaTension=0.281 peakTension=2.694 pN
[STATS] contractility step=2301 t=0.0230 tensionA=0.8734 tensionB=0.0014 pN boundMotors=2 | avgBound=1.42 ewmaBound=1.64 avgTension=0.712 ewmaTension=0.325 peakTension=2.694 pN
[STATS] contractility step=2401 t=0.0240 tensionA=0.8526 tensionB=0.0014 pN boundMotors=3 | avgBound=1.47 ewmaBound=2.07 avgTension=0.701 ewmaTension=0.369 peakTension=2.694 pN
[GATHER] call=5000 totalDirty=0 maxThread=0 cumAvg=0.0 cumMaxPerThread=0
[STATS] contractility step=2501 t=0.0250 tensionA=0.9852 tensionB=0.0014 pN boundMotors=2 | avgBound=1.51 ewmaBound=2.21 avgTension=0.692 ewmaTension=0.421 peakTension=2.694 pN
[STATS] contractility step=2601 t=0.0260 tensionA=1.0419 tensionB=0.0014 pN boundMotors=2 | avgBound=1.53 ewmaBound=2.10 avgTension=0.685 ewmaTension=0.457 peakTension=2.694 pN
[STATS] contractility step=2701 t=0.0270 tensionA=1.1302 tensionB=0.0014 pN boundMotors=3 | avgBound=1.56 ewmaBound=2.24 avgTension=0.680 ewmaTension=0.488 peakTension=2.694 pN
[STATS] contractility step=2801 t=0.0280 tensionA=1.2803 tensionB=0.0014 pN boundMotors=2 | avgBound=1.63 ewmaBound=2.71 avgTension=0.677 ewmaTension=0.536 peakTension=2.694 pN
[STATS] contractility step=2901 t=0.0290 tensionA=1.3408 tensionB=0.0014 pN boundMotors=3 | avgBound=1.67 ewmaBound=2.79 avgTension=0.678 ewmaTension=0.597 peakTension=2.694 pN
[GATHER] call=6000 totalDirty=0 maxThread=0 cumAvg=0.0 cumMaxPerThread=0
[STATS] contractility step=3001 t=0.0300 tensionA=1.2989 tensionB=0.0014 pN boundMotors=4 | avgBound=1.72 ewmaBound=2.93 avgTension=0.677 ewmaTension=0.617 peakTension=2.694 pN
[STATS] contractility step=3101 t=0.0310 tensionA=1.6325 tensionB=0.0014 pN boundMotors=3 | avgBound=1.76 ewmaBound=2.94 avgTension=0.680 ewmaTension=0.681 peakTension=2.694 pN
[STATS] contractility step=3201 t=0.0320 tensionA=1.6660 tensionB=0.0014 pN boundMotors=3 | avgBound=1.80 ewmaBound=2.96 avgTension=0.685 ewmaTension=0.747 peakTension=2.694 pN
[STATS] contractility step=3301 t=0.0330 tensionA=1.1115 tensionB=0.0014 pN boundMotors=3 | avgBound=1.84 ewmaBound=3.00 avgTension=0.685 ewmaTension=0.717 peakTension=2.694 pN
[STATS] contractility step=3401 t=0.0340 tensionA=0.9077 tensionB=0.0014 pN boundMotors=3 | avgBound=1.86 ewmaBound=2.93 avgTension=0.681 ewmaTension=0.646 peakTension=2.694 pN
[GATHER] call=7000 totalDirty=0 maxThread=0 cumAvg=0.0 cumMaxPerThread=0
[STATS] contractility step=3501 t=0.0350 tensionA=0.9961 tensionB=0.0014 pN boundMotors=4 | avgBound=1.90 ewmaBound=3.09 avgTension=0.675 ewmaTension=0.578 peakTension=2.694 pN
[STATS] contractility step=3601 t=0.0360 tensionA=1.5189 tensionB=0.0014 pN boundMotors=1 | avgBound=1.94 ewmaBound=3.06 avgTension=0.673 ewmaTension=0.601 peakTension=2.694 pN
[STATS] contractility step=3701 t=0.0370 tensionA=2.0497 tensionB=0.0014 pN boundMotors=4 | avgBound=1.95 ewmaBound=2.88 avgTension=0.680 ewmaTension=0.727 peakTension=2.694 pN
[STATS] contractility step=3801 t=0.0380 tensionA=2.3370 tensionB=0.0014 pN boundMotors=2 | avgBound=1.97 ewmaBound=2.78 avgTension=0.692 ewmaTension=0.893 peakTension=2.694 pN
[STATS] contractility step=3901 t=0.0390 tensionA=2.1784 tensionB=0.0014 pN boundMotors=3 | avgBound=1.98 ewmaBound=2.64 avgTension=0.704 ewmaTension=0.995 peakTension=2.694 pN
[GATHER] call=8000 totalDirty=0 maxThread=0 cumAvg=0.0 cumMaxPerThread=0
[STATS] contractility step=4001 t=0.0400 tensionA=2.2689 tensionB=0.0014 pN boundMotors=2 | avgBound=1.99 ewmaBound=2.53 avgTension=0.714 ewmaTension=1.042 peakTension=2.694 pN
[STATS] contractility step=4101 t=0.0410 tensionA=2.2614 tensionB=0.0014 pN boundMotors=3 | avgBound=2.00 ewmaBound=2.48 avgTension=0.724 ewmaTension=1.072 peakTension=2.694 pN
[STATS] contractility step=4201 t=0.0420 tensionA=2.0331 tensionB=0.0014 pN boundMotors=2 | avgBound=2.01 ewmaBound=2.44 avgTension=0.733 ewmaTension=1.079 peakTension=2.694 pN
[STATS] contractility step=4301 t=0.0430 tensionA=1.8240 tensionB=0.0014 pN boundMotors=3 | avgBound=2.02 ewmaBound=2.45 avgTension=0.737 ewmaTension=1.009 peakTension=2.694 pN
[STATS] contractility step=4401 t=0.0440 tensionA=2.1845 tensionB=0.1089 pN boundMotors=4 | avgBound=2.05 ewmaBound=2.83 avgTension=0.742 ewmaTension=1.000 peakTension=2.694 pN
[GATHER] call=9000 totalDirty=0 maxThread=0 cumAvg=0.0 cumMaxPerThread=0
[STATS] contractility step=4501 t=0.0450 tensionA=2.5379 tensionB=0.3955 pN boundMotors=2 | avgBound=2.09 ewmaBound=3.22 avgTension=0.755 ewmaTension=1.126 peakTension=2.694 pN
[STATS] contractility step=4601 t=0.0460 tensionA=2.9471 tensionB=0.8121 pN boundMotors=4 | avgBound=2.13 ewmaBound=3.55 avgTension=0.775 ewmaTension=1.357 peakTension=2.694 pN
[STATS] contractility step=4701 t=0.0470 tensionA=2.4562 tensionB=0.7817 pN boundMotors=4 | avgBound=2.19 ewmaBound=3.96 avgTension=0.796 ewmaTension=1.516 peakTension=2.694 pN
[STATS] contractility step=4801 t=0.0480 tensionA=2.1417 tensionB=0.8473 pN boundMotors=4 | avgBound=2.24 ewmaBound=4.32 avgTension=0.812 ewmaTension=1.538 peakTension=2.694 pN
[STATS] contractility step=4901 t=0.0490 tensionA=1.8834 tensionB=0.8047 pN boundMotors=5 | avgBound=2.28 ewmaBound=4.25 avgTension=0.824 ewmaTension=1.481 peakTension=2.694 pN
[GATHER] call=10000 totalDirty=0 maxThread=0 cumAvg=0.0 cumMaxPerThread=0
[STATS] contractility step=5001 t=0.0500 tensionA=2.0579 tensionB=0.8001 pN boundMotors=2 | avgBound=2.33 ewmaBound=4.29 avgTension=0.836 ewmaTension=1.449 peakTension=2.694 pN
[STATS] contractility step=5101 t=0.0510 tensionA=2.0315 tensionB=1.0319 pN boundMotors=4 | avgBound=2.35 ewmaBound=4.05 avgTension=0.848 ewmaTension=1.454 peakTension=2.694 pN
[STATS] contractility step=5201 t=0.0520 tensionA=1.5770 tensionB=1.2007 pN boundMotors=4 | avgBound=2.39 ewmaBound=4.30 avgTension=0.860 ewmaTension=1.453 peakTension=2.694 pN
[STATS] contractility step=5301 t=0.0530 tensionA=2.0117 tensionB=1.5075 pN boundMotors=5 | avgBound=2.44 ewmaBound=4.47 avgTension=0.873 ewmaTension=1.510 peakTension=2.694 pN
[STATS] contractility step=5401 t=0.0540 tensionA=2.1880 tensionB=1.6147 pN boundMotors=4 | avgBound=2.47 ewmaBound=4.28 avgTension=0.891 ewmaTension=1.641 peakTension=2.694 pN
[GATHER] call=11000 totalDirty=0 maxThread=0 cumAvg=0.0 cumMaxPerThread=0
[STATS] contractility step=5501 t=0.0550 tensionA=2.3631 tensionB=1.3362 pN boundMotors=5 | avgBound=2.51 ewmaBound=4.41 avgTension=0.909 ewmaTension=1.738 peakTension=2.694 pN
[STATS] contractility step=5601 t=0.0560 tensionA=2.6742 tensionB=1.3296 pN boundMotors=6 | avgBound=2.54 ewmaBound=4.47 avgTension=0.928 ewmaTension=1.833 peakTension=2.694 pN
[STATS] contractility step=5701 t=0.0570 tensionA=2.7939 tensionB=1.3399 pN boundMotors=6 | avgBound=2.58 ewmaBound=4.68 avgTension=0.948 ewmaTension=1.920 peakTension=2.694 pN
[STATS] contractility step=5801 t=0.0580 tensionA=3.1061 tensionB=1.6084 pN boundMotors=4 | avgBound=2.63 ewmaBound=4.95 avgTension=0.970 ewmaTension=2.040 peakTension=2.694 pN
[STATS] contractility step=5901 t=0.0590 tensionA=3.2462 tensionB=1.9128 pN boundMotors=6 | avgBound=2.68 ewmaBound=5.17 avgTension=0.995 ewmaTension=2.198 peakTension=2.694 pN
[GATHER] call=12000 totalDirty=0 maxThread=0 cumAvg=0.0 cumMaxPerThread=0
[STATS] contractility step=6001 t=0.0600 tensionA=3.9701 tensionB=2.0065 pN boundMotors=4 | avgBound=2.73 ewmaBound=5.30 avgTension=1.027 ewmaTension=2.502 peakTension=3.074 pN
[STATS] contractility step=6101 t=0.0610 tensionA=3.8178 tensionB=1.9506 pN boundMotors=6 | avgBound=2.77 ewmaBound=5.44 avgTension=1.057 ewmaTension=2.641 peakTension=3.258 pN
[STATS] contractility step=6201 t=0.0620 tensionA=3.6653 tensionB=2.0184 pN boundMotors=6 | avgBound=2.81 ewmaBound=5.19 avgTension=1.088 ewmaTension=2.756 peakTension=3.258 pN
[STATS] contractility step=6301 t=0.0630 tensionA=3.2241 tensionB=1.9615 pN boundMotors=4 | avgBound=2.83 ewmaBound=4.86 avgTension=1.114 ewmaTension=2.741 peakTension=3.258 pN
[STATS] contractility step=6401 t=0.0640 tensionA=2.9995 tensionB=1.7479 pN boundMotors=4 | avgBound=2.87 ewmaBound=5.10 avgTension=1.135 ewmaTension=2.626 peakTension=3.258 pN
[GATHER] call=13000 totalDirty=0 maxThread=0 cumAvg=0.0 cumMaxPerThread=0
[STATS] contractility step=6501 t=0.0650 tensionA=2.7012 tensionB=2.0096 pN boundMotors=3 | avgBound=2.91 ewmaBound=5.07 avgTension=1.154 ewmaTension=2.540 peakTension=3.258 pN
[STATS] contractility step=6601 t=0.0660 tensionA=2.4161 tensionB=2.4311 pN boundMotors=5 | avgBound=2.93 ewmaBound=4.78 avgTension=1.173 ewmaTension=2.474 peakTension=3.258 pN
[STATS] contractility step=6701 t=0.0670 tensionA=2.5546 tensionB=2.4333 pN boundMotors=6 | avgBound=2.96 ewmaBound=4.88 avgTension=1.192 ewmaTension=2.465 peakTension=3.258 pN
[STATS] contractility step=6801 t=0.0680 tensionA=2.3120 tensionB=2.1537 pN boundMotors=4 | avgBound=2.99 ewmaBound=4.89 avgTension=1.209 ewmaTension=2.415 peakTension=3.258 pN
[STATS] contractility step=6901 t=0.0690 tensionA=2.1181 tensionB=1.9052 pN boundMotors=5 | avgBound=3.02 ewmaBound=5.06 avgTension=1.221 ewmaTension=2.278 peakTension=3.258 pN
[GATHER] call=14000 totalDirty=0 maxThread=0 cumAvg=0.0 cumMaxPerThread=0
[STATS] contractility step=7001 t=0.0700 tensionA=2.0755 tensionB=1.8510 pN boundMotors=4 | avgBound=3.04 ewmaBound=4.75 avgTension=1.232 ewmaTension=2.172 peakTension=3.258 pN
[STATS] contractility step=7101 t=0.0710 tensionA=1.8300 tensionB=1.5837 pN boundMotors=5 | avgBound=3.06 ewmaBound=4.65 avgTension=1.241 ewmaTension=2.032 peakTension=3.258 pN
[STATS] contractility step=7201 t=0.0720 tensionA=1.6273 tensionB=1.7850 pN boundMotors=4 | avgBound=3.07 ewmaBound=4.37 avgTension=1.248 ewmaTension=1.922 peakTension=3.258 pN
[STATS] contractility step=7301 t=0.0730 tensionA=1.4769 tensionB=2.1665 pN boundMotors=5 | avgBound=3.10 ewmaBound=4.80 avgTension=1.254 ewmaTension=1.849 peakTension=3.258 pN
[STATS] contractility step=7401 t=0.0740 tensionA=1.5492 tensionB=3.3460 pN boundMotors=5 | avgBound=3.13 ewmaBound=4.82 avgTension=1.267 ewmaTension=1.983 peakTension=3.258 pN
[GATHER] call=15000 totalDirty=0 maxThread=0 cumAvg=0.0 cumMaxPerThread=0
[STATS] contractility step=7501 t=0.0750 tensionA=1.6874 tensionB=3.6974 pN boundMotors=5 | avgBound=3.15 ewmaBound=4.80 avgTension=1.284 ewmaTension=2.223 peakTension=3.258 pN
[STATS] contractility step=7601 t=0.0760 tensionA=1.6740 tensionB=3.6115 pN boundMotors=4 | avgBound=3.16 ewmaBound=4.41 avgTension=1.303 ewmaTension=2.414 peakTension=3.258 pN
[STATS] contractility step=7701 t=0.0770 tensionA=2.6739 tensionB=3.3989 pN boundMotors=5 | avgBound=3.18 ewmaBound=4.51 avgTension=1.322 ewmaTension=2.548 peakTension=3.258 pN
[STATS] contractility step=7801 t=0.0780 tensionA=2.8204 tensionB=2.9141 pN boundMotors=4 | avgBound=3.20 ewmaBound=4.48 avgTension=1.344 ewmaTension=2.753 peakTension=3.338 pN
[STATS] contractility step=7901 t=0.0790 tensionA=2.6330 tensionB=2.5315 pN boundMotors=5 | avgBound=3.22 ewmaBound=4.65 avgTension=1.361 ewmaTension=2.722 peakTension=3.338 pN
[GATHER] call=16000 totalDirty=0 maxThread=0 cumAvg=0.0 cumMaxPerThread=0
[STATS] contractility step=8001 t=0.0800 tensionA=2.3333 tensionB=2.5298 pN boundMotors=5 | avgBound=3.24 ewmaBound=4.82 avgTension=1.375 ewmaTension=2.630 peakTension=3.338 pN
[STATS] contractility step=8101 t=0.0810 tensionA=2.0364 tensionB=2.5899 pN boundMotors=4 | avgBound=3.26 ewmaBound=4.74 avgTension=1.388 ewmaTension=2.535 peakTension=3.338 pN
[STATS] contractility step=8201 t=0.0820 tensionA=1.7649 tensionB=2.5451 pN boundMotors=3 | avgBound=3.28 ewmaBound=4.77 avgTension=1.397 ewmaTension=2.391 peakTension=3.338 pN
[STATS] contractility step=8301 t=0.0830 tensionA=1.6020 tensionB=2.1396 pN boundMotors=5 | avgBound=3.29 ewmaBound=4.56 avgTension=1.406 ewmaTension=2.283 peakTension=3.338 pN
[STATS] contractility step=8401 t=0.0840 tensionA=1.4939 tensionB=1.6648 pN boundMotors=6 | avgBound=3.31 ewmaBound=4.80 avgTension=1.410 ewmaTension=2.048 peakTension=3.338 pN
[GATHER] call=17000 totalDirty=0 maxThread=0 cumAvg=0.0 cumMaxPerThread=0
[STATS] contractility step=8501 t=0.0850 tensionA=1.0281 tensionB=1.8248 pN boundMotors=5 | avgBound=3.31 ewmaBound=4.33 avgTension=1.411 ewmaTension=1.847 peakTension=3.338 pN
[STATS] contractility step=8601 t=0.0860 tensionA=0.8665 tensionB=1.6058 pN boundMotors=4 | avgBound=3.32 ewmaBound=3.95 avgTension=1.410 ewmaTension=1.642 peakTension=3.338 pN
[STATS] contractility step=8701 t=0.0870 tensionA=0.8532 tensionB=1.5331 pN boundMotors=5 | avgBound=3.33 ewmaBound=4.20 avgTension=1.408 ewmaTension=1.488 peakTension=3.338 pN
[STATS] contractility step=8801 t=0.0880 tensionA=0.7555 tensionB=1.7561 pN boundMotors=4 | avgBound=3.34 ewmaBound=4.29 avgTension=1.406 ewmaTension=1.383 peakTension=3.338 pN
[STATS] contractility step=8901 t=0.0890 tensionA=0.7612 tensionB=1.7188 pN boundMotors=5 | avgBound=3.34 ewmaBound=4.01 avgTension=1.405 ewmaTension=1.347 peakTension=3.338 pN
[GATHER] call=18000 totalDirty=0 maxThread=0 cumAvg=0.0 cumMaxPerThread=0
[STATS] contractility step=9001 t=0.0900 tensionA=1.0242 tensionB=2.0680 pN boundMotors=6 | avgBound=3.37 ewmaBound=4.62 avgTension=1.404 ewmaTension=1.340 peakTension=3.338 pN
[STATS] contractility step=9101 t=0.0910 tensionA=1.4931 tensionB=2.3667 pN boundMotors=4 | avgBound=3.38 ewmaBound=4.58 avgTension=1.409 ewmaTension=1.549 peakTension=3.338 pN
[STATS] contractility step=9201 t=0.0920 tensionA=1.1025 tensionB=2.8433 pN boundMotors=3 | avgBound=3.40 ewmaBound=4.65 avgTension=1.415 ewmaTension=1.715 peakTension=3.338 pN
[STATS] contractility step=9301 t=0.0930 tensionA=1.0756 tensionB=2.9230 pN boundMotors=5 | avgBound=3.41 ewmaBound=4.63 avgTension=1.421 ewmaTension=1.822 peakTension=3.338 pN
[STATS] contractility step=9401 t=0.0940 tensionA=1.3975 tensionB=3.0515 pN boundMotors=7 | avgBound=3.43 ewmaBound=4.87 avgTension=1.428 ewmaTension=1.935 peakTension=3.338 pN
[GATHER] call=19000 totalDirty=0 maxThread=0 cumAvg=0.0 cumMaxPerThread=0
[STATS] contractility step=9501 t=0.0950 tensionA=1.5557 tensionB=3.4251 pN boundMotors=4 | avgBound=3.44 ewmaBound=4.71 avgTension=1.438 ewmaTension=2.110 peakTension=3.338 pN
[STATS] contractility step=9601 t=0.0960 tensionA=1.4726 tensionB=3.6713 pN boundMotors=4 | avgBound=3.45 ewmaBound=4.49 avgTension=1.450 ewmaTension=2.293 peakTension=3.338 pN
[STATS] contractility step=9701 t=0.0970 tensionA=1.5096 tensionB=3.6299 pN boundMotors=4 | avgBound=3.46 ewmaBound=4.62 avgTension=1.461 ewmaTension=2.398 peakTension=3.338 pN
[STATS] contractility step=9801 t=0.0980 tensionA=1.3649 tensionB=3.4676 pN boundMotors=4 | avgBound=3.47 ewmaBound=4.51 avgTension=1.472 ewmaTension=2.425 peakTension=3.338 pN
[STATS] contractility step=9901 t=0.0990 tensionA=1.6796 tensionB=3.4543 pN boundMotors=4 | avgBound=3.48 ewmaBound=4.36 avgTension=1.482 ewmaTension=2.455 peakTension=3.338 pN
[GATHER] call=20000 totalDirty=0 maxThread=0 cumAvg=0.0 cumMaxPerThread=0
Sim. time=00.10....~47.53 minutes computation to simulate 1 sec, run finished in ~00.08 hours
[STATS] contractility step=10001 t=0.1000 tensionA=1.6632 tensionB=2.9650 pN boundMotors=5 | avgBound=3.48 ewmaBound=4.04 avgTension=1.492 ewmaTension=2.456 peakTension=3.338 pN
[STATS] contractility step=10101 t=0.1010 tensionA=1.8183 tensionB=2.8505 pN boundMotors=5 | avgBound=3.50 ewmaBound=4.45 avgTension=1.500 ewmaTension=2.405 peakTension=3.338 pN
[STATS] contractility step=10201 t=0.1020 tensionA=1.9663 tensionB=3.0671 pN boundMotors=5 | avgBound=3.50 ewmaBound=4.34 avgTension=1.510 ewmaTension=2.428 peakTension=3.338 pN
[STATS] contractility step=10301 t=0.1030 tensionA=1.9801 tensionB=2.8527 pN boundMotors=3 | avgBound=3.51 ewmaBound=4.55 avgTension=1.519 ewmaTension=2.438 peakTension=3.338 pN
[STATS] contractility step=10401 t=0.1040 tensionA=1.7775 tensionB=2.9416 pN boundMotors=5 | avgBound=3.52 ewmaBound=4.52 avgTension=1.528 ewmaTension=2.432 peakTension=3.338 pN
[GATHER] call=21000 totalDirty=0 maxThread=0 cumAvg=0.0 cumMaxPerThread=0
[STATS] contractility step=10501 t=0.1050 tensionA=1.6146 tensionB=2.8920 pN boundMotors=3 | avgBound=3.54 ewmaBound=4.58 avgTension=1.535 ewmaTension=2.373 peakTension=3.338 pN
[STATS] contractility step=10601 t=0.1060 tensionA=1.4435 tensionB=2.9427 pN boundMotors=5 | avgBound=3.54 ewmaBound=4.45 avgTension=1.541 ewmaTension=2.312 peakTension=3.338 pN
[STATS] contractility step=10701 t=0.1070 tensionA=1.7052 tensionB=3.0661 pN boundMotors=5 | avgBound=3.56 ewmaBound=4.68 avgTension=1.548 ewmaTension=2.302 peakTension=3.338 pN
[STATS] contractility step=10801 t=0.1080 tensionA=1.6262 tensionB=3.3957 pN boundMotors=6 | avgBound=3.57 ewmaBound=4.68 avgTension=1.557 ewmaTension=2.373 peakTension=3.338 pN
[STATS] contractility step=10901 t=0.1090 tensionA=1.7246 tensionB=3.3314 pN boundMotors=3 | avgBound=3.57 ewmaBound=4.44 avgTension=1.565 ewmaTension=2.430 peakTension=3.338 pN
[GATHER] call=22000 totalDirty=0 maxThread=0 cumAvg=0.0 cumMaxPerThread=0
[STATS] contractility step=11001 t=0.1100 tensionA=1.7941 tensionB=3.2536 pN boundMotors=5 | avgBound=3.58 ewmaBound=4.49 avgTension=1.574 ewmaTension=2.446 peakTension=3.338 pN
[STATS] contractility step=11101 t=0.1110 tensionA=1.9582 tensionB=3.5826 pN boundMotors=3 | avgBound=3.59 ewmaBound=4.42 avgTension=1.583 ewmaTension=2.535 peakTension=3.338 pN
[STATS] contractility step=11201 t=0.1120 tensionA=2.0522 tensionB=3.2264 pN boundMotors=5 | avgBound=3.60 ewmaBound=4.47 avgTension=1.594 ewmaTension=2.610 peakTension=3.338 pN
[STATS] contractility step=11301 t=0.1130 tensionA=1.6723 tensionB=2.8612 pN boundMotors=5 | avgBound=3.61 ewmaBound=4.86 avgTension=1.601 ewmaTension=2.538 peakTension=3.338 pN
[STATS] contractility step=11401 t=0.1140 tensionA=1.6580 tensionB=2.6140 pN boundMotors=3 | avgBound=3.61 ewmaBound=4.39 avgTension=1.606 ewmaTension=2.395 peakTension=3.338 pN
[GATHER] call=23000 totalDirty=0 maxThread=0 cumAvg=0.0 cumMaxPerThread=0
[STATS] contractility step=11501 t=0.1150 tensionA=1.6698 tensionB=2.4400 pN boundMotors=3 | avgBound=3.61 ewmaBound=4.09 avgTension=1.611 ewmaTension=2.281 peakTension=3.338 pN
[STATS] contractility step=11601 t=0.1160 tensionA=1.5553 tensionB=2.8412 pN boundMotors=5 | avgBound=3.62 ewmaBound=4.35 avgTension=1.614 ewmaTension=2.194 peakTension=3.338 pN
[STATS] contractility step=11701 t=0.1170 tensionA=1.9519 tensionB=3.3880 pN boundMotors=4 | avgBound=3.64 ewmaBound=4.78 avgTension=1.621 ewmaTension=2.290 peakTension=3.338 pN
[STATS] contractility step=11801 t=0.1180 tensionA=2.5216 tensionB=3.5833 pN boundMotors=6 | avgBound=3.65 ewmaBound=4.87 avgTension=1.633 ewmaTension=2.554 peakTension=3.338 pN
[STATS] contractility step=11901 t=0.1190 tensionA=2.4991 tensionB=3.1715 pN boundMotors=4 | avgBound=3.65 ewmaBound=4.50 avgTension=1.644 ewmaTension=2.723 peakTension=3.338 pN
[GATHER] call=24000 totalDirty=0 maxThread=0 cumAvg=0.0 cumMaxPerThread=0
[STATS] contractility step=12001 t=0.1200 tensionA=2.1881 tensionB=2.8544 pN boundMotors=4 | avgBound=3.66 ewmaBound=4.34 avgTension=1.653 ewmaTension=2.700 peakTension=3.338 pN
[STATS] contractility step=12101 t=0.1210 tensionA=2.0137 tensionB=3.1168 pN boundMotors=4 | avgBound=3.66 ewmaBound=4.45 avgTension=1.660 ewmaTension=2.646 peakTension=3.338 pN
[STATS] contractility step=12201 t=0.1220 tensionA=2.1659 tensionB=3.0195 pN boundMotors=5 | avgBound=3.67 ewmaBound=4.40 avgTension=1.668 ewmaTension=2.643 peakTension=3.338 pN
[STATS] contractility step=12301 t=0.1230 tensionA=2.6984 tensionB=2.7804 pN boundMotors=7 | avgBound=3.68 ewmaBound=4.50 avgTension=1.676 ewmaTension=2.630 peakTension=3.338 pN
[STATS] contractility step=12401 t=0.1240 tensionA=2.7313 tensionB=2.7654 pN boundMotors=5 | avgBound=3.69 ewmaBound=4.63 avgTension=1.684 ewmaTension=2.684 peakTension=3.338 pN
[GATHER] call=25000 totalDirty=0 maxThread=0 cumAvg=0.0 cumMaxPerThread=0
[STATS] contractility step=12501 t=0.1250 tensionA=2.8486 tensionB=2.7261 pN boundMotors=6 | avgBound=3.70 ewmaBound=4.95 avgTension=1.693 ewmaTension=2.721 peakTension=3.338 pN
[STATS] contractility step=12601 t=0.1260 tensionA=2.9081 tensionB=2.7034 pN boundMotors=5 | avgBound=3.71 ewmaBound=4.92 avgTension=1.702 ewmaTension=2.736 peakTension=3.338 pN
[STATS] contractility step=12701 t=0.1270 tensionA=2.6230 tensionB=3.2178 pN boundMotors=4 | avgBound=3.72 ewmaBound=4.79 avgTension=1.710 ewmaTension=2.768 peakTension=3.338 pN
[STATS] contractility step=12801 t=0.1280 tensionA=2.4609 tensionB=3.2943 pN boundMotors=5 | avgBound=3.72 ewmaBound=4.60 avgTension=1.720 ewmaTension=2.832 peakTension=3.338 pN
[STATS] contractility step=12901 t=0.1290 tensionA=2.3447 tensionB=2.8902 pN boundMotors=3 | avgBound=3.73 ewmaBound=4.42 avgTension=1.728 ewmaTension=2.799 peakTension=3.338 pN
[GATHER] call=26000 totalDirty=0 maxThread=0 cumAvg=0.0 cumMaxPerThread=0
[STATS] contractility step=13001 t=0.1300 tensionA=1.7155 tensionB=2.5422 pN boundMotors=5 | avgBound=3.73 ewmaBound=4.20 avgTension=1.733 ewmaTension=2.610 peakTension=3.338 pN
[STATS] contractility step=13101 t=0.1310 tensionA=1.5560 tensionB=2.4064 pN boundMotors=5 | avgBound=3.73 ewmaBound=4.37 avgTension=1.735 ewmaTension=2.388 peakTension=3.338 pN
[STATS] contractility step=13201 t=0.1320 tensionA=2.1542 tensionB=2.0464 pN boundMotors=5 | avgBound=3.74 ewmaBound=4.62 avgTension=1.738 ewmaTension=2.270 peakTension=3.338 pN
[STATS] contractility step=13301 t=0.1330 tensionA=2.3431 tensionB=2.1095 pN boundMotors=4 | avgBound=3.75 ewmaBound=4.72 avgTension=1.741 ewmaTension=2.215 peakTension=3.338 pN
[STATS] contractility step=13401 t=0.1340 tensionA=2.2722 tensionB=1.9853 pN boundMotors=5 | avgBound=3.76 ewmaBound=4.78 avgTension=1.744 ewmaTension=2.204 peakTension=3.338 pN
[GATHER] call=27000 totalDirty=0 maxThread=0 cumAvg=0.0 cumMaxPerThread=0
[STATS] contractility step=13501 t=0.1350 tensionA=2.1437 tensionB=2.1551 pN boundMotors=5 | avgBound=3.77 ewmaBound=4.73 avgTension=1.747 ewmaTension=2.176 peakTension=3.338 pN
[STATS] contractility step=13601 t=0.1360 tensionA=2.0652 tensionB=2.4184 pN boundMotors=5 | avgBound=3.77 ewmaBound=4.56 avgTension=1.750 ewmaTension=2.198 peakTension=3.338 pN
[STATS] contractility step=13701 t=0.1370 tensionA=2.0194 tensionB=2.1118 pN boundMotors=5 | avgBound=3.77 ewmaBound=4.42 avgTension=1.753 ewmaTension=2.176 peakTension=3.338 pN
[STATS] contractility step=13801 t=0.1380 tensionA=1.7439 tensionB=1.7232 pN boundMotors=4 | avgBound=3.77 ewmaBound=4.15 avgTension=1.755 ewmaTension=2.076 peakTension=3.338 pN
[STATS] contractility step=13901 t=0.1390 tensionA=1.6716 tensionB=1.5389 pN boundMotors=4 | avgBound=3.78 ewmaBound=4.09 avgTension=1.754 ewmaTension=1.915 peakTension=3.338 pN
[GATHER] call=28000 totalDirty=0 maxThread=0 cumAvg=0.0 cumMaxPerThread=0
[STATS] contractility step=14001 t=0.1400 tensionA=1.7283 tensionB=1.6173 pN boundMotors=5 | avgBound=3.78 ewmaBound=4.39 avgTension=1.753 ewmaTension=1.795 peakTension=3.338 pN
	[TornadoVM-PTX-JNI] ERROR : cuEventSynchronize -> Returned: 709
	[TornadoVM-PTX-JNI] ERROR : cuEventDestroy -> Returned: 709
	[TornadoVM-PTX-JNI] ERROR : cuEventDestroy -> Returned: 709
	[TornadoVM-PTX-JNI] ERROR : cuEventCreate (beforeEvent) -> Returned: 709
	[TornadoVM-PTX-JNI] ERROR : cuEventCreate (afterEvent) -> Returned: 709
	[TornadoVM-PTX-JNI] ERROR : cuEventRecord -> Returned: 709
	[TornadoVM-PTX-JNI] ERROR : cuMemcpyHtoDAsyncMemSeg -> Returned: 709
	[TornadoVM-PTX-JNI] ERROR : cuEventRecord -> Returned: 709
	[TornadoVM-PTX-JNI] ERROR : cuEventSynchronize -> Returned: 709
	[TornadoVM-PTX-JNI] ERROR : cuEventDestroy -> Returned: 709
	[TornadoVM-PTX-JNI] ERROR : cuEventDestroy -> Returned: 709
	[TornadoVM-PTX-JNI] ERROR : cuEventCreate (beforeEvent) -> Returned: 709
	[TornadoVM-PTX-JNI] ERROR : cuEventCreate (afterEvent) -> Returned: 709
	[TornadoVM-PTX-JNI] ERROR : cuEventRecord -> Returned: 709
	[TornadoVM-PTX-JNI] ERROR : cuMemcpyHtoDAsyncMemSeg -> Returned: 709
	[TornadoVM-PTX-JNI] ERROR : cuEventRecord -> Returned: 709
	[TornadoVM-PTX-JNI] ERROR : cuEventSynchronize -> Returned: 709
	[TornadoVM-PTX-JNI] ERROR : cuEventDestroy -> Returned: 709
	[TornadoVM-PTX-JNI] ERROR : cuEventDestroy -> Returned: 709
	[TornadoVM-PTX-JNI] ERROR : cuEventCreate (beforeEvent) -> Returned: 709
	[TornadoVM-PTX-JNI] ERROR : cuEventCreate (afterEvent) -> Returned: 709
	[TornadoVM-PTX-JNI] ERROR : cuEventRecord -> Returned: 709
	[TornadoVM-PTX-JNI] ERROR : cuMemcpyHtoDAsyncMemSeg -> Returned: 709
	[TornadoVM-PTX-JNI] ERROR : cuEventRecord -> Returned: 709
	[TornadoVM-PTX-JNI] ERROR : cuEventSynchronize -> Returned: 709
	[TornadoVM-PTX-JNI] ERROR : cuEventDestroy -> Returned: 709
	[TornadoVM-PTX-JNI] ERROR : cuEventDestroy -> Returned: 709
	[TornadoVM-PTX-JNI] ERROR : cuEventCreate (beforeEvent) -> Returned: 709
	[TornadoVM-PTX-JNI] ERROR : cuEventCreate (afterEvent) -> Returned: 709
	[TornadoVM-PTX-JNI] ERROR : cuEventRecord -> Returned: 709
	[TornadoVM-PTX-JNI] ERROR : cuMemcpyHtoDAsync -> Returned: 709
	[TornadoVM-PTX-JNI] ERROR : cuEventRecord -> Returned: 709
	[TornadoVM-PTX-JNI] ERROR : cuStreamSynchronize -> Returned: 709
	[TornadoVM-PTX-JNI] ERROR : cuEventSynchronize -> Returned: 709
	[TornadoVM-PTX-JNI] ERROR : cuEventDestroy -> Returned: 709
	[TornadoVM-PTX-JNI] ERROR : cuEventDestroy -> Returned: 709
	[TornadoVM-PTX-JNI] ERROR : cuModuleGetFunction -> Returned: 709
	[TornadoVM-PTX-JNI] ERROR : cuEventCreate (beforeEvent) -> Returned: 709
	[TornadoVM-PTX-JNI] ERROR : cuEventCreate (afterEvent) -> Returned: 709
	[TornadoVM-PTX-JNI] ERROR : cuEventRecord -> Returned: 709
	[TornadoVM-PTX-JNI] ERROR : cuLaunchKernel -> Returned: 709
	[TornadoVM-PTX-JNI] ERROR : cuEventRecord -> Returned: 709
	[TornadoVM-PTX-JNI] ERROR : cuEventSynchronize -> Returned: 709
	[TornadoVM-PTX-JNI] ERROR : cuEventDestroy -> Returned: 709
	[TornadoVM-PTX-JNI] ERROR : cuEventDestroy -> Returned: 709
	[TornadoVM-PTX-JNI] ERROR : cuEventCreate (beforeEvent) -> Returned: 709
	[TornadoVM-PTX-JNI] ERROR : cuEventCreate (afterEvent) -> Returned: 709
	[TornadoVM-PTX-JNI] ERROR : cuEventRecord -> Returned: 709
	[TornadoVM-PTX-JNI] ERROR : cuMemcpyHtoDAsyncMemSeg -> Returned: 709
	[TornadoVM-PTX-JNI] ERROR : cuEventRecord -> Returned: 709
	[TornadoVM-PTX-JNI] ERROR : cuEventSynchronize -> Returned: 709
	[TornadoVM-PTX-JNI] ERROR : cuEventDestroy -> Returned: 709
	[TornadoVM-PTX-JNI] ERROR : cuEventDestroy -> Returned: 709
	[TornadoVM-PTX-JNI] ERROR : cuEventCreate (beforeEvent) -> Returned: 709
	[TornadoVM-PTX-JNI] ERROR : cuEventCreate (afterEvent) -> Returned: 709
	[TornadoVM-PTX-JNI] ERROR : cuEventRecord -> Returned: 709
	[TornadoVM-PTX-JNI] ERROR : cuMemcpyHtoDAsyncMemSeg -> Returned: 709
	[TornadoVM-PTX-JNI] ERROR : cuEventRecord -> Returned: 709
	[TornadoVM-PTX-JNI] ERROR : cuEventSynchronize -> Returned: 709
	[TornadoVM-PTX-JNI] ERROR : cuEventDestroy -> Returned: 709
	[TornadoVM-PTX-JNI] ERROR : cuEventDestroy -> Returned: 709
	[TornadoVM-PTX-JNI] ERROR : cuEventCreate (beforeEvent) -> Returned: 709
	[TornadoVM-PTX-JNI] ERROR : cuEventCreate (afterEvent) -> Returned: 709
	[TornadoVM-PTX-JNI] ERROR : cuEventRecord -> Returned: 709
	[TornadoVM-PTX-JNI] ERROR : cuMemcpyHtoDAsyncMemSeg -> Returned: 709
	[TornadoVM-PTX-JNI] ERROR : cuEventRecord -> Returned: 709
	[TornadoVM-PTX-JNI] ERROR : cuEventSynchronize -> Returned: 709
	[TornadoVM-PTX-JNI] ERROR : cuEventDestroy -> Returned: 709
	[TornadoVM-PTX-JNI] ERROR : cuEventDestroy -> Returned: 709
	[TornadoVM-PTX-JNI] ERROR : cuEventCreate (beforeEvent) -> Returned: 709
	[TornadoVM-PTX-JNI] ERROR : cuEventCreate (afterEvent) -> Returned: 709
	[TornadoVM-PTX-JNI] ERROR : cuEventRecord -> Returned: 709
	[TornadoVM-PTX-JNI] ERROR : cuMemcpyHtoDAsyncMemSeg -> Returned: 709
	[TornadoVM-PTX-JNI] ERROR : cuEventRecord -> Returned: 709
	[TornadoVM-PTX-JNI] ERROR : cuEventSynchronize -> Returned: 709
	[TornadoVM-PTX-JNI] ERROR : cuEventDestroy -> Returned: 709
	[TornadoVM-PTX-JNI] ERROR : cuEventDestroy -> Returned: 709
	[TornadoVM-PTX-JNI] ERROR : cuEventCreate (beforeEvent) -> Returned: 709
	[TornadoVM-PTX-JNI] ERROR : cuEventCreate (afterEvent) -> Returned: 709
	[TornadoVM-PTX-JNI] ERROR : cuEventRecord -> Returned: 709
	[TornadoVM-PTX-JNI] ERROR : cuMemcpyHtoDAsyncMemSeg -> Returned: 709
	[TornadoVM-PTX-JNI] ERROR : cuEventRecord -> Returned: 709
	[TornadoVM-PTX-JNI] ERROR : cuEventSynchronize -> Returned: 709
	[TornadoVM-PTX-JNI] ERROR : cuEventDestroy -> Returned: 709
	[TornadoVM-PTX-JNI] ERROR : cuEventDestroy -> Returned: 709
	[TornadoVM-PTX-JNI] ERROR : cuEventCreate (beforeEvent) -> Returned: 709
	[TornadoVM-PTX-JNI] ERROR : cuEventCreate (afterEvent) -> Returned: 709
	[TornadoVM-PTX-JNI] ERROR : cuEventRecord -> Returned: 709
	[TornadoVM-PTX-JNI] ERROR : cuMemcpyHtoDAsyncMemSeg -> Returned: 709
	[TornadoVM-PTX-JNI] ERROR : cuEventRecord -> Returned: 709
	[TornadoVM-PTX-JNI] ERROR : cuEventSynchronize -> Returned: 709
	[TornadoVM-PTX-JNI] ERROR : cuEventDestroy -> Returned: 709
	[TornadoVM-PTX-JNI] ERROR : cuEventDestroy -> Returned: 709
	[TornadoVM-PTX-JNI] ERROR : cuEventCreate (beforeEvent) -> Returned: 709
	[TornadoVM-PTX-JNI] ERROR : cuEventCreate (afterEvent) -> Returned: 709
	[TornadoVM-PTX-JNI] ERROR : cuEventRecord -> Returned: 709
	[TornadoVM-PTX-JNI] ERROR : cuMemcpyHtoDAsyncMemSeg -> Returned: 709
	[TornadoVM-PTX-JNI] ERROR : cuEventRecord -> Returned: 709
	[TornadoVM-PTX-JNI] ERROR : cuEventSynchronize -> Returned: 709
	[TornadoVM-PTX-JNI] ERROR : cuEventDestroy -> Returned: 709
	[TornadoVM-PTX-JNI] ERROR : cuEventDestroy -> Returned: 709
	[TornadoVM-PTX-JNI] ERROR : cuEventCreate (beforeEvent) -> Returned: 709
	[TornadoVM-PTX-JNI] ERROR : cuEventCreate (afterEvent) -> Returned: 709
	[TornadoVM-PTX-JNI] ERROR : cuEventRecord -> Returned: 709
	[TornadoVM-PTX-JNI] ERROR : cuMemcpyHtoDAsyncMemSeg -> Returned: 709
	[TornadoVM-PTX-JNI] ERROR : cuEventRecord -> Returned: 709
	[TornadoVM-PTX-JNI] ERROR : cuEventSynchronize -> Returned: 709
	[TornadoVM-PTX-JNI] ERROR : cuEventDestroy -> Returned: 709
	[TornadoVM-PTX-JNI] ERROR : cuEventDestroy -> Returned: 709
	[TornadoVM-PTX-JNI] ERROR : cuEventCreate (beforeEvent) -> Returned: 709
	[TornadoVM-PTX-JNI] ERROR : cuEventCreate (afterEvent) -> Returned: 709
	[TornadoVM-PTX-JNI] ERROR : cuEventRecord -> Returned: 709
	[TornadoVM-PTX-JNI] ERROR : cuMemcpyHtoDAsyncMemSeg -> Returned: 709
	[TornadoVM-PTX-JNI] ERROR : cuEventRecord -> Returned: 709
	[TornadoVM-PTX-JNI] ERROR : cuEventSynchronize -> Returned: 709
	[TornadoVM-PTX-JNI] ERROR : cuEventDestroy -> Returned: 709
	[TornadoVM-PTX-JNI] ERROR : cuEventDestroy -> Returned: 709
	[TornadoVM-PTX-JNI] ERROR : cuEventCreate (beforeEvent) -> Returned: 709
	[TornadoVM-PTX-JNI] ERROR : cuEventCreate (afterEvent) -> Returned: 709
	[TornadoVM-PTX-JNI] ERROR : cuEventRecord -> Returned: 709
	[TornadoVM-PTX-JNI] ERROR : cuMemcpyHtoDAsync -> Returned: 709
	[TornadoVM-PTX-JNI] ERROR : cuEventRecord -> Returned: 709
	[TornadoVM-PTX-JNI] ERROR : cuStreamSynchronize -> Returned: 709
	[TornadoVM-PTX-JNI] ERROR : cuEventSynchronize -> Returned: 709
	[TornadoVM-PTX-JNI] ERROR : cuEventDestroy -> Returned: 709
	[TornadoVM-PTX-JNI] ERROR : cuEventDestroy -> Returned: 709
	[TornadoVM-PTX-JNI] ERROR : cuModuleGetFunction -> Returned: 709
	[TornadoVM-PTX-JNI] ERROR : cuEventCreate (beforeEvent) -> Returned: 709
	[TornadoVM-PTX-JNI] ERROR : cuEventCreate (afterEvent) -> Returned: 709
	[TornadoVM-PTX-JNI] ERROR : cuEventRecord -> Returned: 709
	[TornadoVM-PTX-JNI] ERROR : cuLaunchKernel -> Returned: 709
	[TornadoVM-PTX-JNI] ERROR : cuEventRecord -> Returned: 709
	[TornadoVM-PTX-JNI] ERROR : cuEventSynchronize -> Returned: 709
	[TornadoVM-PTX-JNI] ERROR : cuEventDestroy -> Returned: 709
	[TornadoVM-PTX-JNI] ERROR : cuEventDestroy -> Returned: 709
	[TornadoVM-PTX-JNI] ERROR : cuEventCreate (beforeEvent) -> Returned: 709
	[TornadoVM-PTX-JNI] ERROR : cuEventCreate (afterEvent) -> Returned: 709
	[TornadoVM-PTX-JNI] ERROR : cuEventRecord -> Returned: 709
	[TornadoVM-PTX-JNI] ERROR : cuMemcpyHtoDAsyncMemSeg -> Returned: 709
	[TornadoVM-PTX-JNI] ERROR : cuEventRecord -> Returned: 709
	[TornadoVM-PTX-JNI] ERROR : cuEventSynchronize -> Returned: 709
	[TornadoVM-PTX-JNI] ERROR : cuEventDestroy -> Returned: 709
	[TornadoVM-PTX-JNI] ERROR : cuEventDestroy -> Returned: 709
	[TornadoVM-PTX-JNI] ERROR : cuEventCreate (beforeEvent) -> Returned: 709
	[TornadoVM-PTX-JNI] ERROR : cuEventCreate (afterEvent) -> Returned: 709
	[TornadoVM-PTX-JNI] ERROR : cuEventRecord -> Returned: 709
	[TornadoVM-PTX-JNI] ERROR : cuMemcpyHtoDAsyncMemSeg -> Returned: 709
	[TornadoVM-PTX-JNI] ERROR : cuEventRecord -> Returned: 709
	[TornadoVM-PTX-JNI] ERROR : cuEventSynchronize -> Returned: 709
	[TornadoVM-PTX-JNI] ERROR : cuEventDestroy -> Returned: 709
	[TornadoVM-PTX-JNI] ERROR : cuEventDestroy -> Returned: 709
	[TornadoVM-PTX-JNI] ERROR : cuEventCreate (beforeEvent) -> Returned: 709
	[TornadoVM-PTX-JNI] ERROR : cuEventCreate (afterEvent) -> Returned: 709
	[TornadoVM-PTX-JNI] ERROR : cuEventRecord -> Returned: 709
	[TornadoVM-PTX-JNI] ERROR : cuMemcpyHtoDAsyncMemSeg -> Returned: 709
	[TornadoVM-PTX-JNI] ERROR : cuEventRecord -> Returned: 709
	[TornadoVM-PTX-JNI] ERROR : cuEventSynchronize -> Returned: 709
	[TornadoVM-PTX-JNI] ERROR : cuEventDestroy -> Returned: 709
	[TornadoVM-PTX-JNI] ERROR : cuEventDestroy -> Returned: 709
	[TornadoVM-PTX-JNI] ERROR : cuEventCreate (beforeEvent) -> Returned: 709
	[TornadoVM-PTX-JNI] ERROR : cuEventCreate (afterEvent) -> Returned: 709
	[TornadoVM-PTX-JNI] ERROR : cuEventRecord -> Returned: 709
	[TornadoVM-PTX-JNI] ERROR : cuMemcpyHtoDAsyncMemSeg -> Returned: 709
	[TornadoVM-PTX-JNI] ERROR : cuEventRecord -> Returned: 709
	[TornadoVM-PTX-JNI] ERROR : cuEventSynchronize -> Returned: 709
	[TornadoVM-PTX-JNI] ERROR : cuEventDestroy -> Returned: 709
	[TornadoVM-PTX-JNI] ERROR : cuEventDestroy -> Returned: 709
	[TornadoVM-PTX-JNI] ERROR : cuEventCreate (beforeEvent) -> Returned: 709
	[TornadoVM-PTX-JNI] ERROR : cuEventCreate (afterEvent) -> Returned: 709
	[TornadoVM-PTX-JNI] ERROR : cuEventRecord -> Returned: 709
	[TornadoVM-PTX-JNI] ERROR : cuMemcpyHtoDAsyncMemSeg -> Returned: 709
	[TornadoVM-PTX-JNI] ERROR : cuEventRecord -> Returned: 709
	[TornadoVM-PTX-JNI] ERROR : cuEventSynchronize -> Returned: 709
	[TornadoVM-PTX-JNI] ERROR : cuEventDestroy -> Returned: 709
	[TornadoVM-PTX-JNI] ERROR : cuEventDestroy -> Returned: 709
	[TornadoVM-PTX-JNI] ERROR : cuEventCreate (beforeEvent) -> Returned: 709
	[TornadoVM-PTX-JNI] ERROR : cuEventCreate (afterEvent) -> Returned: 709
	[TornadoVM-PTX-JNI] ERROR : cuEventRecord -> Returned: 709
	[TornadoVM-PTX-JNI] ERROR : cuMemcpyHtoDAsyncMemSeg -> Returned: 709
	[TornadoVM-PTX-JNI] ERROR : cuEventRecord -> Returned: 709
	[TornadoVM-PTX-JNI] ERROR : cuEventSynchronize -> Returned: 709
	[TornadoVM-PTX-JNI] ERROR : cuEventDestroy -> Returned: 709
	[TornadoVM-PTX-JNI] ERROR : cuEventDestroy -> Returned: 709
	[TornadoVM-PTX-JNI] ERROR : cuEventCreate (beforeEvent) -> Returned: 709
	[TornadoVM-PTX-JNI] ERROR : cuEventCreate (afterEvent) -> Returned: 709
	[TornadoVM-PTX-JNI] ERROR : cuEventRecord -> Returned: 709
	[TornadoVM-PTX-JNI] ERROR : cuMemcpyHtoDAsyncMemSeg -> Returned: 709
	[TornadoVM-PTX-JNI] ERROR : cuEventRecord -> Returned: 709
	[TornadoVM-PTX-JNI] ERROR : cuEventSynchronize -> Returned: 709
	[TornadoVM-PTX-JNI] ERROR : cuEventDestroy -> Returned: 709
	[TornadoVM-PTX-JNI] ERROR : cuEventDestroy -> Returned: 709
	[TornadoVM-PTX-JNI] ERROR : cuEventCreate (beforeEvent) -> Returned: 709
	[TornadoVM-PTX-JNI] ERROR : cuEventCreate (afterEvent) -> Returned: 709
	[TornadoVM-PTX-JNI] ERROR : cuEventRecord -> Returned: 709
	[TornadoVM-PTX-JNI] ERROR : cuMemcpyHtoDAsync -> Returned: 709
	[TornadoVM-PTX-JNI] ERROR : cuEventRecord -> Returned: 709
	[TornadoVM-PTX-JNI] ERROR : cuStreamSynchronize -> Returned: 709
	[TornadoVM-PTX-JNI] ERROR : cuEventSynchronize -> Returned: 709
	[TornadoVM-PTX-JNI] ERROR : cuEventDestroy -> Returned: 709
	[TornadoVM-PTX-JNI] ERROR : cuEventDestroy -> Returned: 709
	[TornadoVM-PTX-JNI] ERROR : cuModuleGetFunction -> Returned: 709
	[TornadoVM-PTX-JNI] ERROR : cuEventCreate (beforeEvent) -> Returned: 709
	[TornadoVM-PTX-JNI] ERROR : cuEventCreate (afterEvent) -> Returned: 709
	[TornadoVM-PTX-JNI] ERROR : cuEventRecord -> Returned: 709
	[TornadoVM-PTX-JNI] ERROR : cuLaunchKernel -> Returned: 709
	[TornadoVM-PTX-JNI] ERROR : cuEventRecord -> Returned: 709
	[TornadoVM-PTX-JNI] ERROR : cuEventSynchronize -> Returned: 709
	[TornadoVM-PTX-JNI] ERROR : cuEventDestroy -> Returned: 709
	[TornadoVM-PTX-JNI] ERROR : cuEventDestroy -> Returned: 709
	[TornadoVM-PTX-JNI] ERROR : cuEventCreate (beforeEvent) -> Returned: 709
	[TornadoVM-PTX-JNI] ERROR : cuEventCreate (afterEvent) -> Returned: 709
	[TornadoVM-PTX-JNI] ERROR : cuEventRecord -> Returned: 709
	[TornadoVM-PTX-JNI] ERROR : cuMemcpyHtoDAsyncMemSeg -> Returned: 709
	[TornadoVM-PTX-JNI] ERROR : cuEventRecord -> Returned: 709
	[TornadoVM-PTX-JNI] ERROR : cuEventSynchronize -> Returned: 709
	[TornadoVM-PTX-JNI] ERROR : cuEventDestroy -> Returned: 709
	[TornadoVM-PTX-JNI] ERROR : cuEventDestroy -> Returned: 709
	[TornadoVM-PTX-JNI] ERROR : cuEventCreate (beforeEvent) -> Returned: 709
	[TornadoVM-PTX-JNI] ERROR : cuEventCreate (afterEvent) -> Returned: 709
	[TornadoVM-PTX-JNI] ERROR : cuEventRecord -> Returned: 709
	[TornadoVM-PTX-JNI] ERROR : cuMemcpyHtoDAsyncMemSeg -> Returned: 709
	[TornadoVM-PTX-JNI] ERROR : cuEventRecord -> Returned: 709
	[TornadoVM-PTX-JNI] ERROR : cuEventSynchronize -> Returned: 709
	[TornadoVM-PTX-JNI] ERROR : cuEventDestroy -> Returned: 709
	[TornadoVM-PTX-JNI] ERROR : cuEventDestroy -> Returned: 709
	[TornadoVM-PTX-JNI] ERROR : cuEventCreate (beforeEvent) -> Returned: 709
	[TornadoVM-PTX-JNI] ERROR : cuEventCreate (afterEvent) -> Returned: 709
	[TornadoVM-PTX-JNI] ERROR : cuEventRecord -> Returned: 709
	[TornadoVM-PTX-JNI] ERROR : cuMemcpyHtoDAsyncMemSeg -> Returned: 709
	[TornadoVM-PTX-JNI] ERROR : cuEventRecord -> Returned: 709
	[TornadoVM-PTX-JNI] ERROR : cuEventSynchronize -> Returned: 709
	[TornadoVM-PTX-JNI] ERROR : cuEventDestroy -> Returned: 709
	[TornadoVM-PTX-JNI] ERROR : cuEventDestroy -> Returned: 709
	[TornadoVM-PTX-JNI] ERROR : cuEventCreate (beforeEvent) -> Returned: 709
	[TornadoVM-PTX-JNI] ERROR : cuEventCreate (afterEvent) -> Returned: 709
	[TornadoVM-PTX-JNI] ERROR : cuEventRecord -> Returned: 709
	[TornadoVM-PTX-JNI] ERROR : cuMemcpyHtoDAsync -> Returned: 709
	[TornadoVM-PTX-JNI] ERROR : cuEventRecord -> Returned: 709
	[TornadoVM-PTX-JNI] ERROR : cuStreamSynchronize -> Returned: 709
	[TornadoVM-PTX-JNI] ERROR : cuEventSynchronize -> Returned: 709
	[TornadoVM-PTX-JNI] ERROR : cuEventDestroy -> Returned: 709
	[TornadoVM-PTX-JNI] ERROR : cuEventDestroy -> Returned: 709
	[TornadoVM-PTX-JNI] ERROR : cuModuleGetFunction -> Returned: 709
	[TornadoVM-PTX-JNI] ERROR : cuEventCreate (beforeEvent) -> Returned: 709
	[TornadoVM-PTX-JNI] ERROR : cuEventCreate (afterEvent) -> Returned: 709
	[TornadoVM-PTX-JNI] ERROR : cuEventRecord -> Returned: 709
	[TornadoVM-PTX-JNI] ERROR : cuLaunchKernel -> Returned: 709
	[TornadoVM-PTX-JNI] ERROR : cuEventRecord -> Returned: 709
	[TornadoVM-PTX-JNI] ERROR : cuEventSynchronize -> Returned: 709
	[TornadoVM-PTX-JNI] ERROR : cuEventDestroy -> Returned: 709
	[TornadoVM-PTX-JNI] ERROR : cuEventDestroy -> Returned: 709
	[TornadoVM-PTX-JNI] ERROR : cuEventCreate (beforeEvent) -> Returned: 709
	[TornadoVM-PTX-JNI] ERROR : cuEventCreate (afterEvent) -> Returned: 709
	[TornadoVM-PTX-JNI] ERROR : cuEventRecord -> Returned: 709
	[TornadoVM-PTX-JNI] ERROR : cuMemcpyHtoDAsyncMemSeg -> Returned: 709
	[TornadoVM-PTX-JNI] ERROR : cuEventRecord -> Returned: 709
	[TornadoVM-PTX-JNI] ERROR : cuEventSynchronize -> Returned: 709
	[TornadoVM-PTX-JNI] ERROR : cuEventDestroy -> Returned: 709
	[TornadoVM-PTX-JNI] ERROR : cuEventDestroy -> Returned: 709
	[TornadoVM-PTX-JNI] ERROR : cuEventCreate (beforeEvent) -> Returned: 709
	[TornadoVM-PTX-JNI] ERROR : cuEventCreate (afterEvent) -> Returned: 709
	[TornadoVM-PTX-JNI] ERROR : cuEventRecord -> Returned: 709
	[TornadoVM-PTX-JNI] ERROR : cuMemcpyHtoDAsyncMemSeg -> Returned: 709
	[TornadoVM-PTX-JNI] ERROR : cuEventRecord -> Returned: 709
	[TornadoVM-PTX-JNI] ERROR : cuEventSynchronize -> Returned: 709
	[TornadoVM-PTX-JNI] ERROR : cuEventDestroy -> Returned: 709
	[TornadoVM-PTX-JNI] ERROR : cuEventDestroy -> Returned: 709
	[TornadoVM-PTX-JNI] ERROR : cuEventCreate (beforeEvent) -> Returned: 709
	[TornadoVM-PTX-JNI] ERROR : cuEventCreate (afterEvent) -> Returned: 709
	[TornadoVM-PTX-JNI] ERROR : cuEventRecord -> Returned: 709
	[TornadoVM-PTX-JNI] ERROR : cuMemcpyHtoDAsyncMemSeg -> Returned: 709
	[TornadoVM-PTX-JNI] ERROR : cuEventRecord -> Returned: 709
	[TornadoVM-PTX-JNI] ERROR : cuEventSynchronize -> Returned: 709
	[TornadoVM-PTX-JNI] ERROR : cuEventDestroy -> Returned: 709
	[TornadoVM-PTX-JNI] ERROR : cuEventDestroy -> Returned: 709
	[TornadoVM-PTX-JNI] ERROR : cuEventCreate (beforeEvent) -> Returned: 709
	[TornadoVM-PTX-JNI] ERROR : cuEventCreate (afterEvent) -> Returned: 709
	[TornadoVM-PTX-JNI] ERROR : cuEventRecord -> Returned: 709
	[TornadoVM-PTX-JNI] ERROR : cuMemcpyHtoDAsync -> Returned: 709
	[TornadoVM-PTX-JNI] ERROR : cuEventRecord -> Returned: 709
	[TornadoVM-PTX-JNI] ERROR : cuStreamSynchronize -> Returned: 709
	[TornadoVM-PTX-JNI] ERROR : cuEventSynchronize -> Returned: 709
	[TornadoVM-PTX-JNI] ERROR : cuEventDestroy -> Returned: 709
	[TornadoVM-PTX-JNI] ERROR : cuEventDestroy -> Returned: 709
	[TornadoVM-PTX-JNI] ERROR : cuModuleGetFunction -> Returned: 709
	[TornadoVM-PTX-JNI] ERROR : cuEventCreate (beforeEvent) -> Returned: 709
	[TornadoVM-PTX-JNI] ERROR : cuEventCreate (afterEvent) -> Returned: 709
	[TornadoVM-PTX-JNI] ERROR : cuEventRecord -> Returned: 709
	[TornadoVM-PTX-JNI] ERROR : cuLaunchKernel -> Returned: 709
	[TornadoVM-PTX-JNI] ERROR : cuEventRecord -> Returned: 709
	[TornadoVM-PTX-JNI] ERROR : cuEventSynchronize -> Returned: 709
	[TornadoVM-PTX-JNI] ERROR : cuEventDestroy -> Returned: 709
	[TornadoVM-PTX-JNI] ERROR : cuEventDestroy -> Returned: 709
	[TornadoVM-PTX-JNI] ERROR : cuEventCreate (beforeEvent) -> Returned: 709
	[TornadoVM-PTX-JNI] ERROR : cuEventCreate (afterEvent) -> Returned: 709
	[TornadoVM-PTX-JNI] ERROR : cuEventRecord -> Returned: 709
	[TornadoVM-PTX-JNI] ERROR : cuMemcpyHtoDAsyncMemSeg -> Returned: 709
	[TornadoVM-PTX-JNI] ERROR : cuEventRecord -> Returned: 709
	[TornadoVM-PTX-JNI] ERROR : cuEventSynchronize -> Returned: 709
	[TornadoVM-PTX-JNI] ERROR : cuEventDestroy -> Returned: 709
	[TornadoVM-PTX-JNI] ERROR : cuEventDestroy -> Returned: 709
	[TornadoVM-PTX-JNI] ERROR : cuEventCreate (beforeEvent) -> Returned: 709
	[TornadoVM-PTX-JNI] ERROR : cuEventCreate (afterEvent) -> Returned: 709
	[TornadoVM-PTX-JNI] ERROR : cuEventRecord -> Returned: 709
	[TornadoVM-PTX-JNI] ERROR : cuMemcpyHtoDAsyncMemSeg -> Returned: 709
	[TornadoVM-PTX-JNI] ERROR : cuEventRecord -> Returned: 709
	[TornadoVM-PTX-JNI] ERROR : cuEventSynchronize -> Returned: 709
	[TornadoVM-PTX-JNI] ERROR : cuEventDestroy -> Returned: 709
	[TornadoVM-PTX-JNI] ERROR : cuEventDestroy -> Returned: 709
	[TornadoVM-PTX-JNI] ERROR : cuEventCreate (beforeEvent) -> Returned: 709
	[TornadoVM-PTX-JNI] ERROR : cuEventCreate (afterEvent) -> Returned: 709
	[TornadoVM-PTX-JNI] ERROR : cuEventRecord -> Returned: 709
	[TornadoVM-PTX-JNI] ERROR : cuMemcpyHtoDAsync -> Returned: 709
	[TornadoVM-PTX-JNI] ERROR : cuEventRecord -> Returned: 709
	[TornadoVM-PTX-JNI] ERROR : cuStreamSynchronize -> Returned: 709
	[TornadoVM-PTX-JNI] ERROR : cuEventSynchronize -> Returned: 709
	[TornadoVM-PTX-JNI] ERROR : cuEventDestroy -> Returned: 709
	[TornadoVM-PTX-JNI] ERROR : cuEventDestroy -> Returned: 709
	[TornadoVM-PTX-JNI] ERROR : cuModuleGetFunction -> Returned: 709
	[TornadoVM-PTX-JNI] ERROR : cuEventCreate (beforeEvent) -> Returned: 709
	[TornadoVM-PTX-JNI] ERROR : cuEventCreate (afterEvent) -> Returned: 709
	[TornadoVM-PTX-JNI] ERROR : cuEventRecord -> Returned: 709
	[TornadoVM-PTX-JNI] ERROR : cuLaunchKernel -> Returned: 709
	[TornadoVM-PTX-JNI] ERROR : cuEventRecord -> Returned: 709
	[TornadoVM-PTX-JNI] ERROR : cuEventSynchronize -> Returned: 709
	[TornadoVM-PTX-JNI] ERROR : cuEventDestroy -> Returned: 709
	[TornadoVM-PTX-JNI] ERROR : cuEventDestroy -> Returned: 709
	[TornadoVM-PTX-JNI] ERROR : cuEventCreate (beforeEvent) -> Returned: 709
	[TornadoVM-PTX-JNI] ERROR : cuEventCreate (afterEvent) -> Returned: 709
	[TornadoVM-PTX-JNI] ERROR : cuEventRecord -> Returned: 709
	[TornadoVM-PTX-JNI] ERROR : cuMemcpyHtoDAsyncMemSeg -> Returned: 709
	[TornadoVM-PTX-JNI] ERROR : cuEventRecord -> Returned: 709
	[TornadoVM-PTX-JNI] ERROR : cuEventSynchronize -> Returned: 709
	[TornadoVM-PTX-JNI] ERROR : cuEventDestroy -> Returned: 709
	[TornadoVM-PTX-JNI] ERROR : cuEventDestroy -> Returned: 709
	[TornadoVM-PTX-JNI] ERROR : cuEventCreate (beforeEvent) -> Returned: 709
	[TornadoVM-PTX-JNI] ERROR : cuEventCreate (afterEvent) -> Returned: 709
	[TornadoVM-PTX-JNI] ERROR : cuEventRecord -> Returned: 709
	[TornadoVM-PTX-JNI] ERROR : cuMemcpyHtoDAsyncMemSeg -> Returned: 709
	[TornadoVM-PTX-JNI] ERROR : cuEventRecord -> Returned: 709
	[TornadoVM-PTX-JNI] ERROR : cuEventSynchronize -> Returned: 709
	[TornadoVM-PTX-JNI] ERROR : cuEventDestroy -> Returned: 709
	[TornadoVM-PTX-JNI] ERROR : cuEventDestroy -> Returned: 709
	[TornadoVM-PTX-JNI] ERROR : cuEventCreate (beforeEvent) -> Returned: 709
	[TornadoVM-PTX-JNI] ERROR : cuEventCreate (afterEvent) -> Returned: 709
	[TornadoVM-PTX-JNI] ERROR : cuEventRecord -> Returned: 709
	[TornadoVM-PTX-JNI] ERROR : cuMemcpyHtoDAsyncMemSeg -> Returned: 709
	[TornadoVM-PTX-JNI] ERROR : cuEventRecord -> Returned: 709
	[TornadoVM-PTX-JNI] ERROR : cuEventSynchronize -> Returned: 709
	[TornadoVM-PTX-JNI] ERROR : cuEventDestroy -> Returned: 709
	[TornadoVM-PTX-JNI] ERROR : cuEventDestroy -> Returned: 709
	[TornadoVM-PTX-JNI] ERROR : cuEventCreate (beforeEvent) -> Returned: 709
	[TornadoVM-PTX-JNI] ERROR : cuEventCreate (afterEvent) -> Returned: 709
	[TornadoVM-PTX-JNI] ERROR : cuEventRecord -> Returned: 709
	[TornadoVM-PTX-JNI] ERROR : cuMemcpyHtoDAsyncMemSeg -> Returned: 709
	[TornadoVM-PTX-JNI] ERROR : cuEventRecord -> Returned: 709
	[TornadoVM-PTX-JNI] ERROR : cuEventSynchronize -> Returned: 709
	[TornadoVM-PTX-JNI] ERROR : cuEventDestroy -> Returned: 709
	[TornadoVM-PTX-JNI] ERROR : cuEventDestroy -> Returned: 709
	[TornadoVM-PTX-JNI] ERROR : cuEventCreate (beforeEvent) -> Returned: 709
	[TornadoVM-PTX-JNI] ERROR : cuEventCreate (afterEvent) -> Returned: 709
	[TornadoVM-PTX-JNI] ERROR : cuEventRecord -> Returned: 709
	[TornadoVM-PTX-JNI] ERROR : cuMemcpyHtoDAsyncMemSeg -> Returned: 709
	[TornadoVM-PTX-JNI] ERROR : cuEventRecord -> Returned: 709
	[TornadoVM-PTX-JNI] ERROR : cuEventSynchronize -> Returned: 709
	[TornadoVM-PTX-JNI] ERROR : cuEventDestroy -> Returned: 709
	[TornadoVM-PTX-JNI] ERROR : cuEventDestroy -> Returned: 709
	[TornadoVM-PTX-JNI] ERROR : cuEventCreate (beforeEvent) -> Returned: 709
	[TornadoVM-PTX-JNI] ERROR : cuEventCreate (afterEvent) -> Returned: 709
	[TornadoVM-PTX-JNI] ERROR : cuEventRecord -> Returned: 709
	[TornadoVM-PTX-JNI] ERROR : cuMemcpyHtoDAsyncMemSeg -> Returned: 709
	[TornadoVM-PTX-JNI] ERROR : cuEventRecord -> Returned: 709
	[TornadoVM-PTX-JNI] ERROR : cuEventSynchronize -> Returned: 709
	[TornadoVM-PTX-JNI] ERROR : cuEventDestroy -> Returned: 709
	[TornadoVM-PTX-JNI] ERROR : cuEventDestroy -> Returned: 709
	[TornadoVM-PTX-JNI] ERROR : cuEventCreate (beforeEvent) -> Returned: 709
	[TornadoVM-PTX-JNI] ERROR : cuEventCreate (afterEvent) -> Returned: 709
	[TornadoVM-PTX-JNI] ERROR : cuEventRecord -> Returned: 709
	[TornadoVM-PTX-JNI] ERROR : cuMemcpyHtoDAsyncMemSeg -> Returned: 709
	[TornadoVM-PTX-JNI] ERROR : cuEventRecord -> Returned: 709
	[TornadoVM-PTX-JNI] ERROR : cuEventSynchronize -> Returned: 709
	[TornadoVM-PTX-JNI] ERROR : cuEventDestroy -> Returned: 709
	[TornadoVM-PTX-JNI] ERROR : cuEventDestroy -> Returned: 709
	[TornadoVM-PTX-JNI] ERROR : cuEventCreate (beforeEvent) -> Returned: 709
	[TornadoVM-PTX-JNI] ERROR : cuEventCreate (afterEvent) -> Returned: 709
	[TornadoVM-PTX-JNI] ERROR : cuEventRecord -> Returned: 709
	[TornadoVM-PTX-JNI] ERROR : cuMemcpyHtoDAsync -> Returned: 709
	[TornadoVM-PTX-JNI] ERROR : cuEventRecord -> Returned: 709
	[TornadoVM-PTX-JNI] ERROR : cuStreamSynchronize -> Returned: 709
	[TornadoVM-PTX-JNI] ERROR : cuEventSynchronize -> Returned: 709
	[TornadoVM-PTX-JNI] ERROR : cuEventDestroy -> Returned: 709
	[TornadoVM-PTX-JNI] ERROR : cuEventDestroy -> Returned: 709
	[TornadoVM-PTX-JNI] ERROR : cuModuleGetFunction -> Returned: 709
	[TornadoVM-PTX-JNI] ERROR : cuEventCreate (beforeEvent) -> Returned: 709
	[TornadoVM-PTX-JNI] ERROR : cuEventCreate (afterEvent) -> Returned: 709
	[TornadoVM-PTX-JNI] ERROR : cuEventRecord -> Returned: 709
	[TornadoVM-PTX-JNI] ERROR : cuLaunchKernel -> Returned: 709
	[TornadoVM-PTX-JNI] ERROR : cuEventRecord -> Returned: 709
	[TornadoVM-PTX-JNI] ERROR : cuEventSynchronize -> Returned: 709
	[TornadoVM-PTX-JNI] ERROR : cuEventDestroy -> Returned: 709
	[TornadoVM-PTX-JNI] ERROR : cuEventDestroy -> Returned: 709
	[TornadoVM-PTX-JNI] ERROR : cuEventCreate (beforeEvent) -> Returned: 709
	[TornadoVM-PTX-JNI] ERROR : cuEventCreate (afterEvent) -> Returned: 709
	[TornadoVM-PTX-JNI] ERROR : cuEventRecord -> Returned: 709
	[TornadoVM-PTX-JNI] ERROR : cuMemcpyHtoDAsyncMemSeg -> Returned: 709
	[TornadoVM-PTX-JNI] ERROR : cuEventRecord -> Returned: 709
	[TornadoVM-PTX-JNI] ERROR : cuEventSynchronize -> Returned: 709
	[TornadoVM-PTX-JNI] ERROR : cuEventDestroy -> Returned: 709
	[TornadoVM-PTX-JNI] ERROR : cuEventDestroy -> Returned: 709
	[TornadoVM-PTX-JNI] ERROR : cuEventCreate (beforeEvent) -> Returned: 709
	[TornadoVM-PTX-JNI] ERROR : cuEventCreate (afterEvent) -> Returned: 709
	[TornadoVM-PTX-JNI] ERROR : cuEventRecord -> Returned: 709
	[TornadoVM-PTX-JNI] ERROR : cuMemcpyHtoDAsyncMemSeg -> Returned: 709
	[TornadoVM-PTX-JNI] ERROR : cuEventRecord -> Returned: 709
	[TornadoVM-PTX-JNI] ERROR : cuEventSynchronize -> Returned: 709
	[TornadoVM-PTX-JNI] ERROR : cuEventDestroy -> Returned: 709
	[TornadoVM-PTX-JNI] ERROR : cuEventDestroy -> Returned: 709
	[TornadoVM-PTX-JNI] ERROR : cuEventCreate (beforeEvent) -> Returned: 709
	[TornadoVM-PTX-JNI] ERROR : cuEventCreate (afterEvent) -> Returned: 709
	[TornadoVM-PTX-JNI] ERROR : cuEventRecord -> Returned: 709
	[TornadoVM-PTX-JNI] ERROR : cuMemcpyHtoDAsyncMemSeg -> Returned: 709
	[TornadoVM-PTX-JNI] ERROR : cuEventRecord -> Returned: 709
	[TornadoVM-PTX-JNI] ERROR : cuEventSynchronize -> Returned: 709
	[TornadoVM-PTX-JNI] ERROR : cuEventDestroy -> Returned: 709
	[TornadoVM-PTX-JNI] ERROR : cuEventDestroy -> Returned: 709
	[TornadoVM-PTX-JNI] ERROR : cuEventCreate (beforeEvent) -> Returned: 709
	[TornadoVM-PTX-JNI] ERROR : cuEventCreate (afterEvent) -> Returned: 709
	[TornadoVM-PTX-JNI] ERROR : cuEventRecord -> Returned: 709
	[TornadoVM-PTX-JNI] ERROR : cuMemcpyHtoDAsyncMemSeg -> Returned: 709
	[TornadoVM-PTX-JNI] ERROR : cuEventRecord -> Returned: 709
	[TornadoVM-PTX-JNI] ERROR : cuEventSynchronize -> Returned: 709
	[TornadoVM-PTX-JNI] ERROR : cuEventDestroy -> Returned: 709
	[TornadoVM-PTX-JNI] ERROR : cuEventDestroy -> Returned: 709
	[TornadoVM-PTX-JNI] ERROR : cuEventCreate (beforeEvent) -> Returned: 709
	[TornadoVM-PTX-JNI] ERROR : cuEventCreate (afterEvent) -> Returned: 709
	[TornadoVM-PTX-JNI] ERROR : cuEventRecord -> Returned: 709
	[TornadoVM-PTX-JNI] ERROR : cuMemcpyHtoDAsyncMemSeg -> Returned: 709
	[TornadoVM-PTX-JNI] ERROR : cuEventRecord -> Returned: 709
	[TornadoVM-PTX-JNI] ERROR : cuEventSynchronize -> Returned: 709
	[TornadoVM-PTX-JNI] ERROR : cuEventDestroy -> Returned: 709
	[TornadoVM-PTX-JNI] ERROR : cuEventDestroy -> Returned: 709
	[TornadoVM-PTX-JNI] ERROR : cuEventCreate (beforeEvent) -> Returned: 709
	[TornadoVM-PTX-JNI] ERROR : cuEventCreate (afterEvent) -> Returned: 709
	[TornadoVM-PTX-JNI] ERROR : cuEventRecord -> Returned: 709
	[TornadoVM-PTX-JNI] ERROR : cuMemcpyHtoDAsyncMemSeg -> Returned: 709
	[TornadoVM-PTX-JNI] ERROR : cuEventRecord -> Returned: 709
	[TornadoVM-PTX-JNI] ERROR : cuEventSynchronize -> Returned: 709
	[TornadoVM-PTX-JNI] ERROR : cuEventDestroy -> Returned: 709
	[TornadoVM-PTX-JNI] ERROR : cuEventDestroy -> Returned: 709
	[TornadoVM-PTX-JNI] ERROR : cuEventCreate (beforeEvent) -> Returned: 709
	[TornadoVM-PTX-JNI] ERROR : cuEventCreate (afterEvent) -> Returned: 709
	[TornadoVM-PTX-JNI] ERROR : cuEventRecord -> Returned: 709
	[TornadoVM-PTX-JNI] ERROR : cuMemcpyHtoDAsync -> Returned: 709
	[TornadoVM-PTX-JNI] ERROR : cuEventRecord -> Returned: 709
	[TornadoVM-PTX-JNI] ERROR : cuStreamSynchronize -> Returned: 709
	[TornadoVM-PTX-JNI] ERROR : cuEventSynchronize -> Returned: 709
	[TornadoVM-PTX-JNI] ERROR : cuEventDestroy -> Returned: 709
	[TornadoVM-PTX-JNI] ERROR : cuEventDestroy -> Returned: 709
	[TornadoVM-PTX-JNI] ERROR : cuModuleGetFunction -> Returned: 709
	[TornadoVM-PTX-JNI] ERROR : cuEventCreate (beforeEvent) -> Returned: 709
	[TornadoVM-PTX-JNI] ERROR : cuEventCreate (afterEvent) -> Returned: 709
	[TornadoVM-PTX-JNI] ERROR : cuEventRecord -> Returned: 709
	[TornadoVM-PTX-JNI] ERROR : cuLaunchKernel -> Returned: 709
	[TornadoVM-PTX-JNI] ERROR : cuEventRecord -> Returned: 709
	[TornadoVM-PTX-JNI] ERROR : cuEventSynchronize -> Returned: 709
	[TornadoVM-PTX-JNI] ERROR : cuEventDestroy -> Returned: 709
	[TornadoVM-PTX-JNI] ERROR : cuEventDestroy -> Returned: 709
	[TornadoVM-PTX-JNI] ERROR : cuEventCreate (beforeEvent) -> Returned: 709
	[TornadoVM-PTX-JNI] ERROR : cuEventCreate (afterEvent) -> Returned: 709
	[TornadoVM-PTX-JNI] ERROR : cuEventRecord -> Returned: 709
	[TornadoVM-PTX-JNI] ERROR : cuMemcpyHtoDAsyncMemSeg -> Returned: 709
	[TornadoVM-PTX-JNI] ERROR : cuEventRecord -> Returned: 709
	[TornadoVM-PTX-JNI] ERROR : cuEventSynchronize -> Returned: 709
	[TornadoVM-PTX-JNI] ERROR : cuEventDestroy -> Returned: 709
	[TornadoVM-PTX-JNI] ERROR : cuEventDestroy -> Returned: 709
	[TornadoVM-PTX-JNI] ERROR : cuEventCreate (beforeEvent) -> Returned: 709
	[TornadoVM-PTX-JNI] ERROR : cuEventCreate (afterEvent) -> Returned: 709
	[TornadoVM-PTX-JNI] ERROR : cuEventRecord -> Returned: 709
	[TornadoVM-PTX-JNI] ERROR : cuMemcpyHtoDAsyncMemSeg -> Returned: 709
	[TornadoVM-PTX-JNI] ERROR : cuEventRecord -> Returned: 709
	[TornadoVM-PTX-JNI] ERROR : cuEventSynchronize -> Returned: 709
	[TornadoVM-PTX-JNI] ERROR : cuEventDestroy -> Returned: 709
	[TornadoVM-PTX-JNI] ERROR : cuEventDestroy -> Returned: 709
	[TornadoVM-PTX-JNI] ERROR : cuEventCreate (beforeEvent) -> Returned: 709
	[TornadoVM-PTX-JNI] ERROR : cuEventCreate (afterEvent) -> Returned: 709
	[TornadoVM-PTX-JNI] ERROR : cuEventRecord -> Returned: 709
	[TornadoVM-PTX-JNI] ERROR : cuMemcpyHtoDAsyncMemSeg -> Returned: 709
	[TornadoVM-PTX-JNI] ERROR : cuEventRecord -> Returned: 709
	[TornadoVM-PTX-JNI] ERROR : cuEventSynchronize -> Returned: 709
	[TornadoVM-PTX-JNI] ERROR : cuEventDestroy -> Returned: 709
	[TornadoVM-PTX-JNI] ERROR : cuEventDestroy -> Returned: 709
	[TornadoVM-PTX-JNI] ERROR : cuEventCreate (beforeEvent) -> Returned: 709
	[TornadoVM-PTX-JNI] ERROR : cuEventCreate (afterEvent) -> Returned: 709
	[TornadoVM-PTX-JNI] ERROR : cuEventRecord -> Returned: 709
	[TornadoVM-PTX-JNI] ERROR : cuMemcpyHtoDAsyncMemSeg -> Returned: 709
	[TornadoVM-PTX-JNI] ERROR : cuEventRecord -> Returned: 709
	[TornadoVM-PTX-JNI] ERROR : cuEventSynchronize -> Returned: 709
	[TornadoVM-PTX-JNI] ERROR : cuEventDestroy -> Returned: 709
	[TornadoVM-PTX-JNI] ERROR : cuEventDestroy -> Returned: 709
	[TornadoVM-PTX-JNI] ERROR : cuEventCreate (beforeEvent) -> Returned: 709
	[TornadoVM-PTX-JNI] ERROR : cuEventCreate (afterEvent) -> Returned: 709
	[TornadoVM-PTX-JNI] ERROR : cuEventRecord -> Returned: 709
	[TornadoVM-PTX-JNI] ERROR : cuMemcpyHtoDAsyncMemSeg -> Returned: 709
	[TornadoVM-PTX-JNI] ERROR : cuEventRecord -> Returned: 709
	[TornadoVM-PTX-JNI] ERROR : cuEventSynchronize -> Returned: 709
	[TornadoVM-PTX-JNI] ERROR : cuEventDestroy -> Returned: 709
	[TornadoVM-PTX-JNI] ERROR : cuEventDestroy -> Returned: 709
	[TornadoVM-PTX-JNI] ERROR : cuEventCreate (beforeEvent) -> Returned: 709
	[TornadoVM-PTX-JNI] ERROR : cuEventCreate (afterEvent) -> Returned: 709
	[TornadoVM-PTX-JNI] ERROR : cuEventRecord -> Returned: 709
	[TornadoVM-PTX-JNI] ERROR : cuMemcpyHtoDAsync -> Returned: 709
	[TornadoVM-PTX-JNI] ERROR : cuEventRecord -> Returned: 709
	[TornadoVM-PTX-JNI] ERROR : cuStreamSynchronize -> Returned: 709
	[TornadoVM-PTX-JNI] ERROR : cuEventSynchronize -> Returned: 709
	[TornadoVM-PTX-JNI] ERROR : cuEventDestroy -> Returned: 709
	[TornadoVM-PTX-JNI] ERROR : cuEventDestroy -> Returned: 709
	[TornadoVM-PTX-JNI] ERROR : cuModuleGetFunction -> Returned: 709
	[TornadoVM-PTX-JNI] ERROR : cuEventCreate (beforeEvent) -> Returned: 709
	[TornadoVM-PTX-JNI] ERROR : cuEventCreate (afterEvent) -> Returned: 709
	[TornadoVM-PTX-JNI] ERROR : cuEventRecord -> Returned: 709
	[TornadoVM-PTX-JNI] ERROR : cuLaunchKernel -> Returned: 709
	[TornadoVM-PTX-JNI] ERROR : cuEventRecord -> Returned: 709
	[TornadoVM-PTX-JNI] ERROR : cuEventSynchronize -> Returned: 709
	[TornadoVM-PTX-JNI] ERROR : cuEventDestroy -> Returned: 709
	[TornadoVM-PTX-JNI] ERROR : cuEventDestroy -> Returned: 709
	[TornadoVM-PTX-JNI] ERROR : cuEventCreate (beforeEvent) -> Returned: 709
	[TornadoVM-PTX-JNI] ERROR : cuEventCreate (afterEvent) -> Returned: 709
	[TornadoVM-PTX-JNI] ERROR : cuEventRecord -> Returned: 709
	[TornadoVM-PTX-JNI] ERROR : cuMemcpyHtoDAsync -> Returned: 709
	[TornadoVM-PTX-JNI] ERROR : cuEventRecord -> Returned: 709
	[TornadoVM-PTX-JNI] ERROR : cuStreamSynchronize -> Returned: 709
	[TornadoVM-PTX-JNI] ERROR : cuEventSynchronize -> Returned: 709
	[TornadoVM-PTX-JNI] ERROR : cuEventDestroy -> Returned: 709
	[TornadoVM-PTX-JNI] ERROR : cuEventDestroy -> Returned: 709
	[TornadoVM-PTX-JNI] ERROR : cuModuleGetFunction -> Returned: 709
	[TornadoVM-PTX-JNI] ERROR : cuEventCreate (beforeEvent) -> Returned: 709
	[TornadoVM-PTX-JNI] ERROR : cuEventCreate (afterEvent) -> Returned: 709
	[TornadoVM-PTX-JNI] ERROR : cuEventRecord -> Returned: 709
	[TornadoVM-PTX-JNI] ERROR : cuLaunchKernel -> Returned: 709
	[TornadoVM-PTX-JNI] ERROR : cuEventRecord -> Returned: 709
	[TornadoVM-PTX-JNI] ERROR : cuEventSynchronize -> Returned: 709
	[TornadoVM-PTX-JNI] ERROR : cuEventDestroy -> Returned: 709
	[TornadoVM-PTX-JNI] ERROR : cuEventDestroy -> Returned: 709
	[TornadoVM-PTX-JNI] ERROR : cuEventCreate (beforeEvent) -> Returned: 709
	[TornadoVM-PTX-JNI] ERROR : cuEventCreate (afterEvent) -> Returned: 709
	[TornadoVM-PTX-JNI] ERROR : cuEventRecord -> Returned: 709
	[TornadoVM-PTX-JNI] ERROR : cuMemcpyHtoDAsyncMemSeg -> Returned: 709
	[TornadoVM-PTX-JNI] ERROR : cuEventRecord -> Returned: 709
	[TornadoVM-PTX-JNI] ERROR : cuEventSynchronize -> Returned: 709
	[TornadoVM-PTX-JNI] ERROR : cuEventDestroy -> Returned: 709
	[TornadoVM-PTX-JNI] ERROR : cuEventDestroy -> Returned: 709
	[TornadoVM-PTX-JNI] ERROR : cuEventCreate (beforeEvent) -> Returned: 709
	[TornadoVM-PTX-JNI] ERROR : cuEventCreate (afterEvent) -> Returned: 709
	[TornadoVM-PTX-JNI] ERROR : cuEventRecord -> Returned: 709
	[TornadoVM-PTX-JNI] ERROR : cuMemcpyHtoDAsync -> Returned: 709
	[TornadoVM-PTX-JNI] ERROR : cuEventRecord -> Returned: 709
	[TornadoVM-PTX-JNI] ERROR : cuStreamSynchronize -> Returned: 709
	[TornadoVM-PTX-JNI] ERROR : cuEventSynchronize -> Returned: 709
	[TornadoVM-PTX-JNI] ERROR : cuEventDestroy -> Returned: 709
	[TornadoVM-PTX-JNI] ERROR : cuEventDestroy -> Returned: 709
	[TornadoVM-PTX-JNI] ERROR : cuModuleGetFunction -> Returned: 709
	[TornadoVM-PTX-JNI] ERROR : cuEventCreate (beforeEvent) -> Returned: 709
	[TornadoVM-PTX-JNI] ERROR : cuEventCreate (afterEvent) -> Returned: 709
	[TornadoVM-PTX-JNI] ERROR : cuEventRecord -> Returned: 709
	[TornadoVM-PTX-JNI] ERROR : cuLaunchKernel -> Returned: 709
	[TornadoVM-PTX-JNI] ERROR : cuEventRecord -> Returned: 709
	[TornadoVM-PTX-JNI] ERROR : cuEventSynchronize -> Returned: 709
	[TornadoVM-PTX-JNI] ERROR : cuEventDestroy -> Returned: 709
	[TornadoVM-PTX-JNI] ERROR : cuEventDestroy -> Returned: 709
	[TornadoVM-PTX-JNI] ERROR : cuEventCreate (beforeEvent) -> Returned: 709
	[TornadoVM-PTX-JNI] ERROR : cuEventCreate (afterEvent) -> Returned: 709
	[TornadoVM-PTX-JNI] ERROR : cuEventRecord -> Returned: 709
	[TornadoVM-PTX-JNI] ERROR : cuMemcpyDtoHMemSeg -> Returned: 709
	[TornadoVM-PTX-JNI] ERROR : cuEventRecord -> Returned: 709
#
# A fatal error has been detected by the Java Runtime Environment:
#
#  SIGSEGV (0xb) at pc=0x00007fedd4a75c73, pid=2028048, tid=2028340
#
# JRE version: OpenJDK Runtime Environment (21.0.11+10) (build 21.0.11+10-1-22.04.2-Ubuntu)
# Java VM: OpenJDK 64-Bit Server VM (21.0.11+10-1-22.04.2-Ubuntu, mixed mode, tiered, jvmci, compressed oops, compressed class ptrs, parallel gc, linux-amd64)
# Problematic frame:
# C  [libcuda.so.1+0x345c73]
#
# Core dump will be written. Default location: Core dumps may be processed with "/usr/share/apport/apport -p%p -s%s -c%c -d%d -P%P -u%u -g%g -F%F -- %E" (or dumping to /home/jba/Code/BoA/core.2028048)
#
# An error report file with more information is saved as:
# /home/jba/Code/BoA/hs_err_pid2028048.log
[400.027s][warning][os] Loading hsdis library failed
#
# If you would like to submit a bug report, please visit:
#   https://bugs.launchpad.net/ubuntu/+source/openjdk-21
# The crash happened outside the Java Virtual Machine in native code.
# See problematic frame for where to report the bug.
#
