WARNING: Using incubator modules: jdk.incubator.vector
[TELEPORT_DIAG] enabled=false threshold=0.1
Loading parameter values from /home/jba/Code/BoA/ParameterFiles/contractilityAssay_gpu_short...
     Parameter assigned: deltaT set to 1.0E-5
     Parameter assigned: biochemDeltaT set to 0.01
     Parameter assigned: collisionDeltaT set to 1.0E-5
     No match found for parameter label brownianDeltaT ... you best check that out!
     Parameter assigned: runTime set to 0.1
     Parameter assigned: toFileInterval set to 100
     Parameter assigned: remoteWriteInterval set to 5000
     Parameter assigned: fracMove set to 0.0573
     Parameter assigned: fracR set to 1.0
     Parameter assigned: fracMoveTorq set to 0.01
     Parameter assigned: aeta set to 0.1
     Parameter assigned: boxXDim set to 4.0
     Parameter assigned: boxYDim set to 0.3
     Parameter assigned: boxZDim set to 0.2
     Parameter assigned: contractilityAssay set to true
     Parameter assigned: contractFilNSegs set to 13
     Parameter assigned: contractFilYOffset set to 0.05
     Parameter assigned: contractNoMotor set to false
     Parameter assigned: contractReversePolarity set to false
     Parameter assigned: filSegLength set to 64
     Parameter assigned: noMonomersSimd set to false
     Parameter assigned: myoMiniLifetime set to 1.0E9
     Parameter assigned: numMyoDimersEachEndOfMiniFil set to 8
     Parameter assigned: BTransCoeff set to 1.0
     Parameter assigned: BRotCoeff set to 0.3
     Parameter assigned: myosinStallForce set to 2.0
     No match found for parameter label myosinReleaseRate ... you best check that out!
     No match found for parameter label myoFBRBase ... you best check that out!
     No match found for parameter label myoFBRExp ... you best check that out!
     No match found for parameter label bugOff ... you best check that out!
     Parameter assigned: simOutsideBug set to false
     Parameter assigned: initialFilaments set to 0
     Parameter assigned: initialMyoMiniFils set to 0
     Parameter assigned: equilNodes set to 0
     Parameter assigned: kRdmNuc set to 0.0
     Parameter assigned: kNodeNuc set to 0.0
     Parameter assigned: kATPOn1 set to 0.0
     Parameter assigned: kATPOff1 set to 0.0
     Parameter assigned: kADPOff1 set to 0.0
     Parameter assigned: kATPOn2 set to 0.0
     Parameter assigned: kATPOff2 set to 0.0
     Parameter assigned: kADPOff2 set to 0.0
     Parameter assigned: capRate set to 0.0
     Parameter assigned: cofilinRate set to 0.0
     Parameter assigned: cofilinConc set to 0.0
     Parameter assigned: kHydrolysis set to 0.0
     Parameter assigned: kDissociation set to 0.0
Done... there were 5 misunderstandings.
[RNG] per-worker RNG pool: 17 MTFs, masterSeed=4426901668240353089 (BOA_RNG_SEED unset)
[CONTRACT] box X=4.000 µm (anchors at x=+/-1.900, 0.10 µm inset), 13-seg filaments, Lfil=2.282 µm
[CONTRACT] yOffset=+/-0.050 µm, overlap=0.763 µm, minifilament span=0.180 µm, polarity=normal (plus ends outward), motor=ON
**************************************************************
Eulerian Mesh stats:
nXBins = 21; xBinWidth = 0.2 µm
nYBins = 3; yBinWidth = 0.2 µm
binDepth = 1000
**************************************************************
MotorBindGrid3D: 21 x 3 x 2 cells (0.2 µm each)
[03:20] [phase-plan] inert-wave cull — ThreadSet activation snapshot:
[03:20]   ON   ThingStep Threads
[03:20]   ON   ThingBrownian Threads
[03:20]   ON   Myosin Threads
[03:20]   ON   MyoDimer Threads
[03:20]   OFF  Protein Node Threads
[03:20]   ON   MyoMiniFil Threads
[03:20]   OFF  Chamber Myo Threads
[03:20]   OFF  Chamber MyoDimer Threads
[03:20]   ON   Mesh Threads
[03:20]   ON   Ck Mesh Threads
[03:20]   ON   Ck Mots Threads
[03:20]   OFF  XLink Threads
[03:20]   OFF  Arp23 Threads
[03:20]   OFF  NodeLink Threads
[03:20]   OFF  Membrane Node Threads
[03:20]   OFF  ActA Threads
[03:20]   ON   MotorBindGrid3D Fill
[03:20] [phase-plan] 9 active, 8 inert (will skip dispatch)
[POSE_CHURN] sized POSE_DELTA_CAP=8192 (initialFilaments=1, peakModel=4, safety=4x, floor=8192)
GPUMoveThing: slotCap=1024 myoCap=1024 moveBlock=64 jointBlock=64 runSeed=-586083280 nWorkers=16
[STATS] contractility step=1 t=0.0000 tensionA=0.0000 tensionB=0.0000 pN boundMotors=0
[STATS] contractility step=101 t=0.0010 tensionA=0.2796 tensionB=0.2796 pN boundMotors=1
[STATS] contractility step=201 t=0.0020 tensionA=0.2832 tensionB=0.2801 pN boundMotors=2
[STATS] contractility step=301 t=0.0030 tensionA=0.3019 tensionB=0.2789 pN boundMotors=2
[STATS] contractility step=401 t=0.0040 tensionA=0.3343 tensionB=0.2753 pN boundMotors=2
[GATHER] call=1000 totalDirty=0 maxThread=0 cumAvg=40.0 cumMaxPerThread=20
[STATS] contractility step=501 t=0.0050 tensionA=0.3646 tensionB=0.2695 pN boundMotors=1
[STATS] contractility step=601 t=0.0060 tensionA=0.3853 tensionB=0.2620 pN boundMotors=1
[STATS] contractility step=701 t=0.0070 tensionA=0.3983 tensionB=0.2535 pN boundMotors=1
[STATS] contractility step=801 t=0.0080 tensionA=0.4137 tensionB=0.2443 pN boundMotors=2
[STATS] contractility step=901 t=0.0090 tensionA=0.4295 tensionB=0.2349 pN boundMotors=2
[GATHER] call=2000 totalDirty=0 maxThread=0 cumAvg=40.0 cumMaxPerThread=20
[STATS] contractility step=1001 t=0.0100 tensionA=0.4467 tensionB=0.2255 pN boundMotors=2
[STATS] contractility step=1101 t=0.0110 tensionA=0.4713 tensionB=0.2163 pN boundMotors=2
[STATS] contractility step=1201 t=0.0120 tensionA=0.4918 tensionB=0.2072 pN boundMotors=2
[STATS] contractility step=1301 t=0.0130 tensionA=0.5080 tensionB=0.1985 pN boundMotors=1
[STATS] contractility step=1401 t=0.0140 tensionA=0.5289 tensionB=0.1900 pN boundMotors=1
[GATHER] call=3000 totalDirty=0 maxThread=0 cumAvg=40.0 cumMaxPerThread=20
[STATS] contractility step=1501 t=0.0150 tensionA=0.5502 tensionB=0.1817 pN boundMotors=1
[STATS] contractility step=1601 t=0.0160 tensionA=0.5643 tensionB=0.1738 pN boundMotors=1
[STATS] contractility step=1701 t=0.0170 tensionA=0.5686 tensionB=0.1664 pN boundMotors=1
[STATS] contractility step=1801 t=0.0180 tensionA=0.5684 tensionB=0.1590 pN boundMotors=1
[STATS] contractility step=1901 t=0.0190 tensionA=0.5599 tensionB=0.1520 pN boundMotors=1
[GATHER] call=4000 totalDirty=0 maxThread=0 cumAvg=40.0 cumMaxPerThread=20
[STATS] contractility step=2001 t=0.0200 tensionA=0.5442 tensionB=0.1453 pN boundMotors=1
[STATS] contractility step=2101 t=0.0210 tensionA=0.5356 tensionB=0.1391 pN boundMotors=2
[STATS] contractility step=2201 t=0.0220 tensionA=0.5336 tensionB=0.1330 pN boundMotors=2
[STATS] contractility step=2301 t=0.0230 tensionA=0.5422 tensionB=0.1270 pN boundMotors=4
[STATS] contractility step=2401 t=0.0240 tensionA=0.5612 tensionB=0.1215 pN boundMotors=2
[GATHER] call=5000 totalDirty=0 maxThread=0 cumAvg=40.0 cumMaxPerThread=20
[STATS] contractility step=2501 t=0.0250 tensionA=0.5878 tensionB=0.1162 pN boundMotors=2
[STATS] contractility step=2601 t=0.0260 tensionA=0.6148 tensionB=0.1112 pN boundMotors=3
[STATS] contractility step=2701 t=0.0270 tensionA=0.6390 tensionB=0.1089 pN boundMotors=3
[STATS] contractility step=2801 t=0.0280 tensionA=0.6634 tensionB=0.1168 pN boundMotors=4
[STATS] contractility step=2901 t=0.0290 tensionA=0.6991 tensionB=0.1314 pN boundMotors=4
[GATHER] call=6000 totalDirty=0 maxThread=0 cumAvg=40.0 cumMaxPerThread=20
[STATS] contractility step=3001 t=0.0300 tensionA=0.7315 tensionB=0.1459 pN boundMotors=3
[STATS] contractility step=3101 t=0.0310 tensionA=0.7594 tensionB=0.1606 pN boundMotors=3
[STATS] contractility step=3201 t=0.0320 tensionA=0.7953 tensionB=0.1739 pN boundMotors=3
[STATS] contractility step=3301 t=0.0330 tensionA=0.8352 tensionB=0.1820 pN boundMotors=3
[STATS] contractility step=3401 t=0.0340 tensionA=0.8714 tensionB=0.1845 pN boundMotors=3
[GATHER] call=7000 totalDirty=0 maxThread=0 cumAvg=40.0 cumMaxPerThread=20
[STATS] contractility step=3501 t=0.0350 tensionA=0.9105 tensionB=0.1848 pN boundMotors=4
[STATS] contractility step=3601 t=0.0360 tensionA=0.9496 tensionB=0.1858 pN boundMotors=4
[STATS] contractility step=3701 t=0.0370 tensionA=0.9859 tensionB=0.1878 pN boundMotors=4
[STATS] contractility step=3801 t=0.0380 tensionA=1.0187 tensionB=0.1979 pN boundMotors=5
[STATS] contractility step=3901 t=0.0390 tensionA=1.0531 tensionB=0.2151 pN boundMotors=4
[GATHER] call=8000 totalDirty=0 maxThread=0 cumAvg=40.0 cumMaxPerThread=20
[STATS] contractility step=4001 t=0.0400 tensionA=1.0818 tensionB=0.2424 pN boundMotors=3
[STATS] contractility step=4101 t=0.0410 tensionA=1.1013 tensionB=0.2789 pN boundMotors=3
[STATS] contractility step=4201 t=0.0420 tensionA=1.1164 tensionB=0.3151 pN boundMotors=3
[STATS] contractility step=4301 t=0.0430 tensionA=1.1316 tensionB=0.3435 pN boundMotors=5
[STATS] contractility step=4401 t=0.0440 tensionA=1.1501 tensionB=0.3693 pN boundMotors=7
[GATHER] call=9000 totalDirty=0 maxThread=0 cumAvg=40.0 cumMaxPerThread=20
[STATS] contractility step=4501 t=0.0450 tensionA=1.1768 tensionB=0.4078 pN boundMotors=7
[STATS] contractility step=4601 t=0.0460 tensionA=1.2097 tensionB=0.4541 pN boundMotors=7
[STATS] contractility step=4701 t=0.0470 tensionA=1.2596 tensionB=0.5044 pN boundMotors=5
[STATS] contractility step=4801 t=0.0480 tensionA=1.3183 tensionB=0.5587 pN boundMotors=5
[STATS] contractility step=4901 t=0.0490 tensionA=1.3697 tensionB=0.6140 pN boundMotors=5
[GATHER] call=10000 totalDirty=0 maxThread=0 cumAvg=39.9 cumMaxPerThread=20
Sim. time=00.05....~46.06 minutes computation to simulate 1 sec, run finished in ~00.04 hours
[STATS] contractility step=5001 t=0.0500 tensionA=1.4084 tensionB=0.6670 pN boundMotors=5
[STATS] contractility step=5101 t=0.0510 tensionA=1.4396 tensionB=0.7118 pN boundMotors=9
[STATS] contractility step=5201 t=0.0520 tensionA=1.4637 tensionB=0.7524 pN boundMotors=8
[STATS] contractility step=5301 t=0.0530 tensionA=1.4762 tensionB=0.7968 pN boundMotors=6
[STATS] contractility step=5401 t=0.0540 tensionA=1.4776 tensionB=0.8551 pN boundMotors=4
[GATHER] call=11000 totalDirty=0 maxThread=0 cumAvg=39.9 cumMaxPerThread=20
[STATS] contractility step=5501 t=0.0550 tensionA=1.4847 tensionB=0.9140 pN boundMotors=6
[STATS] contractility step=5601 t=0.0560 tensionA=1.4961 tensionB=0.9607 pN boundMotors=5
[STATS] contractility step=5701 t=0.0570 tensionA=1.5124 tensionB=1.0011 pN boundMotors=4
[STATS] contractility step=5801 t=0.0580 tensionA=1.5336 tensionB=1.0383 pN boundMotors=7
[STATS] contractility step=5901 t=0.0590 tensionA=1.5659 tensionB=1.0817 pN boundMotors=5
[GATHER] call=12000 totalDirty=0 maxThread=0 cumAvg=39.9 cumMaxPerThread=20
[STATS] contractility step=6001 t=0.0600 tensionA=1.6003 tensionB=1.1373 pN boundMotors=6
[STATS] contractility step=6101 t=0.0610 tensionA=1.6290 tensionB=1.1899 pN boundMotors=6
[STATS] contractility step=6201 t=0.0620 tensionA=1.6512 tensionB=1.2364 pN boundMotors=5
[STATS] contractility step=6301 t=0.0630 tensionA=1.6700 tensionB=1.2804 pN boundMotors=8
[STATS] contractility step=6401 t=0.0640 tensionA=1.6858 tensionB=1.3254 pN boundMotors=6
[GATHER] call=13000 totalDirty=0 maxThread=0 cumAvg=39.9 cumMaxPerThread=20
[STATS] contractility step=6501 t=0.0650 tensionA=1.7043 tensionB=1.3909 pN boundMotors=5
[STATS] contractility step=6601 t=0.0660 tensionA=1.7146 tensionB=1.4648 pN boundMotors=4
[STATS] contractility step=6701 t=0.0670 tensionA=1.7098 tensionB=1.5336 pN boundMotors=4
[STATS] contractility step=6801 t=0.0680 tensionA=1.7051 tensionB=1.5744 pN boundMotors=5
[STATS] contractility step=6901 t=0.0690 tensionA=1.7116 tensionB=1.5899 pN boundMotors=5
[GATHER] call=14000 totalDirty=0 maxThread=0 cumAvg=39.9 cumMaxPerThread=20
[STATS] contractility step=7001 t=0.0700 tensionA=1.7182 tensionB=1.5904 pN boundMotors=5
[STATS] contractility step=7101 t=0.0710 tensionA=1.7239 tensionB=1.5877 pN boundMotors=6
[STATS] contractility step=7201 t=0.0720 tensionA=1.7288 tensionB=1.5930 pN boundMotors=5
[STATS] contractility step=7301 t=0.0730 tensionA=1.7309 tensionB=1.6091 pN boundMotors=5
[STATS] contractility step=7401 t=0.0740 tensionA=1.7381 tensionB=1.6291 pN boundMotors=7
[GATHER] call=15000 totalDirty=0 maxThread=0 cumAvg=39.9 cumMaxPerThread=20
[STATS] contractility step=7501 t=0.0750 tensionA=1.7575 tensionB=1.6408 pN boundMotors=6
[STATS] contractility step=7601 t=0.0760 tensionA=1.7807 tensionB=1.6454 pN boundMotors=5
[STATS] contractility step=7701 t=0.0770 tensionA=1.7944 tensionB=1.6487 pN boundMotors=5
[STATS] contractility step=7801 t=0.0780 tensionA=1.7960 tensionB=1.6575 pN boundMotors=5
[STATS] contractility step=7901 t=0.0790 tensionA=1.7902 tensionB=1.6652 pN boundMotors=3
[GATHER] call=16000 totalDirty=0 maxThread=0 cumAvg=39.9 cumMaxPerThread=20
[STATS] contractility step=8001 t=0.0800 tensionA=1.7851 tensionB=1.6640 pN boundMotors=3
[STATS] contractility step=8101 t=0.0810 tensionA=1.7905 tensionB=1.6515 pN boundMotors=7
[STATS] contractility step=8201 t=0.0820 tensionA=1.8049 tensionB=1.6266 pN boundMotors=7
[STATS] contractility step=8301 t=0.0830 tensionA=1.8214 tensionB=1.6053 pN boundMotors=5
[STATS] contractility step=8401 t=0.0840 tensionA=1.8346 tensionB=1.6005 pN boundMotors=4
[GATHER] call=17000 totalDirty=0 maxThread=0 cumAvg=39.9 cumMaxPerThread=20
[STATS] contractility step=8501 t=0.0850 tensionA=1.8412 tensionB=1.6072 pN boundMotors=7
[STATS] contractility step=8601 t=0.0860 tensionA=1.8405 tensionB=1.6078 pN boundMotors=5
[STATS] contractility step=8701 t=0.0870 tensionA=1.8296 tensionB=1.6032 pN boundMotors=5
[STATS] contractility step=8801 t=0.0880 tensionA=1.8238 tensionB=1.6109 pN boundMotors=7
[STATS] contractility step=8901 t=0.0890 tensionA=1.8173 tensionB=1.6294 pN boundMotors=6
[GATHER] call=18000 totalDirty=0 maxThread=0 cumAvg=39.9 cumMaxPerThread=20
[STATS] contractility step=9001 t=0.0900 tensionA=1.8091 tensionB=1.6602 pN boundMotors=4
[STATS] contractility step=9101 t=0.0910 tensionA=1.8070 tensionB=1.7026 pN boundMotors=5
[STATS] contractility step=9201 t=0.0920 tensionA=1.8259 tensionB=1.7497 pN boundMotors=7
[STATS] contractility step=9301 t=0.0930 tensionA=1.8489 tensionB=1.8001 pN boundMotors=6
[STATS] contractility step=9401 t=0.0940 tensionA=1.8637 tensionB=1.8413 pN boundMotors=6
[GATHER] call=19000 totalDirty=0 maxThread=0 cumAvg=39.9 cumMaxPerThread=20
[STATS] contractility step=9501 t=0.0950 tensionA=1.8787 tensionB=1.8653 pN boundMotors=5
[STATS] contractility step=9601 t=0.0960 tensionA=1.8899 tensionB=1.8811 pN boundMotors=6
[STATS] contractility step=9701 t=0.0970 tensionA=1.8936 tensionB=1.8984 pN boundMotors=5
[STATS] contractility step=9801 t=0.0980 tensionA=1.8946 tensionB=1.9154 pN boundMotors=5
[STATS] contractility step=9901 t=0.0990 tensionA=1.8937 tensionB=1.9301 pN boundMotors=6
[GATHER] call=20000 totalDirty=0 maxThread=0 cumAvg=39.9 cumMaxPerThread=20
Sim. time=00.10....~44.53 minutes computation to simulate 1 sec, run finished in ~00.00 hours
[STATS] contractility step=10001 t=0.1000 tensionA=1.8885 tensionB=1.9465 pN boundMotors=4
[STATS] contractility step=10101 t=0.1010 tensionA=1.8817 tensionB=1.9666 pN boundMotors=6
collisionTime = 0.0
myosinTime = 0.0
[STATS] bindEvents=790
[STATS] checkBugInsideFireCt=0
[STATS] addLinkForcesFireCt=0
[STATS] addTorsionFireCt=0
[STATS] meshFillFilSegFireCt=262616
[STATS] meshAllSegsFireCt=0
[STATS] mbg3dFillFilSegFireCt=0
[STATS] updatePosFromBindFireCt=790
[STATS] updatePosFromStepFireCt=0
[STATS] validateSegFireCt=42401
[STATS] anchorFireCt=0
[STATS] filSegInitFireCt=20228
[STATS] motorInitFireCt=32
[STATS] meanBoundMotors=4.198
[STATS] gpuMotorBinding total=0.008s calls=10101 pack=0.004s gridPack=0.000s exec=0.000s unpack=0.008s
[STATS] gpuMoveThing total=218.080s calls=10101 slotPack=1.811s jointPack=1.486s exec=205.668s unpack=9.107s
[STATS] gpuMoveThing demandSyncPose=9.104s(calls=10203) demandSyncDerived=0.002s(calls=102) planRebuild=1
[STATS] gpuMoveThing poseDelta avg=1.98 max=2 sum=20200 fresh=1 overflow=0 cap=8192
[STATS] gpuMoveThing trueDirty calls=10100 slotChange avg=0.00 max=0 pending avg=2.00 max=2 totalUpperMax=2 slotCount=123 slotCap=1024
ThingStep Threads took 20.527000 seconds.
ThingBrownian Threads took 2.718000 seconds.
Myosin Threads took 2.248000 seconds.
MyoDimer Threads took 2.147000 seconds.
Protein Node Threads took 0.000000 seconds.
MyoMiniFil Threads took 1.941000 seconds.
Chamber Myo Threads took 0.000000 seconds.
Chamber MyoDimer Threads took 0.000000 seconds.
Mesh Threads took 7.053000 seconds.
Ck Mesh Threads took 2.944000 seconds.
Ck Mots Threads took 0.000000 seconds.
XLink Threads took 0.000000 seconds.
Arp23 Threads took 0.000000 seconds.
NodeLink Threads took 0.000000 seconds.
Membrane Node Threads took 0.000000 seconds.
ActA Threads took 0.000000 seconds.
MotorBindGrid3D Fill took 0.000000 seconds.
Finished closing JSON plots!
