[TELEPORT_DIAG] enabled=false threshold=0.1
Loading parameter values from /home/jba/Code/BoA/ParameterFiles/contractilityAssay_gpu_short...
     Parameter assigned: deltaT set to 1.0E-5
     Parameter assigned: biochemDeltaT set to 0.01
     Parameter assigned: collisionDeltaT set to 1.0E-5
     No match found for parameter label brownianDeltaT ... you best check that out!
     Parameter assigned: runTime set to 0.1
     Parameter assigned: toFileInterval set to 100
     Parameter assigned: remoteWriteInterval set to 5000
     Parameter assigned: fracMove set to 0.0573
     Parameter assigned: fracR set to 1.0
     Parameter assigned: fracMoveTorq set to 0.01
     Parameter assigned: aeta set to 0.1
     Parameter assigned: boxXDim set to 4.0
     Parameter assigned: boxYDim set to 0.3
     Parameter assigned: boxZDim set to 0.2
     Parameter assigned: contractilityAssay set to true
     Parameter assigned: contractFilNSegs set to 13
     Parameter assigned: contractFilYOffset set to 0.05
     Parameter assigned: contractNoMotor set to false
     Parameter assigned: contractReversePolarity set to false
     Parameter assigned: filSegLength set to 64
     Parameter assigned: noMonomersSimd set to false
     Parameter assigned: myoMiniLifetime set to 1.0E9
     Parameter assigned: numMyoDimersEachEndOfMiniFil set to 8
     Parameter assigned: BTransCoeff set to 1.0
     Parameter assigned: BRotCoeff set to 0.3
     Parameter assigned: myosinStallForce set to 2.0
     No match found for parameter label myosinReleaseRate ... you best check that out!
     No match found for parameter label myoFBRBase ... you best check that out!
     No match found for parameter label myoFBRExp ... you best check that out!
     No match found for parameter label bugOff ... you best check that out!
     Parameter assigned: simOutsideBug set to false
     Parameter assigned: initialFilaments set to 0
     Parameter assigned: initialMyoMiniFils set to 0
     Parameter assigned: equilNodes set to 0
     Parameter assigned: kRdmNuc set to 0.0
     Parameter assigned: kNodeNuc set to 0.0
     Parameter assigned: kATPOn1 set to 0.0
     Parameter assigned: kATPOff1 set to 0.0
     Parameter assigned: kADPOff1 set to 0.0
     Parameter assigned: kATPOn2 set to 0.0
     Parameter assigned: kATPOff2 set to 0.0
     Parameter assigned: kADPOff2 set to 0.0
     Parameter assigned: capRate set to 0.0
     Parameter assigned: cofilinRate set to 0.0
     Parameter assigned: cofilinConc set to 0.0
     Parameter assigned: kHydrolysis set to 0.0
     Parameter assigned: kDissociation set to 0.0
Done... there were 5 misunderstandings.
[RNG] per-worker RNG pool: 17 MTFs, masterSeed=4795658324018684907 (BOA_RNG_SEED unset)
[CONTRACT] box X=4.000 µm (anchors at x=+/-1.900, 0.10 µm inset), 13-seg filaments, Lfil=2.282 µm
[CONTRACT] yOffset=+/-0.050 µm, overlap=0.763 µm, minifilament span=0.180 µm, polarity=normal (plus ends outward), motor=ON
**************************************************************
Eulerian Mesh stats:
nXBins = 21; xBinWidth = 0.2 µm
nYBins = 3; yBinWidth = 0.2 µm
binDepth = 1000
**************************************************************
MotorBindGrid3D: 21 x 3 x 2 cells (0.2 µm each)
[03:30] [phase-plan] inert-wave cull — ThreadSet activation snapshot:
[03:30]   ON   ThingStep Threads
[03:30]   ON   ThingBrownian Threads
[03:30]   ON   Myosin Threads
[03:30]   ON   MyoDimer Threads
[03:30]   OFF  Protein Node Threads
[03:30]   ON   MyoMiniFil Threads
[03:30]   OFF  Chamber Myo Threads
[03:30]   OFF  Chamber MyoDimer Threads
[03:30]   ON   Mesh Threads
[03:30]   ON   Ck Mesh Threads
[03:30]   ON   Ck Mots Threads
[03:30]   OFF  XLink Threads
[03:30]   OFF  Arp23 Threads
[03:30]   OFF  NodeLink Threads
[03:30]   OFF  Membrane Node Threads
[03:30]   OFF  ActA Threads
[03:30]   ON   MotorBindGrid3D Fill
[03:30] [phase-plan] 9 active, 8 inert (will skip dispatch)
[STATS] contractility step=1 t=0.0000 tensionA=0.2823 tensionB=0.2823 pN boundMotors=0
[STATS] contractility step=101 t=0.0010 tensionA=0.2823 tensionB=0.2799 pN boundMotors=1
[STATS] contractility step=201 t=0.0020 tensionA=0.2823 tensionB=0.2750 pN boundMotors=2
[STATS] contractility step=301 t=0.0030 tensionA=0.2808 tensionB=0.2803 pN boundMotors=1
[STATS] contractility step=401 t=0.0040 tensionA=0.2768 tensionB=0.3021 pN boundMotors=1
[GATHER] call=1000 totalDirty=0 maxThread=0 cumAvg=71.3 cumMaxPerThread=22
[STATS] contractility step=501 t=0.0050 tensionA=0.2706 tensionB=0.3130 pN boundMotors=2
[STATS] contractility step=601 t=0.0060 tensionA=0.2630 tensionB=0.2935 pN boundMotors=2
[STATS] contractility step=701 t=0.0070 tensionA=0.2560 tensionB=0.3615 pN boundMotors=1
[STATS] contractility step=801 t=0.0080 tensionA=0.2541 tensionB=0.3841 pN boundMotors=2
[STATS] contractility step=901 t=0.0090 tensionA=0.2554 tensionB=0.4015 pN boundMotors=3
[GATHER] call=2000 totalDirty=0 maxThread=0 cumAvg=71.9 cumMaxPerThread=22
[STATS] contractility step=1001 t=0.0100 tensionA=0.2544 tensionB=0.4224 pN boundMotors=3
[STATS] contractility step=1101 t=0.0110 tensionA=0.2504 tensionB=0.4628 pN boundMotors=3
[STATS] contractility step=1201 t=0.0120 tensionA=0.2442 tensionB=0.5048 pN boundMotors=3
[STATS] contractility step=1301 t=0.0130 tensionA=0.2368 tensionB=0.5357 pN boundMotors=3
[STATS] contractility step=1401 t=0.0140 tensionA=0.2283 tensionB=0.5628 pN boundMotors=2
[GATHER] call=3000 totalDirty=0 maxThread=0 cumAvg=72.2 cumMaxPerThread=22
[STATS] contractility step=1501 t=0.0150 tensionA=0.2196 tensionB=0.5927 pN boundMotors=2
[STATS] contractility step=1601 t=0.0160 tensionA=0.2108 tensionB=0.6230 pN boundMotors=2
[STATS] contractility step=1701 t=0.0170 tensionA=0.2021 tensionB=0.6490 pN boundMotors=2
[STATS] contractility step=1801 t=0.0180 tensionA=0.1937 tensionB=0.6685 pN boundMotors=1
[STATS] contractility step=1901 t=0.0190 tensionA=0.1856 tensionB=0.6821 pN boundMotors=3
[GATHER] call=4000 totalDirty=0 maxThread=0 cumAvg=72.3 cumMaxPerThread=22
[STATS] contractility step=2001 t=0.0200 tensionA=0.1776 tensionB=1.3949 pN boundMotors=4
[STATS] contractility step=2101 t=0.0210 tensionA=0.1703 tensionB=0.7215 pN boundMotors=4
[STATS] contractility step=2201 t=0.0220 tensionA=0.1656 tensionB=1.4755 pN boundMotors=3
[STATS] contractility step=2301 t=0.0230 tensionA=0.1631 tensionB=0.7921 pN boundMotors=4
[STATS] contractility step=2401 t=0.0240 tensionA=0.1650 tensionB=0.8159 pN boundMotors=5
[GATHER] call=5000 totalDirty=0 maxThread=0 cumAvg=72.7 cumMaxPerThread=22
[STATS] contractility step=2501 t=0.0250 tensionA=0.1712 tensionB=0.8539 pN boundMotors=2
[STATS] contractility step=2601 t=0.0260 tensionA=0.1841 tensionB=0.8558 pN boundMotors=4
[STATS] contractility step=2701 t=0.0270 tensionA=0.2009 tensionB=0.9003 pN boundMotors=4
[STATS] contractility step=2801 t=0.0280 tensionA=0.2167 tensionB=0.9243 pN boundMotors=6
[STATS] contractility step=2901 t=0.0290 tensionA=0.2303 tensionB=0.9427 pN boundMotors=7
[GATHER] call=6000 totalDirty=0 maxThread=0 cumAvg=73.0 cumMaxPerThread=23
[STATS] contractility step=3001 t=0.0300 tensionA=0.2499 tensionB=0.9656 pN boundMotors=3
[STATS] contractility step=3101 t=0.0310 tensionA=0.2747 tensionB=1.0106 pN boundMotors=7
[STATS] contractility step=3201 t=0.0320 tensionA=0.3030 tensionB=1.0706 pN boundMotors=5
[STATS] contractility step=3301 t=0.0330 tensionA=0.3360 tensionB=1.0654 pN boundMotors=7
[STATS] contractility step=3401 t=0.0340 tensionA=0.3714 tensionB=1.1882 pN boundMotors=7
[GATHER] call=7000 totalDirty=0 maxThread=0 cumAvg=73.3 cumMaxPerThread=23
[STATS] contractility step=3501 t=0.0350 tensionA=0.4115 tensionB=1.2520 pN boundMotors=6
[STATS] contractility step=3601 t=0.0360 tensionA=0.4464 tensionB=1.3377 pN boundMotors=5
[STATS] contractility step=3701 t=0.0370 tensionA=0.4809 tensionB=1.3996 pN boundMotors=3
[STATS] contractility step=3801 t=0.0380 tensionA=0.5102 tensionB=1.4518 pN boundMotors=6
[STATS] contractility step=3901 t=0.0390 tensionA=0.5380 tensionB=1.4944 pN boundMotors=5
[GATHER] call=8000 totalDirty=0 maxThread=0 cumAvg=73.5 cumMaxPerThread=23
[STATS] contractility step=4001 t=0.0400 tensionA=0.5684 tensionB=1.4872 pN boundMotors=7
[STATS] contractility step=4101 t=0.0410 tensionA=0.6042 tensionB=1.4758 pN boundMotors=7
[STATS] contractility step=4201 t=0.0420 tensionA=0.6432 tensionB=1.5430 pN boundMotors=7
[STATS] contractility step=4301 t=0.0430 tensionA=0.6715 tensionB=1.5434 pN boundMotors=6
[STATS] contractility step=4401 t=0.0440 tensionA=0.6978 tensionB=1.6189 pN boundMotors=8
[GATHER] call=9000 totalDirty=0 maxThread=0 cumAvg=73.8 cumMaxPerThread=23
[STATS] contractility step=4501 t=0.0450 tensionA=0.7282 tensionB=1.6597 pN boundMotors=7
[STATS] contractility step=4601 t=0.0460 tensionA=0.7599 tensionB=1.6784 pN boundMotors=8
[STATS] contractility step=4701 t=0.0470 tensionA=0.7858 tensionB=1.7187 pN boundMotors=7
[STATS] contractility step=4801 t=0.0480 tensionA=0.8098 tensionB=1.6847 pN boundMotors=7
[STATS] contractility step=4901 t=0.0490 tensionA=0.8444 tensionB=1.6576 pN boundMotors=7
[GATHER] call=10000 totalDirty=0 maxThread=0 cumAvg=74.0 cumMaxPerThread=23
Sim. time=00.05....~03.42 minutes computation to simulate 1 sec, run finished in ~00.00 hours
[STATS] contractility step=5001 t=0.0500 tensionA=0.8892 tensionB=1.6104 pN boundMotors=6
[STATS] contractility step=5101 t=0.0510 tensionA=0.9276 tensionB=1.5693 pN boundMotors=7
[STATS] contractility step=5201 t=0.0520 tensionA=0.9625 tensionB=1.7218 pN boundMotors=5
[STATS] contractility step=5301 t=0.0530 tensionA=1.0072 tensionB=1.7235 pN boundMotors=5
[STATS] contractility step=5401 t=0.0540 tensionA=1.0497 tensionB=1.7866 pN boundMotors=8
[GATHER] call=11000 totalDirty=0 maxThread=0 cumAvg=74.2 cumMaxPerThread=23
[STATS] contractility step=5501 t=0.0550 tensionA=1.0973 tensionB=1.8085 pN boundMotors=6
[STATS] contractility step=5601 t=0.0560 tensionA=1.1579 tensionB=1.8406 pN boundMotors=8
[STATS] contractility step=5701 t=0.0570 tensionA=1.2221 tensionB=1.8480 pN boundMotors=5
[STATS] contractility step=5801 t=0.0580 tensionA=1.2749 tensionB=1.7849 pN boundMotors=5
[STATS] contractility step=5901 t=0.0590 tensionA=1.3093 tensionB=1.8263 pN boundMotors=7
[GATHER] call=12000 totalDirty=0 maxThread=0 cumAvg=74.3 cumMaxPerThread=23
[STATS] contractility step=6001 t=0.0600 tensionA=1.3336 tensionB=1.8632 pN boundMotors=8
[STATS] contractility step=6101 t=0.0610 tensionA=1.3481 tensionB=1.8099 pN boundMotors=5
[STATS] contractility step=6201 t=0.0620 tensionA=1.3640 tensionB=1.6803 pN boundMotors=7
[STATS] contractility step=6301 t=0.0630 tensionA=1.3837 tensionB=1.8448 pN boundMotors=6
[STATS] contractility step=6401 t=0.0640 tensionA=1.4047 tensionB=1.8236 pN boundMotors=6
[GATHER] call=13000 totalDirty=0 maxThread=0 cumAvg=74.4 cumMaxPerThread=23
[STATS] contractility step=6501 t=0.0650 tensionA=1.4349 tensionB=1.8920 pN boundMotors=7
[STATS] contractility step=6601 t=0.0660 tensionA=1.4639 tensionB=1.9336 pN boundMotors=3
[STATS] contractility step=6701 t=0.0670 tensionA=1.4932 tensionB=1.9610 pN boundMotors=4
[STATS] contractility step=6801 t=0.0680 tensionA=1.5206 tensionB=2.0035 pN boundMotors=5
[STATS] contractility step=6901 t=0.0690 tensionA=1.5481 tensionB=2.0028 pN boundMotors=7
[GATHER] call=14000 totalDirty=0 maxThread=0 cumAvg=74.4 cumMaxPerThread=23
[STATS] contractility step=7001 t=0.0700 tensionA=1.5764 tensionB=1.9499 pN boundMotors=2
[STATS] contractility step=7101 t=0.0710 tensionA=1.6028 tensionB=1.8687 pN boundMotors=8
[STATS] contractility step=7201 t=0.0720 tensionA=1.6271 tensionB=1.7551 pN boundMotors=6
[STATS] contractility step=7301 t=0.0730 tensionA=1.6460 tensionB=1.9446 pN boundMotors=6
[STATS] contractility step=7401 t=0.0740 tensionA=1.6636 tensionB=1.9237 pN boundMotors=6
[GATHER] call=15000 totalDirty=0 maxThread=0 cumAvg=74.5 cumMaxPerThread=23
[STATS] contractility step=7501 t=0.0750 tensionA=1.6738 tensionB=1.9503 pN boundMotors=6
[STATS] contractility step=7601 t=0.0760 tensionA=1.6716 tensionB=1.9804 pN boundMotors=5
[STATS] contractility step=7701 t=0.0770 tensionA=1.6588 tensionB=1.9275 pN boundMotors=8
[STATS] contractility step=7801 t=0.0780 tensionA=1.6374 tensionB=1.9778 pN boundMotors=3
[STATS] contractility step=7901 t=0.0790 tensionA=1.6143 tensionB=1.9813 pN boundMotors=4
[GATHER] call=16000 totalDirty=0 maxThread=0 cumAvg=74.6 cumMaxPerThread=23
[STATS] contractility step=8001 t=0.0800 tensionA=1.6009 tensionB=1.9788 pN boundMotors=6
[STATS] contractility step=8101 t=0.0810 tensionA=1.5947 tensionB=1.9731 pN boundMotors=6
[STATS] contractility step=8201 t=0.0820 tensionA=1.5948 tensionB=1.9377 pN boundMotors=7
[STATS] contractility step=8301 t=0.0830 tensionA=1.6011 tensionB=1.9529 pN boundMotors=5
[STATS] contractility step=8401 t=0.0840 tensionA=1.6057 tensionB=1.8646 pN boundMotors=6
[GATHER] call=17000 totalDirty=0 maxThread=0 cumAvg=74.6 cumMaxPerThread=23
[STATS] contractility step=8501 t=0.0850 tensionA=1.6094 tensionB=1.9288 pN boundMotors=5
[STATS] contractility step=8601 t=0.0860 tensionA=1.6113 tensionB=1.9604 pN boundMotors=2
[STATS] contractility step=8701 t=0.0870 tensionA=1.6012 tensionB=1.9819 pN boundMotors=5
[STATS] contractility step=8801 t=0.0880 tensionA=1.5709 tensionB=1.9808 pN boundMotors=4
[STATS] contractility step=8901 t=0.0890 tensionA=1.5262 tensionB=1.9836 pN boundMotors=4
[GATHER] call=18000 totalDirty=0 maxThread=0 cumAvg=74.6 cumMaxPerThread=23
[STATS] contractility step=9001 t=0.0900 tensionA=1.4818 tensionB=1.9624 pN boundMotors=6
[STATS] contractility step=9101 t=0.0910 tensionA=1.4426 tensionB=1.9939 pN boundMotors=4
[STATS] contractility step=9201 t=0.0920 tensionA=1.4069 tensionB=1.9396 pN boundMotors=5
[STATS] contractility step=9301 t=0.0930 tensionA=1.3745 tensionB=2.0242 pN boundMotors=5
[STATS] contractility step=9401 t=0.0940 tensionA=1.3487 tensionB=2.1016 pN boundMotors=5
[GATHER] call=19000 totalDirty=0 maxThread=0 cumAvg=74.7 cumMaxPerThread=23
[STATS] contractility step=9501 t=0.0950 tensionA=1.3392 tensionB=2.1394 pN boundMotors=7
[STATS] contractility step=9601 t=0.0960 tensionA=1.3598 tensionB=2.1629 pN boundMotors=3
[STATS] contractility step=9701 t=0.0970 tensionA=1.4068 tensionB=2.1952 pN boundMotors=6
[STATS] contractility step=9801 t=0.0980 tensionA=1.4488 tensionB=2.1909 pN boundMotors=8
[STATS] contractility step=9901 t=0.0990 tensionA=1.4918 tensionB=2.2304 pN boundMotors=5
[GATHER] call=20000 totalDirty=0 maxThread=0 cumAvg=74.7 cumMaxPerThread=23
Sim. time=00.10....~03.22 minutes computation to simulate 1 sec, run finished in ~00.00 hours
[STATS] contractility step=10001 t=0.1000 tensionA=1.5241 tensionB=2.2380 pN boundMotors=5
[STATS] contractility step=10101 t=0.1010 tensionA=1.5378 tensionB=2.2473 pN boundMotors=4
collisionTime = 0.0
myosinTime = 0.0
[STATS] bindEvents=1100
[STATS] checkBugInsideFireCt=0
[STATS] addLinkForcesFireCt=0
[STATS] addTorsionFireCt=0
[STATS] meshFillFilSegFireCt=0
[STATS] meshAllSegsFireCt=0
[STATS] mbg3dFillFilSegFireCt=0
[STATS] updatePosFromBindFireCt=0
[STATS] updatePosFromStepFireCt=0
[STATS] validateSegFireCt=0
[STATS] anchorFireCt=0
[STATS] filSegInitFireCt=0
[STATS] motorInitFireCt=0
[STATS] meanBoundMotors=4.929
ThingStep Threads took 5.370000 seconds.
ThingBrownian Threads took 1.023000 seconds.
Myosin Threads took 0.978000 seconds.
MyoDimer Threads took 0.859000 seconds.
Protein Node Threads took 0.000000 seconds.
MyoMiniFil Threads took 0.894000 seconds.
Chamber Myo Threads took 0.000000 seconds.
Chamber MyoDimer Threads took 0.000000 seconds.
Mesh Threads took 1.822000 seconds.
Ck Mesh Threads took 0.961000 seconds.
Ck Mots Threads took 0.966000 seconds.
XLink Threads took 0.021000 seconds.
Arp23 Threads took 0.000000 seconds.
NodeLink Threads took 0.000000 seconds.
Membrane Node Threads took 0.000000 seconds.
ActA Threads took 0.000000 seconds.
MotorBindGrid3D Fill took 0.952000 seconds.
Finished closing JSON plots!
