[TELEPORT_DIAG] enabled=false threshold=0.1
Loading parameter values from /home/jba/Code/BoA/ParameterFiles/contractilityAssay_gpu_short...
     Parameter assigned: deltaT set to 1.0E-5
     Parameter assigned: biochemDeltaT set to 0.01
     Parameter assigned: collisionDeltaT set to 1.0E-5
     No match found for parameter label brownianDeltaT ... you best check that out!
     Parameter assigned: runTime set to 0.1
     Parameter assigned: toFileInterval set to 100
     Parameter assigned: remoteWriteInterval set to 5000
     Parameter assigned: fracMove set to 0.0573
     Parameter assigned: fracR set to 1.0
     Parameter assigned: fracMoveTorq set to 0.01
     Parameter assigned: aeta set to 0.1
     Parameter assigned: boxXDim set to 4.0
     Parameter assigned: boxYDim set to 0.3
     Parameter assigned: boxZDim set to 0.2
     Parameter assigned: contractilityAssay set to true
     Parameter assigned: contractFilNSegs set to 13
     Parameter assigned: contractFilYOffset set to 0.05
     Parameter assigned: contractNoMotor set to false
     Parameter assigned: contractReversePolarity set to false
     Parameter assigned: filSegLength set to 64
     Parameter assigned: noMonomersSimd set to false
     Parameter assigned: myoMiniLifetime set to 1.0E9
     Parameter assigned: numMyoDimersEachEndOfMiniFil set to 8
     Parameter assigned: BTransCoeff set to 1.0
     Parameter assigned: BRotCoeff set to 0.3
     Parameter assigned: myosinStallForce set to 2.0
     No match found for parameter label myosinReleaseRate ... you best check that out!
     No match found for parameter label myoFBRBase ... you best check that out!
     No match found for parameter label myoFBRExp ... you best check that out!
     No match found for parameter label bugOff ... you best check that out!
     Parameter assigned: simOutsideBug set to false
     Parameter assigned: initialFilaments set to 0
     Parameter assigned: initialMyoMiniFils set to 0
     Parameter assigned: equilNodes set to 0
     Parameter assigned: kRdmNuc set to 0.0
     Parameter assigned: kNodeNuc set to 0.0
     Parameter assigned: kATPOn1 set to 0.0
     Parameter assigned: kATPOff1 set to 0.0
     Parameter assigned: kADPOff1 set to 0.0
     Parameter assigned: kATPOn2 set to 0.0
     Parameter assigned: kATPOff2 set to 0.0
     Parameter assigned: kADPOff2 set to 0.0
     Parameter assigned: capRate set to 0.0
     Parameter assigned: cofilinRate set to 0.0
     Parameter assigned: cofilinConc set to 0.0
     Parameter assigned: kHydrolysis set to 0.0
     Parameter assigned: kDissociation set to 0.0
Done... there were 5 misunderstandings.
[RNG] per-worker RNG pool: 17 MTFs, masterSeed=7499568661844549289 (BOA_RNG_SEED unset)
[CONTRACT] box X=4.000 µm (anchors at x=+/-1.900, 0.10 µm inset), 13-seg filaments, Lfil=2.282 µm
[CONTRACT] yOffset=+/-0.050 µm, overlap=0.763 µm, minifilament span=0.180 µm, polarity=normal (plus ends outward), motor=ON
**************************************************************
Eulerian Mesh stats:
nXBins = 21; xBinWidth = 0.2 µm
nYBins = 3; yBinWidth = 0.2 µm
binDepth = 1000
**************************************************************
MotorBindGrid3D: 21 x 3 x 2 cells (0.2 µm each)
[03:41] [phase-plan] inert-wave cull — ThreadSet activation snapshot:
[03:41]   ON   ThingStep Threads
[03:41]   ON   ThingBrownian Threads
[03:41]   ON   Myosin Threads
[03:41]   ON   MyoDimer Threads
[03:41]   OFF  Protein Node Threads
[03:41]   ON   MyoMiniFil Threads
[03:41]   OFF  Chamber Myo Threads
[03:41]   OFF  Chamber MyoDimer Threads
[03:41]   ON   Mesh Threads
[03:41]   ON   Ck Mesh Threads
[03:41]   ON   Ck Mots Threads
[03:41]   OFF  XLink Threads
[03:41]   OFF  Arp23 Threads
[03:41]   OFF  NodeLink Threads
[03:41]   OFF  Membrane Node Threads
[03:41]   OFF  ActA Threads
[03:41]   ON   MotorBindGrid3D Fill
[03:41] [phase-plan] 9 active, 8 inert (will skip dispatch)
[STATS] contractility step=1 t=0.0000 tensionA=0.2823 tensionB=0.2823 pN boundMotors=0
[STATS] contractility step=101 t=0.0010 tensionA=0.2823 tensionB=0.2812 pN boundMotors=0
[STATS] contractility step=201 t=0.0020 tensionA=0.2822 tensionB=0.2808 pN boundMotors=0
[STATS] contractility step=301 t=0.0030 tensionA=0.2806 tensionB=0.2801 pN boundMotors=1
[STATS] contractility step=401 t=0.0040 tensionA=0.2769 tensionB=0.2767 pN boundMotors=5
[GATHER] call=1000 totalDirty=0 maxThread=0 cumAvg=71.7 cumMaxPerThread=23
[STATS] contractility step=501 t=0.0050 tensionA=0.2750 tensionB=0.2724 pN boundMotors=6
[STATS] contractility step=601 t=0.0060 tensionA=0.2893 tensionB=0.2817 pN boundMotors=9
[STATS] contractility step=701 t=0.0070 tensionA=0.3250 tensionB=0.2928 pN boundMotors=8
[STATS] contractility step=801 t=0.0080 tensionA=0.3690 tensionB=0.2995 pN boundMotors=8
[STATS] contractility step=901 t=0.0090 tensionA=0.4143 tensionB=0.3235 pN boundMotors=5
[GATHER] call=2000 totalDirty=0 maxThread=0 cumAvg=73.8 cumMaxPerThread=24
[STATS] contractility step=1001 t=0.0100 tensionA=0.4466 tensionB=0.2975 pN boundMotors=4
[STATS] contractility step=1101 t=0.0110 tensionA=0.4762 tensionB=0.3374 pN boundMotors=5
[STATS] contractility step=1201 t=0.0120 tensionA=0.5020 tensionB=0.3550 pN boundMotors=7
[STATS] contractility step=1301 t=0.0130 tensionA=0.5202 tensionB=0.3802 pN boundMotors=6
[STATS] contractility step=1401 t=0.0140 tensionA=0.5485 tensionB=0.4159 pN boundMotors=11
[GATHER] call=3000 totalDirty=0 maxThread=0 cumAvg=74.9 cumMaxPerThread=24
[STATS] contractility step=1501 t=0.0150 tensionA=0.5954 tensionB=0.4408 pN boundMotors=8
[STATS] contractility step=1601 t=0.0160 tensionA=0.6527 tensionB=0.9402 pN boundMotors=6
[STATS] contractility step=1701 t=0.0170 tensionA=0.7145 tensionB=0.4907 pN boundMotors=6
[STATS] contractility step=1801 t=0.0180 tensionA=0.7714 tensionB=0.5451 pN boundMotors=9
[STATS] contractility step=1901 t=0.0190 tensionA=0.8348 tensionB=0.5610 pN boundMotors=7
[GATHER] call=4000 totalDirty=0 maxThread=0 cumAvg=75.4 cumMaxPerThread=24
[STATS] contractility step=2001 t=0.0200 tensionA=0.9156 tensionB=0.5697 pN boundMotors=7
[STATS] contractility step=2101 t=0.0210 tensionA=0.9971 tensionB=0.6236 pN boundMotors=5
[STATS] contractility step=2201 t=0.0220 tensionA=1.0824 tensionB=0.6606 pN boundMotors=6
[STATS] contractility step=2301 t=0.0230 tensionA=1.1745 tensionB=0.7117 pN boundMotors=6
[STATS] contractility step=2401 t=0.0240 tensionA=1.2651 tensionB=1.3131 pN boundMotors=6
[GATHER] call=5000 totalDirty=0 maxThread=0 cumAvg=75.5 cumMaxPerThread=24
[STATS] contractility step=2501 t=0.0250 tensionA=1.3452 tensionB=0.7317 pN boundMotors=6
[STATS] contractility step=2601 t=0.0260 tensionA=1.4164 tensionB=0.8131 pN boundMotors=7
[STATS] contractility step=2701 t=0.0270 tensionA=1.4828 tensionB=0.8920 pN boundMotors=6
[STATS] contractility step=2801 t=0.0280 tensionA=1.5422 tensionB=0.9390 pN boundMotors=8
[STATS] contractility step=2901 t=0.0290 tensionA=1.5912 tensionB=1.0087 pN boundMotors=6
[GATHER] call=6000 totalDirty=0 maxThread=0 cumAvg=75.6 cumMaxPerThread=24
[STATS] contractility step=3001 t=0.0300 tensionA=1.6363 tensionB=1.0455 pN boundMotors=6
[STATS] contractility step=3101 t=0.0310 tensionA=1.6758 tensionB=1.1377 pN boundMotors=5
[STATS] contractility step=3201 t=0.0320 tensionA=1.7065 tensionB=1.1671 pN boundMotors=7
[STATS] contractility step=3301 t=0.0330 tensionA=1.7284 tensionB=1.2699 pN boundMotors=3
[STATS] contractility step=3401 t=0.0340 tensionA=1.7432 tensionB=1.3261 pN boundMotors=6
[GATHER] call=7000 totalDirty=0 maxThread=0 cumAvg=75.6 cumMaxPerThread=24
[STATS] contractility step=3501 t=0.0350 tensionA=1.7648 tensionB=1.3784 pN boundMotors=7
[STATS] contractility step=3601 t=0.0360 tensionA=1.7939 tensionB=2.7636 pN boundMotors=6
[STATS] contractility step=3701 t=0.0370 tensionA=1.8210 tensionB=1.5025 pN boundMotors=5
[STATS] contractility step=3801 t=0.0380 tensionA=1.8410 tensionB=1.5839 pN boundMotors=6
[STATS] contractility step=3901 t=0.0390 tensionA=1.8538 tensionB=1.6509 pN boundMotors=6
[GATHER] call=8000 totalDirty=0 maxThread=0 cumAvg=75.5 cumMaxPerThread=24
[STATS] contractility step=4001 t=0.0400 tensionA=1.8676 tensionB=1.6653 pN boundMotors=8
[STATS] contractility step=4101 t=0.0410 tensionA=1.8883 tensionB=1.6298 pN boundMotors=5
[STATS] contractility step=4201 t=0.0420 tensionA=1.9050 tensionB=1.7091 pN boundMotors=6
[STATS] contractility step=4301 t=0.0430 tensionA=1.9096 tensionB=1.6733 pN boundMotors=4
[STATS] contractility step=4401 t=0.0440 tensionA=1.9069 tensionB=1.7377 pN boundMotors=4
[GATHER] call=9000 totalDirty=0 maxThread=0 cumAvg=75.4 cumMaxPerThread=24
[STATS] contractility step=4501 t=0.0450 tensionA=1.9037 tensionB=1.7391 pN boundMotors=5
[STATS] contractility step=4601 t=0.0460 tensionA=1.9110 tensionB=1.7455 pN boundMotors=7
[STATS] contractility step=4701 t=0.0470 tensionA=1.9192 tensionB=1.7558 pN boundMotors=5
[STATS] contractility step=4801 t=0.0480 tensionA=1.9210 tensionB=1.7605 pN boundMotors=5
[STATS] contractility step=4901 t=0.0490 tensionA=1.9191 tensionB=1.7623 pN boundMotors=7
[GATHER] call=10000 totalDirty=0 maxThread=0 cumAvg=75.4 cumMaxPerThread=24
Sim. time=00.05....~03.44 minutes computation to simulate 1 sec, run finished in ~00.00 hours
[STATS] contractility step=5001 t=0.0500 tensionA=1.9183 tensionB=1.7658 pN boundMotors=7
[STATS] contractility step=5101 t=0.0510 tensionA=1.9390 tensionB=1.7638 pN boundMotors=5
[STATS] contractility step=5201 t=0.0520 tensionA=1.9637 tensionB=1.7693 pN boundMotors=4
[STATS] contractility step=5301 t=0.0530 tensionA=1.9715 tensionB=1.8223 pN boundMotors=4
[STATS] contractility step=5401 t=0.0540 tensionA=1.9577 tensionB=1.8422 pN boundMotors=5
[GATHER] call=11000 totalDirty=0 maxThread=0 cumAvg=75.3 cumMaxPerThread=24
[STATS] contractility step=5501 t=0.0550 tensionA=1.9354 tensionB=1.9035 pN boundMotors=5
[STATS] contractility step=5601 t=0.0560 tensionA=1.9209 tensionB=1.9510 pN boundMotors=3
[STATS] contractility step=5701 t=0.0570 tensionA=1.9163 tensionB=1.9756 pN boundMotors=6
[STATS] contractility step=5801 t=0.0580 tensionA=1.9240 tensionB=1.9941 pN boundMotors=6
[STATS] contractility step=5901 t=0.0590 tensionA=1.9355 tensionB=2.0079 pN boundMotors=5
[GATHER] call=12000 totalDirty=0 maxThread=0 cumAvg=75.3 cumMaxPerThread=24
[STATS] contractility step=6001 t=0.0600 tensionA=1.9343 tensionB=1.9692 pN boundMotors=3
[STATS] contractility step=6101 t=0.0610 tensionA=1.9193 tensionB=1.9993 pN boundMotors=5
[STATS] contractility step=6201 t=0.0620 tensionA=1.9026 tensionB=2.0082 pN boundMotors=7
[STATS] contractility step=6301 t=0.0630 tensionA=1.8952 tensionB=2.0185 pN boundMotors=6
[STATS] contractility step=6401 t=0.0640 tensionA=1.9137 tensionB=2.0108 pN boundMotors=4
[GATHER] call=13000 totalDirty=0 maxThread=0 cumAvg=75.3 cumMaxPerThread=24
[STATS] contractility step=6501 t=0.0650 tensionA=1.9575 tensionB=2.0293 pN boundMotors=4
[STATS] contractility step=6601 t=0.0660 tensionA=2.0014 tensionB=2.0442 pN boundMotors=5
[STATS] contractility step=6701 t=0.0670 tensionA=2.0525 tensionB=2.0386 pN boundMotors=3
[STATS] contractility step=6801 t=0.0680 tensionA=2.0987 tensionB=2.0249 pN boundMotors=6
[STATS] contractility step=6901 t=0.0690 tensionA=2.1277 tensionB=2.0082 pN boundMotors=6
[GATHER] call=14000 totalDirty=0 maxThread=0 cumAvg=75.3 cumMaxPerThread=24
[STATS] contractility step=7001 t=0.0700 tensionA=2.1560 tensionB=1.9598 pN boundMotors=6
[STATS] contractility step=7101 t=0.0710 tensionA=2.1717 tensionB=1.9615 pN boundMotors=5
[STATS] contractility step=7201 t=0.0720 tensionA=2.1768 tensionB=1.9451 pN boundMotors=5
[STATS] contractility step=7301 t=0.0730 tensionA=2.1651 tensionB=1.8685 pN boundMotors=5
[STATS] contractility step=7401 t=0.0740 tensionA=2.1404 tensionB=1.8627 pN boundMotors=6
[GATHER] call=15000 totalDirty=0 maxThread=0 cumAvg=75.3 cumMaxPerThread=24
[STATS] contractility step=7501 t=0.0750 tensionA=2.1320 tensionB=1.9298 pN boundMotors=4
[STATS] contractility step=7601 t=0.0760 tensionA=2.1235 tensionB=1.8707 pN boundMotors=5
[STATS] contractility step=7701 t=0.0770 tensionA=2.1046 tensionB=1.9450 pN boundMotors=7
[STATS] contractility step=7801 t=0.0780 tensionA=2.0915 tensionB=1.9631 pN boundMotors=6
[STATS] contractility step=7901 t=0.0790 tensionA=2.0873 tensionB=1.9663 pN boundMotors=4
[GATHER] call=16000 totalDirty=0 maxThread=0 cumAvg=75.3 cumMaxPerThread=24
[STATS] contractility step=8001 t=0.0800 tensionA=2.0799 tensionB=1.9803 pN boundMotors=5
[STATS] contractility step=8101 t=0.0810 tensionA=2.0752 tensionB=3.6966 pN boundMotors=5
[STATS] contractility step=8201 t=0.0820 tensionA=2.0794 tensionB=1.9374 pN boundMotors=5
[STATS] contractility step=8301 t=0.0830 tensionA=2.0869 tensionB=1.9775 pN boundMotors=7
[STATS] contractility step=8401 t=0.0840 tensionA=2.0936 tensionB=1.9807 pN boundMotors=6
[GATHER] call=17000 totalDirty=0 maxThread=0 cumAvg=75.3 cumMaxPerThread=24
[STATS] contractility step=8501 t=0.0850 tensionA=2.1035 tensionB=1.9846 pN boundMotors=5
[STATS] contractility step=8601 t=0.0860 tensionA=2.1115 tensionB=1.9721 pN boundMotors=6
[STATS] contractility step=8701 t=0.0870 tensionA=2.1200 tensionB=3.6052 pN boundMotors=7
[STATS] contractility step=8801 t=0.0880 tensionA=2.1261 tensionB=1.8965 pN boundMotors=6
[STATS] contractility step=8901 t=0.0890 tensionA=2.1262 tensionB=1.9616 pN boundMotors=4
[GATHER] call=18000 totalDirty=0 maxThread=0 cumAvg=75.3 cumMaxPerThread=24
[STATS] contractility step=9001 t=0.0900 tensionA=2.1133 tensionB=1.8487 pN boundMotors=5
[STATS] contractility step=9101 t=0.0910 tensionA=2.0933 tensionB=1.9417 pN boundMotors=6
[STATS] contractility step=9201 t=0.0920 tensionA=2.0778 tensionB=2.0052 pN boundMotors=6
[STATS] contractility step=9301 t=0.0930 tensionA=2.0722 tensionB=2.0184 pN boundMotors=6
[STATS] contractility step=9401 t=0.0940 tensionA=2.0754 tensionB=3.7334 pN boundMotors=5
[GATHER] call=19000 totalDirty=0 maxThread=0 cumAvg=75.5 cumMaxPerThread=24
[STATS] contractility step=9501 t=0.0950 tensionA=2.0745 tensionB=2.0440 pN boundMotors=7
[STATS] contractility step=9601 t=0.0960 tensionA=2.0662 tensionB=2.0026 pN boundMotors=6
[STATS] contractility step=9701 t=0.0970 tensionA=2.0650 tensionB=2.1064 pN boundMotors=6
[STATS] contractility step=9801 t=0.0980 tensionA=2.0733 tensionB=2.1321 pN boundMotors=5
[STATS] contractility step=9901 t=0.0990 tensionA=2.0812 tensionB=2.0819 pN boundMotors=5
[GATHER] call=20000 totalDirty=0 maxThread=0 cumAvg=75.7 cumMaxPerThread=24
Sim. time=00.10....~03.26 minutes computation to simulate 1 sec, run finished in ~00.00 hours
[STATS] contractility step=10001 t=0.1000 tensionA=2.0789 tensionB=2.0695 pN boundMotors=5
[STATS] contractility step=10101 t=0.1010 tensionA=2.0686 tensionB=2.0263 pN boundMotors=5
collisionTime = 0.0
myosinTime = 0.0
[STATS] bindEvents=1231
[STATS] checkBugInsideFireCt=0
[STATS] addLinkForcesFireCt=0
[STATS] addTorsionFireCt=0
[STATS] meshFillFilSegFireCt=0
[STATS] meshAllSegsFireCt=0
[STATS] mbg3dFillFilSegFireCt=0
[STATS] updatePosFromBindFireCt=0
[STATS] updatePosFromStepFireCt=0
[STATS] validateSegFireCt=0
[STATS] anchorFireCt=0
[STATS] filSegInitFireCt=0
[STATS] motorInitFireCt=0
[STATS] meanBoundMotors=5.705
ThingStep Threads took 5.310000 seconds.
ThingBrownian Threads took 0.924000 seconds.
Myosin Threads took 0.917000 seconds.
MyoDimer Threads took 0.906000 seconds.
Protein Node Threads took 0.000000 seconds.
MyoMiniFil Threads took 0.959000 seconds.
Chamber Myo Threads took 0.000000 seconds.
Chamber MyoDimer Threads took 0.000000 seconds.
Mesh Threads took 1.970000 seconds.
Ck Mesh Threads took 0.979000 seconds.
Ck Mots Threads took 0.953000 seconds.
XLink Threads took 0.064000 seconds.
Arp23 Threads took 0.000000 seconds.
NodeLink Threads took 0.000000 seconds.
Membrane Node Threads took 0.000000 seconds.
ActA Threads took 0.000000 seconds.
MotorBindGrid3D Fill took 0.948000 seconds.
Finished closing JSON plots!
