[TELEPORT_DIAG] enabled=false threshold=0.1
Loading parameter values from /home/jba/Code/BoA/ParameterFiles/contractilityAssay_gpu_short...
     Parameter assigned: deltaT set to 1.0E-5
     Parameter assigned: biochemDeltaT set to 0.01
     Parameter assigned: collisionDeltaT set to 1.0E-5
     No match found for parameter label brownianDeltaT ... you best check that out!
     Parameter assigned: runTime set to 0.1
     Parameter assigned: toFileInterval set to 100
     Parameter assigned: remoteWriteInterval set to 5000
     Parameter assigned: fracMove set to 0.0573
     Parameter assigned: fracR set to 1.0
     Parameter assigned: fracMoveTorq set to 0.01
     Parameter assigned: aeta set to 0.1
     Parameter assigned: boxXDim set to 4.0
     Parameter assigned: boxYDim set to 0.3
     Parameter assigned: boxZDim set to 0.2
     Parameter assigned: contractilityAssay set to true
     Parameter assigned: contractFilNSegs set to 13
     Parameter assigned: contractFilYOffset set to 0.05
     Parameter assigned: contractNoMotor set to false
     Parameter assigned: contractReversePolarity set to false
     Parameter assigned: filSegLength set to 64
     Parameter assigned: noMonomersSimd set to false
     Parameter assigned: myoMiniLifetime set to 1.0E9
     Parameter assigned: numMyoDimersEachEndOfMiniFil set to 8
     Parameter assigned: BTransCoeff set to 1.0
     Parameter assigned: BRotCoeff set to 0.3
     Parameter assigned: myosinStallForce set to 2.0
     No match found for parameter label myosinReleaseRate ... you best check that out!
     No match found for parameter label myoFBRBase ... you best check that out!
     No match found for parameter label myoFBRExp ... you best check that out!
     No match found for parameter label bugOff ... you best check that out!
     Parameter assigned: simOutsideBug set to false
     Parameter assigned: initialFilaments set to 0
     Parameter assigned: initialMyoMiniFils set to 0
     Parameter assigned: equilNodes set to 0
     Parameter assigned: kRdmNuc set to 0.0
     Parameter assigned: kNodeNuc set to 0.0
     Parameter assigned: kATPOn1 set to 0.0
     Parameter assigned: kATPOff1 set to 0.0
     Parameter assigned: kADPOff1 set to 0.0
     Parameter assigned: kATPOn2 set to 0.0
     Parameter assigned: kATPOff2 set to 0.0
     Parameter assigned: kADPOff2 set to 0.0
     Parameter assigned: capRate set to 0.0
     Parameter assigned: cofilinRate set to 0.0
     Parameter assigned: cofilinConc set to 0.0
     Parameter assigned: kHydrolysis set to 0.0
     Parameter assigned: kDissociation set to 0.0
Done... there were 5 misunderstandings.
[RNG] per-worker RNG pool: 17 MTFs, masterSeed=5994351805992947631 (BOA_RNG_SEED unset)
[CONTRACT] box X=4.000 µm (anchors at x=+/-1.900, 0.10 µm inset), 13-seg filaments, Lfil=2.282 µm
[CONTRACT] yOffset=+/-0.050 µm, overlap=0.763 µm, minifilament span=0.180 µm, polarity=normal (plus ends outward), motor=ON
**************************************************************
Eulerian Mesh stats:
nXBins = 21; xBinWidth = 0.2 µm
nYBins = 3; yBinWidth = 0.2 µm
binDepth = 1000
**************************************************************
MotorBindGrid3D: 21 x 3 x 2 cells (0.2 µm each)
[03:50] [phase-plan] inert-wave cull — ThreadSet activation snapshot:
[03:50]   ON   ThingStep Threads
[03:50]   ON   ThingBrownian Threads
[03:50]   ON   Myosin Threads
[03:50]   ON   MyoDimer Threads
[03:50]   OFF  Protein Node Threads
[03:50]   ON   MyoMiniFil Threads
[03:50]   OFF  Chamber Myo Threads
[03:50]   OFF  Chamber MyoDimer Threads
[03:50]   ON   Mesh Threads
[03:50]   ON   Ck Mesh Threads
[03:50]   ON   Ck Mots Threads
[03:50]   OFF  XLink Threads
[03:50]   OFF  Arp23 Threads
[03:50]   OFF  NodeLink Threads
[03:50]   OFF  Membrane Node Threads
[03:50]   OFF  ActA Threads
[03:50]   ON   MotorBindGrid3D Fill
[03:50] [phase-plan] 9 active, 8 inert (will skip dispatch)
[STATS] contractility step=1 t=0.0000 tensionA=0.2823 tensionB=0.2823 pN boundMotors=0
[STATS] contractility step=101 t=0.0010 tensionA=0.2823 tensionB=0.2747 pN boundMotors=0
[STATS] contractility step=201 t=0.0020 tensionA=0.2825 tensionB=0.2809 pN boundMotors=0
[STATS] contractility step=301 t=0.0030 tensionA=0.2807 tensionB=0.5498 pN boundMotors=0
[STATS] contractility step=401 t=0.0040 tensionA=0.2767 tensionB=0.2754 pN boundMotors=0
[GATHER] call=1000 totalDirty=0 maxThread=0 cumAvg=70.3 cumMaxPerThread=22
[STATS] contractility step=501 t=0.0050 tensionA=0.2705 tensionB=0.2669 pN boundMotors=0
[STATS] contractility step=601 t=0.0060 tensionA=0.2628 tensionB=0.2618 pN boundMotors=0
[STATS] contractility step=701 t=0.0070 tensionA=0.2540 tensionB=0.2534 pN boundMotors=0
[STATS] contractility step=801 t=0.0080 tensionA=0.2448 tensionB=0.2444 pN boundMotors=0
[STATS] contractility step=901 t=0.0090 tensionA=0.2354 tensionB=0.2339 pN boundMotors=0
[GATHER] call=2000 totalDirty=0 maxThread=0 cumAvg=70.2 cumMaxPerThread=22
[STATS] contractility step=1001 t=0.0100 tensionA=0.2260 tensionB=0.2255 pN boundMotors=0
[STATS] contractility step=1101 t=0.0110 tensionA=0.2166 tensionB=0.2163 pN boundMotors=0
[STATS] contractility step=1201 t=0.0120 tensionA=0.2075 tensionB=0.2074 pN boundMotors=0
[STATS] contractility step=1301 t=0.0130 tensionA=0.1987 tensionB=0.1986 pN boundMotors=0
[STATS] contractility step=1401 t=0.0140 tensionA=0.1900 tensionB=0.1899 pN boundMotors=0
[GATHER] call=3000 totalDirty=0 maxThread=0 cumAvg=70.2 cumMaxPerThread=22
[STATS] contractility step=1501 t=0.0150 tensionA=0.1817 tensionB=0.1801 pN boundMotors=0
[STATS] contractility step=1601 t=0.0160 tensionA=0.1739 tensionB=0.1735 pN boundMotors=0
[STATS] contractility step=1701 t=0.0170 tensionA=0.1664 tensionB=0.1609 pN boundMotors=0
[STATS] contractility step=1801 t=0.0180 tensionA=0.1589 tensionB=0.1562 pN boundMotors=0
[STATS] contractility step=1901 t=0.0190 tensionA=0.1519 tensionB=0.1509 pN boundMotors=0
[GATHER] call=4000 totalDirty=0 maxThread=0 cumAvg=70.3 cumMaxPerThread=22
[STATS] contractility step=2001 t=0.0200 tensionA=0.1453 tensionB=0.1341 pN boundMotors=0
[STATS] contractility step=2101 t=0.0210 tensionA=0.1390 tensionB=0.1375 pN boundMotors=0
[STATS] contractility step=2201 t=0.0220 tensionA=0.1328 tensionB=0.1102 pN boundMotors=0
[STATS] contractility step=2301 t=0.0230 tensionA=0.1268 tensionB=0.1221 pN boundMotors=0
[STATS] contractility step=2401 t=0.0240 tensionA=0.1213 tensionB=0.1154 pN boundMotors=0
[GATHER] call=5000 totalDirty=0 maxThread=0 cumAvg=70.3 cumMaxPerThread=22
[STATS] contractility step=2501 t=0.0250 tensionA=0.1160 tensionB=0.1118 pN boundMotors=0
[STATS] contractility step=2601 t=0.0260 tensionA=0.1110 tensionB=0.1091 pN boundMotors=0
[STATS] contractility step=2701 t=0.0270 tensionA=0.1060 tensionB=0.2027 pN boundMotors=0
[STATS] contractility step=2801 t=0.0280 tensionA=0.1012 tensionB=0.0931 pN boundMotors=0
[STATS] contractility step=2901 t=0.0290 tensionA=0.0968 tensionB=0.0941 pN boundMotors=0
[GATHER] call=6000 totalDirty=0 maxThread=0 cumAvg=70.3 cumMaxPerThread=22
[STATS] contractility step=3001 t=0.0300 tensionA=0.0926 tensionB=0.0690 pN boundMotors=0
[STATS] contractility step=3101 t=0.0310 tensionA=0.0885 tensionB=0.0837 pN boundMotors=0
[STATS] contractility step=3201 t=0.0320 tensionA=0.0848 tensionB=0.0809 pN boundMotors=0
[STATS] contractility step=3301 t=0.0330 tensionA=0.0811 tensionB=0.0790 pN boundMotors=0
[STATS] contractility step=3401 t=0.0340 tensionA=0.0773 tensionB=0.0742 pN boundMotors=0
[GATHER] call=7000 totalDirty=0 maxThread=0 cumAvg=70.3 cumMaxPerThread=23
[STATS] contractility step=3501 t=0.0350 tensionA=0.0738 tensionB=0.0724 pN boundMotors=1
[STATS] contractility step=3601 t=0.0360 tensionA=0.0713 tensionB=0.0695 pN boundMotors=1
[STATS] contractility step=3701 t=0.0370 tensionA=0.0732 tensionB=0.0658 pN boundMotors=1
[STATS] contractility step=3801 t=0.0380 tensionA=0.0794 tensionB=0.0634 pN boundMotors=1
[STATS] contractility step=3901 t=0.0390 tensionA=0.0893 tensionB=0.0597 pN boundMotors=1
[GATHER] call=8000 totalDirty=0 maxThread=0 cumAvg=70.4 cumMaxPerThread=23
[STATS] contractility step=4001 t=0.0400 tensionA=0.0973 tensionB=0.0557 pN boundMotors=1
[STATS] contractility step=4101 t=0.0410 tensionA=0.1032 tensionB=0.0552 pN boundMotors=1
[STATS] contractility step=4201 t=0.0420 tensionA=0.1102 tensionB=0.0529 pN boundMotors=1
[STATS] contractility step=4301 t=0.0430 tensionA=0.1130 tensionB=0.0507 pN boundMotors=1
[STATS] contractility step=4401 t=0.0440 tensionA=0.1138 tensionB=0.0485 pN boundMotors=1
[GATHER] call=9000 totalDirty=0 maxThread=0 cumAvg=70.4 cumMaxPerThread=23
[STATS] contractility step=4501 t=0.0450 tensionA=0.1216 tensionB=0.0464 pN boundMotors=1
[STATS] contractility step=4601 t=0.0460 tensionA=0.1342 tensionB=0.0443 pN boundMotors=1
[STATS] contractility step=4701 t=0.0470 tensionA=0.1550 tensionB=0.0420 pN boundMotors=1
[STATS] contractility step=4801 t=0.0480 tensionA=0.1809 tensionB=0.0372 pN boundMotors=0
[STATS] contractility step=4901 t=0.0490 tensionA=0.2049 tensionB=0.0382 pN boundMotors=0
[GATHER] call=10000 totalDirty=0 maxThread=0 cumAvg=70.4 cumMaxPerThread=23
Sim. time=00.05....~03.40 minutes computation to simulate 1 sec, run finished in ~00.00 hours
[STATS] contractility step=5001 t=0.0500 tensionA=0.2212 tensionB=0.0367 pN boundMotors=1
[STATS] contractility step=5101 t=0.0510 tensionA=0.2301 tensionB=0.0353 pN boundMotors=2
[STATS] contractility step=5201 t=0.0520 tensionA=0.2467 tensionB=0.0337 pN boundMotors=2
[STATS] contractility step=5301 t=0.0530 tensionA=0.2759 tensionB=0.0324 pN boundMotors=2
[STATS] contractility step=5401 t=0.0540 tensionA=0.3090 tensionB=0.0308 pN boundMotors=2
[GATHER] call=11000 totalDirty=0 maxThread=0 cumAvg=70.6 cumMaxPerThread=23
[STATS] contractility step=5501 t=0.0550 tensionA=0.3368 tensionB=0.0295 pN boundMotors=2
[STATS] contractility step=5601 t=0.0560 tensionA=0.3653 tensionB=0.0283 pN boundMotors=2
[STATS] contractility step=5701 t=0.0570 tensionA=0.3935 tensionB=0.0267 pN boundMotors=2
[STATS] contractility step=5801 t=0.0580 tensionA=0.4192 tensionB=0.0248 pN boundMotors=2
[STATS] contractility step=5901 t=0.0590 tensionA=0.4465 tensionB=0.0244 pN boundMotors=3
[GATHER] call=12000 totalDirty=0 maxThread=0 cumAvg=70.7 cumMaxPerThread=23
[STATS] contractility step=6001 t=0.0600 tensionA=0.4734 tensionB=0.0225 pN boundMotors=3
[STATS] contractility step=6101 t=0.0610 tensionA=0.5024 tensionB=0.0224 pN boundMotors=3
[STATS] contractility step=6201 t=0.0620 tensionA=0.5266 tensionB=0.0206 pN boundMotors=2
[STATS] contractility step=6301 t=0.0630 tensionA=0.5423 tensionB=0.0205 pN boundMotors=3
[STATS] contractility step=6401 t=0.0640 tensionA=0.5607 tensionB=0.0196 pN boundMotors=1
[GATHER] call=13000 totalDirty=0 maxThread=0 cumAvg=70.8 cumMaxPerThread=23
[STATS] contractility step=6501 t=0.0650 tensionA=0.5727 tensionB=0.0188 pN boundMotors=4
[STATS] contractility step=6601 t=0.0660 tensionA=0.5817 tensionB=0.0179 pN boundMotors=3
[STATS] contractility step=6701 t=0.0670 tensionA=0.5965 tensionB=0.0328 pN boundMotors=6
[STATS] contractility step=6801 t=0.0680 tensionA=0.6125 tensionB=0.0163 pN boundMotors=4
[STATS] contractility step=6901 t=0.0690 tensionA=0.6329 tensionB=0.0143 pN boundMotors=3
[GATHER] call=14000 totalDirty=0 maxThread=0 cumAvg=71.0 cumMaxPerThread=23
[STATS] contractility step=7001 t=0.0700 tensionA=0.6601 tensionB=0.0142 pN boundMotors=3
[STATS] contractility step=7101 t=0.0710 tensionA=0.6747 tensionB=0.0132 pN boundMotors=3
[STATS] contractility step=7201 t=0.0720 tensionA=0.6918 tensionB=0.0133 pN boundMotors=2
[STATS] contractility step=7301 t=0.0730 tensionA=0.7247 tensionB=0.0129 pN boundMotors=3
[STATS] contractility step=7401 t=0.0740 tensionA=0.7605 tensionB=0.0123 pN boundMotors=2
[GATHER] call=15000 totalDirty=0 maxThread=0 cumAvg=71.1 cumMaxPerThread=23
[STATS] contractility step=7501 t=0.0750 tensionA=0.7886 tensionB=0.0119 pN boundMotors=2
[STATS] contractility step=7601 t=0.0760 tensionA=0.8027 tensionB=0.0113 pN boundMotors=4
[STATS] contractility step=7701 t=0.0770 tensionA=0.8196 tensionB=0.0107 pN boundMotors=3
[STATS] contractility step=7801 t=0.0780 tensionA=0.8737 tensionB=0.0104 pN boundMotors=4
[STATS] contractility step=7901 t=0.0790 tensionA=0.9551 tensionB=0.0100 pN boundMotors=2
[GATHER] call=16000 totalDirty=0 maxThread=0 cumAvg=71.3 cumMaxPerThread=23
[STATS] contractility step=8001 t=0.0800 tensionA=1.0392 tensionB=0.0091 pN boundMotors=3
[STATS] contractility step=8101 t=0.0810 tensionA=1.1075 tensionB=0.0090 pN boundMotors=2
[STATS] contractility step=8201 t=0.0820 tensionA=1.1661 tensionB=0.0086 pN boundMotors=1
[STATS] contractility step=8301 t=0.0830 tensionA=1.2173 tensionB=0.0081 pN boundMotors=3
[STATS] contractility step=8401 t=0.0840 tensionA=1.2465 tensionB=0.0072 pN boundMotors=4
[GATHER] call=17000 totalDirty=0 maxThread=0 cumAvg=71.3 cumMaxPerThread=23
[STATS] contractility step=8501 t=0.0850 tensionA=1.2715 tensionB=0.0075 pN boundMotors=3
[STATS] contractility step=8601 t=0.0860 tensionA=1.3010 tensionB=0.0073 pN boundMotors=4
[STATS] contractility step=8701 t=0.0870 tensionA=1.3230 tensionB=0.0072 pN boundMotors=2
[STATS] contractility step=8801 t=0.0880 tensionA=1.3246 tensionB=0.0075 pN boundMotors=4
[STATS] contractility step=8901 t=0.0890 tensionA=1.3203 tensionB=0.0080 pN boundMotors=3
[GATHER] call=18000 totalDirty=0 maxThread=0 cumAvg=71.4 cumMaxPerThread=23
[STATS] contractility step=9001 t=0.0900 tensionA=1.3216 tensionB=0.0079 pN boundMotors=3
[STATS] contractility step=9101 t=0.0910 tensionA=1.3251 tensionB=0.0083 pN boundMotors=2
[STATS] contractility step=9201 t=0.0920 tensionA=1.3392 tensionB=0.0081 pN boundMotors=2
[STATS] contractility step=9301 t=0.0930 tensionA=1.3564 tensionB=0.0083 pN boundMotors=2
[STATS] contractility step=9401 t=0.0940 tensionA=1.3721 tensionB=0.0081 pN boundMotors=6
[GATHER] call=19000 totalDirty=0 maxThread=0 cumAvg=71.5 cumMaxPerThread=23
[STATS] contractility step=9501 t=0.0950 tensionA=1.3826 tensionB=0.0077 pN boundMotors=4
[STATS] contractility step=9601 t=0.0960 tensionA=1.3886 tensionB=0.0099 pN boundMotors=4
[STATS] contractility step=9701 t=0.0970 tensionA=1.3986 tensionB=0.0146 pN boundMotors=1
[STATS] contractility step=9801 t=0.0980 tensionA=1.4103 tensionB=0.0208 pN boundMotors=3
[STATS] contractility step=9901 t=0.0990 tensionA=1.4202 tensionB=0.0307 pN boundMotors=2
[GATHER] call=20000 totalDirty=0 maxThread=0 cumAvg=71.6 cumMaxPerThread=23
Sim. time=00.10....~03.24 minutes computation to simulate 1 sec, run finished in ~00.00 hours
[STATS] contractility step=10001 t=0.1000 tensionA=1.4248 tensionB=0.0431 pN boundMotors=2
[STATS] contractility step=10101 t=0.1010 tensionA=1.4136 tensionB=0.0569 pN boundMotors=4
collisionTime = 0.0
myosinTime = 0.0
[STATS] bindEvents=298
[STATS] checkBugInsideFireCt=0
[STATS] addLinkForcesFireCt=0
[STATS] addTorsionFireCt=0
[STATS] meshFillFilSegFireCt=0
[STATS] meshAllSegsFireCt=0
[STATS] mbg3dFillFilSegFireCt=0
[STATS] updatePosFromBindFireCt=0
[STATS] updatePosFromStepFireCt=0
[STATS] validateSegFireCt=0
[STATS] anchorFireCt=0
[STATS] filSegInitFireCt=0
[STATS] motorInitFireCt=0
[STATS] meanBoundMotors=1.583
ThingStep Threads took 5.287000 seconds.
ThingBrownian Threads took 0.937000 seconds.
Myosin Threads took 0.977000 seconds.
MyoDimer Threads took 0.892000 seconds.
Protein Node Threads took 0.000000 seconds.
MyoMiniFil Threads took 0.892000 seconds.
Chamber Myo Threads took 0.000000 seconds.
Chamber MyoDimer Threads took 0.000000 seconds.
Mesh Threads took 1.890000 seconds.
Ck Mesh Threads took 0.932000 seconds.
Ck Mots Threads took 0.863000 seconds.
XLink Threads took 0.000000 seconds.
Arp23 Threads took 0.000000 seconds.
NodeLink Threads took 0.000000 seconds.
Membrane Node Threads took 0.000000 seconds.
ActA Threads took 0.000000 seconds.
MotorBindGrid3D Fill took 0.939000 seconds.
Finished closing JSON plots!
