[TELEPORT_DIAG] enabled=false threshold=0.1
Loading parameter values from /home/jba/Code/BoA/ParameterFiles/glidingAssay500_val...
     Parameter assigned: deltaT set to 1.0E-5
     Parameter assigned: biochemDeltaT set to 0.01
     Parameter assigned: collisionDeltaT set to 1.0E-5
     Parameter assigned: brownianDeltaT set to 1.0E-5
     Parameter assigned: runTime set to 0.1
     Parameter assigned: toFileInterval set to 100
     Parameter assigned: remoteWriteInterval set to 1000
     Parameter assigned: fracMove set to 0.5
     Parameter assigned: fracR set to 0.1
     Parameter assigned: fracMoveTorq set to 0.2
     Parameter assigned: boxXDim set to 14.0
     Parameter assigned: boxYDim set to 2.0
     Parameter assigned: boxZDim set to 0.5
     Parameter assigned: aeta set to 0.1
     Parameter assigned: noMonomersSimd set to true
     Parameter assigned: kRdmNuc set to 0.0
     Parameter assigned: kNodeNuc set to 0.0
     Parameter assigned: initialFilaments set to 0
     Parameter assigned: initialMyoMiniFils set to 0
     Parameter assigned: equilNodes set to 0
     Parameter assigned: glidingAssay set to true
     Parameter assigned: externalDensitySweep set to true
     Parameter assigned: fixedMyosinDensity set to 500.0
     Parameter assigned: fixedMyosinZValue set to -0.05
     Parameter assigned: glidingFilamentLength set to 2.0
     Parameter assigned: filSegLength set to 64
Done... there were 0 misunderstandings.
**************************************************************
Eulerian Mesh stats:
nXBins = 71; xBinWidth = 0.2 µm
nYBins = 11; yBinWidth = 0.2 µm
binDepth = 1000
**************************************************************
MotorBindGrid3D: 71 x 11 x 4 cells (0.2 µm each)
Sim. time=00.01....~46.16 minutes computation to simulate 1 sec, run finished in ~00.07 hours
Sim. time=00.02....~44.40 minutes computation to simulate 1 sec, run finished in ~00.06 hours
Sim. time=00.03....~44.20 minutes computation to simulate 1 sec, run finished in ~00.05 hours
Sim. time=00.04....~44.94 minutes computation to simulate 1 sec, run finished in ~00.04 hours
Sim. time=00.05....~44.35 minutes computation to simulate 1 sec, run finished in ~00.04 hours
Sim. time=00.06....~44.61 minutes computation to simulate 1 sec, run finished in ~00.03 hours
Sim. time=00.07....~45.08 minutes computation to simulate 1 sec, run finished in ~00.02 hours
Sim. time=00.08....~44.88 minutes computation to simulate 1 sec, run finished in ~00.01 hours
Sim. time=00.09....~44.86 minutes computation to simulate 1 sec, run finished in ~00.01 hours
Sim. time=00.10....~45.37 minutes computation to simulate 1 sec, run finished in ~00.00 hours
collisionTime = 0.0
myosinTime = 0.0
[STATS] bindEvents=767
[STATS] meanBoundMotors=6.551
[STATS] glidingVelocity=7.4804
ThingStep Threads took 67.718000 seconds.
ThingBrownian Threads took 41.841000 seconds.
Myosin Threads took 31.579000 seconds.
MyoDimer Threads took 15.637000 seconds.
Protein Node Threads took 4.714000 seconds.
MyoMiniFil Threads took 4.608000 seconds.
Chamber Myo Threads took 4.661000 seconds.
Chamber MyoDimer Threads took 4.592000 seconds.
Mesh Threads took 22.834000 seconds.
Ck Mesh Threads took 7.610000 seconds.
Ck Mots Threads took 7.489000 seconds.
XLink Threads took 5.103000 seconds.
Arp23 Threads took 5.085000 seconds.
NodeLink Threads took 10.206000 seconds.
Membrane Node Threads took 5.604000 seconds.
ActA Threads took 8.147000 seconds.
MotorBindGrid3D Fill took 15.064000 seconds.
Finished closing JSON plots!
