WARNING: Using incubator modules: jdk.incubator.vector
[TELEPORT_DIAG] enabled=false threshold=0.1
Loading parameter values from /home/jba/Code/BoA/ParameterFiles/glidingAssay500_val...
     Parameter assigned: deltaT set to 1.0E-5
     Parameter assigned: biochemDeltaT set to 0.01
     Parameter assigned: collisionDeltaT set to 1.0E-5
     Parameter assigned: brownianDeltaT set to 1.0E-5
     Parameter assigned: runTime set to 0.1
     Parameter assigned: toFileInterval set to 100
     Parameter assigned: remoteWriteInterval set to 1000
     Parameter assigned: fracMove set to 0.5
     Parameter assigned: fracR set to 0.1
     Parameter assigned: fracMoveTorq set to 0.2
     Parameter assigned: boxXDim set to 14.0
     Parameter assigned: boxYDim set to 2.0
     Parameter assigned: boxZDim set to 0.5
     Parameter assigned: aeta set to 0.1
     Parameter assigned: noMonomersSimd set to true
     Parameter assigned: kRdmNuc set to 0.0
     Parameter assigned: kNodeNuc set to 0.0
     Parameter assigned: initialFilaments set to 0
     Parameter assigned: initialMyoMiniFils set to 0
     Parameter assigned: equilNodes set to 0
     Parameter assigned: glidingAssay set to true
     Parameter assigned: externalDensitySweep set to true
     Parameter assigned: fixedMyosinDensity set to 500.0
     Parameter assigned: fixedMyosinZValue set to -0.05
     Parameter assigned: glidingFilamentLength set to 2.0
     Parameter assigned: filSegLength set to 64
Done... there were 0 misunderstandings.
**************************************************************
Eulerian Mesh stats:
nXBins = 71; xBinWidth = 0.2 µm
nYBins = 11; yBinWidth = 0.2 µm
binDepth = 1000
**************************************************************
MotorBindGrid3D: 71 x 11 x 4 cells (0.2 µm each)
GPUMoveThing: slotCap=84004 blockSize=64 runSeed=-1086802225 nWorkers=16
GPUMotorBinding: motorCap=500000 segCap=1000000 totalCells=3124 contentsCap=3124000 blockSize=64
Sim. time=00.01....~61.24 minutes computation to simulate 1 sec, run finished in ~00.09 hours
Sim. time=00.02....~57.53 minutes computation to simulate 1 sec, run finished in ~00.08 hours
Sim. time=00.03....~57.99 minutes computation to simulate 1 sec, run finished in ~00.07 hours
Sim. time=00.04....~57.74 minutes computation to simulate 1 sec, run finished in ~00.06 hours
Sim. time=00.05....~58.10 minutes computation to simulate 1 sec, run finished in ~00.05 hours
Sim. time=00.06....~57.63 minutes computation to simulate 1 sec, run finished in ~00.04 hours
Sim. time=00.07....~57.83 minutes computation to simulate 1 sec, run finished in ~00.03 hours
Sim. time=00.08....~58.28 minutes computation to simulate 1 sec, run finished in ~00.02 hours
Sim. time=00.09....~58.01 minutes computation to simulate 1 sec, run finished in ~00.01 hours
Sim. time=00.10....~58.00 minutes computation to simulate 1 sec, run finished in ~00.00 hours
collisionTime = 0.0
myosinTime = 0.0
[STATS] bindEvents=924
[STATS] meanBoundMotors=7.201
[STATS] gpuMotorBinding total=72.708s calls=10101 pack=1.199s gridPack=0.101s exec=70.829s unpack=0.505s
[STATS] gpuMoveThing total=59.725s calls=10101 pack=13.191s exec=18.276s unpack=28.255s
[STATS] glidingVelocity=7.8064
ThingStep Threads took 33.814000 seconds.
ThingBrownian Threads took 10.360000 seconds.
Myosin Threads took 31.558000 seconds.
MyoDimer Threads took 17.077000 seconds.
Protein Node Threads took 4.896000 seconds.
MyoMiniFil Threads took 4.802000 seconds.
Chamber Myo Threads took 4.771000 seconds.
Chamber MyoDimer Threads took 4.753000 seconds.
Mesh Threads took 26.014000 seconds.
Ck Mesh Threads took 8.389000 seconds.
Ck Mots Threads took 0.000000 seconds.
XLink Threads took 5.196000 seconds.
Arp23 Threads took 5.192000 seconds.
NodeLink Threads took 14.694000 seconds.
Membrane Node Threads took 7.980000 seconds.
ActA Threads took 8.295000 seconds.
MotorBindGrid3D Fill took 17.663000 seconds.
Finished closing JSON plots!
