WARNING: Using incubator modules: jdk.incubator.vector
[TELEPORT_DIAG] enabled=false threshold=0.1
Loading parameter values from /home/jba/Code/BoA/ParameterFiles/glidingDense_demo_smoke...
     Parameter assigned: deltaT set to 1.0E-5
     Parameter assigned: biochemDeltaT set to 0.01
     Parameter assigned: collisionDeltaT set to 1.0E-5
     Parameter assigned: brownianDeltaT set to 1.0E-5
     Parameter assigned: runTime set to 0.01
     Parameter assigned: toFileInterval set to 500
     Parameter assigned: remoteWriteInterval set to 1000
     Parameter assigned: fracMove set to 0.5
     Parameter assigned: fracR set to 0.1
     Parameter assigned: fracMoveTorq set to 0.2
     Parameter assigned: boxXDim set to 14.0
     Parameter assigned: boxYDim set to 14.0
     Parameter assigned: boxZDim set to 0.5
     Parameter assigned: aeta set to 0.1
     Parameter assigned: noMonomersSimd set to true
     Parameter assigned: kRdmNuc set to 0.0
     Parameter assigned: kNodeNuc set to 0.0
     Parameter assigned: initialFilaments set to 100
     Parameter assigned: minFilLength set to 1.0
     Parameter assigned: maxFilLength set to 3.0
     Parameter assigned: initialMyoMiniFils set to 0
     Parameter assigned: equilNodes set to 0
     Parameter assigned: glidingAssay set to true
     Parameter assigned: externalDensitySweep set to true
     Parameter assigned: fixedMyosinDensity set to 500.0
     Parameter assigned: fixedMyosinZValue set to -0.05
     Parameter assigned: glidingFilamentLength set to 2.0
     Parameter assigned: filSegLength set to 64
Done... there were 0 misunderstandings.
**************************************************************
Eulerian Mesh stats:
nXBins = 71; xBinWidth = 0.2 µm
nYBins = 71; yBinWidth = 0.2 µm
binDepth = 1000
**************************************************************
MotorBindGrid3D: 71 x 71 x 4 cells (0.2 µm each)
GPUMoveThing: slotCap=588204 myoCap=196000 moveBlock=64 jointBlock=64 runSeed=959077422 nWorkers=16
GPUMotorBinding: motorCap=500000 segCap=1000000 totalCells=20164 contentsCap=8000000 blockSize=64
ThreeJSWriter: created directory /tmp/acosfix_dense_gpu
ThreeJSWriter: output directory /tmp/acosfix_dense_gpu
ThreeJSWriter: archived 1 source files to source.zip
[GATHER] call=1000 totalDirty=0 maxThread=0 cumAvg=780.8 cumMaxPerThread=1228
[GATHER] call=2000 totalDirty=0 maxThread=0 cumAvg=820.9 cumMaxPerThread=1229
Sim. time=00.01....~195.80 minutes computation to simulate 1 sec, run finished in ~00.00 hours
collisionTime = 0.0
myosinTime = 0.0
[STATS] bindEvents=3432
[STATS] meanBoundMotors=231.824
[STATS] gpuMotorBinding total=12.601s calls=1101 pack=1.003s gridPack=0.238s exec=10.938s unpack=0.368s
[STATS] gpuMoveThing total=44.403s calls=1101 slotPack=9.557s jointPack=5.964s exec=12.165s unpack=16.717s
[STATS] glidingVelocity=33.3202
ThingStep Threads took 21.847000 seconds.
ThingBrownian Threads took 2.894000 seconds.
Myosin Threads took 0.933000 seconds.
MyoDimer Threads took 0.000000 seconds.
Protein Node Threads took 0.000000 seconds.
MyoMiniFil Threads took 0.000000 seconds.
Chamber Myo Threads took 0.000000 seconds.
Chamber MyoDimer Threads took 0.000000 seconds.
Mesh Threads took 5.763000 seconds.
Ck Mesh Threads took 1.080000 seconds.
Ck Mots Threads took 0.000000 seconds.
XLink Threads took 0.416000 seconds.
Arp23 Threads took 0.000000 seconds.
NodeLink Threads took 0.000000 seconds.
Membrane Node Threads took 0.000000 seconds.
ActA Threads took 0.000000 seconds.
MotorBindGrid3D Fill took 3.596000 seconds.
Finished closing JSON plots!
