WARNING: Using incubator modules: jdk.incubator.vector
[TELEPORT_DIAG] enabled=false threshold=0.1
[JOINT_DIAG] enabled (sample interval = 50 steps)
[JOINT_DIAG] DIAG_CPU_JOINTS forced ON via env var
Loading parameter values from /home/jba/Code/BoA/ParameterFiles/glidingAssay500_val...
     Parameter assigned: deltaT set to 1.0E-5
     Parameter assigned: biochemDeltaT set to 0.01
     Parameter assigned: collisionDeltaT set to 1.0E-5
     Parameter assigned: brownianDeltaT set to 1.0E-5
     Parameter assigned: runTime set to 0.1
     Parameter assigned: toFileInterval set to 100
     Parameter assigned: remoteWriteInterval set to 1000
     Parameter assigned: fracMove set to 0.5
     Parameter assigned: fracR set to 0.1
     Parameter assigned: fracMoveTorq set to 0.2
     Parameter assigned: boxXDim set to 14.0
     Parameter assigned: boxYDim set to 2.0
     Parameter assigned: boxZDim set to 0.5
     Parameter assigned: aeta set to 0.1
     Parameter assigned: noMonomersSimd set to true
     Parameter assigned: kRdmNuc set to 0.0
     Parameter assigned: kNodeNuc set to 0.0
     Parameter assigned: initialFilaments set to 0
     Parameter assigned: initialMyoMiniFils set to 0
     Parameter assigned: equilNodes set to 0
     Parameter assigned: glidingAssay set to true
     Parameter assigned: externalDensitySweep set to true
     Parameter assigned: fixedMyosinDensity set to 500.0
     Parameter assigned: fixedMyosinZValue set to -0.05
     Parameter assigned: glidingFilamentLength set to 2.0
     Parameter assigned: filSegLength set to 64
Done... there were 0 misunderstandings.
**************************************************************
Eulerian Mesh stats:
nXBins = 71; xBinWidth = 0.2 µm
nYBins = 11; yBinWidth = 0.2 µm
binDepth = 1000
**************************************************************
MotorBindGrid3D: 71 x 11 x 4 cells (0.2 µm each)
GPUMoveThing: slotCap=84004 myoCap=28000 moveBlock=64 jointBlock=64 runSeed=1791095845 nWorkers=16
GPUMotorBinding: motorCap=500000 segCap=1000000 totalCells=3124 contentsCap=3124000 blockSize=64
ThreeJSWriter: created directory /tmp/jointdiag_double
ThreeJSWriter: output directory /tmp/jointdiag_double
ThreeJSWriter: archived 1 source files to source.zip
[GATHER] call=1000 totalDirty=0 maxThread=0 cumAvg=21006.1 cumMaxPerThread=2636
[GATHER] call=2000 totalDirty=0 maxThread=0 cumAvg=21006.6 cumMaxPerThread=2636
Sim. time=00.01....~60.88 minutes computation to simulate 1 sec, run finished in ~00.09 hours
[GATHER] call=3000 totalDirty=0 maxThread=0 cumAvg=21006.7 cumMaxPerThread=2636
[GATHER] call=4000 totalDirty=0 maxThread=0 cumAvg=21006.8 cumMaxPerThread=2636
Sim. time=00.02....~55.35 minutes computation to simulate 1 sec, run finished in ~00.07 hours
[GATHER] call=5000 totalDirty=0 maxThread=0 cumAvg=21007.1 cumMaxPerThread=2636
[GATHER] call=6000 totalDirty=0 maxThread=0 cumAvg=21007.3 cumMaxPerThread=2636
Sim. time=00.03....~55.10 minutes computation to simulate 1 sec, run finished in ~00.06 hours
[GATHER] call=7000 totalDirty=0 maxThread=0 cumAvg=21007.6 cumMaxPerThread=2636
[GATHER] call=8000 totalDirty=0 maxThread=0 cumAvg=21007.7 cumMaxPerThread=2636
Sim. time=00.04....~54.92 minutes computation to simulate 1 sec, run finished in ~00.05 hours
[GATHER] call=9000 totalDirty=0 maxThread=0 cumAvg=21007.7 cumMaxPerThread=2636
[GATHER] call=10000 totalDirty=0 maxThread=0 cumAvg=21007.8 cumMaxPerThread=2636
Sim. time=00.05....~54.67 minutes computation to simulate 1 sec, run finished in ~00.05 hours
[GATHER] call=11000 totalDirty=0 maxThread=0 cumAvg=21007.8 cumMaxPerThread=2636
[GATHER] call=12000 totalDirty=0 maxThread=0 cumAvg=21007.9 cumMaxPerThread=2636
Sim. time=00.06....~54.68 minutes computation to simulate 1 sec, run finished in ~00.04 hours
[GATHER] call=13000 totalDirty=0 maxThread=0 cumAvg=21007.9 cumMaxPerThread=2636
[GATHER] call=14000 totalDirty=0 maxThread=0 cumAvg=21007.9 cumMaxPerThread=2636
Sim. time=00.07....~54.50 minutes computation to simulate 1 sec, run finished in ~00.03 hours
[GATHER] call=15000 totalDirty=0 maxThread=0 cumAvg=21007.8 cumMaxPerThread=2636
[GATHER] call=16000 totalDirty=0 maxThread=0 cumAvg=21007.8 cumMaxPerThread=2636
Sim. time=00.08....~54.54 minutes computation to simulate 1 sec, run finished in ~00.02 hours
[GATHER] call=17000 totalDirty=0 maxThread=0 cumAvg=21007.8 cumMaxPerThread=2636
[GATHER] call=18000 totalDirty=0 maxThread=0 cumAvg=21007.8 cumMaxPerThread=2636
Sim. time=00.09....~54.26 minutes computation to simulate 1 sec, run finished in ~00.01 hours
[GATHER] call=19000 totalDirty=0 maxThread=0 cumAvg=21007.9 cumMaxPerThread=2636
[GATHER] call=20000 totalDirty=0 maxThread=0 cumAvg=21007.9 cumMaxPerThread=2636
Sim. time=00.10....~54.65 minutes computation to simulate 1 sec, run finished in ~00.00 hours
collisionTime = 0.0
myosinTime = 0.0

=== JOINT DIAGNOSTIC [config: DOUBLE (CPU joints, double precision)] ===
samples:        n=2828000  (motor x time)  sampleEvents=202  interval=50 steps
theta_LM:       mean=0.349763 rad  SD=0.279287  (rest_uncocked=0.0000, rest_cocked=1.0472)
theta_RL:       mean=1.676320 rad  SD=0.660175  (rest=0.0000)
head_z:         mean=-0.038908 um   SD=0.048679
E_joint:        mean=1.8278e-21 J    SD=1.8844e-21
E_joint trend:  step 50 -> 100 -> 10100 : 1.0469e-21 -> 1.0406e-21 -> 1.9468e-21  (slope 8.9544e-26 /step)
=== END JOINT DIAGNOSTIC ===
[STATS] bindEvents=586
[STATS] meanBoundMotors=5.520
[STATS] gpuMotorBinding total=74.407s calls=10101 pack=1.216s gridPack=0.106s exec=72.528s unpack=0.506s
[STATS] gpuMoveThing total=64.265s calls=10101 slotPack=13.167s jointPack=0.000s exec=22.646s unpack=28.448s
[STATS] glidingVelocity=7.8714
ThingStep Threads took 57.164000 seconds.
ThingBrownian Threads took 9.793000 seconds.
Myosin Threads took 23.469000 seconds.
MyoDimer Threads took 0.000000 seconds.
Protein Node Threads took 0.000000 seconds.
MyoMiniFil Threads took 0.000000 seconds.
Chamber Myo Threads took 0.000000 seconds.
Chamber MyoDimer Threads took 0.000000 seconds.
Mesh Threads took 20.130000 seconds.
Ck Mesh Threads took 8.339000 seconds.
Ck Mots Threads took 0.000000 seconds.
XLink Threads took 0.000000 seconds.
Arp23 Threads took 0.000000 seconds.
NodeLink Threads took 0.000000 seconds.
Membrane Node Threads took 0.000000 seconds.
ActA Threads took 0.000000 seconds.
MotorBindGrid3D Fill took 8.272000 seconds.
Finished closing JSON plots!
