WARNING: Using incubator modules: jdk.incubator.vector
[TELEPORT_DIAG] enabled=false threshold=0.1
Loading parameter values from /home/jba/Code/BoA/ParameterFiles/glidingAssay500_val...
     Parameter assigned: deltaT set to 1.0E-5
     Parameter assigned: biochemDeltaT set to 0.01
     Parameter assigned: collisionDeltaT set to 1.0E-5
     Parameter assigned: brownianDeltaT set to 1.0E-5
     Parameter assigned: runTime set to 0.1
     Parameter assigned: toFileInterval set to 100
     Parameter assigned: remoteWriteInterval set to 1000
     Parameter assigned: fracMove set to 0.5
     Parameter assigned: fracR set to 0.1
     Parameter assigned: fracMoveTorq set to 0.2
     Parameter assigned: boxXDim set to 14.0
     Parameter assigned: boxYDim set to 2.0
     Parameter assigned: boxZDim set to 0.5
     Parameter assigned: aeta set to 0.1
     Parameter assigned: noMonomersSimd set to true
     Parameter assigned: kRdmNuc set to 0.0
     Parameter assigned: kNodeNuc set to 0.0
     Parameter assigned: initialFilaments set to 0
     Parameter assigned: initialMyoMiniFils set to 0
     Parameter assigned: equilNodes set to 0
     Parameter assigned: glidingAssay set to true
     Parameter assigned: externalDensitySweep set to true
     Parameter assigned: fixedMyosinDensity set to 500.0
     Parameter assigned: fixedMyosinZValue set to -0.05
     Parameter assigned: glidingFilamentLength set to 2.0
     Parameter assigned: filSegLength set to 64
Done... there were 0 misunderstandings.
**************************************************************
Eulerian Mesh stats:
nXBins = 71; xBinWidth = 0.2 µm
nYBins = 11; yBinWidth = 0.2 µm
binDepth = 1000
**************************************************************
MotorBindGrid3D: 71 x 11 x 4 cells (0.2 µm each)
GPUMotorBinding: motorCap=500000 segCap=1000000 totalCells=3124 contentsCap=3124000 blockSize=64
GPUMoveThing: slotCap=84004 blockSize=64
Sim. time=00.01....~90.05 minutes computation to simulate 1 sec, run finished in ~00.14 hours
Sim. time=00.02....~86.53 minutes computation to simulate 1 sec, run finished in ~00.12 hours
Sim. time=00.03....~86.76 minutes computation to simulate 1 sec, run finished in ~00.10 hours
Sim. time=00.04....~86.30 minutes computation to simulate 1 sec, run finished in ~00.09 hours
Sim. time=00.05....~87.13 minutes computation to simulate 1 sec, run finished in ~00.07 hours
Sim. time=00.06....~86.91 minutes computation to simulate 1 sec, run finished in ~00.06 hours
Sim. time=00.07....~87.17 minutes computation to simulate 1 sec, run finished in ~00.04 hours
Sim. time=00.08....~87.25 minutes computation to simulate 1 sec, run finished in ~00.03 hours
Sim. time=00.09....~87.39 minutes computation to simulate 1 sec, run finished in ~00.01 hours
Sim. time=00.10....~87.37 minutes computation to simulate 1 sec, run finished in ~00.00 hours
collisionTime = 0.0
myosinTime = 0.0
[STATS] bindEvents=780
[STATS] meanBoundMotors=6.832
[STATS] gpuMotorBinding total=75.522s calls=10101 pack=1.236s gridPack=0.109s exec=72.911s unpack=0.511s
[STATS] gpuMoveThing total=188.652s calls=10101 pack=96.522s exec=21.318s unpack=70.756s
[STATS] glidingVelocity=8.2090
ThingStep Threads took 38.377000 seconds.
ThingBrownian Threads took 46.478000 seconds.
Myosin Threads took 35.258000 seconds.
MyoDimer Threads took 18.582000 seconds.
Protein Node Threads took 4.880000 seconds.
MyoMiniFil Threads took 4.818000 seconds.
Chamber Myo Threads took 4.781000 seconds.
Chamber MyoDimer Threads took 4.721000 seconds.
Mesh Threads took 26.054000 seconds.
Ck Mesh Threads took 7.583000 seconds.
Ck Mots Threads took 0.000000 seconds.
XLink Threads took 4.965000 seconds.
Arp23 Threads took 4.919000 seconds.
NodeLink Threads took 13.377000 seconds.
Membrane Node Threads took 7.416000 seconds.
ActA Threads took 7.976000 seconds.
MotorBindGrid3D Fill took 20.400000 seconds.
Finished closing JSON plots!
