WARNING: Using incubator modules: jdk.incubator.vector
[TELEPORT_DIAG] enabled=false threshold=0.1
Loading parameter values from /home/jba/Code/BoA/ParameterFiles/glidingDense_demo_smoke...
     Parameter assigned: deltaT set to 1.0E-5
     Parameter assigned: biochemDeltaT set to 0.01
     Parameter assigned: collisionDeltaT set to 1.0E-5
     Parameter assigned: brownianDeltaT set to 1.0E-5
     Parameter assigned: runTime set to 0.01
     Parameter assigned: toFileInterval set to 500
     Parameter assigned: remoteWriteInterval set to 1000
     Parameter assigned: fracMove set to 0.5
     Parameter assigned: fracR set to 0.1
     Parameter assigned: fracMoveTorq set to 0.2
     Parameter assigned: boxXDim set to 14.0
     Parameter assigned: boxYDim set to 14.0
     Parameter assigned: boxZDim set to 0.5
     Parameter assigned: aeta set to 0.1
     Parameter assigned: noMonomersSimd set to true
     Parameter assigned: kRdmNuc set to 0.0
     Parameter assigned: kNodeNuc set to 0.0
     Parameter assigned: initialFilaments set to 100
     Parameter assigned: minFilLength set to 1.0
     Parameter assigned: maxFilLength set to 3.0
     Parameter assigned: initialMyoMiniFils set to 0
     Parameter assigned: equilNodes set to 0
     Parameter assigned: glidingAssay set to true
     Parameter assigned: externalDensitySweep set to true
     Parameter assigned: fixedMyosinDensity set to 500.0
     Parameter assigned: fixedMyosinZValue set to -0.05
     Parameter assigned: glidingFilamentLength set to 2.0
     Parameter assigned: filSegLength set to 64
Done... there were 0 misunderstandings.
**************************************************************
Eulerian Mesh stats:
nXBins = 71; xBinWidth = 0.2 µm
nYBins = 71; yBinWidth = 0.2 µm
binDepth = 1000
**************************************************************
MotorBindGrid3D: 71 x 71 x 4 cells (0.2 µm each)
GPUMoveThing: slotCap=588204 blockSize=64 runSeed=-285214343 nWorkers=16
GPUMotorBinding: motorCap=500000 segCap=1000000 totalCells=20164 contentsCap=8000000 blockSize=64
Sim. time=00.01....~272.48 minutes computation to simulate 1 sec, run finished in ~00.00 hours
collisionTime = 0.0
myosinTime = 0.0
[STATS] bindEvents=3900
[STATS] meanBoundMotors=234.682
[STATS] gpuMotorBinding total=12.839s calls=1101 pack=1.001s gridPack=0.292s exec=11.093s unpack=0.377s
[STATS] gpuMoveThing total=44.620s calls=1101 pack=10.829s exec=10.446s unpack=23.344s
[STATS] glidingVelocity=44.4707
ThingStep Threads took 23.429000 seconds.
ThingBrownian Threads took 2.917000 seconds.
Myosin Threads took 21.636000 seconds.
MyoDimer Threads took 10.211000 seconds.
Protein Node Threads took 0.869000 seconds.
MyoMiniFil Threads took 0.866000 seconds.
Chamber Myo Threads took 0.864000 seconds.
Chamber MyoDimer Threads took 0.861000 seconds.
Mesh Threads took 6.546000 seconds.
Ck Mesh Threads took 1.162000 seconds.
Ck Mots Threads took 0.000000 seconds.
XLink Threads took 0.593000 seconds.
Arp23 Threads took 0.594000 seconds.
NodeLink Threads took 1.618000 seconds.
Membrane Node Threads took 0.708000 seconds.
ActA Threads took 1.012000 seconds.
MotorBindGrid3D Fill took 30.326000 seconds.
Finished closing JSON plots!
