WARNING: Using incubator modules: jdk.incubator.vector
[TURNOVER] global biochem cadence ON (biochem phase-aligned; GPU pose pull at biochem+output cadence)
[TELEPORT_DIAG] enabled=false threshold=0.1
Loading parameter values from /home/jba/Code/BoA/ParameterFiles/boa-xlink-dense-nomotor...
     Parameter assigned: deltaT set to 1.0E-4
     Parameter assigned: biochemDeltaT set to 0.01
     Parameter assigned: collisionDeltaT set to 1.0E-5
     No match found for parameter label brownianDeltaT ... you best check that out!
     Parameter assigned: runTime set to 0.2
     Parameter assigned: fracMove set to 0.4
     Parameter assigned: fracR set to 0.134
     Parameter assigned: fracMoveTorq set to 0.013685
     Parameter assigned: drawInterval set to 100
     Parameter assigned: toFileInterval set to 500
     No match found for parameter label toQKFileInterval ... you best check that out!
     Parameter assigned: jpegQuality set to 1.0
     Parameter assigned: remoteWriteInterval set to 100000
     Parameter assigned: frameWidth set to 800
     Parameter assigned: frameHeight set to 800
     No match found for parameter label bugOff ... you best check that out!
     Parameter assigned: simOutsideBug set to false
     Parameter assigned: initialFilaments set to 200
     Parameter assigned: initialMyoMiniFils set to 0
     Parameter assigned: minFilLength set to 0.1
     Parameter assigned: maxFilLength set to 0.3
     Parameter assigned: stdDevActinDist set to 0.2
     Parameter assigned: boxXDim set to 0.7
     Parameter assigned: boxYDim set to 0.7
     Parameter assigned: boxZDim set to 0.3
     Parameter assigned: actinConc set to 30.0
     Parameter assigned: actinConcNonHydro set to 15.0
     Parameter assigned: aeta set to 1.0
     Parameter assigned: capConc set to 2.0
     Parameter assigned: nodeZone set to 0.9
     Parameter assigned: nodeRadius set to 0.025
     Parameter assigned: forminsPerNode set to 0
     No match found for parameter label myosPerNode ... you best check that out!
     Parameter assigned: nodeTransDiff set to 1.0E-16
     Parameter assigned: nodeRotDiff set to 0.001
     Parameter assigned: actinSeed set to 3
     Parameter assigned: actinOnCortex set to true
     Parameter assigned: filSegLength set to 64
     Parameter assigned: filTorqSpring set to 1.0E-20
     Parameter assigned: BTransCoeff set to 1.0
     Parameter assigned: BRotCoeff set to 0.5
     Parameter assigned: maxSegAngle set to 22.5
     Parameter assigned: maxSegDist set to 0.0108
     Parameter assigned: nodeTorqSpring set to 1.0E-20
     Parameter assigned: maxNodeTetherStrainDist set to 0.0108
     Parameter assigned: nodeTetherDetachRate set to 0.001
     Parameter assigned: forminMoves set to false
     Parameter assigned: forminRelease set to 1.0
     No match found for parameter label noMonomers ... you best check that out!
     Parameter assigned: filamentsAnneal set to false
     Parameter assigned: annealDist set to 0.054
     Parameter assigned: annealAngleCosine set to 0.9
     Parameter assigned: maxLinksOnSeg set to 10.0
     Parameter assigned: sideBonds set to 0
     Parameter assigned: maxXLinkBondAngle set to 0.6
     Parameter assigned: sideBondsRelax set to false
     Parameter assigned: sideBondsStabilize set to 1.0
     Parameter assigned: bundleStableFactor set to 2.0
     Parameter assigned: filLinkSpring set to 1.0E-9
     Parameter assigned: filLinkTorqSpring set to 1.0E-19
     Parameter assigned: xLinkTransAttn set to 1.0
     Parameter assigned: xLinkRotAttn set to 1.0
     No match found for parameter label maxFilLinkDist ... you best check that out!
     No match found for parameter label linkDissolveRate ... you best check that out!
     Parameter assigned: kATPOn1 set to 0.0
     Parameter assigned: kATPOff1 set to 0.0
     Parameter assigned: kADPOff1 set to 0.0
     Parameter assigned: kATPOn1NonHydro set to 0.0
     Parameter assigned: kATPOff1NonHydro set to 0.0
     Parameter assigned: kATPOn2 set to 0.0
     Parameter assigned: kATPOff2 set to 0.0
     Parameter assigned: kADPOff2 set to 0.0
     Parameter assigned: kATPOn2WithFormin set to 0.0
     Parameter assigned: kATPOff2WithFormin set to 0.0
     Parameter assigned: kADPOff2WithFormin set to 0.0
     Parameter assigned: kATPOn2NonHydro set to 0.0
     Parameter assigned: kATPOff2NonHydro set to 0.0
     Parameter assigned: kATPOn2NonHydroWithFormin set to 0.0
     Parameter assigned: kATPOff2NonHydroWithFormin set to 0.0
     Parameter assigned: capRate set to 3.0
     Parameter assigned: cofilinRate set to 0.0
     Parameter assigned: cofilinConc set to 0.0
     Parameter assigned: cofilinRatio set to 1.1
     No match found for parameter label myosSteppingSwitch ... you best check that out!
     No match found for parameter label myosinStepRate ... you best check that out!
     Parameter assigned: myosinStallForce set to 2.0
     No match found for parameter label myosinReleaseRate ... you best check that out!
     No match found for parameter label myoFBRBase ... you best check that out!
     No match found for parameter label myoFBRExp ... you best check that out!
     Parameter assigned: capNumEnd1 set to 3
     Parameter assigned: capNumEnd2 set to 3
     Parameter assigned: capNumEnd1WithNode set to 3
     Parameter assigned: capNumEnd2WithNode set to 3
     Parameter assigned: polyCompressionCutoff set to 0.0
     Parameter assigned: kRdmNuc set to 0.0
     Parameter assigned: kNodeNuc set to 10.0
     Parameter assigned: kHydrolysis set to 1.0
     Parameter assigned: kDissociation set to 1.0
     Parameter assigned: showTime set to true
     Parameter assigned: showConc set to true
     Parameter assigned: showNonHydroConc set to false
     Parameter assigned: showFilCt set to true
     Parameter assigned: showFilLinkCt set to true
     Parameter assigned: showFilSegCt set to false
     Parameter assigned: showMonCt set to true
     Parameter assigned: fixedHistScale set to 100.0
     Parameter assigned: showHistBox set to true
     Parameter assigned: showYHistTics set to true
     Parameter assigned: flatTops set to true
Done... there were 12 misunderstandings.
[RNG] per-worker RNG pool: 17 MTFs, masterSeed=2714810771158706826 (BOA_RNG_SEED unset)
**************************************************************
Eulerian Mesh stats:
nXBins = 5; xBinWidth = 0.2 µm
nYBins = 5; yBinWidth = 0.2 µm
binDepth = 1000
**************************************************************
MotorBindGrid3D: 5 x 5 x 3 cells (0.2 µm each)
[08:49] [phase-plan] inert-wave cull — ThreadSet activation snapshot:
[08:49]   ON   ThingStep Threads
[08:49]   ON   ThingBrownian Threads
[08:49]   ON   Myosin Threads
[08:49]   OFF  MyoDimer Threads
[08:49]   OFF  Protein Node Threads
[08:49]   OFF  MyoMiniFil Threads
[08:49]   OFF  Chamber Myo Threads
[08:49]   OFF  Chamber MyoDimer Threads
[08:49]   ON   Mesh Threads
[08:49]   ON   Ck Mesh Threads
[08:49]   ON   Ck Mots Threads
[08:49]   OFF  XLink Threads
[08:49]   OFF  Arp23 Threads
[08:49]   OFF  NodeLink Threads
[08:49]   OFF  Membrane Node Threads
[08:49]   OFF  ActA Threads
[08:49]   ON   MotorBindGrid3D Fill
[08:49] [phase-plan] 7 active, 10 inert (will skip dispatch)
[POSE_CHURN] sized POSE_DELTA_CAP=8192 (initialFilaments=200, peakModel=402, safety=4x, floor=8192)
GPUMoveThing: slotCap=1024 myoCap=1024 moveBlock=64 jointBlock=64 runSeed=-5686908 nWorkers=16
[GATHER] call=1000 totalDirty=0 maxThread=0 cumAvg=0.0 cumMaxPerThread=0
[GATHER] call=2000 totalDirty=0 maxThread=0 cumAvg=0.0 cumMaxPerThread=0
[GATHER] call=3000 totalDirty=0 maxThread=0 cumAvg=0.0 cumMaxPerThread=0
	[TornadoVM-PTX-JNI] ERROR : cuEventDestroy -> Returned: 709
	[TornadoVM-PTX-JNI] ERROR : cuEventCreate (beforeEvent) -> Returned: 709
	[TornadoVM-PTX-JNI] ERROR : cuEventCreate (afterEvent) -> Returned: 709
	[TornadoVM-PTX-JNI] ERROR : cuEventRecord -> Returned: 709
	[TornadoVM-PTX-JNI] ERROR : cuMemcpyDtoHMemSeg -> Returned: 709
	[TornadoVM-PTX-JNI] ERROR : cuEventRecord -> Returned: 709
	[TornadoVM-PTX-JNI] ERROR : cuEventSynchronize -> Returned: 709
	[TornadoVM-PTX-JNI] ERROR : cuEventDestroy -> Returned: 709
	[TornadoVM-PTX-JNI] ERROR : cuEventDestroy -> Returned: 709
	[TornadoVM-PTX-JNI] ERROR : cuMemFree -> Returned: 709
	[TornadoVM-PTX-JNI] ERROR : cuMemFree -> Returned: 709
	[TornadoVM-PTX-JNI] ERROR : cuMemFree -> Returned: 709
	[TornadoVM-PTX-JNI] ERROR : cuMemFree -> Returned: 709
	[TornadoVM-PTX-JNI] ERROR : cuMemFree -> Returned: 709
	[TornadoVM-PTX-JNI] ERROR : cuMemFree -> Returned: 709
	[TornadoVM-PTX-JNI] ERROR : cuMemFree -> Returned: 709
	[TornadoVM-PTX-JNI] ERROR : cuMemFree -> Returned: 709
	[TornadoVM-PTX-JNI] ERROR : cuMemFree -> Returned: 709
	[TornadoVM-PTX-JNI] ERROR : cuMemFree -> Returned: 709
	[TornadoVM-PTX-JNI] ERROR : cuMemFree -> Returned: 709
	[TornadoVM-PTX-JNI] ERROR : cuMemFree -> Returned: 709
	[TornadoVM-PTX-JNI] ERROR : cuMemFree -> Returned: 709
	[TornadoVM-PTX-JNI] ERROR : cuMemFree -> Returned: 709
	[TornadoVM-PTX-JNI] ERROR : cuMemFree -> Returned: 709
	[TornadoVM-PTX-JNI] ERROR : cuMemFree -> Returned: 709
	[TornadoVM-PTX-JNI] ERROR : cuMemFree -> Returned: 709
	[TornadoVM-PTX-JNI] ERROR : cuMemFree -> Returned: 709
	[TornadoVM-PTX-JNI] ERROR : cuMemFree -> Returned: 709
	[TornadoVM-PTX-JNI] ERROR : cuMemFree -> Returned: 709
	[TornadoVM-PTX-JNI] ERROR : cuMemFree -> Returned: 709
	[TornadoVM-PTX-JNI] ERROR : cuMemFree -> Returned: 709
	[TornadoVM-PTX-JNI] ERROR : cuStreamSynchronize -> Returned: 709
	[TornadoVM-PTX-JNI] ERROR : cuStreamSynchronize -> Returned: 709
	[TornadoVM-PTX-JNI] ERROR : cuEventCreate (beforeEvent) -> Returned: 709
	[TornadoVM-PTX-JNI] ERROR : cuEventCreate (afterEvent) -> Returned: 709
	[TornadoVM-PTX-JNI] ERROR : cuEventRecord -> Returned: 709
	[TornadoVM-PTX-JNI] ERROR : cuMemcpyHtoDAsyncMemSeg -> Returned: 709
	[TornadoVM-PTX-JNI] ERROR : cuEventRecord -> Returned: 709
	[TornadoVM-PTX-JNI] ERROR : cuEventSynchronize -> Returned: 709
	[TornadoVM-PTX-JNI] ERROR : cuEventDestroy -> Returned: 709
	[TornadoVM-PTX-JNI] ERROR : cuEventDestroy -> Returned: 709
	[TornadoVM-PTX-JNI] ERROR : cuEventCreate (beforeEvent) -> Returned: 709
	[TornadoVM-PTX-JNI] ERROR : cuEventCreate (afterEvent) -> Returned: 709
	[TornadoVM-PTX-JNI] ERROR : cuEventRecord -> Returned: 709
	[TornadoVM-PTX-JNI] ERROR : cuMemcpyHtoDAsyncMemSeg -> Returned: 709
	[TornadoVM-PTX-JNI] ERROR : cuEventRecord -> Returned: 709
	[TornadoVM-PTX-JNI] ERROR : cuEventSynchronize -> Returned: 709
	[TornadoVM-PTX-JNI] ERROR : cuEventDestroy -> Returned: 709
	[TornadoVM-PTX-JNI] ERROR : cuEventDestroy -> Returned: 709
	[TornadoVM-PTX-JNI] ERROR : cuEventCreate (beforeEvent) -> Returned: 709
	[TornadoVM-PTX-JNI] ERROR : cuEventCreate (afterEvent) -> Returned: 709
	[TornadoVM-PTX-JNI] ERROR : cuEventRecord -> Returned: 709
	[TornadoVM-PTX-JNI] ERROR : cuMemcpyHtoDAsyncMemSeg -> Returned: 709
	[TornadoVM-PTX-JNI] ERROR : cuEventRecord -> Returned: 709
	[TornadoVM-PTX-JNI] ERROR : cuEventSynchronize -> Returned: 709
	[TornadoVM-PTX-JNI] ERROR : cuEventDestroy -> Returned: 709
	[TornadoVM-PTX-JNI] ERROR : cuEventDestroy -> Returned: 709
	[TornadoVM-PTX-JNI] ERROR : cuEventCreate (beforeEvent) -> Returned: 709
	[TornadoVM-PTX-JNI] ERROR : cuEventCreate (afterEvent) -> Returned: 709
	[TornadoVM-PTX-JNI] ERROR : cuEventRecord -> Returned: 709
	[TornadoVM-PTX-JNI] ERROR : cuMemcpyHtoDAsyncMemSeg -> Returned: 709
	[TornadoVM-PTX-JNI] ERROR : cuEventRecord -> Returned: 709
	[TornadoVM-PTX-JNI] ERROR : cuEventSynchronize -> Returned: 709
	[TornadoVM-PTX-JNI] ERROR : cuEventDestroy -> Returned: 709
	[TornadoVM-PTX-JNI] ERROR : cuEventDestroy -> Returned: 709
	[TornadoVM-PTX-JNI] ERROR : cuEventCreate (beforeEvent) -> Returned: 709
	[TornadoVM-PTX-JNI] ERROR : cuEventCreate (afterEvent) -> Returned: 709
	[TornadoVM-PTX-JNI] ERROR : cuEventRecord -> Returned: 709
	[TornadoVM-PTX-JNI] ERROR : cuMemcpyHtoDAsyncMemSeg -> Returned: 709
	[TornadoVM-PTX-JNI] ERROR : cuEventRecord -> Returned: 709
	[TornadoVM-PTX-JNI] ERROR : cuEventSynchronize -> Returned: 709
	[TornadoVM-PTX-JNI] ERROR : cuEventDestroy -> Returned: 709
	[TornadoVM-PTX-JNI] ERROR : cuEventDestroy -> Returned: 709
	[TornadoVM-PTX-JNI] ERROR : cuEventCreate (beforeEvent) -> Returned: 709
	[TornadoVM-PTX-JNI] ERROR : cuEventCreate (afterEvent) -> Returned: 709
	[TornadoVM-PTX-JNI] ERROR : cuEventRecord -> Returned: 709
	[TornadoVM-PTX-JNI] ERROR : cuMemcpyHtoDAsyncMemSeg -> Returned: 709
	[TornadoVM-PTX-JNI] ERROR : cuEventRecord -> Returned: 709
	[TornadoVM-PTX-JNI] ERROR : cuEventSynchronize -> Returned: 709
	[TornadoVM-PTX-JNI] ERROR : cuEventDestroy -> Returned: 709
	[TornadoVM-PTX-JNI] ERROR : cuEventDestroy -> Returned: 709
	[TornadoVM-PTX-JNI] ERROR : cuEventCreate (beforeEvent) -> Returned: 709
	[TornadoVM-PTX-JNI] ERROR : cuEventCreate (afterEvent) -> Returned: 709
	[TornadoVM-PTX-JNI] ERROR : cuEventRecord -> Returned: 709
	[TornadoVM-PTX-JNI] ERROR : cuMemcpyHtoDAsync -> Returned: 709
	[TornadoVM-PTX-JNI] ERROR : cuEventRecord -> Returned: 709
	[TornadoVM-PTX-JNI] ERROR : cuStreamSynchronize -> Returned: 709
	[TornadoVM-PTX-JNI] ERROR : cuEventSynchronize -> Returned: 709
	[TornadoVM-PTX-JNI] ERROR : cuEventDestroy -> Returned: 709
	[TornadoVM-PTX-JNI] ERROR : cuEventDestroy -> Returned: 709
	[TornadoVM-PTX-JNI] ERROR : cuModuleGetFunction -> Returned: 709
	[TornadoVM-PTX-JNI] ERROR : cuEventCreate (beforeEvent) -> Returned: 709
	[TornadoVM-PTX-JNI] ERROR : cuEventCreate (afterEvent) -> Returned: 709
	[TornadoVM-PTX-JNI] ERROR : cuEventRecord -> Returned: 709
	[TornadoVM-PTX-JNI] ERROR : cuLaunchKernel -> Returned: 709
	[TornadoVM-PTX-JNI] ERROR : cuEventRecord -> Returned: 709
	[TornadoVM-PTX-JNI] ERROR : cuEventSynchronize -> Returned: 709
	[TornadoVM-PTX-JNI] ERROR : cuEventDestroy -> Returned: 709
	[TornadoVM-PTX-JNI] ERROR : cuEventDestroy -> Returned: 709
	[TornadoVM-PTX-JNI] ERROR : cuMemAlloc -> Returned: 709
	[TornadoVM-PTX-JNI] ERROR : cuMemAlloc -> Returned: 709
	[TornadoVM-PTX-JNI] ERROR : cuEventCreate (beforeEvent) -> Returned: 709
	[TornadoVM-PTX-JNI] ERROR : cuEventCreate (afterEvent) -> Returned: 709
	[TornadoVM-PTX-JNI] ERROR : cuEventRecord -> Returned: 709
	[TornadoVM-PTX-JNI] ERROR : cuMemcpyHtoDAsyncMemSeg -> Returned: 709
	[TornadoVM-PTX-JNI] ERROR : cuEventRecord -> Returned: 709
	[TornadoVM-PTX-JNI] ERROR : cuEventSynchronize -> Returned: 709
	[TornadoVM-PTX-JNI] ERROR : cuEventDestroy -> Returned: 709
	[TornadoVM-PTX-JNI] ERROR : cuEventDestroy -> Returned: 709
	[TornadoVM-PTX-JNI] ERROR : cuEventCreate (beforeEvent) -> Returned: 709
	[TornadoVM-PTX-JNI] ERROR : cuEventCreate (afterEvent) -> Returned: 709
	[TornadoVM-PTX-JNI] ERROR : cuEventRecord -> Returned: 709
	[TornadoVM-PTX-JNI] ERROR : cuMemcpyHtoDAsyncMemSeg -> Returned: 709
	[TornadoVM-PTX-JNI] ERROR : cuEventRecord -> Returned: 709
	[TornadoVM-PTX-JNI] ERROR : cuEventSynchronize -> Returned: 709
	[TornadoVM-PTX-JNI] ERROR : cuEventDestroy -> Returned: 709
	[TornadoVM-PTX-JNI] ERROR : cuEventDestroy -> Returned: 709
	[TornadoVM-PTX-JNI] ERROR : cuEventCreate (beforeEvent) -> Returned: 709
	[TornadoVM-PTX-JNI] ERROR : cuEventCreate (afterEvent) -> Returned: 709
	[TornadoVM-PTX-JNI] ERROR : cuEventRecord -> Returned: 709
	[TornadoVM-PTX-JNI] ERROR : cuMemcpyHtoDAsync -> Returned: 709
	[TornadoVM-PTX-JNI] ERROR : cuEventRecord -> Returned: 709
	[TornadoVM-PTX-JNI] ERROR : cuStreamSynchronize -> Returned: 709
	[TornadoVM-PTX-JNI] ERROR : cuEventSynchronize -> Returned: 709
	[TornadoVM-PTX-JNI] ERROR : cuEventDestroy -> Returned: 709
	[TornadoVM-PTX-JNI] ERROR : cuEventDestroy -> Returned: 709
	[TornadoVM-PTX-JNI] ERROR : cuModuleGetFunction -> Returned: 709
	[TornadoVM-PTX-JNI] ERROR : cuEventCreate (beforeEvent) -> Returned: 709
	[TornadoVM-PTX-JNI] ERROR : cuEventCreate (afterEvent) -> Returned: 709
	[TornadoVM-PTX-JNI] ERROR : cuEventRecord -> Returned: 709
	[TornadoVM-PTX-JNI] ERROR : cuLaunchKernel -> Returned: 709
	[TornadoVM-PTX-JNI] ERROR : cuEventRecord -> Returned: 709
	[TornadoVM-PTX-JNI] ERROR : cuEventSynchronize -> Returned: 709
	[TornadoVM-PTX-JNI] ERROR : cuEventDestroy -> Returned: 709
	[TornadoVM-PTX-JNI] ERROR : cuEventDestroy -> Returned: 709
	[TornadoVM-PTX-JNI] ERROR : cuMemAlloc -> Returned: 709
	[TornadoVM-PTX-JNI] ERROR : cuEventCreate (beforeEvent) -> Returned: 709
	[TornadoVM-PTX-JNI] ERROR : cuEventCreate (afterEvent) -> Returned: 709
	[TornadoVM-PTX-JNI] ERROR : cuEventRecord -> Returned: 709
	[TornadoVM-PTX-JNI] ERROR : cuMemcpyHtoDAsync -> Returned: 709
	[TornadoVM-PTX-JNI] ERROR : cuEventRecord -> Returned: 709
	[TornadoVM-PTX-JNI] ERROR : cuStreamSynchronize -> Returned: 709
	[TornadoVM-PTX-JNI] ERROR : cuEventSynchronize -> Returned: 709
	[TornadoVM-PTX-JNI] ERROR : cuEventDestroy -> Returned: 709
	[TornadoVM-PTX-JNI] ERROR : cuEventDestroy -> Returned: 709
	[TornadoVM-PTX-JNI] ERROR : cuModuleGetFunction -> Returned: 400
	[TornadoVM-PTX-JNI] ERROR : cuEventCreate (beforeEvent) -> Returned: 709
	[TornadoVM-PTX-JNI] ERROR : cuEventCreate (afterEvent) -> Returned: 709
	[TornadoVM-PTX-JNI] ERROR : cuEventRecord -> Returned: 709
	[TornadoVM-PTX-JNI] ERROR : cuLaunchKernel -> Returned: 709
	[TornadoVM-PTX-JNI] ERROR : cuEventRecord -> Returned: 709
	[TornadoVM-PTX-JNI] ERROR : cuEventSynchronize -> Returned: 709
	[TornadoVM-PTX-JNI] ERROR : cuEventDestroy -> Returned: 709
	[TornadoVM-PTX-JNI] ERROR : cuEventDestroy -> Returned: 709
	[TornadoVM-PTX-JNI] ERROR : cuMemAlloc -> Returned: 709
	[TornadoVM-PTX-JNI] ERROR : cuMemAlloc -> Returned: 709
	[TornadoVM-PTX-JNI] ERROR : cuMemAlloc -> Returned: 709
	[TornadoVM-PTX-JNI] ERROR : cuMemAlloc -> Returned: 709
	[TornadoVM-PTX-JNI] ERROR : cuMemAlloc -> Returned: 709
	[TornadoVM-PTX-JNI] ERROR : cuMemAlloc -> Returned: 709
	[TornadoVM-PTX-JNI] ERROR : cuMemAlloc -> Returned: 709
	[TornadoVM-PTX-JNI] ERROR : cuMemAlloc -> Returned: 709
	[TornadoVM-PTX-JNI] ERROR : cuMemAlloc -> Returned: 709
	[TornadoVM-PTX-JNI] ERROR : cuMemAlloc -> Returned: 709
	[TornadoVM-PTX-JNI] ERROR : cuMemAlloc -> Returned: 709
	[TornadoVM-PTX-JNI] ERROR : cuMemAlloc -> Returned: 709
	[TornadoVM-PTX-JNI] ERROR : cuMemAlloc -> Returned: 709
	[TornadoVM-PTX-JNI] ERROR : cuMemAlloc -> Returned: 709
	[TornadoVM-PTX-JNI] ERROR : cuMemAlloc -> Returned: 709
	[TornadoVM-PTX-JNI] ERROR : cuMemAlloc -> Returned: 709
	[TornadoVM-PTX-JNI] ERROR : cuEventCreate (beforeEvent) -> Returned: 709
	[TornadoVM-PTX-JNI] ERROR : cuEventCreate (afterEvent) -> Returned: 709
	[TornadoVM-PTX-JNI] ERROR : cuEventRecord -> Returned: 709
	[TornadoVM-PTX-JNI] ERROR : cuMemcpyHtoDAsync -> Returned: 709
	[TornadoVM-PTX-JNI] ERROR : cuEventRecord -> Returned: 709
	[TornadoVM-PTX-JNI] ERROR : cuStreamSynchronize -> Returned: 709
	[TornadoVM-PTX-JNI] ERROR : cuEventSynchronize -> Returned: 709
	[TornadoVM-PTX-JNI] ERROR : cuEventDestroy -> Returned: 709
	[TornadoVM-PTX-JNI] ERROR : cuEventDestroy -> Returned: 709
	[TornadoVM-PTX-JNI] ERROR : cuModuleGetFunction -> Returned: 709
	[TornadoVM-PTX-JNI] ERROR : cuEventCreate (beforeEvent) -> Returned: 709
	[TornadoVM-PTX-JNI] ERROR : cuEventCreate (afterEvent) -> Returned: 709
	[TornadoVM-PTX-JNI] ERROR : cuEventRecord -> Returned: 709
	[TornadoVM-PTX-JNI] ERROR : cuLaunchKernel -> Returned: 709
	[TornadoVM-PTX-JNI] ERROR : cuEventRecord -> Returned: 709
	[TornadoVM-PTX-JNI] ERROR : cuEventSynchronize -> Returned: 709
	[TornadoVM-PTX-JNI] ERROR : cuEventDestroy -> Returned: 709
	[TornadoVM-PTX-JNI] ERROR : cuEventDestroy -> Returned: 709
	[TornadoVM-PTX-JNI] ERROR : cuMemAlloc -> Returned: 709
	[TornadoVM-PTX-JNI] ERROR : cuMemAlloc -> Returned: 709
	[TornadoVM-PTX-JNI] ERROR : cuEventCreate (beforeEvent) -> Returned: 709
	[TornadoVM-PTX-JNI] ERROR : cuEventCreate (afterEvent) -> Returned: 709
	[TornadoVM-PTX-JNI] ERROR : cuEventRecord -> Returned: 709
	[TornadoVM-PTX-JNI] ERROR : cuMemcpyHtoDAsyncMemSeg -> Returned: 709
	[TornadoVM-PTX-JNI] ERROR : cuEventRecord -> Returned: 709
	[TornadoVM-PTX-JNI] ERROR : cuEventSynchronize -> Returned: 709
	[TornadoVM-PTX-JNI] ERROR : cuEventDestroy -> Returned: 709
	[TornadoVM-PTX-JNI] ERROR : cuEventDestroy -> Returned: 709
	[TornadoVM-PTX-JNI] ERROR : cuEventCreate (beforeEvent) -> Returned: 709
	[TornadoVM-PTX-JNI] ERROR : cuEventCreate (afterEvent) -> Returned: 709
	[TornadoVM-PTX-JNI] ERROR : cuEventRecord -> Returned: 709
	[TornadoVM-PTX-JNI] ERROR : cuMemcpyHtoDAsyncMemSeg -> Returned: 709
	[TornadoVM-PTX-JNI] ERROR : cuEventRecord -> Returned: 709
	[TornadoVM-PTX-JNI] ERROR : cuEventSynchronize -> Returned: 709
	[TornadoVM-PTX-JNI] ERROR : cuEventDestroy -> Returned: 709
	[TornadoVM-PTX-JNI] ERROR : cuEventDestroy -> Returned: 709
	[TornadoVM-PTX-JNI] ERROR : cuEventCreate (beforeEvent) -> Returned: 709
	[TornadoVM-PTX-JNI] ERROR : cuEventCreate (afterEvent) -> Returned: 709
	[TornadoVM-PTX-JNI] ERROR : cuEventRecord -> Returned: 709
	[TornadoVM-PTX-JNI] ERROR : cuMemcpyHtoDAsync -> Returned: 709
	[TornadoVM-PTX-JNI] ERROR : cuEventRecord -> Returned: 709
	[TornadoVM-PTX-JNI] ERROR : cuStreamSynchronize -> Returned: 709
	[TornadoVM-PTX-JNI] ERROR : cuEventSynchronize -> Returned: 709
	[TornadoVM-PTX-JNI] ERROR : cuEventDestroy -> Returned: 709
	[TornadoVM-PTX-JNI] ERROR : cuEventDestroy -> Returned: 709
	[TornadoVM-PTX-JNI] ERROR : cuModuleGetFunction -> Returned: 400
	[TornadoVM-PTX-JNI] ERROR : cuEventCreate (beforeEvent) -> Returned: 709
	[TornadoVM-PTX-JNI] ERROR : cuEventCreate (afterEvent) -> Returned: 709
	[TornadoVM-PTX-JNI] ERROR : cuEventRecord -> Returned: 709
	[TornadoVM-PTX-JNI] ERROR : cuLaunchKernel -> Returned: 709
	[TornadoVM-PTX-JNI] ERROR : cuEventRecord -> Returned: 709
	[TornadoVM-PTX-JNI] ERROR : cuEventSynchronize -> Returned: 709
	[TornadoVM-PTX-JNI] ERROR : cuEventDestroy -> Returned: 709
	[TornadoVM-PTX-JNI] ERROR : cuEventDestroy -> Returned: 709
	[TornadoVM-PTX-JNI] ERROR : cuEventCreate (beforeEvent) -> Returned: 709
	[TornadoVM-PTX-JNI] ERROR : cuEventCreate (afterEvent) -> Returned: 709
	[TornadoVM-PTX-JNI] ERROR : cuEventRecord -> Returned: 709
	[TornadoVM-PTX-JNI] ERROR : cuMemcpyHtoDAsync -> Returned: 709
	[TornadoVM-PTX-JNI] ERROR : cuEventRecord -> Returned: 709
	[TornadoVM-PTX-JNI] ERROR : cuStreamSynchronize -> Returned: 709
	[TornadoVM-PTX-JNI] ERROR : cuEventSynchronize -> Returned: 709
	[TornadoVM-PTX-JNI] ERROR : cuEventDestroy -> Returned: 709
	[TornadoVM-PTX-JNI] ERROR : cuEventDestroy -> Returned: 709
	[TornadoVM-PTX-JNI] ERROR : cuModuleGetFunction -> Returned: 400
	[TornadoVM-PTX-JNI] ERROR : cuEventCreate (beforeEvent) -> Returned: 709
	[TornadoVM-PTX-JNI] ERROR : cuEventCreate (afterEvent) -> Returned: 709
	[TornadoVM-PTX-JNI] ERROR : cuEventRecord -> Returned: 709
	[TornadoVM-PTX-JNI] ERROR : cuLaunchKernel -> Returned: 709
	[TornadoVM-PTX-JNI] ERROR : cuEventRecord -> Returned: 709
	[TornadoVM-PTX-JNI] ERROR : cuEventSynchronize -> Returned: 709
	[TornadoVM-PTX-JNI] ERROR : cuEventDestroy -> Returned: 709
	[TornadoVM-PTX-JNI] ERROR : cuEventDestroy -> Returned: 709
	[TornadoVM-PTX-JNI] ERROR : cuMemAlloc -> Returned: 709
	[TornadoVM-PTX-JNI] ERROR : cuEventCreate (beforeEvent) -> Returned: 709
	[TornadoVM-PTX-JNI] ERROR : cuEventCreate (afterEvent) -> Returned: 709
	[TornadoVM-PTX-JNI] ERROR : cuEventRecord -> Returned: 709
	[TornadoVM-PTX-JNI] ERROR : cuMemcpyHtoDAsyncMemSeg -> Returned: 709
	[TornadoVM-PTX-JNI] ERROR : cuEventRecord -> Returned: 709
	[TornadoVM-PTX-JNI] ERROR : cuEventSynchronize -> Returned: 709
	[TornadoVM-PTX-JNI] ERROR : cuEventDestroy -> Returned: 709
	[TornadoVM-PTX-JNI] ERROR : cuEventDestroy -> Returned: 709
	[TornadoVM-PTX-JNI] ERROR : cuEventCreate (beforeEvent) -> Returned: 709
	[TornadoVM-PTX-JNI] ERROR : cuEventCreate (afterEvent) -> Returned: 709
	[TornadoVM-PTX-JNI] ERROR : cuEventRecord -> Returned: 709
	[TornadoVM-PTX-JNI] ERROR : cuMemcpyHtoDAsync -> Returned: 709
	[TornadoVM-PTX-JNI] ERROR : cuEventRecord -> Returned: 709
	[TornadoVM-PTX-JNI] ERROR : cuStreamSynchronize -> Returned: 709
	[TornadoVM-PTX-JNI] ERROR : cuEventSynchronize -> Returned: 709
	[TornadoVM-PTX-JNI] ERROR : cuEventDestroy -> Returned: 709
	[TornadoVM-PTX-JNI] ERROR : cuEventDestroy -> Returned: 709
	[TornadoVM-PTX-JNI] ERROR : cuModuleGetFunction -> Returned: 400
	[TornadoVM-PTX-JNI] ERROR : cuEventCreate (beforeEvent) -> Returned: 709
	[TornadoVM-PTX-JNI] ERROR : cuEventCreate (afterEvent) -> Returned: 709
	[TornadoVM-PTX-JNI] ERROR : cuEventRecord -> Returned: 709
	[TornadoVM-PTX-JNI] ERROR : cuLaunchKernel -> Returned: 709
	[TornadoVM-PTX-JNI] ERROR : cuEventRecord -> Returned: 709
	[TornadoVM-PTX-JNI] ERROR : cuEventSynchronize -> Returned: 709
	[TornadoVM-PTX-JNI] ERROR : cuEventDestroy -> Returned: 709
	[TornadoVM-PTX-JNI] ERROR : cuEventDestroy -> Returned: 709
	[TornadoVM-PTX-JNI] ERROR : cuEventCreate (beforeEvent) -> Returned: 709
	[TornadoVM-PTX-JNI] ERROR : cuEventCreate (afterEvent) -> Returned: 709
	[TornadoVM-PTX-JNI] ERROR : cuEventRecord -> Returned: 709
	[TornadoVM-PTX-JNI] ERROR : cuMemcpyHtoDAsync -> Returned: 709
	[TornadoVM-PTX-JNI] ERROR : cuEventRecord -> Returned: 709
	[TornadoVM-PTX-JNI] ERROR : cuStreamSynchronize -> Returned: 709
	[TornadoVM-PTX-JNI] ERROR : cuEventSynchronize -> Returned: 709
	[TornadoVM-PTX-JNI] ERROR : cuEventDestroy -> Returned: 709
	[TornadoVM-PTX-JNI] ERROR : cuEventDestroy -> Returned: 709
	[TornadoVM-PTX-JNI] ERROR : cuModuleGetFunction -> Returned: 400
	[TornadoVM-PTX-JNI] ERROR : cuEventCreate (beforeEvent) -> Returned: 709
	[TornadoVM-PTX-JNI] ERROR : cuEventCreate (afterEvent) -> Returned: 709
	[TornadoVM-PTX-JNI] ERROR : cuEventRecord -> Returned: 709
	[TornadoVM-PTX-JNI] ERROR : cuLaunchKernel -> Returned: 709
	[TornadoVM-PTX-JNI] ERROR : cuEventRecord -> Returned: 709
	[TornadoVM-PTX-JNI] ERROR : cuEventSynchronize -> Returned: 709
	[TornadoVM-PTX-JNI] ERROR : cuEventDestroy -> Returned: 709
	[TornadoVM-PTX-JNI] ERROR : cuEventDestroy -> Returned: 709
	[TornadoVM-PTX-JNI] ERROR : cuEventCreate (beforeEvent) -> Returned: 709
	[TornadoVM-PTX-JNI] ERROR : cuEventCreate (afterEvent) -> Returned: 709
	[TornadoVM-PTX-JNI] ERROR : cuEventRecord -> Returned: 709
	[TornadoVM-PTX-JNI] ERROR : cuMemcpyHtoDAsyncMemSeg -> Returned: 709
	[TornadoVM-PTX-JNI] ERROR : cuEventRecord -> Returned: 709
	[TornadoVM-PTX-JNI] ERROR : cuEventSynchronize -> Returned: 709
	[TornadoVM-PTX-JNI] ERROR : cuEventDestroy -> Returned: 709
	[TornadoVM-PTX-JNI] ERROR : cuEventDestroy -> Returned: 709
	[TornadoVM-PTX-JNI] ERROR : cuEventCreate (beforeEvent) -> Returned: 709
	[TornadoVM-PTX-JNI] ERROR : cuEventCreate (afterEvent) -> Returned: 709
	[TornadoVM-PTX-JNI] ERROR : cuEventRecord -> Returned: 709
	[TornadoVM-PTX-JNI] ERROR : cuMemcpyHtoDAsyncMemSeg -> Returned: 709
	[TornadoVM-PTX-JNI] ERROR : cuEventRecord -> Returned: 709
	[TornadoVM-PTX-JNI] ERROR : cuEventSynchronize -> Returned: 709
	[TornadoVM-PTX-JNI] ERROR : cuEventDestroy -> Returned: 709
	[TornadoVM-PTX-JNI] ERROR : cuEventDestroy -> Returned: 709
	[TornadoVM-PTX-JNI] ERROR : cuEventCreate (beforeEvent) -> Returned: 709
	[TornadoVM-PTX-JNI] ERROR : cuEventCreate (afterEvent) -> Returned: 709
	[TornadoVM-PTX-JNI] ERROR : cuEventRecord -> Returned: 709
	[TornadoVM-PTX-JNI] ERROR : cuMemcpyHtoDAsyncMemSeg -> Returned: 709
	[TornadoVM-PTX-JNI] ERROR : cuEventRecord -> Returned: 709
	[TornadoVM-PTX-JNI] ERROR : cuEventSynchronize -> Returned: 709
	[TornadoVM-PTX-JNI] ERROR : cuEventDestroy -> Returned: 709
	[TornadoVM-PTX-JNI] ERROR : cuEventDestroy -> Returned: 709
	[TornadoVM-PTX-JNI] ERROR : cuEventCreate (beforeEvent) -> Returned: 709
	[TornadoVM-PTX-JNI] ERROR : cuEventCreate (afterEvent) -> Returned: 709
	[TornadoVM-PTX-JNI] ERROR : cuEventRecord -> Returned: 709
	[TornadoVM-PTX-JNI] ERROR : cuMemcpyHtoDAsyncMemSeg -> Returned: 709
	[TornadoVM-PTX-JNI] ERROR : cuEventRecord -> Returned: 709
	[TornadoVM-PTX-JNI] ERROR : cuEventSynchronize -> Returned: 709
	[TornadoVM-PTX-JNI] ERROR : cuEventDestroy -> Returned: 709
	[TornadoVM-PTX-JNI] ERROR : cuEventDestroy -> Returned: 709
	[TornadoVM-PTX-JNI] ERROR : cuEventCreate (beforeEvent) -> Returned: 709
	[TornadoVM-PTX-JNI] ERROR : cuEventCreate (afterEvent) -> Returned: 709
	[TornadoVM-PTX-JNI] ERROR : cuEventRecord -> Returned: 709
	[TornadoVM-PTX-JNI] ERROR : cuMemcpyHtoDAsync -> Returned: 709
	[TornadoVM-PTX-JNI] ERROR : cuEventRecord -> Returned: 709
	[TornadoVM-PTX-JNI] ERROR : cuStreamSynchronize -> Returned: 709
	[TornadoVM-PTX-JNI] ERROR : cuEventSynchronize -> Returned: 709
	[TornadoVM-PTX-JNI] ERROR : cuEventDestroy -> Returned: 709
	[TornadoVM-PTX-JNI] ERROR : cuEventDestroy -> Returned: 709
	[TornadoVM-PTX-JNI] ERROR : cuModuleGetFunction -> Returned: 400
	[TornadoVM-PTX-JNI] ERROR : cuEventCreate (beforeEvent) -> Returned: 709
	[TornadoVM-PTX-JNI] ERROR : cuEventCreate (afterEvent) -> Returned: 709
	[TornadoVM-PTX-JNI] ERROR : cuEventRecord -> Returned: 709
	[TornadoVM-PTX-JNI] ERROR : cuLaunchKernel -> Returned: 709
	[TornadoVM-PTX-JNI] ERROR : cuEventRecord -> Returned: 709
	[TornadoVM-PTX-JNI] ERROR : cuEventSynchronize -> Returned: 709
	[TornadoVM-PTX-JNI] ERROR : cuEventDestroy -> Returned: 709
	[TornadoVM-PTX-JNI] ERROR : cuEventDestroy -> Returned: 709
	[TornadoVM-PTX-JNI] ERROR : cuEventCreate (beforeEvent) -> Returned: 709
	[TornadoVM-PTX-JNI] ERROR : cuEventCreate (afterEvent) -> Returned: 709
	[TornadoVM-PTX-JNI] ERROR : cuEventRecord -> Returned: 709
	[TornadoVM-PTX-JNI] ERROR : cuMemcpyHtoDAsyncMemSeg -> Returned: 709
	[TornadoVM-PTX-JNI] ERROR : cuEventRecord -> Returned: 709
	[TornadoVM-PTX-JNI] ERROR : cuEventSynchronize -> Returned: 709
	[TornadoVM-PTX-JNI] ERROR : cuEventDestroy -> Returned: 709
	[TornadoVM-PTX-JNI] ERROR : cuEventDestroy -> Returned: 709
	[TornadoVM-PTX-JNI] ERROR : cuEventCreate (beforeEvent) -> Returned: 709
	[TornadoVM-PTX-JNI] ERROR : cuEventCreate (afterEvent) -> Returned: 709
	[TornadoVM-PTX-JNI] ERROR : cuEventRecord -> Returned: 709
	[TornadoVM-PTX-JNI] ERROR : cuMemcpyHtoDAsync -> Returned: 709
	[TornadoVM-PTX-JNI] ERROR : cuEventRecord -> Returned: 709
	[TornadoVM-PTX-JNI] ERROR : cuStreamSynchronize -> Returned: 709
	[TornadoVM-PTX-JNI] ERROR : cuEventSynchronize -> Returned: 709
	[TornadoVM-PTX-JNI] ERROR : cuEventDestroy -> Returned: 709
	[TornadoVM-PTX-JNI] ERROR : cuEventDestroy -> Returned: 709
	[TornadoVM-PTX-JNI] ERROR : cuModuleGetFunction -> Returned: 400
	[TornadoVM-PTX-JNI] ERROR : cuEventCreate (beforeEvent) -> Returned: 709
	[TornadoVM-PTX-JNI] ERROR : cuEventCreate (afterEvent) -> Returned: 709
	[TornadoVM-PTX-JNI] ERROR : cuEventRecord -> Returned: 709
	[TornadoVM-PTX-JNI] ERROR : cuLaunchKernel -> Returned: 709
	[TornadoVM-PTX-JNI] ERROR : cuEventRecord -> Returned: 709
	[TornadoVM-PTX-JNI] ERROR : cuEventSynchronize -> Returned: 709
	[TornadoVM-PTX-JNI] ERROR : cuEventDestroy -> Returned: 709
	[TornadoVM-PTX-JNI] ERROR : cuEventDestroy -> Returned: 709
	[TornadoVM-PTX-JNI] ERROR : cuEventCreate (beforeEvent) -> Returned: 709
	[TornadoVM-PTX-JNI] ERROR : cuEventCreate (afterEvent) -> Returned: 709
	[TornadoVM-PTX-JNI] ERROR : cuEventRecord -> Returned: 709
	[TornadoVM-PTX-JNI] ERROR : cuMemcpyHtoDAsyncMemSeg -> Returned: 709
	[TornadoVM-PTX-JNI] ERROR : cuEventRecord -> Returned: 709
	[TornadoVM-PTX-JNI] ERROR : cuEventSynchronize -> Returned: 709
	[TornadoVM-PTX-JNI] ERROR : cuEventDestroy -> Returned: 709
	[TornadoVM-PTX-JNI] ERROR : cuEventDestroy -> Returned: 709
	[TornadoVM-PTX-JNI] ERROR : cuEventCreate (beforeEvent) -> Returned: 709
	[TornadoVM-PTX-JNI] ERROR : cuEventCreate (afterEvent) -> Returned: 709
	[TornadoVM-PTX-JNI] ERROR : cuEventRecord -> Returned: 709
	[TornadoVM-PTX-JNI] ERROR : cuMemcpyHtoDAsyncMemSeg -> Returned: 709
	[TornadoVM-PTX-JNI] ERROR : cuEventRecord -> Returned: 709
	[TornadoVM-PTX-JNI] ERROR : cuEventSynchronize -> Returned: 709
	[TornadoVM-PTX-JNI] ERROR : cuEventDestroy -> Returned: 709
	[TornadoVM-PTX-JNI] ERROR : cuEventDestroy -> Returned: 709
	[TornadoVM-PTX-JNI] ERROR : cuEventCreate (beforeEvent) -> Returned: 709
	[TornadoVM-PTX-JNI] ERROR : cuEventCreate (afterEvent) -> Returned: 709
	[TornadoVM-PTX-JNI] ERROR : cuEventRecord -> Returned: 709
	[TornadoVM-PTX-JNI] ERROR : cuMemcpyHtoDAsyncMemSeg -> Returned: 709
	[TornadoVM-PTX-JNI] ERROR : cuEventRecord -> Returned: 709
	[TornadoVM-PTX-JNI] ERROR : cuEventSynchronize -> Returned: 709
	[TornadoVM-PTX-JNI] ERROR : cuEventDestroy -> Returned: 709
	[TornadoVM-PTX-JNI] ERROR : cuEventDestroy -> Returned: 709
	[TornadoVM-PTX-JNI] ERROR : cuEventCreate (beforeEvent) -> Returned: 709
	[TornadoVM-PTX-JNI] ERROR : cuEventCreate (afterEvent) -> Returned: 709
	[TornadoVM-PTX-JNI] ERROR : cuEventRecord -> Returned: 709
	[TornadoVM-PTX-JNI] ERROR : cuMemcpyHtoDAsyncMemSeg -> Returned: 709
	[TornadoVM-PTX-JNI] ERROR : cuEventRecord -> Returned: 709
	[TornadoVM-PTX-JNI] ERROR : cuEventSynchronize -> Returned: 709
	[TornadoVM-PTX-JNI] ERROR : cuEventDestroy -> Returned: 709
	[TornadoVM-PTX-JNI] ERROR : cuEventDestroy -> Returned: 709
	[TornadoVM-PTX-JNI] ERROR : cuEventCreate (beforeEvent) -> Returned: 709
	[TornadoVM-PTX-JNI] ERROR : cuEventCreate (afterEvent) -> Returned: 709
	[TornadoVM-PTX-JNI] ERROR : cuEventRecord -> Returned: 709
	[TornadoVM-PTX-JNI] ERROR : cuMemcpyHtoDAsyncMemSeg -> Returned: 709
	[TornadoVM-PTX-JNI] ERROR : cuEventRecord -> Returned: 709
	[TornadoVM-PTX-JNI] ERROR : cuEventSynchronize -> Returned: 709
	[TornadoVM-PTX-JNI] ERROR : cuEventDestroy -> Returned: 709
	[TornadoVM-PTX-JNI] ERROR : cuEventDestroy -> Returned: 709
	[TornadoVM-PTX-JNI] ERROR : cuEventCreate (beforeEvent) -> Returned: 709
	[TornadoVM-PTX-JNI] ERROR : cuEventCreate (afterEvent) -> Returned: 709
	[TornadoVM-PTX-JNI] ERROR : cuEventRecord -> Returned: 709
	[TornadoVM-PTX-JNI] ERROR : cuMemcpyHtoDAsyncMemSeg -> Returned: 709
	[TornadoVM-PTX-JNI] ERROR : cuEventRecord -> Returned: 709
	[TornadoVM-PTX-JNI] ERROR : cuEventSynchronize -> Returned: 709
	[TornadoVM-PTX-JNI] ERROR : cuEventDestroy -> Returned: 709
	[TornadoVM-PTX-JNI] ERROR : cuEventDestroy -> Returned: 709
	[TornadoVM-PTX-JNI] ERROR : cuEventCreate (beforeEvent) -> Returned: 709
	[TornadoVM-PTX-JNI] ERROR : cuEventCreate (afterEvent) -> Returned: 709
	[TornadoVM-PTX-JNI] ERROR : cuEventRecord -> Returned: 709
	[TornadoVM-PTX-JNI] ERROR : cuMemcpyHtoDAsyncMemSeg -> Returned: 709
	[TornadoVM-PTX-JNI] ERROR : cuEventRecord -> Returned: 709
	[TornadoVM-PTX-JNI] ERROR : cuEventSynchronize -> Returned: 709
	[TornadoVM-PTX-JNI] ERROR : cuEventDestroy -> Returned: 709
	[TornadoVM-PTX-JNI] ERROR : cuEventDestroy -> Returned: 709
	[TornadoVM-PTX-JNI] ERROR : cuEventCreate (beforeEvent) -> Returned: 709
	[TornadoVM-PTX-JNI] ERROR : cuEventCreate (afterEvent) -> Returned: 709
	[TornadoVM-PTX-JNI] ERROR : cuEventRecord -> Returned: 709
	[TornadoVM-PTX-JNI] ERROR : cuMemcpyHtoDAsyncMemSeg -> Returned: 709
	[TornadoVM-PTX-JNI] ERROR : cuEventRecord -> Returned: 709
	[TornadoVM-PTX-JNI] ERROR : cuEventSynchronize -> Returned: 709
	[TornadoVM-PTX-JNI] ERROR : cuEventDestroy -> Returned: 709
	[TornadoVM-PTX-JNI] ERROR : cuEventDestroy -> Returned: 709
	[TornadoVM-PTX-JNI] ERROR : cuEventCreate (beforeEvent) -> Returned: 709
	[TornadoVM-PTX-JNI] ERROR : cuEventCreate (afterEvent) -> Returned: 709
	[TornadoVM-PTX-JNI] ERROR : cuEventRecord -> Returned: 709
	[TornadoVM-PTX-JNI] ERROR : cuMemcpyHtoDAsyncMemSeg -> Returned: 709
	[TornadoVM-PTX-JNI] ERROR : cuEventRecord -> Returned: 709
	[TornadoVM-PTX-JNI] ERROR : cuEventSynchronize -> Returned: 709
	[TornadoVM-PTX-JNI] ERROR : cuEventDestroy -> Returned: 709
	[TornadoVM-PTX-JNI] ERROR : cuEventDestroy -> Returned: 709
	[TornadoVM-PTX-JNI] ERROR : cuEventCreate (beforeEvent) -> Returned: 709
	[TornadoVM-PTX-JNI] ERROR : cuEventCreate (afterEvent) -> Returned: 709
	[TornadoVM-PTX-JNI] ERROR : cuEventRecord -> Returned: 709
	[TornadoVM-PTX-JNI] ERROR : cuMemcpyHtoDAsync -> Returned: 709
	[TornadoVM-PTX-JNI] ERROR : cuEventRecord -> Returned: 709
	[TornadoVM-PTX-JNI] ERROR : cuStreamSynchronize -> Returned: 709
	[TornadoVM-PTX-JNI] ERROR : cuEventSynchronize -> Returned: 709
	[TornadoVM-PTX-JNI] ERROR : cuEventDestroy -> Returned: 709
	[TornadoVM-PTX-JNI] ERROR : cuEventDestroy -> Returned: 709
	[TornadoVM-PTX-JNI] ERROR : cuModuleGetFunction -> Returned: 400
	[TornadoVM-PTX-JNI] ERROR : cuEventCreate (beforeEvent) -> Returned: 709
	[TornadoVM-PTX-JNI] ERROR : cuEventCreate (afterEvent) -> Returned: 709
	[TornadoVM-PTX-JNI] ERROR : cuEventRecord -> Returned: 709
	[TornadoVM-PTX-JNI] ERROR : cuLaunchKernel -> Returned: 709
	[TornadoVM-PTX-JNI] ERROR : cuEventRecord -> Returned: 709
	[TornadoVM-PTX-JNI] ERROR : cuEventSynchronize -> Returned: 709
	[TornadoVM-PTX-JNI] ERROR : cuEventDestroy -> Returned: 709
	[TornadoVM-PTX-JNI] ERROR : cuEventDestroy -> Returned: 709
	[TornadoVM-PTX-JNI] ERROR : cuEventCreate (beforeEvent) -> Returned: 709
	[TornadoVM-PTX-JNI] ERROR : cuEventCreate (afterEvent) -> Returned: 709
	[TornadoVM-PTX-JNI] ERROR : cuEventRecord -> Returned: 709
	[TornadoVM-PTX-JNI] ERROR : cuMemcpyHtoDAsyncMemSeg -> Returned: 709
	[TornadoVM-PTX-JNI] ERROR : cuEventRecord -> Returned: 709
	[TornadoVM-PTX-JNI] ERROR : cuEventSynchronize -> Returned: 709
	[TornadoVM-PTX-JNI] ERROR : cuEventDestroy -> Returned: 709
	[TornadoVM-PTX-JNI] ERROR : cuEventDestroy -> Returned: 709
	[TornadoVM-PTX-JNI] ERROR : cuEventCreate (beforeEvent) -> Returned: 709
	[TornadoVM-PTX-JNI] ERROR : cuEventCreate (afterEvent) -> Returned: 709
	[TornadoVM-PTX-JNI] ERROR : cuEventRecord -> Returned: 709
	[TornadoVM-PTX-JNI] ERROR : cuMemcpyHtoDAsyncMemSeg -> Returned: 709
	[TornadoVM-PTX-JNI] ERROR : cuEventRecord -> Returned: 709
	[TornadoVM-PTX-JNI] ERROR : cuEventSynchronize -> Returned: 709
	[TornadoVM-PTX-JNI] ERROR : cuEventDestroy -> Returned: 709
	[TornadoVM-PTX-JNI] ERROR : cuEventDestroy -> Returned: 709
	[TornadoVM-PTX-JNI] ERROR : cuEventCreate (beforeEvent) -> Returned: 709
	[TornadoVM-PTX-JNI] ERROR : cuEventCreate (afterEvent) -> Returned: 709
	[TornadoVM-PTX-JNI] ERROR : cuEventRecord -> Returned: 709
	[TornadoVM-PTX-JNI] ERROR : cuMemcpyHtoDAsyncMemSeg -> Returned: 709
	[TornadoVM-PTX-JNI] ERROR : cuEventRecord -> Returned: 709
	[TornadoVM-PTX-JNI] ERROR : cuEventSynchronize -> Returned: 709
	[TornadoVM-PTX-JNI] ERROR : cuEventDestroy -> Returned: 709
	[TornadoVM-PTX-JNI] ERROR : cuEventDestroy -> Returned: 709
	[TornadoVM-PTX-JNI] ERROR : cuEventCreate (beforeEvent) -> Returned: 709
	[TornadoVM-PTX-JNI] ERROR : cuEventCreate (afterEvent) -> Returned: 709
	[TornadoVM-PTX-JNI] ERROR : cuEventRecord -> Returned: 709
	[TornadoVM-PTX-JNI] ERROR : cuMemcpyHtoDAsyncMemSeg -> Returned: 709
	[TornadoVM-PTX-JNI] ERROR : cuEventRecord -> Returned: 709
	[TornadoVM-PTX-JNI] ERROR : cuEventSynchronize -> Returned: 709
	[TornadoVM-PTX-JNI] ERROR : cuEventDestroy -> Returned: 709
	[TornadoVM-PTX-JNI] ERROR : cuEventDestroy -> Returned: 709
	[TornadoVM-PTX-JNI] ERROR : cuEventCreate (beforeEvent) -> Returned: 709
	[TornadoVM-PTX-JNI] ERROR : cuEventCreate (afterEvent) -> Returned: 709
	[TornadoVM-PTX-JNI] ERROR : cuEventRecord -> Returned: 709
	[TornadoVM-PTX-JNI] ERROR : cuMemcpyHtoDAsyncMemSeg -> Returned: 709
	[TornadoVM-PTX-JNI] ERROR : cuEventRecord -> Returned: 709
	[TornadoVM-PTX-JNI] ERROR : cuEventSynchronize -> Returned: 709
	[TornadoVM-PTX-JNI] ERROR : cuEventDestroy -> Returned: 709
	[TornadoVM-PTX-JNI] ERROR : cuEventDestroy -> Returned: 709
	[TornadoVM-PTX-JNI] ERROR : cuEventCreate (beforeEvent) -> Returned: 709
	[TornadoVM-PTX-JNI] ERROR : cuEventCreate (afterEvent) -> Returned: 709
	[TornadoVM-PTX-JNI] ERROR : cuEventRecord -> Returned: 709
	[TornadoVM-PTX-JNI] ERROR : cuMemcpyHtoDAsyncMemSeg -> Returned: 709
	[TornadoVM-PTX-JNI] ERROR : cuEventRecord -> Returned: 709
	[TornadoVM-PTX-JNI] ERROR : cuEventSynchronize -> Returned: 709
	[TornadoVM-PTX-JNI] ERROR : cuEventDestroy -> Returned: 709
	[TornadoVM-PTX-JNI] ERROR : cuEventDestroy -> Returned: 709
	[TornadoVM-PTX-JNI] ERROR : cuEventCreate (beforeEvent) -> Returned: 709
	[TornadoVM-PTX-JNI] ERROR : cuEventCreate (afterEvent) -> Returned: 709
	[TornadoVM-PTX-JNI] ERROR : cuEventRecord -> Returned: 709
	[TornadoVM-PTX-JNI] ERROR : cuMemcpyHtoDAsyncMemSeg -> Returned: 709
	[TornadoVM-PTX-JNI] ERROR : cuEventRecord -> Returned: 709
	[TornadoVM-PTX-JNI] ERROR : cuEventSynchronize -> Returned: 709
	[TornadoVM-PTX-JNI] ERROR : cuEventDestroy -> Returned: 709
	[TornadoVM-PTX-JNI] ERROR : cuEventDestroy -> Returned: 709
	[TornadoVM-PTX-JNI] ERROR : cuEventCreate (beforeEvent) -> Returned: 709
	[TornadoVM-PTX-JNI] ERROR : cuEventCreate (afterEvent) -> Returned: 709
	[TornadoVM-PTX-JNI] ERROR : cuEventRecord -> Returned: 709
	[TornadoVM-PTX-JNI] ERROR : cuMemcpyHtoDAsync -> Returned: 709
	[TornadoVM-PTX-JNI] ERROR : cuEventRecord -> Returned: 709
	[TornadoVM-PTX-JNI] ERROR : cuStreamSynchronize -> Returned: 709
	[TornadoVM-PTX-JNI] ERROR : cuEventSynchronize -> Returned: 709
	[TornadoVM-PTX-JNI] ERROR : cuEventDestroy -> Returned: 709
	[TornadoVM-PTX-JNI] ERROR : cuEventDestroy -> Returned: 709
	[TornadoVM-PTX-JNI] ERROR : cuModuleGetFunction -> Returned: 400
	[TornadoVM-PTX-JNI] ERROR : cuEventCreate (beforeEvent) -> Returned: 709
	[TornadoVM-PTX-JNI] ERROR : cuEventCreate (afterEvent) -> Returned: 709
	[TornadoVM-PTX-JNI] ERROR : cuEventRecord -> Returned: 709
	[TornadoVM-PTX-JNI] ERROR : cuLaunchKernel -> Returned: 709
	[TornadoVM-PTX-JNI] ERROR : cuEventRecord -> Returned: 709
	[TornadoVM-PTX-JNI] ERROR : cuEventSynchronize -> Returned: 709
	[TornadoVM-PTX-JNI] ERROR : cuEventDestroy -> Returned: 709
	[TornadoVM-PTX-JNI] ERROR : cuEventDestroy -> Returned: 709
	[TornadoVM-PTX-JNI] ERROR : cuEventCreate (beforeEvent) -> Returned: 709
	[TornadoVM-PTX-JNI] ERROR : cuEventCreate (afterEvent) -> Returned: 709
	[TornadoVM-PTX-JNI] ERROR : cuEventRecord -> Returned: 709
	[TornadoVM-PTX-JNI] ERROR : cuMemcpyHtoDAsyncMemSeg -> Returned: 709
	[TornadoVM-PTX-JNI] ERROR : cuEventRecord -> Returned: 709
	[TornadoVM-PTX-JNI] ERROR : cuEventSynchronize -> Returned: 709
	[TornadoVM-PTX-JNI] ERROR : cuEventDestroy -> Returned: 709
	[TornadoVM-PTX-JNI] ERROR : cuEventDestroy -> Returned: 709
	[TornadoVM-PTX-JNI] ERROR : cuEventCreate (beforeEvent) -> Returned: 709
	[TornadoVM-PTX-JNI] ERROR : cuEventCreate (afterEvent) -> Returned: 709
	[TornadoVM-PTX-JNI] ERROR : cuEventRecord -> Returned: 709
	[TornadoVM-PTX-JNI] ERROR : cuMemcpyHtoDAsyncMemSeg -> Returned: 709
	[TornadoVM-PTX-JNI] ERROR : cuEventRecord -> Returned: 709
	[TornadoVM-PTX-JNI] ERROR : cuEventSynchronize -> Returned: 709
	[TornadoVM-PTX-JNI] ERROR : cuEventDestroy -> Returned: 709
	[TornadoVM-PTX-JNI] ERROR : cuEventDestroy -> Returned: 709
	[TornadoVM-PTX-JNI] ERROR : cuEventCreate (beforeEvent) -> Returned: 709
	[TornadoVM-PTX-JNI] ERROR : cuEventCreate (afterEvent) -> Returned: 709
	[TornadoVM-PTX-JNI] ERROR : cuEventRecord -> Returned: 709
	[TornadoVM-PTX-JNI] ERROR : cuMemcpyHtoDAsyncMemSeg -> Returned: 709
	[TornadoVM-PTX-JNI] ERROR : cuEventRecord -> Returned: 709
	[TornadoVM-PTX-JNI] ERROR : cuEventSynchronize -> Returned: 709
	[TornadoVM-PTX-JNI] ERROR : cuEventDestroy -> Returned: 709
	[TornadoVM-PTX-JNI] ERROR : cuEventDestroy -> Returned: 709
	[TornadoVM-PTX-JNI] ERROR : cuEventCreate (beforeEvent) -> Returned: 709
	[TornadoVM-PTX-JNI] ERROR : cuEventCreate (afterEvent) -> Returned: 709
	[TornadoVM-PTX-JNI] ERROR : cuEventRecord -> Returned: 709
	[TornadoVM-PTX-JNI] ERROR : cuMemcpyHtoDAsync -> Returned: 709
	[TornadoVM-PTX-JNI] ERROR : cuEventRecord -> Returned: 709
	[TornadoVM-PTX-JNI] ERROR : cuStreamSynchronize -> Returned: 709
	[TornadoVM-PTX-JNI] ERROR : cuEventSynchronize -> Returned: 709
	[TornadoVM-PTX-JNI] ERROR : cuEventDestroy -> Returned: 709
	[TornadoVM-PTX-JNI] ERROR : cuEventDestroy -> Returned: 709
	[TornadoVM-PTX-JNI] ERROR : cuModuleGetFunction -> Returned: 400
	[TornadoVM-PTX-JNI] ERROR : cuEventCreate (beforeEvent) -> Returned: 709
	[TornadoVM-PTX-JNI] ERROR : cuEventCreate (afterEvent) -> Returned: 709
	[TornadoVM-PTX-JNI] ERROR : cuEventRecord -> Returned: 709
	[TornadoVM-PTX-JNI] ERROR : cuLaunchKernel -> Returned: 709
	[TornadoVM-PTX-JNI] ERROR : cuEventRecord -> Returned: 709
	[TornadoVM-PTX-JNI] ERROR : cuEventSynchronize -> Returned: 709
	[TornadoVM-PTX-JNI] ERROR : cuEventDestroy -> Returned: 709
	[TornadoVM-PTX-JNI] ERROR : cuEventDestroy -> Returned: 709
	[TornadoVM-PTX-JNI] ERROR : cuEventCreate (beforeEvent) -> Returned: 709
	[TornadoVM-PTX-JNI] ERROR : cuEventCreate (afterEvent) -> Returned: 709
	[TornadoVM-PTX-JNI] ERROR : cuEventRecord -> Returned: 709
	[TornadoVM-PTX-JNI] ERROR : cuMemcpyHtoDAsyncMemSeg -> Returned: 709
	[TornadoVM-PTX-JNI] ERROR : cuEventRecord -> Returned: 709
	[TornadoVM-PTX-JNI] ERROR : cuEventSynchronize -> Returned: 709
	[TornadoVM-PTX-JNI] ERROR : cuEventDestroy -> Returned: 709
	[TornadoVM-PTX-JNI] ERROR : cuEventDestroy -> Returned: 709
	[TornadoVM-PTX-JNI] ERROR : cuEventCreate (beforeEvent) -> Returned: 709
	[TornadoVM-PTX-JNI] ERROR : cuEventCreate (afterEvent) -> Returned: 709
	[TornadoVM-PTX-JNI] ERROR : cuEventRecord -> Returned: 709
	[TornadoVM-PTX-JNI] ERROR : cuMemcpyHtoDAsyncMemSeg -> Returned: 709
	[TornadoVM-PTX-JNI] ERROR : cuEventRecord -> Returned: 709
	[TornadoVM-PTX-JNI] ERROR : cuEventSynchronize -> Returned: 709
	[TornadoVM-PTX-JNI] ERROR : cuEventDestroy -> Returned: 709
	[TornadoVM-PTX-JNI] ERROR : cuEventDestroy -> Returned: 709
	[TornadoVM-PTX-JNI] ERROR : cuEventCreate (beforeEvent) -> Returned: 709
	[TornadoVM-PTX-JNI] ERROR : cuEventCreate (afterEvent) -> Returned: 709
	[TornadoVM-PTX-JNI] ERROR : cuEventRecord -> Returned: 709
	[TornadoVM-PTX-JNI] ERROR : cuMemcpyHtoDAsyncMemSeg -> Returned: 709
	[TornadoVM-PTX-JNI] ERROR : cuEventRecord -> Returned: 709
	[TornadoVM-PTX-JNI] ERROR : cuEventSynchronize -> Returned: 709
	[TornadoVM-PTX-JNI] ERROR : cuEventDestroy -> Returned: 709
	[TornadoVM-PTX-JNI] ERROR : cuEventDestroy -> Returned: 709
	[TornadoVM-PTX-JNI] ERROR : cuEventCreate (beforeEvent) -> Returned: 709
	[TornadoVM-PTX-JNI] ERROR : cuEventCreate (afterEvent) -> Returned: 709
	[TornadoVM-PTX-JNI] ERROR : cuEventRecord -> Returned: 709
	[TornadoVM-PTX-JNI] ERROR : cuMemcpyHtoDAsync -> Returned: 709
	[TornadoVM-PTX-JNI] ERROR : cuEventRecord -> Returned: 709
	[TornadoVM-PTX-JNI] ERROR : cuStreamSynchronize -> Returned: 709
	[TornadoVM-PTX-JNI] ERROR : cuEventSynchronize -> Returned: 709
	[TornadoVM-PTX-JNI] ERROR : cuEventDestroy -> Returned: 709
	[TornadoVM-PTX-JNI] ERROR : cuEventDestroy -> Returned: 709
	[TornadoVM-PTX-JNI] ERROR : cuModuleGetFunction -> Returned: 400
	[TornadoVM-PTX-JNI] ERROR : cuEventCreate (beforeEvent) -> Returned: 709
	[TornadoVM-PTX-JNI] ERROR : cuEventCreate (afterEvent) -> Returned: 709
	[TornadoVM-PTX-JNI] ERROR : cuEventRecord -> Returned: 709
	[TornadoVM-PTX-JNI] ERROR : cuLaunchKernel -> Returned: 709
	[TornadoVM-PTX-JNI] ERROR : cuEventRecord -> Returned: 709
	[TornadoVM-PTX-JNI] ERROR : cuEventSynchronize -> Returned: 709
	[TornadoVM-PTX-JNI] ERROR : cuEventDestroy -> Returned: 709
	[TornadoVM-PTX-JNI] ERROR : cuEventDestroy -> Returned: 709
	[TornadoVM-PTX-JNI] ERROR : cuEventCreate (beforeEvent) -> Returned: 709
	[TornadoVM-PTX-JNI] ERROR : cuEventCreate (afterEvent) -> Returned: 709
	[TornadoVM-PTX-JNI] ERROR : cuEventRecord -> Returned: 709
	[TornadoVM-PTX-JNI] ERROR : cuMemcpyHtoDAsyncMemSeg -> Returned: 709
	[TornadoVM-PTX-JNI] ERROR : cuEventRecord -> Returned: 709
	[TornadoVM-PTX-JNI] ERROR : cuEventSynchronize -> Returned: 709
	[TornadoVM-PTX-JNI] ERROR : cuEventDestroy -> Returned: 709
	[TornadoVM-PTX-JNI] ERROR : cuEventDestroy -> Returned: 709
	[TornadoVM-PTX-JNI] ERROR : cuEventCreate (beforeEvent) -> Returned: 709
	[TornadoVM-PTX-JNI] ERROR : cuEventCreate (afterEvent) -> Returned: 709
	[TornadoVM-PTX-JNI] ERROR : cuEventRecord -> Returned: 709
	[TornadoVM-PTX-JNI] ERROR : cuMemcpyHtoDAsyncMemSeg -> Returned: 709
	[TornadoVM-PTX-JNI] ERROR : cuEventRecord -> Returned: 709
	[TornadoVM-PTX-JNI] ERROR : cuEventSynchronize -> Returned: 709
	[TornadoVM-PTX-JNI] ERROR : cuEventDestroy -> Returned: 709
	[TornadoVM-PTX-JNI] ERROR : cuEventDestroy -> Returned: 709
	[TornadoVM-PTX-JNI] ERROR : cuEventCreate (beforeEvent) -> Returned: 709
	[TornadoVM-PTX-JNI] ERROR : cuEventCreate (afterEvent) -> Returned: 709
	[TornadoVM-PTX-JNI] ERROR : cuEventRecord -> Returned: 709
	[TornadoVM-PTX-JNI] ERROR : cuMemcpyHtoDAsync -> Returned: 709
	[TornadoVM-PTX-JNI] ERROR : cuEventRecord -> Returned: 709
	[TornadoVM-PTX-JNI] ERROR : cuStreamSynchronize -> Returned: 709
	[TornadoVM-PTX-JNI] ERROR : cuEventSynchronize -> Returned: 709
	[TornadoVM-PTX-JNI] ERROR : cuEventDestroy -> Returned: 709
	[TornadoVM-PTX-JNI] ERROR : cuEventDestroy -> Returned: 709
	[TornadoVM-PTX-JNI] ERROR : cuModuleGetFunction -> Returned: 400
	[TornadoVM-PTX-JNI] ERROR : cuEventCreate (beforeEvent) -> Returned: 709
	[TornadoVM-PTX-JNI] ERROR : cuEventCreate (afterEvent) -> Returned: 709
	[TornadoVM-PTX-JNI] ERROR : cuEventRecord -> Returned: 709
	[TornadoVM-PTX-JNI] ERROR : cuLaunchKernel -> Returned: 709
	[TornadoVM-PTX-JNI] ERROR : cuEventRecord -> Returned: 709
	[TornadoVM-PTX-JNI] ERROR : cuEventSynchronize -> Returned: 709
	[TornadoVM-PTX-JNI] ERROR : cuEventDestroy -> Returned: 709
	[TornadoVM-PTX-JNI] ERROR : cuEventDestroy -> Returned: 709
	[TornadoVM-PTX-JNI] ERROR : cuEventCreate (beforeEvent) -> Returned: 709
	[TornadoVM-PTX-JNI] ERROR : cuEventCreate (afterEvent) -> Returned: 709
	[TornadoVM-PTX-JNI] ERROR : cuEventRecord -> Returned: 709
	[TornadoVM-PTX-JNI] ERROR : cuMemcpyHtoDAsyncMemSeg -> Returned: 709
	[TornadoVM-PTX-JNI] ERROR : cuEventRecord -> Returned: 709
	[TornadoVM-PTX-JNI] ERROR : cuEventSynchronize -> Returned: 709
	[TornadoVM-PTX-JNI] ERROR : cuEventDestroy -> Returned: 709
	[TornadoVM-PTX-JNI] ERROR : cuEventDestroy -> Returned: 709
	[TornadoVM-PTX-JNI] ERROR : cuEventCreate (beforeEvent) -> Returned: 709
	[TornadoVM-PTX-JNI] ERROR : cuEventCreate (afterEvent) -> Returned: 709
	[TornadoVM-PTX-JNI] ERROR : cuEventRecord -> Returned: 709
	[TornadoVM-PTX-JNI] ERROR : cuMemcpyHtoDAsyncMemSeg -> Returned: 709
	[TornadoVM-PTX-JNI] ERROR : cuEventRecord -> Returned: 709
	[TornadoVM-PTX-JNI] ERROR : cuEventSynchronize -> Returned: 709
	[TornadoVM-PTX-JNI] ERROR : cuEventDestroy -> Returned: 709
	[TornadoVM-PTX-JNI] ERROR : cuEventDestroy -> Returned: 709
	[TornadoVM-PTX-JNI] ERROR : cuEventCreate (beforeEvent) -> Returned: 709
	[TornadoVM-PTX-JNI] ERROR : cuEventCreate (afterEvent) -> Returned: 709
	[TornadoVM-PTX-JNI] ERROR : cuEventRecord -> Returned: 709
	[TornadoVM-PTX-JNI] ERROR : cuMemcpyHtoDAsyncMemSeg -> Returned: 709
	[TornadoVM-PTX-JNI] ERROR : cuEventRecord -> Returned: 709
	[TornadoVM-PTX-JNI] ERROR : cuEventSynchronize -> Returned: 709
	[TornadoVM-PTX-JNI] ERROR : cuEventDestroy -> Returned: 709
	[TornadoVM-PTX-JNI] ERROR : cuEventDestroy -> Returned: 709
	[TornadoVM-PTX-JNI] ERROR : cuEventCreate (beforeEvent) -> Returned: 709
	[TornadoVM-PTX-JNI] ERROR : cuEventCreate (afterEvent) -> Returned: 709
	[TornadoVM-PTX-JNI] ERROR : cuEventRecord -> Returned: 709
	[TornadoVM-PTX-JNI] ERROR : cuMemcpyHtoDAsyncMemSeg -> Returned: 709
	[TornadoVM-PTX-JNI] ERROR : cuEventRecord -> Returned: 709
	[TornadoVM-PTX-JNI] ERROR : cuEventSynchronize -> Returned: 709
	[TornadoVM-PTX-JNI] ERROR : cuEventDestroy -> Returned: 709
	[TornadoVM-PTX-JNI] ERROR : cuEventDestroy -> Returned: 709
	[TornadoVM-PTX-JNI] ERROR : cuEventCreate (beforeEvent) -> Returned: 709
	[TornadoVM-PTX-JNI] ERROR : cuEventCreate (afterEvent) -> Returned: 709
	[TornadoVM-PTX-JNI] ERROR : cuEventRecord -> Returned: 709
	[TornadoVM-PTX-JNI] ERROR : cuMemcpyHtoDAsyncMemSeg -> Returned: 709
	[TornadoVM-PTX-JNI] ERROR : cuEventRecord -> Returned: 709
	[TornadoVM-PTX-JNI] ERROR : cuEventSynchronize -> Returned: 709
	[TornadoVM-PTX-JNI] ERROR : cuEventDestroy -> Returned: 709
	[TornadoVM-PTX-JNI] ERROR : cuEventDestroy -> Returned: 709
	[TornadoVM-PTX-JNI] ERROR : cuEventCreate (beforeEvent) -> Returned: 709
	[TornadoVM-PTX-JNI] ERROR : cuEventCreate (afterEvent) -> Returned: 709
	[TornadoVM-PTX-JNI] ERROR : cuEventRecord -> Returned: 709
	[TornadoVM-PTX-JNI] ERROR : cuMemcpyHtoDAsyncMemSeg -> Returned: 709
	[TornadoVM-PTX-JNI] ERROR : cuEventRecord -> Returned: 709
	[TornadoVM-PTX-JNI] ERROR : cuEventSynchronize -> Returned: 709
	[TornadoVM-PTX-JNI] ERROR : cuEventDestroy -> Returned: 709
	[TornadoVM-PTX-JNI] ERROR : cuEventDestroy -> Returned: 709
	[TornadoVM-PTX-JNI] ERROR : cuEventCreate (beforeEvent) -> Returned: 709
	[TornadoVM-PTX-JNI] ERROR : cuEventCreate (afterEvent) -> Returned: 709
	[TornadoVM-PTX-JNI] ERROR : cuEventRecord -> Returned: 709
	[TornadoVM-PTX-JNI] ERROR : cuMemcpyHtoDAsyncMemSeg -> Returned: 709
	[TornadoVM-PTX-JNI] ERROR : cuEventRecord -> Returned: 709
	[TornadoVM-PTX-JNI] ERROR : cuEventSynchronize -> Returned: 709
	[TornadoVM-PTX-JNI] ERROR : cuEventDestroy -> Returned: 709
	[TornadoVM-PTX-JNI] ERROR : cuEventDestroy -> Returned: 709
	[TornadoVM-PTX-JNI] ERROR : cuEventCreate (beforeEvent) -> Returned: 709
	[TornadoVM-PTX-JNI] ERROR : cuEventCreate (afterEvent) -> Returned: 709
	[TornadoVM-PTX-JNI] ERROR : cuEventRecord -> Returned: 709
	[TornadoVM-PTX-JNI] ERROR : cuMemcpyHtoDAsync -> Returned: 709
	[TornadoVM-PTX-JNI] ERROR : cuEventRecord -> Returned: 709
	[TornadoVM-PTX-JNI] ERROR : cuStreamSynchronize -> Returned: 709
	[TornadoVM-PTX-JNI] ERROR : cuEventSynchronize -> Returned: 709
	[TornadoVM-PTX-JNI] ERROR : cuEventDestroy -> Returned: 709
	[TornadoVM-PTX-JNI] ERROR : cuEventDestroy -> Returned: 709
	[TornadoVM-PTX-JNI] ERROR : cuModuleGetFunction -> Returned: 400
	[TornadoVM-PTX-JNI] ERROR : cuEventCreate (beforeEvent) -> Returned: 709
	[TornadoVM-PTX-JNI] ERROR : cuEventCreate (afterEvent) -> Returned: 709
	[TornadoVM-PTX-JNI] ERROR : cuEventRecord -> Returned: 709
	[TornadoVM-PTX-JNI] ERROR : cuLaunchKernel -> Returned: 709
	[TornadoVM-PTX-JNI] ERROR : cuEventRecord -> Returned: 709
	[TornadoVM-PTX-JNI] ERROR : cuEventSynchronize -> Returned: 709
	[TornadoVM-PTX-JNI] ERROR : cuEventDestroy -> Returned: 709
	[TornadoVM-PTX-JNI] ERROR : cuEventDestroy -> Returned: 709
	[TornadoVM-PTX-JNI] ERROR : cuEventCreate (beforeEvent) -> Returned: 709
	[TornadoVM-PTX-JNI] ERROR : cuEventCreate (afterEvent) -> Returned: 709
	[TornadoVM-PTX-JNI] ERROR : cuEventRecord -> Returned: 709
	[TornadoVM-PTX-JNI] ERROR : cuMemcpyHtoDAsyncMemSeg -> Returned: 709
	[TornadoVM-PTX-JNI] ERROR : cuEventRecord -> Returned: 709
	[TornadoVM-PTX-JNI] ERROR : cuEventSynchronize -> Returned: 709
	[TornadoVM-PTX-JNI] ERROR : cuEventDestroy -> Returned: 709
	[TornadoVM-PTX-JNI] ERROR : cuEventDestroy -> Returned: 709
	[TornadoVM-PTX-JNI] ERROR : cuEventCreate (beforeEvent) -> Returned: 709
	[TornadoVM-PTX-JNI] ERROR : cuEventCreate (afterEvent) -> Returned: 709
	[TornadoVM-PTX-JNI] ERROR : cuEventRecord -> Returned: 709
	[TornadoVM-PTX-JNI] ERROR : cuMemcpyHtoDAsyncMemSeg -> Returned: 709
	[TornadoVM-PTX-JNI] ERROR : cuEventRecord -> Returned: 709
	[TornadoVM-PTX-JNI] ERROR : cuEventSynchronize -> Returned: 709
	[TornadoVM-PTX-JNI] ERROR : cuEventDestroy -> Returned: 709
	[TornadoVM-PTX-JNI] ERROR : cuEventDestroy -> Returned: 709
	[TornadoVM-PTX-JNI] ERROR : cuEventCreate (beforeEvent) -> Returned: 709
	[TornadoVM-PTX-JNI] ERROR : cuEventCreate (afterEvent) -> Returned: 709
	[TornadoVM-PTX-JNI] ERROR : cuEventRecord -> Returned: 709
	[TornadoVM-PTX-JNI] ERROR : cuMemcpyHtoDAsyncMemSeg -> Returned: 709
	[TornadoVM-PTX-JNI] ERROR : cuEventRecord -> Returned: 709
	[TornadoVM-PTX-JNI] ERROR : cuEventSynchronize -> Returned: 709
	[TornadoVM-PTX-JNI] ERROR : cuEventDestroy -> Returned: 709
	[TornadoVM-PTX-JNI] ERROR : cuEventDestroy -> Returned: 709
	[TornadoVM-PTX-JNI] ERROR : cuEventCreate (beforeEvent) -> Returned: 709
	[TornadoVM-PTX-JNI] ERROR : cuEventCreate (afterEvent) -> Returned: 709
	[TornadoVM-PTX-JNI] ERROR : cuEventRecord -> Returned: 709
	[TornadoVM-PTX-JNI] ERROR : cuMemcpyHtoDAsyncMemSeg -> Returned: 709
	[TornadoVM-PTX-JNI] ERROR : cuEventRecord -> Returned: 709
	[TornadoVM-PTX-JNI] ERROR : cuEventSynchronize -> Returned: 709
	[TornadoVM-PTX-JNI] ERROR : cuEventDestroy -> Returned: 709
	[TornadoVM-PTX-JNI] ERROR : cuEventDestroy -> Returned: 709
	[TornadoVM-PTX-JNI] ERROR : cuEventCreate (beforeEvent) -> Returned: 709
	[TornadoVM-PTX-JNI] ERROR : cuEventCreate (afterEvent) -> Returned: 709
	[TornadoVM-PTX-JNI] ERROR : cuEventRecord -> Returned: 709
	[TornadoVM-PTX-JNI] ERROR : cuMemcpyHtoDAsyncMemSeg -> Returned: 709
	[TornadoVM-PTX-JNI] ERROR : cuEventRecord -> Returned: 709
	[TornadoVM-PTX-JNI] ERROR : cuEventSynchronize -> Returned: 709
	[TornadoVM-PTX-JNI] ERROR : cuEventDestroy -> Returned: 709
	[TornadoVM-PTX-JNI] ERROR : cuEventDestroy -> Returned: 709
	[TornadoVM-PTX-JNI] ERROR : cuEventCreate (beforeEvent) -> Returned: 709
	[TornadoVM-PTX-JNI] ERROR : cuEventCreate (afterEvent) -> Returned: 709
	[TornadoVM-PTX-JNI] ERROR : cuEventRecord -> Returned: 709
	[TornadoVM-PTX-JNI] ERROR : cuMemcpyHtoDAsync -> Returned: 709
	[TornadoVM-PTX-JNI] ERROR : cuEventRecord -> Returned: 709
	[TornadoVM-PTX-JNI] ERROR : cuStreamSynchronize -> Returned: 709
	[TornadoVM-PTX-JNI] ERROR : cuEventSynchronize -> Returned: 709
	[TornadoVM-PTX-JNI] ERROR : cuEventDestroy -> Returned: 709
	[TornadoVM-PTX-JNI] ERROR : cuEventDestroy -> Returned: 709
	[TornadoVM-PTX-JNI] ERROR : cuModuleGetFunction -> Returned: 400
	[TornadoVM-PTX-JNI] ERROR : cuEventCreate (beforeEvent) -> Returned: 709
	[TornadoVM-PTX-JNI] ERROR : cuEventCreate (afterEvent) -> Returned: 709
	[TornadoVM-PTX-JNI] ERROR : cuEventRecord -> Returned: 709
	[TornadoVM-PTX-JNI] ERROR : cuLaunchKernel -> Returned: 709
	[TornadoVM-PTX-JNI] ERROR : cuEventRecord -> Returned: 709
	[TornadoVM-PTX-JNI] ERROR : cuEventSynchronize -> Returned: 709
	[TornadoVM-PTX-JNI] ERROR : cuEventDestroy -> Returned: 709
	[TornadoVM-PTX-JNI] ERROR : cuEventDestroy -> Returned: 709
	[TornadoVM-PTX-JNI] ERROR : cuEventCreate (beforeEvent) -> Returned: 709
	[TornadoVM-PTX-JNI] ERROR : cuEventCreate (afterEvent) -> Returned: 709
	[TornadoVM-PTX-JNI] ERROR : cuEventRecord -> Returned: 709
	[TornadoVM-PTX-JNI] ERROR : cuMemcpyHtoDAsync -> Returned: 709
	[TornadoVM-PTX-JNI] ERROR : cuEventRecord -> Returned: 709
	[TornadoVM-PTX-JNI] ERROR : cuStreamSynchronize -> Returned: 709
	[TornadoVM-PTX-JNI] ERROR : cuEventSynchronize -> Returned: 709
	[TornadoVM-PTX-JNI] ERROR : cuEventDestroy -> Returned: 709
	[TornadoVM-PTX-JNI] ERROR : cuEventDestroy -> Returned: 709
	[TornadoVM-PTX-JNI] ERROR : cuModuleGetFunction -> Returned: 400
	[TornadoVM-PTX-JNI] ERROR : cuEventCreate (beforeEvent) -> Returned: 709
	[TornadoVM-PTX-JNI] ERROR : cuEventCreate (afterEvent) -> Returned: 709
	[TornadoVM-PTX-JNI] ERROR : cuEventRecord -> Returned: 709
	[TornadoVM-PTX-JNI] ERROR : cuLaunchKernel -> Returned: 709
	[TornadoVM-PTX-JNI] ERROR : cuEventRecord -> Returned: 709
	[TornadoVM-PTX-JNI] ERROR : cuEventSynchronize -> Returned: 709
	[TornadoVM-PTX-JNI] ERROR : cuEventDestroy -> Returned: 709
	[TornadoVM-PTX-JNI] ERROR : cuEventDestroy -> Returned: 709
	[TornadoVM-PTX-JNI] ERROR : cuEventCreate (beforeEvent) -> Returned: 709
	[TornadoVM-PTX-JNI] ERROR : cuEventCreate (afterEvent) -> Returned: 709
	[TornadoVM-PTX-JNI] ERROR : cuEventRecord -> Returned: 709
	[TornadoVM-PTX-JNI] ERROR : cuMemcpyDtoHMemSeg -> Returned: 709
	[TornadoVM-PTX-JNI] ERROR : cuEventRecord -> Returned: 709
#
# A fatal error has been detected by the Java Runtime Environment:
#
#  SIGSEGV (0xb) at pc=0x00007f8877e75c7f, pid=1940444, tid=1940733
#
# JRE version: OpenJDK Runtime Environment (21.0.11+10) (build 21.0.11+10-1-22.04.2-Ubuntu)
# Java VM: OpenJDK 64-Bit Server VM (21.0.11+10-1-22.04.2-Ubuntu, mixed mode, tiered, jvmci, compressed oops, compressed class ptrs, parallel gc, linux-amd64)
# Problematic frame:
# C  [libcuda.so.1+0x345c7f]
#
# Core dump will be written. Default location: Core dumps may be processed with "/usr/share/apport/apport -p%p -s%s -c%c -d%d -P%P -u%u -g%g -F%F -- %E" (or dumping to /home/jba/Code/BoA/core.1940444)
#
# An error report file with more information is saved as:
# /home/jba/Code/BoA/hs_err_pid1940444.log
[249.678s][warning][os] Loading hsdis library failed
#
# If you would like to submit a bug report, please visit:
#   https://bugs.launchpad.net/ubuntu/+source/openjdk-21
# The crash happened outside the Java Virtual Machine in native code.
# See problematic frame for where to report the bug.
#
timeout: the monitored command dumped core
