[TELEPORT_DIAG] enabled=false threshold=0.1
Loading parameter values from /tmp/dend...
     Parameter assigned: buildDtsMembrane set to true
     Parameter assigned: dtsMembraneSubdiv set to 4
     Parameter assigned: dtsMembraneRadius set to 1.2
     Parameter assigned: dtsVertexRadiusFrac set to 0.5
     Parameter assigned: dtsKappaBend set to 1.0E-19
     Parameter assigned: dtsKappaArea set to 0.15
     Parameter assigned: dtsKappaVolume set to 1.0E-13
     Parameter assigned: dtsTargetReducedVol set to 1.0
     Parameter assigned: dtsMaxDispFrac set to 0.2
     Parameter assigned: dtsBrownianOff set to true
     Parameter assigned: dtsAnchorStiffness set to 0.015
     Parameter assigned: dtsArpOn set to true
     Parameter assigned: dtsArpHotPatches set to 3
     Parameter assigned: dtsArpHotPatchDeg set to 8.0
     Parameter assigned: dtsArpDiffusion set to 0.1
     Parameter assigned: dtsArpDecay set to 0.015
     Parameter assigned: dtsForminOn set to true
     Parameter assigned: dtsForminGrowOut set to true
     Parameter assigned: dtsForminPool set to 1.0
     Parameter assigned: dtsForminConsume set to 1.0
     Parameter assigned: dtsForminNucRate set to 50.0
     Parameter assigned: dtsForminRecover set to 0.0
     Parameter assigned: forminRelease set to 0.0
     Parameter assigned: forminBarbedBrownianFactor set to 0.05
     Parameter assigned: dtsForminStandoff set to 0.05
     Parameter assigned: actinSeed set to 8
     Parameter assigned: arpTransFracMove set to 1.0
     Parameter assigned: arpSubcycleN set to 10
     Parameter assigned: filDragMinMonomers set to 200
     Parameter assigned: arpDaughterBrownianFactor set to 1.0
     Parameter assigned: dtsBranchOn set to true
     Parameter assigned: dtsBranchRate set to 20.0
     Parameter assigned: dtsArpConsumePerBranch set to 0.05
     Parameter assigned: dtsMaxFilaments set to 400
     Parameter assigned: dtsActinCollide set to true
     Parameter assigned: dtsRatchetForce set to 0.0
     Parameter assigned: ratchetOn set to true
     Parameter assigned: ratchetForce set to 1.5E-12
     Parameter assigned: dtsActinPushMax set to 5.0E-12
     Parameter assigned: actinConc set to 8.0
     Parameter assigned: filTipRadiusForCollision set to 0.04
     Parameter assigned: deltaT set to 1.0E-5
     Parameter assigned: collisionDeltaT set to 1.0E-5
     No match found for parameter label brownianDeltaT ... you best check that out!
     Parameter assigned: biochemDeltaT set to 0.001
     Parameter assigned: runTime set to 0.12
     Parameter assigned: toFileInterval set to 120
     Parameter assigned: remoteWriteInterval set to 2000
     Parameter assigned: boxXDim set to 5.0
     Parameter assigned: boxYDim set to 5.0
     Parameter assigned: boxZDim set to 5.0
     Parameter assigned: aeta set to 0.1
     Parameter assigned: simOutsideBug set to false
     Parameter assigned: initialFilaments set to 0
     Parameter assigned: initialMyoMiniFils set to 0
     Parameter assigned: equilNodes set to 0
     Parameter assigned: fillNodeCt set to 0
     Parameter assigned: buildBranchedFils set to false
     Parameter assigned: buildMembraneSheet set to false
     Parameter assigned: buildMembraneSphere set to false
     Parameter assigned: forminConc set to 0.0
     Parameter assigned: arpConc set to 0.0
Done... there were 1 misunderstandings.
[RNG] per-worker RNG pool: 17 MTFs, masterSeed=-8638192760500614430 (BOA_RNG_SEED unset)
[DTS-HOT] 3 NPF patches, 36 hot vertices of 2562
[DTS] membrane #0 built: nu=4  nv=2562  nf=5120  ne=7680  maxVal=12  R=1.200 um  l0=0.0906 um  rVert=0.0453 um  A0=18.0739 um^2  V0=7.2226 um^3
[DTS]   continuum sphere: A=18.0956 (mesh 99.9%)  V=7.2382 (mesh 99.8%)
**************************************************************
Eulerian Mesh stats:
nXBins = 26; xBinWidth = 0.2 µm
nYBins = 26; yBinWidth = 0.2 µm
binDepth = 1000
**************************************************************
MotorBindGrid3D: 26 x 26 x 26 cells (0.2 µm each)
[10:47] [phase-plan] inert-wave cull — ThreadSet activation snapshot:
[10:47]   ON   ThingStep Threads
[10:47]   ON   ThingBrownian Threads
[10:47]   ON   Myosin Threads
[10:47]   OFF  MyoDimer Threads
[10:47]   ON   Protein Node Threads
[10:47]   OFF  MyoMiniFil Threads
[10:47]   OFF  Chamber Myo Threads
[10:47]   OFF  Chamber MyoDimer Threads
[10:47]   ON   Mesh Threads
[10:47]   ON   Ck Mesh Threads
[10:47]   ON   Ck Mots Threads
[10:47]   OFF  XLink Threads
[10:47]   OFF  Arp23 Threads
[10:47]   OFF  NodeLink Threads
[10:47]   ON   Membrane Node Threads
[10:47]   OFF  ActA Threads
[10:47]   ON   MotorBindGrid3D Fill
[10:47] [phase-plan] 9 active, 8 inert (will skip dispatch)
ThreeJSWriter: created directory /home/jba/Code/threejs_output/dend_endpt
ThreeJSWriter: output directory /home/jba/Code/threejs_output/dend_endpt
ThreeJSWriter: archived 5 source files to source.zip
ThreeJSWriter: wrote params_input.dend
ThreeJSWriter: wrote params_effective.txt (357 parameters)
[DTS-E] step 0  E bend=2.514e-18 area=5.242e-42 vol=3.550e-43 tot=2.514e-18 J   A=18.0739/18.0739  V=7.2226/7.2226 um  |F|max=8.81e-14 N
[DTS-ARP] step 0  maxConc=1.0000  meanConc=0.0169  spread=81/2562 verts >1%
[DTS-FORMIN] step 0  mothers nucleated=1  pool remaining=35.0 over 35 hot verts
[FLIP] step 0 membrane#0 flips=0/7680 verify=true
[DTS-BRANCH] step 0  fils=1 nearCortex=1 rejBorn=0  totalBranches=0
[GATHER] call=1000 totalDirty=0 maxThread=0 cumAvg=1357.1 cumMaxPerThread=426
[DTS-E] step 500  E bend=2.539e-18 area=2.570e-22 vol=1.767e-22 tot=2.539e-18 J   A=18.0737/18.0739  V=7.2222/7.2226 um  |F|max=1.18e-12 N
[DTS-ARP] step 500  maxConc=1.0000  meanConc=0.0805  spread=1488/2562 verts >1%
[DTS-FORMIN] step 500  mothers nucleated=12  pool remaining=24.0 over 24 hot verts
[FLIP] step 500 membrane#0 flips=0/7680 verify=true
[DTS-ACTIN] step 500  filaments contacting membrane = 7 / 12
[GATHER] call=2000 totalDirty=0 maxThread=0 cumAvg=1361.7 cumMaxPerThread=428
[DTS-E] step 1000  E bend=2.639e-18 area=5.180e-22 vol=2.989e-21 tot=2.643e-18 J   A=18.0743/18.0739  V=7.2208/7.2226 um  |F|max=3.04e-12 N
[DTS-ARP] step 1000  maxConc=1.0000  meanConc=0.0806  spread=1489/2562 verts >1%
[DTS-FORMIN] step 1000  mothers nucleated=17  pool remaining=19.0 over 19 hot verts
[FLIP] step 1000 membrane#0 flips=0/7680 verify=true
[DTS-BRANCH] step 1000  fils=20 nearCortex=20 rejBorn=0  totalBranches=3
[DTS-ACTIN] step 1000  filaments contacting membrane = 13 / 20
[GATHER] call=3000 totalDirty=0 maxThread=0 cumAvg=1366.4 cumMaxPerThread=432
[DTS-E] step 1500  E bend=2.715e-18 area=3.667e-22 vol=1.413e-20 tot=2.729e-18 J   A=18.0742/18.0739  V=7.2187/7.2226 um  |F|max=3.40e-12 N
[DTS-ARP] step 1500  maxConc=1.0000  meanConc=0.0806  spread=1489/2562 verts >1%
[DTS-FORMIN] step 1500  mothers nucleated=23  pool remaining=13.0 over 13 hot verts
[FLIP] step 1500 membrane#0 flips=0/7680 verify=true
[DTS-ACTIN] step 1500  filaments contacting membrane = 16 / 29
[GATHER] call=4000 totalDirty=0 maxThread=0 cumAvg=1370.3 cumMaxPerThread=435
Sim. time=00.02....~09.17 minutes computation to simulate 1 sec, run finished in ~00.02 hours
[DTS-E] step 2000  E bend=2.710e-18 area=1.889e-21 vol=1.720e-20 tot=2.730e-18 J   A=18.0746/18.0739  V=7.2184/7.2226 um  |F|max=3.77e-12 N
[DTS-ARP] step 2000  maxConc=1.0000  meanConc=0.0806  spread=1489/2562 verts >1%
[DTS-FORMIN] step 2000  mothers nucleated=23  pool remaining=13.0 over 13 hot verts
[FLIP] step 2000 membrane#0 flips=0/7680 verify=true
[DTS-BRANCH] step 2000  fils=31 nearCortex=30 rejBorn=0  totalBranches=8
[DTS-ACTIN] step 2000  filaments contacting membrane = 14 / 31
[GATHER] call=5000 totalDirty=0 maxThread=0 cumAvg=1374.2 cumMaxPerThread=441
[DTS-E] step 2500  E bend=2.696e-18 area=4.231e-22 vol=1.894e-20 tot=2.716e-18 J   A=18.0743/18.0739  V=7.2181/7.2226 um  |F|max=3.34e-12 N
[DTS-ARP] step 2500  maxConc=1.0000  meanConc=0.0806  spread=1489/2562 verts >1%
[DTS-FORMIN] step 2500  mothers nucleated=27  pool remaining=9.0 over 9 hot verts
[FLIP] step 2500 membrane#0 flips=0/7680 verify=true
[DTS-ACTIN] step 2500  filaments contacting membrane = 18 / 35
[GATHER] call=6000 totalDirty=0 maxThread=0 cumAvg=1377.6 cumMaxPerThread=441
[DTS-E] step 3000  E bend=2.716e-18 area=4.645e-22 vol=2.489e-20 tot=2.741e-18 J   A=18.0743/18.0739  V=7.2175/7.2226 um  |F|max=3.80e-12 N
[DTS-ARP] step 3000  maxConc=1.0000  meanConc=0.0807  spread=1489/2562 verts >1%
[DTS-FORMIN] step 3000  mothers nucleated=27  pool remaining=9.0 over 9 hot verts
[FLIP] step 3000 membrane#0 flips=0/7680 verify=true
[DTS-BRANCH] step 3000  fils=40 nearCortex=40 rejBorn=0  totalBranches=13
[DTS-ACTIN] step 3000  filaments contacting membrane = 20 / 40
[RATCHET] poly vs gap g to membrane (delta=monomer, f=1.50e-12 N). meanFactor=closure output; relRate=realized:
  g<0 (overlap)  samples=378       events=17       meanFactor=0.374  relRate=0.424
  0.0-0.2d       samples=4         events=0        meanFactor=0.433  relRate=0.000
  0.2-0.4d       samples=0         events=0        meanFactor=0.000  relRate=0.000
  0.4-0.6d       samples=3         events=0        meanFactor=0.587  relRate=0.000
  0.6-0.8d       samples=0         events=0        meanFactor=0.000  relRate=0.000
  0.8-1.0d       samples=2         events=0        meanFactor=0.916  relRate=0.000
  1-2d           samples=17        events=2        meanFactor=1.000  relRate=1.109
  g>=2d (free)   samples=311       events=33       meanFactor=1.000  relRate=1.000
  TOTAL eligible tip-fires=715  poly events=52  (boundary g<delta share=54.1%)
[GATHER] call=7000 totalDirty=0 maxThread=0 cumAvg=1380.6 cumMaxPerThread=445
[DTS-E] step 3500  E bend=2.905e-18 area=6.296e-21 vol=6.754e-20 tot=2.978e-18 J   A=18.0752/18.0739  V=7.2142/7.2226 um  |F|max=4.74e-12 N
[DTS-ARP] step 3500  maxConc=1.0000  meanConc=0.0807  spread=1489/2562 verts >1%
[DTS-FORMIN] step 3500  mothers nucleated=27  pool remaining=9.0 over 9 hot verts
[FLIP] step 3500 membrane#0 flips=0/7680 verify=true
[DTS-ACTIN] step 3500  filaments contacting membrane = 25 / 49
[GATHER] call=8000 totalDirty=0 maxThread=0 cumAvg=1384.0 cumMaxPerThread=451
Sim. time=00.04....~08.36 minutes computation to simulate 1 sec, run finished in ~00.01 hours
[DTS-E] step 4000  E bend=2.915e-18 area=6.056e-21 vol=9.000e-20 tot=3.011e-18 J   A=18.0752/18.0739  V=7.2129/7.2226 um  |F|max=4.53e-12 N
[DTS-ARP] step 4000  maxConc=1.0000  meanConc=0.0814  spread=1491/2562 verts >1%
[DTS-FORMIN] step 4000  mothers nucleated=28  pool remaining=8.0 over 8 hot verts
[FLIP] step 4000 membrane#0 flips=0/7680 verify=true
[DTS-BRANCH] step 4000  fils=54 nearCortex=51 rejBorn=0  totalBranches=26
[DTS-ACTIN] step 4000  filaments contacting membrane = 28 / 54
[GATHER] call=9000 totalDirty=0 maxThread=0 cumAvg=1387.2 cumMaxPerThread=454
[DTS-E] step 4500  E bend=2.934e-18 area=1.284e-20 vol=1.444e-19 tot=3.092e-18 J   A=18.0757/18.0739  V=7.2103/7.2226 um  |F|max=5.13e-12 N
[DTS-ARP] step 4500  maxConc=1.0000  meanConc=0.0838  spread=1509/2562 verts >1%
[DTS-FORMIN] step 4500  mothers nucleated=30  pool remaining=6.0 over 6 hot verts
[FLIP] step 4500 membrane#0 flips=0/7680 verify=true
[DTS-ACTIN] step 4500  filaments contacting membrane = 26 / 66
[GATHER] call=10000 totalDirty=0 maxThread=0 cumAvg=1390.2 cumMaxPerThread=454
[DTS-E] step 5000  E bend=2.951e-18 area=1.817e-20 vol=2.011e-19 tot=3.171e-18 J   A=18.0760/18.0739  V=7.2081/7.2226 um  |F|max=4.36e-12 N
[DTS-ARP] step 5000  maxConc=1.0000  meanConc=0.0840  spread=1510/2562 verts >1%
[DTS-FORMIN] step 5000  mothers nucleated=31  pool remaining=5.0 over 5 hot verts
[FLIP] step 5000 membrane#0 flips=0/7680 verify=true
[DTS-BRANCH] step 5000  fils=78 nearCortex=70 rejBorn=0  totalBranches=47
[DTS-ACTIN] step 5000  filaments contacting membrane = 34 / 78
[GATHER] call=11000 totalDirty=0 maxThread=0 cumAvg=1392.9 cumMaxPerThread=458
[DTS-E] step 5500  E bend=3.007e-18 area=2.724e-20 vol=2.890e-19 tot=3.324e-18 J   A=18.0765/18.0739  V=7.2052/7.2226 um  |F|max=7.76e-12 N
[DTS-ARP] step 5500  maxConc=1.0000  meanConc=0.0832  spread=1501/2562 verts >1%
[DTS-FORMIN] step 5500  mothers nucleated=33  pool remaining=3.0 over 3 hot verts
[FLIP] step 5500 membrane#0 flips=0/7680 verify=true
[DTS-ACTIN] step 5500  filaments contacting membrane = 42 / 91
[GATHER] call=12000 totalDirty=0 maxThread=0 cumAvg=1395.3 cumMaxPerThread=458
Sim. time=00.06....~09.36 minutes computation to simulate 1 sec, run finished in ~00.01 hours
[DTS-E] step 6000  E bend=3.026e-18 area=4.608e-20 vol=3.468e-19 tot=3.419e-18 J   A=18.0773/18.0739  V=7.2036/7.2226 um  |F|max=1.29e-11 N
[DTS-ARP] step 6000  maxConc=1.0000  meanConc=0.0866  spread=1511/2562 verts >1%
[DTS-FORMIN] step 6000  mothers nucleated=33  pool remaining=3.0 over 3 hot verts
[FLIP] step 6000 membrane#0 flips=0/7680 verify=true
[DTS-BRANCH] step 6000  fils=98 nearCortex=84 rejBorn=0  totalBranches=65
[DTS-ACTIN] step 6000  filaments contacting membrane = 41 / 98
[RATCHET] poly vs gap g to membrane (delta=monomer, f=1.50e-12 N). meanFactor=closure output; relRate=realized:
  g<0 (overlap)  samples=1422      events=57       meanFactor=0.374  relRate=0.395
  0.0-0.2d       samples=12        events=0        meanFactor=0.423  relRate=0.000
  0.2-0.4d       samples=17        events=0        meanFactor=0.499  relRate=0.000
  0.4-0.6d       samples=8         events=1        meanFactor=0.599  relRate=1.231
  0.6-0.8d       samples=10        events=0        meanFactor=0.756  relRate=0.000
  0.8-1.0d       samples=7         events=0        meanFactor=0.896  relRate=0.000
  1-2d           samples=71        events=7        meanFactor=1.000  relRate=0.971
  g>=2d (free)   samples=1073      events=109      meanFactor=1.000  relRate=1.000
  TOTAL eligible tip-fires=2620  poly events=174  (boundary g<delta share=56.3%)
[GATHER] call=13000 totalDirty=0 maxThread=0 cumAvg=1397.4 cumMaxPerThread=458
[DTS-E] step 6500  E bend=3.049e-18 area=5.830e-20 vol=4.316e-19 tot=3.539e-18 J   A=18.0777/18.0739  V=7.2014/7.2226 um  |F|max=1.19e-11 N
[DTS-ARP] step 6500  maxConc=1.0000  meanConc=0.0879  spread=1521/2562 verts >1%
[DTS-FORMIN] step 6500  mothers nucleated=33  pool remaining=3.0 over 3 hot verts
[FLIP] step 6500 membrane#0 flips=0/7680 verify=true
[DTS-ACTIN] step 6500  filaments contacting membrane = 49 / 104
[GATHER] call=14000 totalDirty=0 maxThread=0 cumAvg=1399.8 cumMaxPerThread=459
[DTS-E] step 7000  E bend=3.082e-18 area=7.357e-20 vol=5.363e-19 tot=3.692e-18 J   A=18.0782/18.0739  V=7.1989/7.2226 um  |F|max=8.20e-12 N
[DTS-ARP] step 7000  maxConc=1.0000  meanConc=0.0866  spread=1518/2562 verts >1%
[DTS-FORMIN] step 7000  mothers nucleated=34  pool remaining=2.0 over 2 hot verts
[FLIP] step 7000 membrane#0 flips=0/7680 verify=true
[DTS-BRANCH] step 7000  fils=111 nearCortex=92 rejBorn=0  totalBranches=77
[DTS-ACTIN] step 7000  filaments contacting membrane = 53 / 111
[GATHER] call=15000 totalDirty=0 maxThread=0 cumAvg=1401.9 cumMaxPerThread=459
[DTS-E] step 7500  E bend=3.068e-18 area=8.403e-20 vol=6.178e-19 tot=3.770e-18 J   A=18.0784/18.0739  V=7.1972/7.2226 um  |F|max=8.19e-12 N
[DTS-ARP] step 7500  maxConc=1.0000  meanConc=0.0874  spread=1513/2562 verts >1%
[DTS-FORMIN] step 7500  mothers nucleated=35  pool remaining=1.0 over 1 hot verts
[FLIP] step 7500 membrane#0 flips=1/7680 verify=true
[DTS-ACTIN] step 7500  filaments contacting membrane = 56 / 119
[GATHER] call=16000 totalDirty=0 maxThread=0 cumAvg=1403.8 cumMaxPerThread=459
Sim. time=00.08....~10.55 minutes computation to simulate 1 sec, run finished in ~00.01 hours
[DTS-E] step 8000  E bend=3.125e-18 area=1.118e-19 vol=7.943e-19 tot=4.031e-18 J   A=18.0791/18.0739  V=7.1938/7.2226 um  |F|max=9.96e-12 N
[DTS-ARP] step 8000  maxConc=1.0000  meanConc=0.0891  spread=1525/2562 verts >1%
[DTS-FORMIN] step 8000  mothers nucleated=35  pool remaining=1.0 over 1 hot verts
[FLIP] step 8000 membrane#0 flips=1/7680 verify=true
[DTS-BRANCH] step 8000  fils=130 nearCortex=116 rejBorn=0  totalBranches=96
[DTS-ACTIN] step 8000  filaments contacting membrane = 59 / 130
[GATHER] call=17000 totalDirty=0 maxThread=0 cumAvg=1405.5 cumMaxPerThread=459
[DTS-E] step 8500  E bend=3.138e-18 area=1.441e-19 vol=9.067e-19 tot=4.189e-18 J   A=18.0798/18.0739  V=7.1918/7.2226 um  |F|max=1.12e-11 N
[DTS-ARP] step 8500  maxConc=1.0000  meanConc=0.0897  spread=1525/2562 verts >1%
[DTS-FORMIN] step 8500  mothers nucleated=36  pool remaining=0.0 over 0 hot verts
[FLIP] step 8500 membrane#0 flips=0/7680 verify=true
[DTS-ACTIN] step 8500  filaments contacting membrane = 65 / 138
[GATHER] call=18000 totalDirty=0 maxThread=0 cumAvg=1407.1 cumMaxPerThread=459
[DTS-E] step 9000  E bend=3.178e-18 area=1.714e-19 vol=1.050e-18 tot=4.399e-18 J   A=18.0804/18.0739  V=7.1895/7.2226 um  |F|max=1.33e-11 N
[DTS-ARP] step 9000  maxConc=1.0000  meanConc=0.0926  spread=1526/2562 verts >1%
[DTS-FORMIN] step 9000  mothers nucleated=36  pool remaining=0.0 over 0 hot verts
[FLIP] step 9000 membrane#0 flips=1/7680 verify=true
[DTS-BRANCH] step 9000  fils=153 nearCortex=140 rejBorn=0  totalBranches=119
[DTS-ACTIN] step 9000  filaments contacting membrane = 67 / 153
[RATCHET] poly vs gap g to membrane (delta=monomer, f=1.50e-12 N). meanFactor=closure output; relRate=realized:
  g<0 (overlap)  samples=3101      events=112      meanFactor=0.374  relRate=0.366
  0.0-0.2d       samples=28        events=0        meanFactor=0.418  relRate=0.000
  0.2-0.4d       samples=32        events=1        meanFactor=0.500  relRate=0.317
  0.4-0.6d       samples=30        events=1        meanFactor=0.612  relRate=0.338
  0.6-0.8d       samples=32        events=2        meanFactor=0.751  relRate=0.633
  0.8-1.0d       samples=34        events=2        meanFactor=0.911  relRate=0.596
  1-2d           samples=171       events=12       meanFactor=1.000  relRate=0.711
  g>=2d (free)   samples=2260      events=223      meanFactor=1.000  relRate=1.000
  TOTAL eligible tip-fires=5688  poly events=353  (boundary g<delta share=57.3%)
[GATHER] call=19000 totalDirty=0 maxThread=0 cumAvg=1408.6 cumMaxPerThread=459
[DTS-E] step 9500  E bend=3.187e-18 area=2.097e-19 vol=1.234e-18 tot=4.631e-18 J   A=18.0811/18.0739  V=7.1867/7.2226 um  |F|max=1.48e-11 N
[DTS-ARP] step 9500  maxConc=1.0000  meanConc=0.0942  spread=1536/2562 verts >1%
[DTS-FORMIN] step 9500  mothers nucleated=36  pool remaining=0.0 over 0 hot verts
[FLIP] step 9500 membrane#0 flips=2/7680 verify=true
[DTS-ACTIN] step 9500  filaments contacting membrane = 70 / 164
[GATHER] call=20000 totalDirty=0 maxThread=0 cumAvg=1410.1 cumMaxPerThread=459
Sim. time=00.10....~11.64 minutes computation to simulate 1 sec, run finished in ~00.00 hours
[DTS-E] step 10000  E bend=3.179e-18 area=2.049e-19 vol=1.418e-18 tot=4.803e-18 J   A=18.0810/18.0739  V=7.1841/7.2226 um  |F|max=1.48e-11 N
[DTS-ARP] step 10000  maxConc=1.0000  meanConc=0.0949  spread=1542/2562 verts >1%
[DTS-FORMIN] step 10000  mothers nucleated=36  pool remaining=0.0 over 0 hot verts
[FLIP] step 10000 membrane#0 flips=1/7680 verify=true
[DTS-BRANCH] step 10000  fils=174 nearCortex=155 rejBorn=0  totalBranches=140
[DTS-ACTIN] step 10000  filaments contacting membrane = 71 / 174
[GATHER] call=21000 totalDirty=0 maxThread=0 cumAvg=1411.4 cumMaxPerThread=459
[DTS-E] step 10500  E bend=3.226e-18 area=2.476e-19 vol=1.595e-18 tot=5.069e-18 J   A=18.0817/18.0739  V=7.1818/7.2226 um  |F|max=1.63e-11 N
[DTS-ARP] step 10500  maxConc=1.0000  meanConc=0.0956  spread=1549/2562 verts >1%
[DTS-FORMIN] step 10500  mothers nucleated=36  pool remaining=0.0 over 0 hot verts
[FLIP] step 10500 membrane#0 flips=0/7680 verify=true
[DTS-ACTIN] step 10500  filaments contacting membrane = 75 / 193
[GATHER] call=22000 totalDirty=0 maxThread=0 cumAvg=1412.6 cumMaxPerThread=459
[DTS-E] step 11000  E bend=3.263e-18 area=4.655e-19 vol=1.818e-18 tot=5.547e-18 J   A=18.0845/18.0739  V=7.1790/7.2226 um  |F|max=2.15e-11 N
[DTS-ARP] step 11000  maxConc=1.0000  meanConc=0.0972  spread=1549/2562 verts >1%
[DTS-FORMIN] step 11000  mothers nucleated=36  pool remaining=0.0 over 0 hot verts
[FLIP] step 11000 membrane#0 flips=1/7680 verify=true
[DTS-BRANCH] step 11000  fils=209 nearCortex=192 rejBorn=0  totalBranches=177
[DTS-ACTIN] step 11000  filaments contacting membrane = 75 / 209
[GATHER] call=23000 totalDirty=0 maxThread=0 cumAvg=1413.6 cumMaxPerThread=459
[DTS-E] step 11500  E bend=3.294e-18 area=4.899e-19 vol=1.944e-18 tot=5.728e-18 J   A=18.0848/18.0739  V=7.1776/7.2226 um  |F|max=2.17e-11 N
[DTS-ARP] step 11500  maxConc=1.0000  meanConc=0.0977  spread=1552/2562 verts >1%
[DTS-FORMIN] step 11500  mothers nucleated=36  pool remaining=0.0 over 0 hot verts
[FLIP] step 11500 membrane#0 flips=0/7680 verify=true
[DTS-ACTIN] step 11500  filaments contacting membrane = 85 / 221
[GATHER] call=24000 totalDirty=0 maxThread=0 cumAvg=1414.3 cumMaxPerThread=459
Sim. time=00.12....~13.23 minutes computation to simulate 1 sec, run finished in ~00.00 hours
[DTS-E] step 12000  E bend=3.266e-18 area=3.514e-19 vol=2.165e-18 tot=5.782e-18 J   A=18.0832/18.0739  V=7.1751/7.2226 um  |F|max=1.93e-11 N
[DTS-ARP] step 12000  maxConc=1.0000  meanConc=0.0986  spread=1554/2562 verts >1%
[DTS-FORMIN] step 12000  mothers nucleated=36  pool remaining=0.0 over 0 hot verts
[FLIP] step 12000 membrane#0 flips=1/7680 verify=true
[DTS-BRANCH] step 12000  fils=239 nearCortex=217 rejBorn=0  totalBranches=208
[DTS-ACTIN] step 12000  filaments contacting membrane = 81 / 239
[RATCHET] poly vs gap g to membrane (delta=monomer, f=1.50e-12 N). meanFactor=closure output; relRate=realized:
  g<0 (overlap)  samples=5530      events=195      meanFactor=0.374  relRate=0.378
  0.0-0.2d       samples=56        events=2        meanFactor=0.414  relRate=0.383
  0.2-0.4d       samples=52        events=4        meanFactor=0.501  relRate=0.825
  0.4-0.6d       samples=50        events=2        meanFactor=0.610  relRate=0.429
  0.6-0.8d       samples=61        events=4        meanFactor=0.742  relRate=0.704
  0.8-1.0d       samples=56        events=3        meanFactor=0.911  relRate=0.575
  1-2d           samples=243       events=19       meanFactor=1.000  relRate=0.839
  g>=2d (free)   samples=4356      events=406      meanFactor=1.000  relRate=1.000
  TOTAL eligible tip-fires=10404  poly events=635  (boundary g<delta share=55.8%)
collisionTime = 0.0
myosinTime = 0.0
[STATS] bindEvents=0
[STATS] filLinks=2 (active=2 inactive=0)
[STATS] linkCtMean=0.47 (samples=12101) linkCtMeanSettled=0.93 (samples=6102) finalActive=2
[STATS] filFilBroadphase active=false filsegMeshFillSkipped=0 candPairs=0 candMaxPerSeg=0 overflowSegs=0 drainCalls=0
[STATS] fActin segs=244 monomers=2630 fActinUM=0.00 meanSegLenUM=0.032 freePoolUM=8.00
[STATS] mem usedHeapMB=2741.2 maxHeapMB=5368.7
[STATS] percolation filaments=244 activeLinks=2 linksPerFil=0.008 largestComp=2 (0.8% of fils) spanX=0.00 spanY=0.00 spanZ=0.00 spanFrac=0.00 percolates=false
[A3] cpuFallback histogram (last classify): thingCt=0 cpuFb total=0 { FilSeg=0 MyoMini=0 ProteinNode=0 Chamber=0 other=0 }
[A3] dimer cohesion dispatch: device(noop)=0 cpu(work)=0  | body↔rod constrain: device(noop)=0 cpu(work)=0  | updateMyosins(host-bookkeeping)=0
[NODE] cpuNodeTetherApplyCt=0 (must be 0 on GPU node path)
[STATS] checkBugInsideFireCt=0
[STATS] addLinkForcesFireCt=0
[STATS] addTorsionFireCt=0
[STATS] meshFillFilSegFireCt=0
[STATS] meshAllSegsFireCt=0
[STATS] mbg3dFillFilSegFireCt=0
[STATS] updatePosFromBindFireCt=0
[STATS] updatePosFromStepFireCt=0
[STATS] validateSegFireCt=0
[STATS] anchorFireCt=0
[STATS] filSegInitFireCt=0
[STATS] motorInitFireCt=0
[STATS] meanBoundMotors=0.000
ThingStep Threads took 12.433000 seconds.
ThingBrownian Threads took 2.365000 seconds.
Myosin Threads took 0.000000 seconds.
MyoDimer Threads took 0.000000 seconds.
Protein Node Threads took 1.510000 seconds.
MyoMiniFil Threads took 0.000000 seconds.
Chamber Myo Threads took 0.000000 seconds.
Chamber MyoDimer Threads took 0.000000 seconds.
Mesh Threads took 4.798000 seconds.
Ck Mesh Threads took 6.053000 seconds.
Ck Mots Threads took 0.000000 seconds.
XLink Threads took 0.335000 seconds.
Arp23 Threads took 0.745000 seconds.
NodeLink Threads took 0.000000 seconds.
Membrane Node Threads took 1.575000 seconds.
ActA Threads took 0.000000 seconds.
MotorBindGrid3D Fill took 1.776000 seconds.
Finished closing JSON plots!
