[TELEPORT_DIAG] enabled=false threshold=0.1
Loading parameter values from /tmp/dend_s3...
     Parameter assigned: buildDtsMembrane set to true
     Parameter assigned: dtsMembraneSubdiv set to 4
     Parameter assigned: dtsMembraneRadius set to 1.2
     Parameter assigned: dtsVertexRadiusFrac set to 0.5
     Parameter assigned: dtsKappaBend set to 1.0E-19
     Parameter assigned: dtsKappaArea set to 0.15
     Parameter assigned: dtsKappaVolume set to 1.0E-13
     Parameter assigned: dtsTargetReducedVol set to 1.0
     Parameter assigned: dtsMaxDispFrac set to 0.2
     Parameter assigned: dtsBrownianOff set to true
     Parameter assigned: dtsAnchorStiffness set to 0.015
     Parameter assigned: dtsArpOn set to true
     Parameter assigned: dtsArpHotPatches set to 3
     Parameter assigned: dtsArpHotPatchDeg set to 8.0
     Parameter assigned: dtsArpDiffusion set to 0.1
     Parameter assigned: dtsArpDecay set to 0.015
     Parameter assigned: dtsForminOn set to true
     Parameter assigned: dtsForminGrowOut set to true
     Parameter assigned: dtsForminPool set to 1.0
     Parameter assigned: dtsForminConsume set to 1.0
     Parameter assigned: dtsForminNucRate set to 50.0
     Parameter assigned: dtsForminRecover set to 0.0
     Parameter assigned: forminRelease set to 0.0
     Parameter assigned: forminBarbedBrownianFactor set to 0.05
     Parameter assigned: dtsForminStandoff set to 0.05
     Parameter assigned: actinSeed set to 3
     Parameter assigned: arpTransFracMove set to 1.0
     Parameter assigned: arpSubcycleN set to 10
     Parameter assigned: filDragMinMonomers set to 200
     Parameter assigned: arpDaughterBrownianFactor set to 1.0
     Parameter assigned: dtsBranchOn set to true
     Parameter assigned: dtsBranchRate set to 20.0
     Parameter assigned: dtsArpConsumePerBranch set to 0.05
     Parameter assigned: dtsMaxFilaments set to 400
     Parameter assigned: dtsActinCollide set to true
     Parameter assigned: dtsRatchetForce set to 0.0
     Parameter assigned: ratchetOn set to true
     Parameter assigned: ratchetForce set to 1.5E-12
     Parameter assigned: dtsActinPushMax set to 5.0E-12
     Parameter assigned: actinConc set to 8.0
     Parameter assigned: filTipRadiusForCollision set to 0.04
     Parameter assigned: deltaT set to 1.0E-5
     Parameter assigned: collisionDeltaT set to 1.0E-5
     No match found for parameter label brownianDeltaT ... you best check that out!
     Parameter assigned: biochemDeltaT set to 0.001
     Parameter assigned: runTime set to 0.12
     Parameter assigned: toFileInterval set to 120
     Parameter assigned: remoteWriteInterval set to 2000
     Parameter assigned: boxXDim set to 5.0
     Parameter assigned: boxYDim set to 5.0
     Parameter assigned: boxZDim set to 5.0
     Parameter assigned: aeta set to 0.1
     Parameter assigned: simOutsideBug set to false
     Parameter assigned: initialFilaments set to 0
     Parameter assigned: initialMyoMiniFils set to 0
     Parameter assigned: equilNodes set to 0
     Parameter assigned: fillNodeCt set to 0
     Parameter assigned: buildBranchedFils set to false
     Parameter assigned: buildMembraneSheet set to false
     Parameter assigned: buildMembraneSphere set to false
     Parameter assigned: forminConc set to 0.0
     Parameter assigned: arpConc set to 0.0
Done... there were 1 misunderstandings.
[RNG] per-worker RNG pool: 17 MTFs, masterSeed=-6698610943460265684 (BOA_RNG_SEED unset)
[DTS-HOT] 3 NPF patches, 36 hot vertices of 2562
[DTS] membrane #0 built: nu=4  nv=2562  nf=5120  ne=7680  maxVal=12  R=1.200 um  l0=0.0906 um  rVert=0.0453 um  A0=18.0739 um^2  V0=7.2226 um^3
[DTS]   continuum sphere: A=18.0956 (mesh 99.9%)  V=7.2382 (mesh 99.8%)
**************************************************************
Eulerian Mesh stats:
nXBins = 26; xBinWidth = 0.2 µm
nYBins = 26; yBinWidth = 0.2 µm
binDepth = 1000
**************************************************************
MotorBindGrid3D: 26 x 26 x 26 cells (0.2 µm each)
[10:51] [phase-plan] inert-wave cull — ThreadSet activation snapshot:
[10:51]   ON   ThingStep Threads
[10:51]   ON   ThingBrownian Threads
[10:51]   ON   Myosin Threads
[10:51]   OFF  MyoDimer Threads
[10:51]   ON   Protein Node Threads
[10:51]   OFF  MyoMiniFil Threads
[10:51]   OFF  Chamber Myo Threads
[10:51]   OFF  Chamber MyoDimer Threads
[10:51]   ON   Mesh Threads
[10:51]   ON   Ck Mesh Threads
[10:51]   ON   Ck Mots Threads
[10:51]   OFF  XLink Threads
[10:51]   OFF  Arp23 Threads
[10:51]   OFF  NodeLink Threads
[10:51]   ON   Membrane Node Threads
[10:51]   OFF  ActA Threads
[10:51]   ON   MotorBindGrid3D Fill
[10:51] [phase-plan] 9 active, 8 inert (will skip dispatch)
ThreeJSWriter: created directory /home/jba/Code/threejs_output/dend_s3
ThreeJSWriter: output directory /home/jba/Code/threejs_output/dend_s3
ThreeJSWriter: archived 5 source files to source.zip
ThreeJSWriter: wrote params_input.dend_s3
ThreeJSWriter: wrote params_effective.txt (357 parameters)
[DTS-E] step 0  E bend=2.514e-18 area=5.242e-42 vol=3.550e-43 tot=2.514e-18 J   A=18.0739/18.0739  V=7.2226/7.2226 um  |F|max=8.81e-14 N
[DTS-ARP] step 0  maxConc=1.0000  meanConc=0.0169  spread=81/2562 verts >1%
[DTS-FORMIN] step 0  mothers nucleated=0  pool remaining=36.0 over 36 hot verts
[FLIP] step 0 membrane#0 flips=0/7680 verify=true
[GATHER] call=1000 totalDirty=0 maxThread=0 cumAvg=1358.6 cumMaxPerThread=426
[DTS-E] step 500  E bend=2.584e-18 area=1.462e-22 vol=1.306e-21 tot=2.585e-18 J   A=18.0741/18.0739  V=7.2214/7.2226 um  |F|max=2.87e-12 N
[DTS-ARP] step 500  maxConc=1.0000  meanConc=0.0805  spread=1488/2562 verts >1%
[DTS-FORMIN] step 500  mothers nucleated=10  pool remaining=26.0 over 26 hot verts
[FLIP] step 500 membrane#0 flips=0/7680 verify=true
[DTS-ACTIN] step 500  filaments contacting membrane = 6 / 12
[GATHER] call=2000 totalDirty=0 maxThread=0 cumAvg=1361.3 cumMaxPerThread=426
[DTS-E] step 1000  E bend=2.575e-18 area=1.164e-22 vol=1.588e-21 tot=2.577e-18 J   A=18.0741/18.0739  V=7.2213/7.2226 um  |F|max=2.07e-12 N
[DTS-ARP] step 1000  maxConc=1.0000  meanConc=0.0806  spread=1489/2562 verts >1%
[DTS-FORMIN] step 1000  mothers nucleated=14  pool remaining=22.0 over 22 hot verts
[FLIP] step 1000 membrane#0 flips=0/7680 verify=true
[DTS-BRANCH] step 1000  fils=16 nearCortex=16 rejBorn=0  totalBranches=2
[DTS-ACTIN] step 1000  filaments contacting membrane = 8 / 16
[GATHER] call=3000 totalDirty=0 maxThread=0 cumAvg=1363.5 cumMaxPerThread=426
[DTS-E] step 1500  E bend=2.597e-18 area=2.284e-21 vol=2.411e-21 tot=2.601e-18 J   A=18.0747/18.0739  V=7.2210/7.2226 um  |F|max=2.22e-12 N
[DTS-ARP] step 1500  maxConc=1.0000  meanConc=0.0806  spread=1489/2562 verts >1%
[DTS-FORMIN] step 1500  mothers nucleated=16  pool remaining=20.0 over 20 hot verts
[FLIP] step 1500 membrane#0 flips=0/7680 verify=true
[DTS-ACTIN] step 1500  filaments contacting membrane = 8 / 19
[GATHER] call=4000 totalDirty=0 maxThread=0 cumAvg=1365.6 cumMaxPerThread=428
Sim. time=00.02....~10.50 minutes computation to simulate 1 sec, run finished in ~00.02 hours
[DTS-E] step 2000  E bend=2.624e-18 area=3.273e-21 vol=3.625e-21 tot=2.631e-18 J   A=18.0748/18.0739  V=7.2206/7.2226 um  |F|max=3.40e-12 N
[DTS-ARP] step 2000  maxConc=1.0000  meanConc=0.0806  spread=1489/2562 verts >1%
[DTS-FORMIN] step 2000  mothers nucleated=21  pool remaining=15.0 over 15 hot verts
[FLIP] step 2000 membrane#0 flips=0/7680 verify=true
[DTS-BRANCH] step 2000  fils=25 nearCortex=25 rejBorn=0  totalBranches=4
[DTS-ACTIN] step 2000  filaments contacting membrane = 8 / 25
[GATHER] call=5000 totalDirty=0 maxThread=0 cumAvg=1368.9 cumMaxPerThread=436
[DTS-E] step 2500  E bend=2.654e-18 area=3.975e-21 vol=6.554e-21 tot=2.665e-18 J   A=18.0749/18.0739  V=7.2200/7.2226 um  |F|max=3.91e-12 N
[DTS-ARP] step 2500  maxConc=1.0000  meanConc=0.0806  spread=1489/2562 verts >1%
[DTS-FORMIN] step 2500  mothers nucleated=23  pool remaining=13.0 over 13 hot verts
[FLIP] step 2500 membrane#0 flips=0/7680 verify=true
[DTS-ACTIN] step 2500  filaments contacting membrane = 11 / 28
[GATHER] call=6000 totalDirty=0 maxThread=0 cumAvg=1372.4 cumMaxPerThread=440
[DTS-E] step 3000  E bend=2.674e-18 area=3.034e-21 vol=1.067e-20 tot=2.688e-18 J   A=18.0748/18.0739  V=7.2193/7.2226 um  |F|max=4.00e-12 N
[DTS-ARP] step 3000  maxConc=1.0000  meanConc=0.0806  spread=1489/2562 verts >1%
[DTS-FORMIN] step 3000  mothers nucleated=24  pool remaining=12.0 over 12 hot verts
[FLIP] step 3000 membrane#0 flips=0/7680 verify=true
[DTS-BRANCH] step 3000  fils=30 nearCortex=30 rejBorn=0  totalBranches=6
[DTS-ACTIN] step 3000  filaments contacting membrane = 13 / 30
[RATCHET] poly vs gap g to membrane (delta=monomer, f=1.50e-12 N). meanFactor=closure output; relRate=realized:
  g<0 (overlap)  samples=368       events=13       meanFactor=0.374  relRate=0.378
  0.0-0.2d       samples=2         events=0        meanFactor=0.440  relRate=0.000
  0.2-0.4d       samples=2         events=0        meanFactor=0.517  relRate=0.000
  0.4-0.6d       samples=3         events=0        meanFactor=0.622  relRate=0.000
  0.6-0.8d       samples=1         events=0        meanFactor=0.701  relRate=0.000
  0.8-1.0d       samples=0         events=0        meanFactor=0.000  relRate=0.000
  1-2d           samples=0         events=0        meanFactor=0.000  relRate=0.000
  g>=2d (free)   samples=171       events=16       meanFactor=1.000  relRate=1.000
  TOTAL eligible tip-fires=547  poly events=29  (boundary g<delta share=68.7%)
[GATHER] call=7000 totalDirty=0 maxThread=0 cumAvg=1376.3 cumMaxPerThread=443
[DTS-E] step 3500  E bend=2.695e-18 area=3.984e-21 vol=1.395e-20 tot=2.713e-18 J   A=18.0749/18.0739  V=7.2188/7.2226 um  |F|max=3.81e-12 N
[DTS-ARP] step 3500  maxConc=1.0000  meanConc=0.0807  spread=1489/2562 verts >1%
[DTS-FORMIN] step 3500  mothers nucleated=27  pool remaining=9.0 over 9 hot verts
[FLIP] step 3500 membrane#0 flips=0/7680 verify=true
[DTS-ACTIN] step 3500  filaments contacting membrane = 14 / 33
[GATHER] call=8000 totalDirty=0 maxThread=0 cumAvg=1380.2 cumMaxPerThread=450
Sim. time=00.04....~09.05 minutes computation to simulate 1 sec, run finished in ~00.01 hours
[DTS-E] step 4000  E bend=2.835e-18 area=2.844e-21 vol=3.721e-20 tot=2.875e-18 J   A=18.0748/18.0739  V=7.2164/7.2226 um  |F|max=4.74e-12 N
[DTS-ARP] step 4000  maxConc=1.0000  meanConc=0.0809  spread=1493/2562 verts >1%
[DTS-FORMIN] step 4000  mothers nucleated=29  pool remaining=7.0 over 7 hot verts
[FLIP] step 4000 membrane#0 flips=0/7680 verify=true
[DTS-BRANCH] step 4000  fils=40 nearCortex=38 rejBorn=0  totalBranches=11
[DTS-ACTIN] step 4000  filaments contacting membrane = 19 / 40
[GATHER] call=9000 totalDirty=0 maxThread=0 cumAvg=1384.2 cumMaxPerThread=452
[DTS-E] step 4500  E bend=2.855e-18 area=3.617e-21 vol=5.463e-20 tot=2.914e-18 J   A=18.0749/18.0739  V=7.2150/7.2226 um  |F|max=4.11e-12 N
[DTS-ARP] step 4500  maxConc=1.0000  meanConc=0.0824  spread=1500/2562 verts >1%
[DTS-FORMIN] step 4500  mothers nucleated=31  pool remaining=5.0 over 5 hot verts
[FLIP] step 4500 membrane#0 flips=0/7680 verify=true
[DTS-ACTIN] step 4500  filaments contacting membrane = 20 / 46
[GATHER] call=10000 totalDirty=0 maxThread=0 cumAvg=1387.8 cumMaxPerThread=453
[DTS-E] step 5000  E bend=2.861e-18 area=6.421e-21 vol=7.379e-20 tot=2.941e-18 J   A=18.0752/18.0739  V=7.2138/7.2226 um  |F|max=4.00e-12 N
[DTS-ARP] step 5000  maxConc=1.0000  meanConc=0.0840  spread=1500/2562 verts >1%
[DTS-FORMIN] step 5000  mothers nucleated=34  pool remaining=2.0 over 2 hot verts
[FLIP] step 5000 membrane#0 flips=2/7680 verify=true
[DTS-BRANCH] step 5000  fils=54 nearCortex=49 rejBorn=0  totalBranches=20
[DTS-ACTIN] step 5000  filaments contacting membrane = 21 / 54
[GATHER] call=11000 totalDirty=0 maxThread=0 cumAvg=1390.7 cumMaxPerThread=453
[DTS-E] step 5500  E bend=2.891e-18 area=6.414e-21 vol=1.105e-19 tot=3.008e-18 J   A=18.0752/18.0739  V=7.2119/7.2226 um  |F|max=4.37e-12 N
[DTS-ARP] step 5500  maxConc=1.0000  meanConc=0.0851  spread=1518/2562 verts >1%
[DTS-FORMIN] step 5500  mothers nucleated=34  pool remaining=2.0 over 2 hot verts
[FLIP] step 5500 membrane#0 flips=3/7680 verify=true
[DTS-ACTIN] step 5500  filaments contacting membrane = 21 / 56
[GATHER] call=12000 totalDirty=0 maxThread=0 cumAvg=1393.1 cumMaxPerThread=454
Sim. time=00.06....~09.50 minutes computation to simulate 1 sec, run finished in ~00.01 hours
[DTS-E] step 6000  E bend=2.921e-18 area=1.083e-20 vol=1.415e-19 tot=3.074e-18 J   A=18.0756/18.0739  V=7.2104/7.2226 um  |F|max=4.13e-12 N
[DTS-ARP] step 6000  maxConc=1.0000  meanConc=0.0862  spread=1516/2562 verts >1%
[DTS-FORMIN] step 6000  mothers nucleated=35  pool remaining=1.0 over 1 hot verts
[FLIP] step 6000 membrane#0 flips=0/7680 verify=true
[DTS-BRANCH] step 6000  fils=63 nearCortex=61 rejBorn=0  totalBranches=29
[DTS-ACTIN] step 6000  filaments contacting membrane = 25 / 63
[RATCHET] poly vs gap g to membrane (delta=monomer, f=1.50e-12 N). meanFactor=closure output; relRate=realized:
  g<0 (overlap)  samples=1018      events=34       meanFactor=0.374  relRate=0.318
  0.0-0.2d       samples=5         events=0        meanFactor=0.438  relRate=0.000
  0.2-0.4d       samples=8         events=0        meanFactor=0.513  relRate=0.000
  0.4-0.6d       samples=17        events=0        meanFactor=0.619  relRate=0.000
  0.6-0.8d       samples=4         events=0        meanFactor=0.699  relRate=0.000
  0.8-1.0d       samples=5         events=0        meanFactor=0.918  relRate=0.000
  1-2d           samples=41        events=2        meanFactor=1.000  relRate=0.464
  g>=2d (free)   samples=733       events=77       meanFactor=1.000  relRate=1.000
  TOTAL eligible tip-fires=1831  poly events=113  (boundary g<delta share=57.7%)
[GATHER] call=13000 totalDirty=0 maxThread=0 cumAvg=1395.4 cumMaxPerThread=455
[DTS-E] step 6500  E bend=2.909e-18 area=1.064e-20 vol=1.677e-19 tot=3.087e-18 J   A=18.0756/18.0739  V=7.2094/7.2226 um  |F|max=4.64e-12 N
[DTS-ARP] step 6500  maxConc=1.0000  meanConc=0.0883  spread=1523/2562 verts >1%
[DTS-FORMIN] step 6500  mothers nucleated=35  pool remaining=1.0 over 1 hot verts
[FLIP] step 6500 membrane#0 flips=0/7680 verify=true
[DTS-ACTIN] step 6500  filaments contacting membrane = 26 / 66
[GATHER] call=14000 totalDirty=0 maxThread=0 cumAvg=1397.4 cumMaxPerThread=455
[DTS-E] step 7000  E bend=2.966e-18 area=1.397e-20 vol=2.367e-19 tot=3.217e-18 J   A=18.0758/18.0739  V=7.2069/7.2226 um  |F|max=5.41e-12 N
[DTS-ARP] step 7000  maxConc=1.0000  meanConc=0.0892  spread=1530/2562 verts >1%
[DTS-FORMIN] step 7000  mothers nucleated=35  pool remaining=1.0 over 1 hot verts
[FLIP] step 7000 membrane#0 flips=0/7680 verify=true
[DTS-BRANCH] step 7000  fils=74 nearCortex=69 rejBorn=0  totalBranches=40
[DTS-ACTIN] step 7000  filaments contacting membrane = 32 / 74
[GATHER] call=15000 totalDirty=0 maxThread=0 cumAvg=1399.4 cumMaxPerThread=458
[DTS-E] step 7500  E bend=2.950e-18 area=2.185e-20 vol=2.874e-19 tot=3.259e-18 J   A=18.0762/18.0739  V=7.2053/7.2226 um  |F|max=5.44e-12 N
[DTS-ARP] step 7500  maxConc=1.0000  meanConc=0.0911  spread=1545/2562 verts >1%
[DTS-FORMIN] step 7500  mothers nucleated=35  pool remaining=1.0 over 1 hot verts
[FLIP] step 7500 membrane#0 flips=2/7680 verify=true
[DTS-ACTIN] step 7500  filaments contacting membrane = 31 / 79
[GATHER] call=16000 totalDirty=0 maxThread=0 cumAvg=1401.3 cumMaxPerThread=460
Sim. time=00.08....~09.99 minutes computation to simulate 1 sec, run finished in ~00.01 hours
[DTS-E] step 8000  E bend=2.958e-18 area=1.312e-20 vol=3.665e-19 tot=3.337e-18 J   A=18.0757/18.0739  V=7.2030/7.2226 um  |F|max=7.07e-12 N
[DTS-ARP] step 8000  maxConc=1.0000  meanConc=0.0910  spread=1556/2562 verts >1%
[DTS-FORMIN] step 8000  mothers nucleated=35  pool remaining=1.0 over 1 hot verts
[FLIP] step 8000 membrane#0 flips=0/7680 verify=true
[DTS-BRANCH] step 8000  fils=85 nearCortex=80 rejBorn=0  totalBranches=51
[DTS-ACTIN] step 8000  filaments contacting membrane = 34 / 85
[GATHER] call=17000 totalDirty=0 maxThread=0 cumAvg=1403.1 cumMaxPerThread=460
[DTS-E] step 8500  E bend=2.972e-18 area=1.901e-20 vol=4.290e-19 tot=3.420e-18 J   A=18.0761/18.0739  V=7.2014/7.2226 um  |F|max=6.30e-12 N
[DTS-ARP] step 8500  maxConc=1.0000  meanConc=0.0914  spread=1557/2562 verts >1%
[DTS-FORMIN] step 8500  mothers nucleated=35  pool remaining=1.0 over 1 hot verts
[FLIP] step 8500 membrane#0 flips=2/7680 verify=true
[DTS-ACTIN] step 8500  filaments contacting membrane = 33 / 90
[GATHER] call=18000 totalDirty=0 maxThread=0 cumAvg=1404.8 cumMaxPerThread=460
[DTS-E] step 9000  E bend=2.959e-18 area=1.671e-20 vol=4.669e-19 tot=3.442e-18 J   A=18.0760/18.0739  V=7.2005/7.2226 um  |F|max=5.67e-12 N
[DTS-ARP] step 9000  maxConc=1.0000  meanConc=0.0918  spread=1563/2562 verts >1%
[DTS-FORMIN] step 9000  mothers nucleated=35  pool remaining=1.0 over 1 hot verts
[FLIP] step 9000 membrane#0 flips=2/7680 verify=true
[DTS-BRANCH] step 9000  fils=101 nearCortex=97 rejBorn=0  totalBranches=67
[DTS-ACTIN] step 9000  filaments contacting membrane = 34 / 101
[RATCHET] poly vs gap g to membrane (delta=monomer, f=1.50e-12 N). meanFactor=closure output; relRate=realized:
  g<0 (overlap)  samples=2192      events=71       meanFactor=0.374  relRate=0.325
  0.0-0.2d       samples=11        events=0        meanFactor=0.420  relRate=0.000
  0.2-0.4d       samples=11        events=0        meanFactor=0.516  relRate=0.000
  0.4-0.6d       samples=19        events=0        meanFactor=0.621  relRate=0.000
  0.6-0.8d       samples=8         events=0        meanFactor=0.745  relRate=0.000
  0.8-1.0d       samples=8         events=0        meanFactor=0.918  relRate=0.000
  1-2d           samples=119       events=9        meanFactor=1.000  relRate=0.759
  g>=2d (free)   samples=1675      events=167      meanFactor=1.000  relRate=1.000
  TOTAL eligible tip-fires=4043  poly events=247  (boundary g<delta share=55.6%)
[GATHER] call=19000 totalDirty=0 maxThread=0 cumAvg=1406.2 cumMaxPerThread=460
[DTS-E] step 9500  E bend=2.936e-18 area=3.187e-20 vol=5.014e-19 tot=3.469e-18 J   A=18.0767/18.0739  V=7.1997/7.2226 um  |F|max=1.32e-11 N
[DTS-ARP] step 9500  maxConc=1.0000  meanConc=0.0921  spread=1566/2562 verts >1%
[DTS-FORMIN] step 9500  mothers nucleated=35  pool remaining=1.0 over 1 hot verts
[FLIP] step 9500 membrane#0 flips=1/7680 verify=true
[DTS-ACTIN] step 9500  filaments contacting membrane = 33 / 107
[GATHER] call=20000 totalDirty=0 maxThread=0 cumAvg=1407.4 cumMaxPerThread=460
Sim. time=00.10....~10.69 minutes computation to simulate 1 sec, run finished in ~00.00 hours
[DTS-E] step 10000  E bend=2.932e-18 area=4.020e-20 vol=5.002e-19 tot=3.472e-18 J   A=18.0771/18.0739  V=7.1997/7.2226 um  |F|max=1.20e-11 N
[DTS-ARP] step 10000  maxConc=1.0000  meanConc=0.0949  spread=1577/2562 verts >1%
[DTS-FORMIN] step 10000  mothers nucleated=36  pool remaining=0.0 over 0 hot verts
[FLIP] step 10000 membrane#0 flips=1/7680 verify=true
[DTS-BRANCH] step 10000  fils=119 nearCortex=114 rejBorn=0  totalBranches=85
[DTS-ACTIN] step 10000  filaments contacting membrane = 33 / 119
[GATHER] call=21000 totalDirty=0 maxThread=0 cumAvg=1408.4 cumMaxPerThread=460
[DTS-E] step 10500  E bend=2.904e-18 area=3.622e-20 vol=4.729e-19 tot=3.413e-18 J   A=18.0769/18.0739  V=7.2004/7.2226 um  |F|max=1.38e-11 N
[DTS-ARP] step 10500  maxConc=1.0000  meanConc=0.0964  spread=1585/2562 verts >1%
[DTS-FORMIN] step 10500  mothers nucleated=36  pool remaining=0.0 over 0 hot verts
[FLIP] step 10500 membrane#0 flips=2/7680 verify=true
[DTS-ACTIN] step 10500  filaments contacting membrane = 37 / 127
[GATHER] call=22000 totalDirty=0 maxThread=0 cumAvg=1409.2 cumMaxPerThread=460
[DTS-E] step 11000  E bend=2.875e-18 area=4.679e-20 vol=4.815e-19 tot=3.403e-18 J   A=18.0773/18.0739  V=7.2002/7.2226 um  |F|max=6.88e-12 N
[DTS-ARP] step 11000  maxConc=1.0000  meanConc=0.0964  spread=1585/2562 verts >1%
[DTS-FORMIN] step 11000  mothers nucleated=36  pool remaining=0.0 over 0 hot verts
[FLIP] step 11000 membrane#0 flips=2/7680 verify=true
[DTS-BRANCH] step 11000  fils=140 nearCortex=133 rejBorn=0  totalBranches=106
[DTS-ACTIN] step 11000  filaments contacting membrane = 33 / 140
[GATHER] call=23000 totalDirty=0 maxThread=0 cumAvg=1410.0 cumMaxPerThread=460
[DTS-E] step 11500  E bend=2.916e-18 area=4.744e-20 vol=5.534e-19 tot=3.517e-18 J   A=18.0773/18.0739  V=7.1986/7.2226 um  |F|max=1.02e-11 N
[DTS-ARP] step 11500  maxConc=1.0000  meanConc=0.0968  spread=1588/2562 verts >1%
[DTS-FORMIN] step 11500  mothers nucleated=36  pool remaining=0.0 over 0 hot verts
[FLIP] step 11500 membrane#0 flips=1/7680 verify=true
[DTS-ACTIN] step 11500  filaments contacting membrane = 36 / 157
[GATHER] call=24000 totalDirty=0 maxThread=0 cumAvg=1410.7 cumMaxPerThread=460
Sim. time=00.12....~11.67 minutes computation to simulate 1 sec, run finished in ~00.00 hours
[DTS-E] step 12000  E bend=2.879e-18 area=5.383e-20 vol=5.482e-19 tot=3.481e-18 J   A=18.0776/18.0739  V=7.1987/7.2226 um  |F|max=8.78e-12 N
[DTS-ARP] step 12000  maxConc=1.0000  meanConc=0.0977  spread=1594/2562 verts >1%
[DTS-FORMIN] step 12000  mothers nucleated=36  pool remaining=0.0 over 0 hot verts
[FLIP] step 12000 membrane#0 flips=2/7680 verify=true
[DTS-BRANCH] step 12000  fils=172 nearCortex=163 rejBorn=0  totalBranches=138
[DTS-ACTIN] step 12000  filaments contacting membrane = 39 / 172
[RATCHET] poly vs gap g to membrane (delta=monomer, f=1.50e-12 N). meanFactor=closure output; relRate=realized:
  g<0 (overlap)  samples=4004      events=113      meanFactor=0.374  relRate=0.291
  0.0-0.2d       samples=30        events=2        meanFactor=0.419  relRate=0.687
  0.2-0.4d       samples=38        events=0        meanFactor=0.505  relRate=0.000
  0.4-0.6d       samples=36        events=0        meanFactor=0.621  relRate=0.000
  0.6-0.8d       samples=24        events=1        meanFactor=0.734  relRate=0.429
  0.8-1.0d       samples=19        events=1        meanFactor=0.919  relRate=0.542
  1-2d           samples=249       events=20       meanFactor=1.000  relRate=0.828
  g>=2d (free)   samples=3143      events=305      meanFactor=1.000  relRate=1.000
  TOTAL eligible tip-fires=7543  poly events=442  (boundary g<delta share=55.0%)
collisionTime = 0.0
myosinTime = 0.0
[STATS] bindEvents=0
[STATS] filLinks=0 (active=0 inactive=0)
[STATS] linkCtMean=0.00 (samples=12101) linkCtMeanSettled=0.00 (samples=6102) finalActive=0
[STATS] filFilBroadphase active=false filsegMeshFillSkipped=0 candPairs=0 candMaxPerSeg=0 overflowSegs=0 drainCalls=0
[STATS] fActin segs=178 monomers=1025 fActinUM=0.00 meanSegLenUM=0.018 freePoolUM=8.00
[STATS] mem usedHeapMB=1559.9 maxHeapMB=5368.7
[STATS] percolation filaments=178 activeLinks=0 linksPerFil=0.000 largestComp=1 (0.6% of fils) spanX=0.00 spanY=0.00 spanZ=0.00 spanFrac=0.00 percolates=false
[A3] cpuFallback histogram (last classify): thingCt=0 cpuFb total=0 { FilSeg=0 MyoMini=0 ProteinNode=0 Chamber=0 other=0 }
[A3] dimer cohesion dispatch: device(noop)=0 cpu(work)=0  | body↔rod constrain: device(noop)=0 cpu(work)=0  | updateMyosins(host-bookkeeping)=0
[NODE] cpuNodeTetherApplyCt=0 (must be 0 on GPU node path)
[STATS] checkBugInsideFireCt=0
[STATS] addLinkForcesFireCt=0
[STATS] addTorsionFireCt=0
[STATS] meshFillFilSegFireCt=0
[STATS] meshAllSegsFireCt=0
[STATS] mbg3dFillFilSegFireCt=0
[STATS] updatePosFromBindFireCt=0
[STATS] updatePosFromStepFireCt=0
[STATS] validateSegFireCt=0
[STATS] anchorFireCt=0
[STATS] filSegInitFireCt=0
[STATS] motorInitFireCt=0
[STATS] meanBoundMotors=0.000
ThingStep Threads took 12.374000 seconds.
ThingBrownian Threads took 2.887000 seconds.
Myosin Threads took 0.000000 seconds.
MyoDimer Threads took 0.000000 seconds.
Protein Node Threads took 1.817000 seconds.
MyoMiniFil Threads took 0.000000 seconds.
Chamber Myo Threads took 0.000000 seconds.
Chamber MyoDimer Threads took 0.000000 seconds.
Mesh Threads took 5.023000 seconds.
Ck Mesh Threads took 6.861000 seconds.
Ck Mots Threads took 0.000000 seconds.
XLink Threads took 0.000000 seconds.
Arp23 Threads took 0.889000 seconds.
NodeLink Threads took 0.000000 seconds.
Membrane Node Threads took 1.821000 seconds.
ActA Threads took 0.000000 seconds.
MotorBindGrid3D Fill took 1.924000 seconds.
Finished closing JSON plots!
