[TELEPORT_DIAG] enabled=false threshold=0.1
Loading parameter values from /tmp/dend_s5...
     Parameter assigned: buildDtsMembrane set to true
     Parameter assigned: dtsMembraneSubdiv set to 4
     Parameter assigned: dtsMembraneRadius set to 1.2
     Parameter assigned: dtsVertexRadiusFrac set to 0.5
     Parameter assigned: dtsKappaBend set to 1.0E-19
     Parameter assigned: dtsKappaArea set to 0.15
     Parameter assigned: dtsKappaVolume set to 1.0E-13
     Parameter assigned: dtsTargetReducedVol set to 1.0
     Parameter assigned: dtsMaxDispFrac set to 0.2
     Parameter assigned: dtsBrownianOff set to true
     Parameter assigned: dtsAnchorStiffness set to 0.015
     Parameter assigned: dtsArpOn set to true
     Parameter assigned: dtsArpHotPatches set to 3
     Parameter assigned: dtsArpHotPatchDeg set to 8.0
     Parameter assigned: dtsArpDiffusion set to 0.1
     Parameter assigned: dtsArpDecay set to 0.015
     Parameter assigned: dtsForminOn set to true
     Parameter assigned: dtsForminGrowOut set to true
     Parameter assigned: dtsForminPool set to 1.0
     Parameter assigned: dtsForminConsume set to 1.0
     Parameter assigned: dtsForminNucRate set to 50.0
     Parameter assigned: dtsForminRecover set to 0.0
     Parameter assigned: forminRelease set to 0.0
     Parameter assigned: forminBarbedBrownianFactor set to 0.05
     Parameter assigned: dtsForminStandoff set to 0.05
     Parameter assigned: actinSeed set to 5
     Parameter assigned: arpTransFracMove set to 1.0
     Parameter assigned: arpSubcycleN set to 10
     Parameter assigned: filDragMinMonomers set to 200
     Parameter assigned: arpDaughterBrownianFactor set to 1.0
     Parameter assigned: dtsBranchOn set to true
     Parameter assigned: dtsBranchRate set to 20.0
     Parameter assigned: dtsArpConsumePerBranch set to 0.05
     Parameter assigned: dtsMaxFilaments set to 400
     Parameter assigned: dtsActinCollide set to true
     Parameter assigned: dtsRatchetForce set to 0.0
     Parameter assigned: ratchetOn set to true
     Parameter assigned: ratchetForce set to 1.5E-12
     Parameter assigned: dtsActinPushMax set to 5.0E-12
     Parameter assigned: actinConc set to 8.0
     Parameter assigned: filTipRadiusForCollision set to 0.04
     Parameter assigned: deltaT set to 1.0E-5
     Parameter assigned: collisionDeltaT set to 1.0E-5
     No match found for parameter label brownianDeltaT ... you best check that out!
     Parameter assigned: biochemDeltaT set to 0.001
     Parameter assigned: runTime set to 0.12
     Parameter assigned: toFileInterval set to 120
     Parameter assigned: remoteWriteInterval set to 2000
     Parameter assigned: boxXDim set to 5.0
     Parameter assigned: boxYDim set to 5.0
     Parameter assigned: boxZDim set to 5.0
     Parameter assigned: aeta set to 0.1
     Parameter assigned: simOutsideBug set to false
     Parameter assigned: initialFilaments set to 0
     Parameter assigned: initialMyoMiniFils set to 0
     Parameter assigned: equilNodes set to 0
     Parameter assigned: fillNodeCt set to 0
     Parameter assigned: buildBranchedFils set to false
     Parameter assigned: buildMembraneSheet set to false
     Parameter assigned: buildMembraneSphere set to false
     Parameter assigned: forminConc set to 0.0
     Parameter assigned: arpConc set to 0.0
Done... there were 1 misunderstandings.
[RNG] per-worker RNG pool: 17 MTFs, masterSeed=7001910132167781467 (BOA_RNG_SEED unset)
[DTS-HOT] 3 NPF patches, 36 hot vertices of 2562
[DTS] membrane #0 built: nu=4  nv=2562  nf=5120  ne=7680  maxVal=12  R=1.200 um  l0=0.0906 um  rVert=0.0453 um  A0=18.0739 um^2  V0=7.2226 um^3
[DTS]   continuum sphere: A=18.0956 (mesh 99.9%)  V=7.2382 (mesh 99.8%)
**************************************************************
Eulerian Mesh stats:
nXBins = 26; xBinWidth = 0.2 µm
nYBins = 26; yBinWidth = 0.2 µm
binDepth = 1000
**************************************************************
MotorBindGrid3D: 26 x 26 x 26 cells (0.2 µm each)
[10:51] [phase-plan] inert-wave cull — ThreadSet activation snapshot:
[10:51]   ON   ThingStep Threads
[10:51]   ON   ThingBrownian Threads
[10:51]   ON   Myosin Threads
[10:51]   OFF  MyoDimer Threads
[10:51]   ON   Protein Node Threads
[10:51]   OFF  MyoMiniFil Threads
[10:51]   OFF  Chamber Myo Threads
[10:51]   OFF  Chamber MyoDimer Threads
[10:51]   ON   Mesh Threads
[10:51]   ON   Ck Mesh Threads
[10:51]   ON   Ck Mots Threads
[10:51]   OFF  XLink Threads
[10:51]   OFF  Arp23 Threads
[10:51]   OFF  NodeLink Threads
[10:51]   ON   Membrane Node Threads
[10:51]   OFF  ActA Threads
[10:51]   ON   MotorBindGrid3D Fill
[10:51] [phase-plan] 9 active, 8 inert (will skip dispatch)
ThreeJSWriter: created directory /home/jba/Code/threejs_output/dend_s5
ThreeJSWriter: output directory /home/jba/Code/threejs_output/dend_s5
ThreeJSWriter: archived 5 source files to source.zip
ThreeJSWriter: wrote params_input.dend_s5
ThreeJSWriter: wrote params_effective.txt (357 parameters)
[DTS-E] step 0  E bend=2.514e-18 area=5.242e-42 vol=3.550e-43 tot=2.514e-18 J   A=18.0739/18.0739  V=7.2226/7.2226 um  |F|max=8.81e-14 N
[DTS-ARP] step 0  maxConc=1.0000  meanConc=0.0169  spread=81/2562 verts >1%
[DTS-FORMIN] step 0  mothers nucleated=0  pool remaining=36.0 over 36 hot verts
[FLIP] step 0 membrane#0 flips=0/7680 verify=true
[GATHER] call=1000 totalDirty=0 maxThread=0 cumAvg=1356.0 cumMaxPerThread=426
[DTS-E] step 500  E bend=2.525e-18 area=1.029e-22 vol=5.287e-23 tot=2.526e-18 J   A=18.0738/18.0739  V=7.2224/7.2226 um  |F|max=1.11e-12 N
[DTS-ARP] step 500  maxConc=1.0000  meanConc=0.0805  spread=1488/2562 verts >1%
[DTS-FORMIN] step 500  mothers nucleated=6  pool remaining=30.0 over 30 hot verts
[FLIP] step 500 membrane#0 flips=0/7680 verify=true
[DTS-ACTIN] step 500  filaments contacting membrane = 4 / 6
[GATHER] call=2000 totalDirty=0 maxThread=0 cumAvg=1358.8 cumMaxPerThread=426
[DTS-E] step 1000  E bend=2.546e-18 area=1.317e-22 vol=7.119e-23 tot=2.546e-18 J   A=18.0741/18.0739  V=7.2223/7.2226 um  |F|max=1.42e-12 N
[DTS-ARP] step 1000  maxConc=1.0000  meanConc=0.0806  spread=1489/2562 verts >1%
[DTS-FORMIN] step 1000  mothers nucleated=14  pool remaining=22.0 over 22 hot verts
[FLIP] step 1000 membrane#0 flips=0/7680 verify=true
[DTS-BRANCH] step 1000  fils=14 nearCortex=14 rejBorn=0  totalBranches=0
[DTS-ACTIN] step 1000  filaments contacting membrane = 6 / 14
[GATHER] call=3000 totalDirty=0 maxThread=0 cumAvg=1362.2 cumMaxPerThread=426
[DTS-E] step 1500  E bend=2.586e-18 area=2.291e-21 vol=2.332e-22 tot=2.589e-18 J   A=18.0747/18.0739  V=7.2221/7.2226 um  |F|max=3.05e-12 N
[DTS-ARP] step 1500  maxConc=1.0000  meanConc=0.0806  spread=1489/2562 verts >1%
[DTS-FORMIN] step 1500  mothers nucleated=19  pool remaining=17.0 over 17 hot verts
[FLIP] step 1500 membrane#0 flips=0/7680 verify=true
[DTS-ACTIN] step 1500  filaments contacting membrane = 6 / 20
[GATHER] call=4000 totalDirty=0 maxThread=0 cumAvg=1365.3 cumMaxPerThread=426
Sim. time=00.02....~10.46 minutes computation to simulate 1 sec, run finished in ~00.02 hours
[DTS-E] step 2000  E bend=2.698e-18 area=3.671e-21 vol=5.067e-21 tot=2.707e-18 J   A=18.0749/18.0739  V=7.2203/7.2226 um  |F|max=4.64e-12 N
[DTS-ARP] step 2000  maxConc=1.0000  meanConc=0.0806  spread=1489/2562 verts >1%
[DTS-FORMIN] step 2000  mothers nucleated=23  pool remaining=13.0 over 13 hot verts
[FLIP] step 2000 membrane#0 flips=0/7680 verify=true
[DTS-BRANCH] step 2000  fils=27 nearCortex=23 rejBorn=0  totalBranches=4
[DTS-ACTIN] step 2000  filaments contacting membrane = 8 / 27
[GATHER] call=5000 totalDirty=0 maxThread=0 cumAvg=1368.7 cumMaxPerThread=435
[DTS-E] step 2500  E bend=2.702e-18 area=2.798e-21 vol=9.036e-21 tot=2.714e-18 J   A=18.0748/18.0739  V=7.2195/7.2226 um  |F|max=4.41e-12 N
[DTS-ARP] step 2500  maxConc=1.0000  meanConc=0.0809  spread=1494/2562 verts >1%
[DTS-FORMIN] step 2500  mothers nucleated=25  pool remaining=11.0 over 11 hot verts
[FLIP] step 2500 membrane#0 flips=0/7680 verify=true
[DTS-ACTIN] step 2500  filaments contacting membrane = 9 / 35
[GATHER] call=6000 totalDirty=0 maxThread=0 cumAvg=1372.2 cumMaxPerThread=441
[DTS-E] step 3000  E bend=2.759e-18 area=3.081e-21 vol=1.606e-20 tot=2.779e-18 J   A=18.0748/18.0739  V=7.2185/7.2226 um  |F|max=5.14e-12 N
[DTS-ARP] step 3000  maxConc=1.0000  meanConc=0.0808  spread=1492/2562 verts >1%
[DTS-FORMIN] step 3000  mothers nucleated=28  pool remaining=8.0 over 8 hot verts
[FLIP] step 3000 membrane#0 flips=1/7680 verify=true
[DTS-BRANCH] step 3000  fils=41 nearCortex=38 rejBorn=0  totalBranches=13
[DTS-ACTIN] step 3000  filaments contacting membrane = 13 / 41
[RATCHET] poly vs gap g to membrane (delta=monomer, f=1.50e-12 N). meanFactor=closure output; relRate=realized:
  g<0 (overlap)  samples=349       events=18       meanFactor=0.374  relRate=0.696
  0.0-0.2d       samples=2         events=0        meanFactor=0.384  relRate=0.000
  0.2-0.4d       samples=1         events=0        meanFactor=0.457  relRate=0.000
  0.4-0.6d       samples=3         events=0        meanFactor=0.622  relRate=0.000
  0.6-0.8d       samples=2         events=1        meanFactor=0.746  relRate=6.750
  0.8-1.0d       samples=1         events=0        meanFactor=0.996  relRate=0.000
  1-2d           samples=2         events=0        meanFactor=1.000  relRate=0.000
  g>=2d (free)   samples=243       events=18       meanFactor=1.000  relRate=1.000
  TOTAL eligible tip-fires=603  poly events=37  (boundary g<delta share=59.4%)
[GATHER] call=7000 totalDirty=0 maxThread=0 cumAvg=1375.5 cumMaxPerThread=446
[DTS-E] step 3500  E bend=2.847e-18 area=1.924e-21 vol=4.110e-20 tot=2.890e-18 J   A=18.0746/18.0739  V=7.2160/7.2226 um  |F|max=4.29e-12 N
[DTS-ARP] step 3500  maxConc=1.0000  meanConc=0.0806  spread=1489/2562 verts >1%
[DTS-FORMIN] step 3500  mothers nucleated=29  pool remaining=7.0 over 7 hot verts
[FLIP] step 3500 membrane#0 flips=0/7680 verify=true
[DTS-ACTIN] step 3500  filaments contacting membrane = 17 / 49
[GATHER] call=8000 totalDirty=0 maxThread=0 cumAvg=1378.8 cumMaxPerThread=456
Sim. time=00.04....~09.21 minutes computation to simulate 1 sec, run finished in ~00.01 hours
[DTS-E] step 4000  E bend=2.919e-18 area=8.024e-21 vol=6.648e-20 tot=2.993e-18 J   A=18.0753/18.0739  V=7.2143/7.2226 um  |F|max=4.68e-12 N
[DTS-ARP] step 4000  maxConc=1.0000  meanConc=0.0812  spread=1496/2562 verts >1%
[DTS-FORMIN] step 4000  mothers nucleated=32  pool remaining=4.0 over 4 hot verts
[FLIP] step 4000 membrane#0 flips=0/7680 verify=true
[DTS-BRANCH] step 4000  fils=54 nearCortex=52 rejBorn=0  totalBranches=22
[DTS-ACTIN] step 4000  filaments contacting membrane = 21 / 54
