WARNING: Using incubator modules: jdk.incubator.vector
[TELEPORT_DIAG] enabled=false threshold=0.1
Loading parameter values from /home/jba/Code/BoA/RUN_LOGS/2026-06-08_scaling_study/0.5x_gpu_K2.pf...
     Parameter assigned: deltaT set to 1.0E-5
     Parameter assigned: biochemDeltaT set to 0.01
     Parameter assigned: collisionDeltaT set to 1.0E-5
     Parameter assigned: brownianDeltaT set to 1.0E-5
     Parameter assigned: runTime set to 0.02
     Parameter assigned: toFileInterval set to 5000
     Parameter assigned: remoteWriteInterval set to 1000
     Parameter assigned: fracMove set to 0.5
     Parameter assigned: fracR set to 0.1
     Parameter assigned: fracMoveTorq set to 0.2
     Parameter assigned: boxXDim set to 9.899
     Parameter assigned: boxYDim set to 9.899
     Parameter assigned: boxZDim set to 0.5
     Parameter assigned: aeta set to 0.1
     Parameter assigned: noMonomersSimd set to true
     Parameter assigned: kRdmNuc set to 0.0
     Parameter assigned: kNodeNuc set to 0.0
     Parameter assigned: initialFilaments set to 200
     Parameter assigned: minFilLength set to 1.0
     Parameter assigned: maxFilLength set to 3.0
     Parameter assigned: initialMyoMiniFils set to 0
     Parameter assigned: equilNodes set to 0
     Parameter assigned: glidingAssay set to true
     Parameter assigned: externalDensitySweep set to true
     Parameter assigned: fixedMyosinDensity set to 500.0
     Parameter assigned: fixedMyosinZValue set to -0.05
     Parameter assigned: glidingFilamentLength set to 2.0
     Parameter assigned: filSegLength set to 64
Done... there were 0 misunderstandings.
**************************************************************
Eulerian Mesh stats:
nXBins = 51; xBinWidth = 0.2 Âµm
nYBins = 51; yBinWidth = 0.2 Âµm
binDepth = 1000
**************************************************************
MotorBindGrid3D: 51 x 51 x 4 cells (0.2 Âµm each)
GPUMoveThing: slotCap=294374 myoCap=97990 moveBlock=64 jointBlock=64 runSeed=1133744416 nWorkers=16
[GATHER] call=1000 totalDirty=0 maxThread=0 cumAvg=1.1 cumMaxPerThread=2
[GATHER] call=2000 totalDirty=0 maxThread=0 cumAvg=1.0 cumMaxPerThread=2
Sim. time=00.01....~99.53 minutes computation to simulate 1 sec, run finished in ~00.02 hours
[GATHER] call=3000 totalDirty=0 maxThread=0 cumAvg=1.0 cumMaxPerThread=2
[GATHER] call=4000 totalDirty=0 maxThread=0 cumAvg=1.0 cumMaxPerThread=2
Sim. time=00.02....~90.28 minutes computation to simulate 1 sec, run finished in ~00.00 hours
collisionTime = 0.0
myosinTime = 0.0
[STATS] bindEvents=4523
[STATS] checkBugInsideFireCt=0
[STATS] addLinkForcesFireCt=0
[STATS] addTorsionFireCt=0
[STATS] meshFillFilSegFireCt=4734659
[STATS] meshAllSegsFireCt=0
[STATS] mbg3dFillFilSegFireCt=0
[STATS] updatePosFromBindFireCt=4523
[STATS] updatePosFromStepFireCt=0
[STATS] validateSegFireCt=442346
[STATS] anchorFireCt=0
[STATS] filSegInitFireCt=4463
[STATS] motorInitFireCt=48995
[STATS] meanBoundMotors=211.609
[STATS] gpuMotorBinding total=0.248s calls=2101 pack=0.071s gridPack=0.000s exec=0.000s unpack=0.248s
[STATS] gpuMoveThing total=58.085s calls=2101 slotPack=15.611s jointPack=6.648s exec=32.838s unpack=2.982s
[STATS] gpuMoveThing demandSyncPose=0.025s(calls=1) demandSyncDerived=0.013s(calls=1) planRebuild=1
[STATS] gpuMoveThing poseDelta avg=4262.00 max=402 sum=4262 fresh=1 overflow=0 cap=4096
[STATS] glidingVelocity=0.0000
ThingStep Threads took 22.370000 seconds.
ThingBrownian Threads took 2.991000 seconds.
Myosin Threads took 1.589000 seconds.
MyoDimer Threads took 0.000000 seconds.
Protein Node Threads took 0.000000 seconds.
MyoMiniFil Threads took 0.000000 seconds.
Chamber Myo Threads took 0.000000 seconds.
Chamber MyoDimer Threads took 0.000000 seconds.
Mesh Threads took 6.836000 seconds.
Ck Mesh Threads took 2.259000 seconds.
Ck Mots Threads took 0.000000 seconds.
XLink Threads took 1.130000 seconds.
Arp23 Threads took 0.000000 seconds.
NodeLink Threads took 0.000000 seconds.
Membrane Node Threads took 0.000000 seconds.
ActA Threads took 0.000000 seconds.
MotorBindGrid3D Fill took 0.000000 seconds.
Finished closing JSON plots!
