WARNING: Using incubator modules: jdk.incubator.vector
[TURNOVER] global biochem cadence ON (biochem phase-aligned; GPU pose pull at biochem+output cadence)
[TELEPORT_DIAG] enabled=false threshold=0.1
Loading parameter values from /home/jba/Code/BoA/RUN_LOGS/2026-06-08_scaling_study/12x_gpu_K2.pf...
     Parameter assigned: deltaT set to 1.0E-5
     Parameter assigned: biochemDeltaT set to 0.01
     Parameter assigned: collisionDeltaT set to 1.0E-5
     No match found for parameter label brownianDeltaT ... you best check that out!
     Parameter assigned: runTime set to 0.009
     Parameter assigned: toFileInterval set to 5000
     Parameter assigned: remoteWriteInterval set to 1000
     Parameter assigned: fracMove set to 0.5
     Parameter assigned: fracR set to 0.1
     Parameter assigned: fracMoveTorq set to 0.2
     Parameter assigned: boxXDim set to 48.497
     Parameter assigned: boxYDim set to 48.497
     Parameter assigned: boxZDim set to 0.5
     Parameter assigned: aeta set to 0.1
     Parameter assigned: noMonomersSimd set to true
     Parameter assigned: kRdmNuc set to 0.0
     Parameter assigned: kNodeNuc set to 0.0
     Parameter assigned: initialFilaments set to 4800
     Parameter assigned: minFilLength set to 1.0
     Parameter assigned: maxFilLength set to 3.0
     Parameter assigned: initialMyoMiniFils set to 0
     Parameter assigned: equilNodes set to 0
     Parameter assigned: glidingAssay set to true
     Parameter assigned: externalDensitySweep set to true
     Parameter assigned: fixedMyosinDensity set to 500.0
     Parameter assigned: fixedMyosinZValue set to -0.05
     Parameter assigned: glidingFilamentLength set to 2.0
     Parameter assigned: filSegLength set to 64
Done... there were 1 misunderstandings.
[RNG] per-worker RNG pool: 17 MTFs, masterSeed=-3532332883146096249 (BOA_RNG_SEED unset)
**************************************************************
Eulerian Mesh stats:
nXBins = 244; xBinWidth = 0.2 µm
nYBins = 244; yBinWidth = 0.2 µm
binDepth = 1000
**************************************************************
MotorBindGrid3D: 244 x 244 x 4 cells (0.2 µm each)
[20:12] [phase-plan] inert-wave cull — ThreadSet activation snapshot:
[20:12]   ON   ThingStep Threads
[20:12]   ON   ThingBrownian Threads
[20:12]   ON   Myosin Threads
[20:12]   OFF  MyoDimer Threads
[20:12]   OFF  Protein Node Threads
[20:12]   OFF  MyoMiniFil Threads
[20:12]   OFF  Chamber Myo Threads
[20:12]   OFF  Chamber MyoDimer Threads
[20:12]   ON   Mesh Threads
[20:12]   ON   Ck Mesh Threads
[20:12]   ON   Ck Mots Threads
[20:12]   OFF  XLink Threads
[20:12]   OFF  Arp23 Threads
[20:12]   OFF  NodeLink Threads
[20:12]   OFF  Membrane Node Threads
[20:12]   OFF  ActA Threads
[20:12]   ON   MotorBindGrid3D Fill
[20:12] [phase-plan] 7 active, 10 inert (will skip dispatch)
[POSE_CHURN] sized POSE_DELTA_CAP=38408 (initialFilaments=4800, peakModel=9602, safety=4x, floor=8192)
GPUMoveThing: slotCap=7065478 myoCap=2351958 moveBlock=64 jointBlock=64 runSeed=-586083280 nWorkers=16
	[TornadoVM-PTX-JNI] ERROR : cuLaunchKernel -> Returned: 701
	[TornadoVM-PTX-JNI] ERROR : cuLaunchKernel -> Returned: 701
	[TornadoVM-PTX-JNI] ERROR : cuLaunchKernel -> Returned: 701
	[TornadoVM-PTX-JNI] ERROR : cuLaunchKernel -> Returned: 701
	[TornadoVM-PTX-JNI] ERROR : cuLaunchKernel -> Returned: 701
	[TornadoVM-PTX-JNI] ERROR : cuLaunchKernel -> Returned: 701
	[TornadoVM-PTX-JNI] ERROR : cuLaunchKernel -> Returned: 701
	[TornadoVM-PTX-JNI] ERROR : cuLaunchKernel -> Returned: 701
	[TornadoVM-PTX-JNI] ERROR : cuLaunchKernel -> Returned: 701
	[TornadoVM-PTX-JNI] ERROR : cuLaunchKernel -> Returned: 701
	[TornadoVM-PTX-JNI] ERROR : cuLaunchKernel -> Returned: 701
	[TornadoVM-PTX-JNI] ERROR : cuLaunchKernel -> Returned: 701
	[TornadoVM-PTX-JNI] ERROR : cuLaunchKernel -> Returned: 701
	[TornadoVM-PTX-JNI] ERROR : cuLaunchKernel -> Returned: 701
	[TornadoVM-PTX-JNI] ERROR : cuLaunchKernel -> Returned: 701
	[TornadoVM-PTX-JNI] ERROR : cuLaunchKernel -> Returned: 701
	[TornadoVM-PTX-JNI] ERROR : cuLaunchKernel -> Returned: 701
	[TornadoVM-PTX-JNI] ERROR : cuLaunchKernel -> Returned: 701
	[TornadoVM-PTX-JNI] ERROR : cuLaunchKernel -> Returned: 701
	[TornadoVM-PTX-JNI] ERROR : cuLaunchKernel -> Returned: 701
	[TornadoVM-PTX-JNI] ERROR : cuLaunchKernel -> Returned: 701
	[TornadoVM-PTX-JNI] ERROR : cuLaunchKernel -> Returned: 701
	[TornadoVM-PTX-JNI] ERROR : cuLaunchKernel -> Returned: 701
	[TornadoVM-PTX-JNI] ERROR : cuLaunchKernel -> Returned: 701
	[TornadoVM-PTX-JNI] ERROR : cuLaunchKernel -> Returned: 701
	[TornadoVM-PTX-JNI] ERROR : cuLaunchKernel -> Returned: 701
	[TornadoVM-PTX-JNI] ERROR : cuLaunchKernel -> Returned: 701
	[TornadoVM-PTX-JNI] ERROR : cuLaunchKernel -> Returned: 701
	[TornadoVM-PTX-JNI] ERROR : cuLaunchKernel -> Returned: 701
	[TornadoVM-PTX-JNI] ERROR : cuLaunchKernel -> Returned: 701
	[TornadoVM-PTX-JNI] ERROR : cuLaunchKernel -> Returned: 701
	[TornadoVM-PTX-JNI] ERROR : cuLaunchKernel -> Returned: 701
	[TornadoVM-PTX-JNI] ERROR : cuLaunchKernel -> Returned: 701
	[TornadoVM-PTX-JNI] ERROR : cuLaunchKernel -> Returned: 701
	[TornadoVM-PTX-JNI] ERROR : cuLaunchKernel -> Returned: 701
	[TornadoVM-PTX-JNI] ERROR : cuLaunchKernel -> Returned: 701
	[TornadoVM-PTX-JNI] ERROR : cuLaunchKernel -> Returned: 701
	[TornadoVM-PTX-JNI] ERROR : cuLaunchKernel -> Returned: 701
	[TornadoVM-PTX-JNI] ERROR : cuLaunchKernel -> Returned: 701
	[TornadoVM-PTX-JNI] ERROR : cuLaunchKernel -> Returned: 701
	[TornadoVM-PTX-JNI] ERROR : cuLaunchKernel -> Returned: 701
	[TornadoVM-PTX-JNI] ERROR : cuLaunchKernel -> Returned: 701
	[TornadoVM-PTX-JNI] ERROR : cuLaunchKernel -> Returned: 701
	[TornadoVM-PTX-JNI] ERROR : cuLaunchKernel -> Returned: 701
	[TornadoVM-PTX-JNI] ERROR : cuLaunchKernel -> Returned: 701
	[TornadoVM-PTX-JNI] ERROR : cuLaunchKernel -> Returned: 701
	[TornadoVM-PTX-JNI] ERROR : cuLaunchKernel -> Returned: 701
	[TornadoVM-PTX-JNI] ERROR : cuLaunchKernel -> Returned: 701
	[TornadoVM-PTX-JNI] ERROR : cuLaunchKernel -> Returned: 701
	[TornadoVM-PTX-JNI] ERROR : cuLaunchKernel -> Returned: 701
	[TornadoVM-PTX-JNI] ERROR : cuLaunchKernel -> Returned: 701
	[TornadoVM-PTX-JNI] ERROR : cuLaunchKernel -> Returned: 701
	[TornadoVM-PTX-JNI] ERROR : cuLaunchKernel -> Returned: 701
	[TornadoVM-PTX-JNI] ERROR : cuLaunchKernel -> Returned: 701
	[TornadoVM-PTX-JNI] ERROR : cuLaunchKernel -> Returned: 701
	[TornadoVM-PTX-JNI] ERROR : cuLaunchKernel -> Returned: 701
	[TornadoVM-PTX-JNI] ERROR : cuLaunchKernel -> Returned: 701
	[TornadoVM-PTX-JNI] ERROR : cuLaunchKernel -> Returned: 701
	[TornadoVM-PTX-JNI] ERROR : cuLaunchKernel -> Returned: 701
	[TornadoVM-PTX-JNI] ERROR : cuLaunchKernel -> Returned: 701
	[TornadoVM-PTX-JNI] ERROR : cuLaunchKernel -> Returned: 701
	[TornadoVM-PTX-JNI] ERROR : cuLaunchKernel -> Returned: 701
	[TornadoVM-PTX-JNI] ERROR : cuLaunchKernel -> Returned: 701
	[TornadoVM-PTX-JNI] ERROR : cuLaunchKernel -> Returned: 701
	[TornadoVM-PTX-JNI] ERROR : cuLaunchKernel -> Returned: 701
	[TornadoVM-PTX-JNI] ERROR : cuLaunchKernel -> Returned: 701
	[TornadoVM-PTX-JNI] ERROR : cuLaunchKernel -> Returned: 701
	[TornadoVM-PTX-JNI] ERROR : cuLaunchKernel -> Returned: 701
	[TornadoVM-PTX-JNI] ERROR : cuLaunchKernel -> Returned: 701
	[TornadoVM-PTX-JNI] ERROR : cuLaunchKernel -> Returned: 701
	[TornadoVM-PTX-JNI] ERROR : cuLaunchKernel -> Returned: 701
	[TornadoVM-PTX-JNI] ERROR : cuLaunchKernel -> Returned: 701
	[TornadoVM-PTX-JNI] ERROR : cuLaunchKernel -> Returned: 701
	[TornadoVM-PTX-JNI] ERROR : cuLaunchKernel -> Returned: 701
	[TornadoVM-PTX-JNI] ERROR : cuLaunchKernel -> Returned: 701
	[TornadoVM-PTX-JNI] ERROR : cuLaunchKernel -> Returned: 701
	[TornadoVM-PTX-JNI] ERROR : cuLaunchKernel -> Returned: 701
	[TornadoVM-PTX-JNI] ERROR : cuLaunchKernel -> Returned: 701
	[TornadoVM-PTX-JNI] ERROR : cuLaunchKernel -> Returned: 701
	[TornadoVM-PTX-JNI] ERROR : cuLaunchKernel -> Returned: 701
	[TornadoVM-PTX-JNI] ERROR : cuLaunchKernel -> Returned: 701
	[TornadoVM-PTX-JNI] ERROR : cuLaunchKernel -> Returned: 701
	[TornadoVM-PTX-JNI] ERROR : cuLaunchKernel -> Returned: 701
	[TornadoVM-PTX-JNI] ERROR : cuLaunchKernel -> Returned: 701
	[TornadoVM-PTX-JNI] ERROR : cuLaunchKernel -> Returned: 701
	[TornadoVM-PTX-JNI] ERROR : cuLaunchKernel -> Returned: 701
	[TornadoVM-PTX-JNI] ERROR : cuLaunchKernel -> Returned: 701
	[TornadoVM-PTX-JNI] ERROR : cuLaunchKernel -> Returned: 701
	[TornadoVM-PTX-JNI] ERROR : cuLaunchKernel -> Returned: 701
	[TornadoVM-PTX-JNI] ERROR : cuLaunchKernel -> Returned: 701
	[TornadoVM-PTX-JNI] ERROR : cuLaunchKernel -> Returned: 701
	[TornadoVM-PTX-JNI] ERROR : cuLaunchKernel -> Returned: 701
	[TornadoVM-PTX-JNI] ERROR : cuLaunchKernel -> Returned: 701
	[TornadoVM-PTX-JNI] ERROR : cuLaunchKernel -> Returned: 701
	[TornadoVM-PTX-JNI] ERROR : cuLaunchKernel -> Returned: 701
	[TornadoVM-PTX-JNI] ERROR : cuLaunchKernel -> Returned: 701
	[TornadoVM-PTX-JNI] ERROR : cuLaunchKernel -> Returned: 701
	[TornadoVM-PTX-JNI] ERROR : cuLaunchKernel -> Returned: 701
	[TornadoVM-PTX-JNI] ERROR : cuLaunchKernel -> Returned: 701
	[TornadoVM-PTX-JNI] ERROR : cuLaunchKernel -> Returned: 701
	[TornadoVM-PTX-JNI] ERROR : cuLaunchKernel -> Returned: 701
	[TornadoVM-PTX-JNI] ERROR : cuLaunchKernel -> Returned: 701
	[TornadoVM-PTX-JNI] ERROR : cuLaunchKernel -> Returned: 701
	[TornadoVM-PTX-JNI] ERROR : cuLaunchKernel -> Returned: 701
	[TornadoVM-PTX-JNI] ERROR : cuLaunchKernel -> Returned: 701
	[TornadoVM-PTX-JNI] ERROR : cuLaunchKernel -> Returned: 701
	[TornadoVM-PTX-JNI] ERROR : cuLaunchKernel -> Returned: 701
	[TornadoVM-PTX-JNI] ERROR : cuLaunchKernel -> Returned: 701
	[TornadoVM-PTX-JNI] ERROR : cuLaunchKernel -> Returned: 701
	[TornadoVM-PTX-JNI] ERROR : cuLaunchKernel -> Returned: 701
	[TornadoVM-PTX-JNI] ERROR : cuLaunchKernel -> Returned: 701
	[TornadoVM-PTX-JNI] ERROR : cuLaunchKernel -> Returned: 701
	[TornadoVM-PTX-JNI] ERROR : cuLaunchKernel -> Returned: 701
	[TornadoVM-PTX-JNI] ERROR : cuLaunchKernel -> Returned: 701
	[TornadoVM-PTX-JNI] ERROR : cuLaunchKernel -> Returned: 701
	[TornadoVM-PTX-JNI] ERROR : cuLaunchKernel -> Returned: 701
	[TornadoVM-PTX-JNI] ERROR : cuLaunchKernel -> Returned: 701
	[TornadoVM-PTX-JNI] ERROR : cuLaunchKernel -> Returned: 701
	[TornadoVM-PTX-JNI] ERROR : cuLaunchKernel -> Returned: 701
	[TornadoVM-PTX-JNI] ERROR : cuLaunchKernel -> Returned: 701
	[TornadoVM-PTX-JNI] ERROR : cuLaunchKernel -> Returned: 701
	[TornadoVM-PTX-JNI] ERROR : cuLaunchKernel -> Returned: 701
	[TornadoVM-PTX-JNI] ERROR : cuLaunchKernel -> Returned: 701
	[TornadoVM-PTX-JNI] ERROR : cuLaunchKernel -> Returned: 701
	[TornadoVM-PTX-JNI] ERROR : cuLaunchKernel -> Returned: 701
	[TornadoVM-PTX-JNI] ERROR : cuLaunchKernel -> Returned: 701
	[TornadoVM-PTX-JNI] ERROR : cuLaunchKernel -> Returned: 701
	[TornadoVM-PTX-JNI] ERROR : cuLaunchKernel -> Returned: 701
	[TornadoVM-PTX-JNI] ERROR : cuLaunchKernel -> Returned: 701
	[TornadoVM-PTX-JNI] ERROR : cuLaunchKernel -> Returned: 701
	[TornadoVM-PTX-JNI] ERROR : cuLaunchKernel -> Returned: 701
	[TornadoVM-PTX-JNI] ERROR : cuLaunchKernel -> Returned: 701
	[TornadoVM-PTX-JNI] ERROR : cuLaunchKernel -> Returned: 701
	[TornadoVM-PTX-JNI] ERROR : cuLaunchKernel -> Returned: 701
	[TornadoVM-PTX-JNI] ERROR : cuLaunchKernel -> Returned: 701
	[TornadoVM-PTX-JNI] ERROR : cuLaunchKernel -> Returned: 701
	[TornadoVM-PTX-JNI] ERROR : cuLaunchKernel -> Returned: 701
	[TornadoVM-PTX-JNI] ERROR : cuLaunchKernel -> Returned: 701
	[TornadoVM-PTX-JNI] ERROR : cuLaunchKernel -> Returned: 701
	[TornadoVM-PTX-JNI] ERROR : cuLaunchKernel -> Returned: 701
	[TornadoVM-PTX-JNI] ERROR : cuLaunchKernel -> Returned: 701
	[TornadoVM-PTX-JNI] ERROR : cuLaunchKernel -> Returned: 701
	[TornadoVM-PTX-JNI] ERROR : cuLaunchKernel -> Returned: 701
	[TornadoVM-PTX-JNI] ERROR : cuLaunchKernel -> Returned: 701
	[TornadoVM-PTX-JNI] ERROR : cuLaunchKernel -> Returned: 701
	[TornadoVM-PTX-JNI] ERROR : cuLaunchKernel -> Returned: 701
	[TornadoVM-PTX-JNI] ERROR : cuLaunchKernel -> Returned: 701
	[TornadoVM-PTX-JNI] ERROR : cuLaunchKernel -> Returned: 701
	[TornadoVM-PTX-JNI] ERROR : cuLaunchKernel -> Returned: 701
	[TornadoVM-PTX-JNI] ERROR : cuLaunchKernel -> Returned: 701
	[TornadoVM-PTX-JNI] ERROR : cuLaunchKernel -> Returned: 701
	[TornadoVM-PTX-JNI] ERROR : cuLaunchKernel -> Returned: 701
	[TornadoVM-PTX-JNI] ERROR : cuLaunchKernel -> Returned: 701
	[TornadoVM-PTX-JNI] ERROR : cuLaunchKernel -> Returned: 701
	[TornadoVM-PTX-JNI] ERROR : cuLaunchKernel -> Returned: 701
	[TornadoVM-PTX-JNI] ERROR : cuLaunchKernel -> Returned: 701
	[TornadoVM-PTX-JNI] ERROR : cuLaunchKernel -> Returned: 701
	[TornadoVM-PTX-JNI] ERROR : cuLaunchKernel -> Returned: 701
	[TornadoVM-PTX-JNI] ERROR : cuLaunchKernel -> Returned: 701
	[TornadoVM-PTX-JNI] ERROR : cuLaunchKernel -> Returned: 701
	[TornadoVM-PTX-JNI] ERROR : cuLaunchKernel -> Returned: 701
	[TornadoVM-PTX-JNI] ERROR : cuLaunchKernel -> Returned: 701
	[TornadoVM-PTX-JNI] ERROR : cuLaunchKernel -> Returned: 701
	[TornadoVM-PTX-JNI] ERROR : cuLaunchKernel -> Returned: 701
	[TornadoVM-PTX-JNI] ERROR : cuLaunchKernel -> Returned: 701
	[TornadoVM-PTX-JNI] ERROR : cuLaunchKernel -> Returned: 701
	[TornadoVM-PTX-JNI] ERROR : cuLaunchKernel -> Returned: 701
	[TornadoVM-PTX-JNI] ERROR : cuLaunchKernel -> Returned: 701
	[TornadoVM-PTX-JNI] ERROR : cuLaunchKernel -> Returned: 701
	[TornadoVM-PTX-JNI] ERROR : cuLaunchKernel -> Returned: 701
	[TornadoVM-PTX-JNI] ERROR : cuLaunchKernel -> Returned: 701
	[TornadoVM-PTX-JNI] ERROR : cuLaunchKernel -> Returned: 701
	[TornadoVM-PTX-JNI] ERROR : cuLaunchKernel -> Returned: 701
	[TornadoVM-PTX-JNI] ERROR : cuLaunchKernel -> Returned: 701
	[TornadoVM-PTX-JNI] ERROR : cuLaunchKernel -> Returned: 701
	[TornadoVM-PTX-JNI] ERROR : cuLaunchKernel -> Returned: 701
	[TornadoVM-PTX-JNI] ERROR : cuLaunchKernel -> Returned: 701
	[TornadoVM-PTX-JNI] ERROR : cuLaunchKernel -> Returned: 701
	[TornadoVM-PTX-JNI] ERROR : cuLaunchKernel -> Returned: 701
	[TornadoVM-PTX-JNI] ERROR : cuLaunchKernel -> Returned: 701
	[TornadoVM-PTX-JNI] ERROR : cuLaunchKernel -> Returned: 701
	[TornadoVM-PTX-JNI] ERROR : cuLaunchKernel -> Returned: 701
	[TornadoVM-PTX-JNI] ERROR : cuLaunchKernel -> Returned: 701
	[TornadoVM-PTX-JNI] ERROR : cuLaunchKernel -> Returned: 701
	[TornadoVM-PTX-JNI] ERROR : cuLaunchKernel -> Returned: 701
	[TornadoVM-PTX-JNI] ERROR : cuLaunchKernel -> Returned: 701
	[TornadoVM-PTX-JNI] ERROR : cuLaunchKernel -> Returned: 701
	[TornadoVM-PTX-JNI] ERROR : cuLaunchKernel -> Returned: 701
	[TornadoVM-PTX-JNI] ERROR : cuLaunchKernel -> Returned: 701
	[TornadoVM-PTX-JNI] ERROR : cuLaunchKernel -> Returned: 701
	[TornadoVM-PTX-JNI] ERROR : cuLaunchKernel -> Returned: 701
	[TornadoVM-PTX-JNI] ERROR : cuLaunchKernel -> Returned: 701
	[TornadoVM-PTX-JNI] ERROR : cuLaunchKernel -> Returned: 701
	[TornadoVM-PTX-JNI] ERROR : cuLaunchKernel -> Returned: 701
	[TornadoVM-PTX-JNI] ERROR : cuLaunchKernel -> Returned: 701
	[TornadoVM-PTX-JNI] ERROR : cuLaunchKernel -> Returned: 701
	[TornadoVM-PTX-JNI] ERROR : cuLaunchKernel -> Returned: 701
	[TornadoVM-PTX-JNI] ERROR : cuLaunchKernel -> Returned: 701
	[TornadoVM-PTX-JNI] ERROR : cuLaunchKernel -> Returned: 701
	[TornadoVM-PTX-JNI] ERROR : cuLaunchKernel -> Returned: 701
	[TornadoVM-PTX-JNI] ERROR : cuLaunchKernel -> Returned: 701
	[TornadoVM-PTX-JNI] ERROR : cuLaunchKernel -> Returned: 701
	[TornadoVM-PTX-JNI] ERROR : cuLaunchKernel -> Returned: 701
	[TornadoVM-PTX-JNI] ERROR : cuLaunchKernel -> Returned: 701
	[TornadoVM-PTX-JNI] ERROR : cuLaunchKernel -> Returned: 701
	[TornadoVM-PTX-JNI] ERROR : cuLaunchKernel -> Returned: 701
	[TornadoVM-PTX-JNI] ERROR : cuLaunchKernel -> Returned: 701
	[TornadoVM-PTX-JNI] ERROR : cuLaunchKernel -> Returned: 701
	[TornadoVM-PTX-JNI] ERROR : cuLaunchKernel -> Returned: 701
	[TornadoVM-PTX-JNI] ERROR : cuLaunchKernel -> Returned: 701
	[TornadoVM-PTX-JNI] ERROR : cuLaunchKernel -> Returned: 701
	[TornadoVM-PTX-JNI] ERROR : cuLaunchKernel -> Returned: 701
	[TornadoVM-PTX-JNI] ERROR : cuLaunchKernel -> Returned: 701
	[TornadoVM-PTX-JNI] ERROR : cuLaunchKernel -> Returned: 701
	[TornadoVM-PTX-JNI] ERROR : cuLaunchKernel -> Returned: 701
	[TornadoVM-PTX-JNI] ERROR : cuLaunchKernel -> Returned: 701
	[TornadoVM-PTX-JNI] ERROR : cuLaunchKernel -> Returned: 701
	[TornadoVM-PTX-JNI] ERROR : cuLaunchKernel -> Returned: 701
	[TornadoVM-PTX-JNI] ERROR : cuLaunchKernel -> Returned: 701
	[TornadoVM-PTX-JNI] ERROR : cuLaunchKernel -> Returned: 701
	[TornadoVM-PTX-JNI] ERROR : cuLaunchKernel -> Returned: 701
	[TornadoVM-PTX-JNI] ERROR : cuLaunchKernel -> Returned: 701
	[TornadoVM-PTX-JNI] ERROR : cuLaunchKernel -> Returned: 701
	[TornadoVM-PTX-JNI] ERROR : cuLaunchKernel -> Returned: 701
	[TornadoVM-PTX-JNI] ERROR : cuLaunchKernel -> Returned: 701
	[TornadoVM-PTX-JNI] ERROR : cuLaunchKernel -> Returned: 701
	[TornadoVM-PTX-JNI] ERROR : cuLaunchKernel -> Returned: 701
	[TornadoVM-PTX-JNI] ERROR : cuLaunchKernel -> Returned: 701
	[TornadoVM-PTX-JNI] ERROR : cuLaunchKernel -> Returned: 701
	[TornadoVM-PTX-JNI] ERROR : cuLaunchKernel -> Returned: 701
	[TornadoVM-PTX-JNI] ERROR : cuLaunchKernel -> Returned: 701
	[TornadoVM-PTX-JNI] ERROR : cuLaunchKernel -> Returned: 701
	[TornadoVM-PTX-JNI] ERROR : cuLaunchKernel -> Returned: 701
	[TornadoVM-PTX-JNI] ERROR : cuLaunchKernel -> Returned: 701
	[TornadoVM-PTX-JNI] ERROR : cuLaunchKernel -> Returned: 701
	[TornadoVM-PTX-JNI] ERROR : cuLaunchKernel -> Returned: 701
	[TornadoVM-PTX-JNI] ERROR : cuLaunchKernel -> Returned: 701
	[TornadoVM-PTX-JNI] ERROR : cuLaunchKernel -> Returned: 701
	[TornadoVM-PTX-JNI] ERROR : cuLaunchKernel -> Returned: 701
	[TornadoVM-PTX-JNI] ERROR : cuLaunchKernel -> Returned: 701
	[TornadoVM-PTX-JNI] ERROR : cuLaunchKernel -> Returned: 701
	[TornadoVM-PTX-JNI] ERROR : cuLaunchKernel -> Returned: 701
	[TornadoVM-PTX-JNI] ERROR : cuLaunchKernel -> Returned: 701
	[TornadoVM-PTX-JNI] ERROR : cuLaunchKernel -> Returned: 701
	[TornadoVM-PTX-JNI] ERROR : cuLaunchKernel -> Returned: 701
	[TornadoVM-PTX-JNI] ERROR : cuLaunchKernel -> Returned: 701
	[TornadoVM-PTX-JNI] ERROR : cuLaunchKernel -> Returned: 701
	[TornadoVM-PTX-JNI] ERROR : cuLaunchKernel -> Returned: 701
	[TornadoVM-PTX-JNI] ERROR : cuLaunchKernel -> Returned: 701
	[TornadoVM-PTX-JNI] ERROR : cuLaunchKernel -> Returned: 701
	[TornadoVM-PTX-JNI] ERROR : cuLaunchKernel -> Returned: 701
	[TornadoVM-PTX-JNI] ERROR : cuLaunchKernel -> Returned: 701
	[TornadoVM-PTX-JNI] ERROR : cuLaunchKernel -> Returned: 701
	[TornadoVM-PTX-JNI] ERROR : cuLaunchKernel -> Returned: 701
	[TornadoVM-PTX-JNI] ERROR : cuLaunchKernel -> Returned: 701
	[TornadoVM-PTX-JNI] ERROR : cuLaunchKernel -> Returned: 701
	[TornadoVM-PTX-JNI] ERROR : cuLaunchKernel -> Returned: 701
	[TornadoVM-PTX-JNI] ERROR : cuLaunchKernel -> Returned: 701
	[TornadoVM-PTX-JNI] ERROR : cuLaunchKernel -> Returned: 701
	[TornadoVM-PTX-JNI] ERROR : cuLaunchKernel -> Returned: 701
	[TornadoVM-PTX-JNI] ERROR : cuLaunchKernel -> Returned: 701
	[TornadoVM-PTX-JNI] ERROR : cuLaunchKernel -> Returned: 701
	[TornadoVM-PTX-JNI] ERROR : cuLaunchKernel -> Returned: 701
	[TornadoVM-PTX-JNI] ERROR : cuLaunchKernel -> Returned: 701
	[TornadoVM-PTX-JNI] ERROR : cuLaunchKernel -> Returned: 701
	[TornadoVM-PTX-JNI] ERROR : cuLaunchKernel -> Returned: 701
	[TornadoVM-PTX-JNI] ERROR : cuLaunchKernel -> Returned: 701
	[TornadoVM-PTX-JNI] ERROR : cuLaunchKernel -> Returned: 701
	[TornadoVM-PTX-JNI] ERROR : cuLaunchKernel -> Returned: 701
	[TornadoVM-PTX-JNI] ERROR : cuLaunchKernel -> Returned: 701
	[TornadoVM-PTX-JNI] ERROR : cuLaunchKernel -> Returned: 701
	[TornadoVM-PTX-JNI] ERROR : cuLaunchKernel -> Returned: 701
	[TornadoVM-PTX-JNI] ERROR : cuLaunchKernel -> Returned: 701
	[TornadoVM-PTX-JNI] ERROR : cuLaunchKernel -> Returned: 701
	[TornadoVM-PTX-JNI] ERROR : cuLaunchKernel -> Returned: 701
	[TornadoVM-PTX-JNI] ERROR : cuLaunchKernel -> Returned: 701
	[TornadoVM-PTX-JNI] ERROR : cuLaunchKernel -> Returned: 701
	[TornadoVM-PTX-JNI] ERROR : cuLaunchKernel -> Returned: 701
	[TornadoVM-PTX-JNI] ERROR : cuLaunchKernel -> Returned: 701
	[TornadoVM-PTX-JNI] ERROR : cuLaunchKernel -> Returned: 701
	[TornadoVM-PTX-JNI] ERROR : cuLaunchKernel -> Returned: 701
	[TornadoVM-PTX-JNI] ERROR : cuLaunchKernel -> Returned: 701
	[TornadoVM-PTX-JNI] ERROR : cuLaunchKernel -> Returned: 701
	[TornadoVM-PTX-JNI] ERROR : cuLaunchKernel -> Returned: 701
	[TornadoVM-PTX-JNI] ERROR : cuLaunchKernel -> Returned: 701
	[TornadoVM-PTX-JNI] ERROR : cuLaunchKernel -> Returned: 701
	[TornadoVM-PTX-JNI] ERROR : cuLaunchKernel -> Returned: 701
	[TornadoVM-PTX-JNI] ERROR : cuLaunchKernel -> Returned: 701
	[TornadoVM-PTX-JNI] ERROR : cuLaunchKernel -> Returned: 701
	[TornadoVM-PTX-JNI] ERROR : cuLaunchKernel -> Returned: 701
	[TornadoVM-PTX-JNI] ERROR : cuLaunchKernel -> Returned: 701
	[TornadoVM-PTX-JNI] ERROR : cuLaunchKernel -> Returned: 701
	[TornadoVM-PTX-JNI] ERROR : cuLaunchKernel -> Returned: 701
	[TornadoVM-PTX-JNI] ERROR : cuLaunchKernel -> Returned: 701
	[TornadoVM-PTX-JNI] ERROR : cuLaunchKernel -> Returned: 701
	[TornadoVM-PTX-JNI] ERROR : cuLaunchKernel -> Returned: 701
	[TornadoVM-PTX-JNI] ERROR : cuLaunchKernel -> Returned: 701
	[TornadoVM-PTX-JNI] ERROR : cuLaunchKernel -> Returned: 701
	[TornadoVM-PTX-JNI] ERROR : cuLaunchKernel -> Returned: 701
	[TornadoVM-PTX-JNI] ERROR : cuLaunchKernel -> Returned: 701
	[TornadoVM-PTX-JNI] ERROR : cuLaunchKernel -> Returned: 701
	[TornadoVM-PTX-JNI] ERROR : cuLaunchKernel -> Returned: 701
	[TornadoVM-PTX-JNI] ERROR : cuLaunchKernel -> Returned: 701
	[TornadoVM-PTX-JNI] ERROR : cuLaunchKernel -> Returned: 701
	[TornadoVM-PTX-JNI] ERROR : cuLaunchKernel -> Returned: 701
	[TornadoVM-PTX-JNI] ERROR : cuLaunchKernel -> Returned: 701
	[TornadoVM-PTX-JNI] ERROR : cuLaunchKernel -> Returned: 701
	[TornadoVM-PTX-JNI] ERROR : cuLaunchKernel -> Returned: 701
	[TornadoVM-PTX-JNI] ERROR : cuLaunchKernel -> Returned: 701
	[TornadoVM-PTX-JNI] ERROR : cuLaunchKernel -> Returned: 701
	[TornadoVM-PTX-JNI] ERROR : cuLaunchKernel -> Returned: 701
	[TornadoVM-PTX-JNI] ERROR : cuLaunchKernel -> Returned: 701
	[TornadoVM-PTX-JNI] ERROR : cuLaunchKernel -> Returned: 701
	[TornadoVM-PTX-JNI] ERROR : cuLaunchKernel -> Returned: 701
	[TornadoVM-PTX-JNI] ERROR : cuLaunchKernel -> Returned: 701
	[TornadoVM-PTX-JNI] ERROR : cuLaunchKernel -> Returned: 701
	[TornadoVM-PTX-JNI] ERROR : cuLaunchKernel -> Returned: 701
	[TornadoVM-PTX-JNI] ERROR : cuLaunchKernel -> Returned: 701
	[TornadoVM-PTX-JNI] ERROR : cuLaunchKernel -> Returned: 701
	[TornadoVM-PTX-JNI] ERROR : cuLaunchKernel -> Returned: 701
	[TornadoVM-PTX-JNI] ERROR : cuLaunchKernel -> Returned: 701
	[TornadoVM-PTX-JNI] ERROR : cuLaunchKernel -> Returned: 701
	[TornadoVM-PTX-JNI] ERROR : cuLaunchKernel -> Returned: 701
	[TornadoVM-PTX-JNI] ERROR : cuLaunchKernel -> Returned: 701
	[TornadoVM-PTX-JNI] ERROR : cuLaunchKernel -> Returned: 701
	[TornadoVM-PTX-JNI] ERROR : cuLaunchKernel -> Returned: 701
	[TornadoVM-PTX-JNI] ERROR : cuLaunchKernel -> Returned: 701
	[TornadoVM-PTX-JNI] ERROR : cuLaunchKernel -> Returned: 701
	[TornadoVM-PTX-JNI] ERROR : cuLaunchKernel -> Returned: 701
	[TornadoVM-PTX-JNI] ERROR : cuLaunchKernel -> Returned: 701
	[TornadoVM-PTX-JNI] ERROR : cuLaunchKernel -> Returned: 701
	[TornadoVM-PTX-JNI] ERROR : cuLaunchKernel -> Returned: 701
	[TornadoVM-PTX-JNI] ERROR : cuLaunchKernel -> Returned: 701
	[TornadoVM-PTX-JNI] ERROR : cuLaunchKernel -> Returned: 701
	[TornadoVM-PTX-JNI] ERROR : cuLaunchKernel -> Returned: 701
	[TornadoVM-PTX-JNI] ERROR : cuLaunchKernel -> Returned: 701
	[TornadoVM-PTX-JNI] ERROR : cuLaunchKernel -> Returned: 701
	[TornadoVM-PTX-JNI] ERROR : cuLaunchKernel -> Returned: 701
	[TornadoVM-PTX-JNI] ERROR : cuLaunchKernel -> Returned: 701
	[TornadoVM-PTX-JNI] ERROR : cuLaunchKernel -> Returned: 701
	[TornadoVM-PTX-JNI] ERROR : cuLaunchKernel -> Returned: 701
	[TornadoVM-PTX-JNI] ERROR : cuLaunchKernel -> Returned: 701
	[TornadoVM-PTX-JNI] ERROR : cuLaunchKernel -> Returned: 701
	[TornadoVM-PTX-JNI] ERROR : cuLaunchKernel -> Returned: 701
	[TornadoVM-PTX-JNI] ERROR : cuLaunchKernel -> Returned: 701
	[TornadoVM-PTX-JNI] ERROR : cuLaunchKernel -> Returned: 701
	[TornadoVM-PTX-JNI] ERROR : cuLaunchKernel -> Returned: 701
	[TornadoVM-PTX-JNI] ERROR : cuLaunchKernel -> Returned: 701
	[TornadoVM-PTX-JNI] ERROR : cuLaunchKernel -> Returned: 701
	[TornadoVM-PTX-JNI] ERROR : cuLaunchKernel -> Returned: 701
	[TornadoVM-PTX-JNI] ERROR : cuLaunchKernel -> Returned: 701
	[TornadoVM-PTX-JNI] ERROR : cuLaunchKernel -> Returned: 701
	[TornadoVM-PTX-JNI] ERROR : cuLaunchKernel -> Returned: 701
	[TornadoVM-PTX-JNI] ERROR : cuLaunchKernel -> Returned: 701
	[TornadoVM-PTX-JNI] ERROR : cuLaunchKernel -> Returned: 701
	[TornadoVM-PTX-JNI] ERROR : cuLaunchKernel -> Returned: 701
	[TornadoVM-PTX-JNI] ERROR : cuLaunchKernel -> Returned: 701
	[TornadoVM-PTX-JNI] ERROR : cuLaunchKernel -> Returned: 701
	[TornadoVM-PTX-JNI] ERROR : cuLaunchKernel -> Returned: 701
	[TornadoVM-PTX-JNI] ERROR : cuLaunchKernel -> Returned: 701
	[TornadoVM-PTX-JNI] ERROR : cuLaunchKernel -> Returned: 701
	[TornadoVM-PTX-JNI] ERROR : cuLaunchKernel -> Returned: 701
	[TornadoVM-PTX-JNI] ERROR : cuLaunchKernel -> Returned: 701
	[TornadoVM-PTX-JNI] ERROR : cuLaunchKernel -> Returned: 701
	[TornadoVM-PTX-JNI] ERROR : cuLaunchKernel -> Returned: 701
	[TornadoVM-PTX-JNI] ERROR : cuLaunchKernel -> Returned: 701
	[TornadoVM-PTX-JNI] ERROR : cuLaunchKernel -> Returned: 701
	[TornadoVM-PTX-JNI] ERROR : cuLaunchKernel -> Returned: 701
	[TornadoVM-PTX-JNI] ERROR : cuLaunchKernel -> Returned: 701
	[TornadoVM-PTX-JNI] ERROR : cuLaunchKernel -> Returned: 701
	[TornadoVM-PTX-JNI] ERROR : cuLaunchKernel -> Returned: 701
	[TornadoVM-PTX-JNI] ERROR : cuLaunchKernel -> Returned: 701
	[TornadoVM-PTX-JNI] ERROR : cuLaunchKernel -> Returned: 701
	[TornadoVM-PTX-JNI] ERROR : cuLaunchKernel -> Returned: 701
	[TornadoVM-PTX-JNI] ERROR : cuLaunchKernel -> Returned: 701
	[TornadoVM-PTX-JNI] ERROR : cuLaunchKernel -> Returned: 701
	[TornadoVM-PTX-JNI] ERROR : cuLaunchKernel -> Returned: 701
	[TornadoVM-PTX-JNI] ERROR : cuLaunchKernel -> Returned: 701
	[TornadoVM-PTX-JNI] ERROR : cuLaunchKernel -> Returned: 701
	[TornadoVM-PTX-JNI] ERROR : cuLaunchKernel -> Returned: 701
	[TornadoVM-PTX-JNI] ERROR : cuLaunchKernel -> Returned: 701
	[TornadoVM-PTX-JNI] ERROR : cuLaunchKernel -> Returned: 701
	[TornadoVM-PTX-JNI] ERROR : cuLaunchKernel -> Returned: 701
	[TornadoVM-PTX-JNI] ERROR : cuLaunchKernel -> Returned: 701
	[TornadoVM-PTX-JNI] ERROR : cuLaunchKernel -> Returned: 701
	[TornadoVM-PTX-JNI] ERROR : cuLaunchKernel -> Returned: 701
	[TornadoVM-PTX-JNI] ERROR : cuLaunchKernel -> Returned: 701
	[TornadoVM-PTX-JNI] ERROR : cuLaunchKernel -> Returned: 701
	[TornadoVM-PTX-JNI] ERROR : cuLaunchKernel -> Returned: 701
	[TornadoVM-PTX-JNI] ERROR : cuLaunchKernel -> Returned: 701
	[TornadoVM-PTX-JNI] ERROR : cuLaunchKernel -> Returned: 701
	[TornadoVM-PTX-JNI] ERROR : cuLaunchKernel -> Returned: 701
	[TornadoVM-PTX-JNI] ERROR : cuLaunchKernel -> Returned: 701
	[TornadoVM-PTX-JNI] ERROR : cuLaunchKernel -> Returned: 701
	[TornadoVM-PTX-JNI] ERROR : cuLaunchKernel -> Returned: 701
	[TornadoVM-PTX-JNI] ERROR : cuLaunchKernel -> Returned: 701
	[TornadoVM-PTX-JNI] ERROR : cuLaunchKernel -> Returned: 701
	[TornadoVM-PTX-JNI] ERROR : cuLaunchKernel -> Returned: 701
	[TornadoVM-PTX-JNI] ERROR : cuLaunchKernel -> Returned: 701
	[TornadoVM-PTX-JNI] ERROR : cuLaunchKernel -> Returned: 701
	[TornadoVM-PTX-JNI] ERROR : cuLaunchKernel -> Returned: 701
	[TornadoVM-PTX-JNI] ERROR : cuLaunchKernel -> Returned: 701
	[TornadoVM-PTX-JNI] ERROR : cuLaunchKernel -> Returned: 701
	[TornadoVM-PTX-JNI] ERROR : cuLaunchKernel -> Returned: 701
	[TornadoVM-PTX-JNI] ERROR : cuLaunchKernel -> Returned: 701
	[TornadoVM-PTX-JNI] ERROR : cuLaunchKernel -> Returned: 701
	[TornadoVM-PTX-JNI] ERROR : cuLaunchKernel -> Returned: 701
	[TornadoVM-PTX-JNI] ERROR : cuLaunchKernel -> Returned: 701
	[TornadoVM-PTX-JNI] ERROR : cuLaunchKernel -> Returned: 701
	[TornadoVM-PTX-JNI] ERROR : cuLaunchKernel -> Returned: 701
	[TornadoVM-PTX-JNI] ERROR : cuLaunchKernel -> Returned: 701
	[TornadoVM-PTX-JNI] ERROR : cuLaunchKernel -> Returned: 701
	[TornadoVM-PTX-JNI] ERROR : cuLaunchKernel -> Returned: 701
	[TornadoVM-PTX-JNI] ERROR : cuLaunchKernel -> Returned: 701
	[TornadoVM-PTX-JNI] ERROR : cuLaunchKernel -> Returned: 701
	[TornadoVM-PTX-JNI] ERROR : cuLaunchKernel -> Returned: 701
	[TornadoVM-PTX-JNI] ERROR : cuLaunchKernel -> Returned: 701
	[TornadoVM-PTX-JNI] ERROR : cuLaunchKernel -> Returned: 701
	[TornadoVM-PTX-JNI] ERROR : cuLaunchKernel -> Returned: 701
	[TornadoVM-PTX-JNI] ERROR : cuLaunchKernel -> Returned: 701
	[TornadoVM-PTX-JNI] ERROR : cuLaunchKernel -> Returned: 701
	[TornadoVM-PTX-JNI] ERROR : cuLaunchKernel -> Returned: 701
	[TornadoVM-PTX-JNI] ERROR : cuLaunchKernel -> Returned: 701
	[TornadoVM-PTX-JNI] ERROR : cuLaunchKernel -> Returned: 701
	[TornadoVM-PTX-JNI] ERROR : cuLaunchKernel -> Returned: 701
	[TornadoVM-PTX-JNI] ERROR : cuLaunchKernel -> Returned: 701
	[TornadoVM-PTX-JNI] ERROR : cuLaunchKernel -> Returned: 701
	[TornadoVM-PTX-JNI] ERROR : cuLaunchKernel -> Returned: 701
	[TornadoVM-PTX-JNI] ERROR : cuLaunchKernel -> Returned: 701
	[TornadoVM-PTX-JNI] ERROR : cuLaunchKernel -> Returned: 701
	[TornadoVM-PTX-JNI] ERROR : cuLaunchKernel -> Returned: 701
	[TornadoVM-PTX-JNI] ERROR : cuLaunchKernel -> Returned: 701
	[TornadoVM-PTX-JNI] ERROR : cuLaunchKernel -> Returned: 701
	[TornadoVM-PTX-JNI] ERROR : cuLaunchKernel -> Returned: 701
	[TornadoVM-PTX-JNI] ERROR : cuLaunchKernel -> Returned: 701
	[TornadoVM-PTX-JNI] ERROR : cuLaunchKernel -> Returned: 701
	[TornadoVM-PTX-JNI] ERROR : cuLaunchKernel -> Returned: 701
	[TornadoVM-PTX-JNI] ERROR : cuLaunchKernel -> Returned: 701
	[TornadoVM-PTX-JNI] ERROR : cuLaunchKernel -> Returned: 701
	[TornadoVM-PTX-JNI] ERROR : cuLaunchKernel -> Returned: 701
	[TornadoVM-PTX-JNI] ERROR : cuLaunchKernel -> Returned: 701
	[TornadoVM-PTX-JNI] ERROR : cuLaunchKernel -> Returned: 701
	[TornadoVM-PTX-JNI] ERROR : cuLaunchKernel -> Returned: 701
	[TornadoVM-PTX-JNI] ERROR : cuLaunchKernel -> Returned: 701
	[TornadoVM-PTX-JNI] ERROR : cuLaunchKernel -> Returned: 701
	[TornadoVM-PTX-JNI] ERROR : cuLaunchKernel -> Returned: 701
	[TornadoVM-PTX-JNI] ERROR : cuLaunchKernel -> Returned: 701
	[TornadoVM-PTX-JNI] ERROR : cuLaunchKernel -> Returned: 701
	[TornadoVM-PTX-JNI] ERROR : cuLaunchKernel -> Returned: 701
	[TornadoVM-PTX-JNI] ERROR : cuLaunchKernel -> Returned: 701
	[TornadoVM-PTX-JNI] ERROR : cuLaunchKernel -> Returned: 701
	[TornadoVM-PTX-JNI] ERROR : cuLaunchKernel -> Returned: 701
	[TornadoVM-PTX-JNI] ERROR : cuLaunchKernel -> Returned: 701
	[TornadoVM-PTX-JNI] ERROR : cuLaunchKernel -> Returned: 701
	[TornadoVM-PTX-JNI] ERROR : cuLaunchKernel -> Returned: 701
	[TornadoVM-PTX-JNI] ERROR : cuLaunchKernel -> Returned: 701
	[TornadoVM-PTX-JNI] ERROR : cuLaunchKernel -> Returned: 701
	[TornadoVM-PTX-JNI] ERROR : cuLaunchKernel -> Returned: 701
	[TornadoVM-PTX-JNI] ERROR : cuLaunchKernel -> Returned: 701
	[TornadoVM-PTX-JNI] ERROR : cuLaunchKernel -> Returned: 701
	[TornadoVM-PTX-JNI] ERROR : cuLaunchKernel -> Returned: 701
	[TornadoVM-PTX-JNI] ERROR : cuLaunchKernel -> Returned: 701
	[TornadoVM-PTX-JNI] ERROR : cuLaunchKernel -> Returned: 701
	[TornadoVM-PTX-JNI] ERROR : cuLaunchKernel -> Returned: 701
	[TornadoVM-PTX-JNI] ERROR : cuLaunchKernel -> Returned: 701
	[TornadoVM-PTX-JNI] ERROR : cuLaunchKernel -> Returned: 701
	[TornadoVM-PTX-JNI] ERROR : cuLaunchKernel -> Returned: 701
	[TornadoVM-PTX-JNI] ERROR : cuLaunchKernel -> Returned: 701
	[TornadoVM-PTX-JNI] ERROR : cuLaunchKernel -> Returned: 701
	[TornadoVM-PTX-JNI] ERROR : cuLaunchKernel -> Returned: 701
	[TornadoVM-PTX-JNI] ERROR : cuLaunchKernel -> Returned: 701
	[TornadoVM-PTX-JNI] ERROR : cuLaunchKernel -> Returned: 701
	[TornadoVM-PTX-JNI] ERROR : cuLaunchKernel -> Returned: 701
	[TornadoVM-PTX-JNI] ERROR : cuLaunchKernel -> Returned: 701
	[TornadoVM-PTX-JNI] ERROR : cuLaunchKernel -> Returned: 701
	[TornadoVM-PTX-JNI] ERROR : cuLaunchKernel -> Returned: 701
	[TornadoVM-PTX-JNI] ERROR : cuLaunchKernel -> Returned: 701
	[TornadoVM-PTX-JNI] ERROR : cuLaunchKernel -> Returned: 701
	[TornadoVM-PTX-JNI] ERROR : cuLaunchKernel -> Returned: 701
	[TornadoVM-PTX-JNI] ERROR : cuLaunchKernel -> Returned: 701
	[TornadoVM-PTX-JNI] ERROR : cuLaunchKernel -> Returned: 701
	[TornadoVM-PTX-JNI] ERROR : cuLaunchKernel -> Returned: 701
	[TornadoVM-PTX-JNI] ERROR : cuLaunchKernel -> Returned: 701
	[TornadoVM-PTX-JNI] ERROR : cuLaunchKernel -> Returned: 701
	[TornadoVM-PTX-JNI] ERROR : cuLaunchKernel -> Returned: 701
	[TornadoVM-PTX-JNI] ERROR : cuLaunchKernel -> Returned: 701
	[TornadoVM-PTX-JNI] ERROR : cuLaunchKernel -> Returned: 701
	[TornadoVM-PTX-JNI] ERROR : cuLaunchKernel -> Returned: 701
	[TornadoVM-PTX-JNI] ERROR : cuLaunchKernel -> Returned: 701
	[TornadoVM-PTX-JNI] ERROR : cuLaunchKernel -> Returned: 701
	[TornadoVM-PTX-JNI] ERROR : cuLaunchKernel -> Returned: 701
	[TornadoVM-PTX-JNI] ERROR : cuLaunchKernel -> Returned: 701
	[TornadoVM-PTX-JNI] ERROR : cuLaunchKernel -> Returned: 701
	[TornadoVM-PTX-JNI] ERROR : cuLaunchKernel -> Returned: 701
	[TornadoVM-PTX-JNI] ERROR : cuLaunchKernel -> Returned: 701
	[TornadoVM-PTX-JNI] ERROR : cuLaunchKernel -> Returned: 701
	[TornadoVM-PTX-JNI] ERROR : cuLaunchKernel -> Returned: 701
	[TornadoVM-PTX-JNI] ERROR : cuLaunchKernel -> Returned: 701
	[TornadoVM-PTX-JNI] ERROR : cuLaunchKernel -> Returned: 701
	[TornadoVM-PTX-JNI] ERROR : cuLaunchKernel -> Returned: 701
[GATHER] call=1000 totalDirty=0 maxThread=0 cumAvg=21.9 cumMaxPerThread=36
	[TornadoVM-PTX-JNI] ERROR : cuLaunchKernel -> Returned: 701
	[TornadoVM-PTX-JNI] ERROR : cuLaunchKernel -> Returned: 701
	[TornadoVM-PTX-JNI] ERROR : cuLaunchKernel -> Returned: 701
	[TornadoVM-PTX-JNI] ERROR : cuLaunchKernel -> Returned: 701
	[TornadoVM-PTX-JNI] ERROR : cuLaunchKernel -> Returned: 701
	[TornadoVM-PTX-JNI] ERROR : cuLaunchKernel -> Returned: 701
	[TornadoVM-PTX-JNI] ERROR : cuLaunchKernel -> Returned: 701
	[TornadoVM-PTX-JNI] ERROR : cuLaunchKernel -> Returned: 701
	[TornadoVM-PTX-JNI] ERROR : cuLaunchKernel -> Returned: 701
	[TornadoVM-PTX-JNI] ERROR : cuLaunchKernel -> Returned: 701
	[TornadoVM-PTX-JNI] ERROR : cuLaunchKernel -> Returned: 701
	[TornadoVM-PTX-JNI] ERROR : cuLaunchKernel -> Returned: 701
	[TornadoVM-PTX-JNI] ERROR : cuLaunchKernel -> Returned: 701
	[TornadoVM-PTX-JNI] ERROR : cuLaunchKernel -> Returned: 701
	[TornadoVM-PTX-JNI] ERROR : cuLaunchKernel -> Returned: 701
	[TornadoVM-PTX-JNI] ERROR : cuLaunchKernel -> Returned: 701
	[TornadoVM-PTX-JNI] ERROR : cuLaunchKernel -> Returned: 701
	[TornadoVM-PTX-JNI] ERROR : cuLaunchKernel -> Returned: 701
	[TornadoVM-PTX-JNI] ERROR : cuLaunchKernel -> Returned: 701
	[TornadoVM-PTX-JNI] ERROR : cuLaunchKernel -> Returned: 701
	[TornadoVM-PTX-JNI] ERROR : cuLaunchKernel -> Returned: 701
	[TornadoVM-PTX-JNI] ERROR : cuLaunchKernel -> Returned: 701
	[TornadoVM-PTX-JNI] ERROR : cuLaunchKernel -> Returned: 701
	[TornadoVM-PTX-JNI] ERROR : cuLaunchKernel -> Returned: 701
	[TornadoVM-PTX-JNI] ERROR : cuLaunchKernel -> Returned: 701
	[TornadoVM-PTX-JNI] ERROR : cuLaunchKernel -> Returned: 701
	[TornadoVM-PTX-JNI] ERROR : cuLaunchKernel -> Returned: 701
	[TornadoVM-PTX-JNI] ERROR : cuLaunchKernel -> Returned: 701
	[TornadoVM-PTX-JNI] ERROR : cuLaunchKernel -> Returned: 701
	[TornadoVM-PTX-JNI] ERROR : cuLaunchKernel -> Returned: 701
	[TornadoVM-PTX-JNI] ERROR : cuLaunchKernel -> Returned: 701
	[TornadoVM-PTX-JNI] ERROR : cuLaunchKernel -> Returned: 701
	[TornadoVM-PTX-JNI] ERROR : cuLaunchKernel -> Returned: 701
	[TornadoVM-PTX-JNI] ERROR : cuLaunchKernel -> Returned: 701
	[TornadoVM-PTX-JNI] ERROR : cuLaunchKernel -> Returned: 701
	[TornadoVM-PTX-JNI] ERROR : cuLaunchKernel -> Returned: 701
	[TornadoVM-PTX-JNI] ERROR : cuLaunchKernel -> Returned: 701
	[TornadoVM-PTX-JNI] ERROR : cuLaunchKernel -> Returned: 701
	[TornadoVM-PTX-JNI] ERROR : cuLaunchKernel -> Returned: 701
	[TornadoVM-PTX-JNI] ERROR : cuLaunchKernel -> Returned: 701
	[TornadoVM-PTX-JNI] ERROR : cuLaunchKernel -> Returned: 701
	[TornadoVM-PTX-JNI] ERROR : cuLaunchKernel -> Returned: 701
	[TornadoVM-PTX-JNI] ERROR : cuLaunchKernel -> Returned: 701
	[TornadoVM-PTX-JNI] ERROR : cuLaunchKernel -> Returned: 701
	[TornadoVM-PTX-JNI] ERROR : cuLaunchKernel -> Returned: 701
	[TornadoVM-PTX-JNI] ERROR : cuLaunchKernel -> Returned: 701
	[TornadoVM-PTX-JNI] ERROR : cuLaunchKernel -> Returned: 701
	[TornadoVM-PTX-JNI] ERROR : cuLaunchKernel -> Returned: 701
	[TornadoVM-PTX-JNI] ERROR : cuLaunchKernel -> Returned: 701
	[TornadoVM-PTX-JNI] ERROR : cuLaunchKernel -> Returned: 701
	[TornadoVM-PTX-JNI] ERROR : cuLaunchKernel -> Returned: 701
	[TornadoVM-PTX-JNI] ERROR : cuLaunchKernel -> Returned: 701
	[TornadoVM-PTX-JNI] ERROR : cuLaunchKernel -> Returned: 701
	[TornadoVM-PTX-JNI] ERROR : cuLaunchKernel -> Returned: 701
	[TornadoVM-PTX-JNI] ERROR : cuLaunchKernel -> Returned: 701
	[TornadoVM-PTX-JNI] ERROR : cuLaunchKernel -> Returned: 701
	[TornadoVM-PTX-JNI] ERROR : cuLaunchKernel -> Returned: 701
	[TornadoVM-PTX-JNI] ERROR : cuLaunchKernel -> Returned: 701
	[TornadoVM-PTX-JNI] ERROR : cuLaunchKernel -> Returned: 701
	[TornadoVM-PTX-JNI] ERROR : cuLaunchKernel -> Returned: 701
	[TornadoVM-PTX-JNI] ERROR : cuLaunchKernel -> Returned: 701
	[TornadoVM-PTX-JNI] ERROR : cuLaunchKernel -> Returned: 701
	[TornadoVM-PTX-JNI] ERROR : cuLaunchKernel -> Returned: 701
	[TornadoVM-PTX-JNI] ERROR : cuLaunchKernel -> Returned: 701
	[TornadoVM-PTX-JNI] ERROR : cuLaunchKernel -> Returned: 701
	[TornadoVM-PTX-JNI] ERROR : cuLaunchKernel -> Returned: 701
	[TornadoVM-PTX-JNI] ERROR : cuLaunchKernel -> Returned: 701
	[TornadoVM-PTX-JNI] ERROR : cuLaunchKernel -> Returned: 701
	[TornadoVM-PTX-JNI] ERROR : cuLaunchKernel -> Returned: 701
	[TornadoVM-PTX-JNI] ERROR : cuLaunchKernel -> Returned: 701
	[TornadoVM-PTX-JNI] ERROR : cuLaunchKernel -> Returned: 701
	[TornadoVM-PTX-JNI] ERROR : cuLaunchKernel -> Returned: 701
	[TornadoVM-PTX-JNI] ERROR : cuLaunchKernel -> Returned: 701
	[TornadoVM-PTX-JNI] ERROR : cuLaunchKernel -> Returned: 701
	[TornadoVM-PTX-JNI] ERROR : cuLaunchKernel -> Returned: 701
	[TornadoVM-PTX-JNI] ERROR : cuLaunchKernel -> Returned: 701
	[TornadoVM-PTX-JNI] ERROR : cuLaunchKernel -> Returned: 701
	[TornadoVM-PTX-JNI] ERROR : cuLaunchKernel -> Returned: 701
	[TornadoVM-PTX-JNI] ERROR : cuLaunchKernel -> Returned: 701
	[TornadoVM-PTX-JNI] ERROR : cuLaunchKernel -> Returned: 701
	[TornadoVM-PTX-JNI] ERROR : cuLaunchKernel -> Returned: 701
	[TornadoVM-PTX-JNI] ERROR : cuLaunchKernel -> Returned: 701
	[TornadoVM-PTX-JNI] ERROR : cuLaunchKernel -> Returned: 701
	[TornadoVM-PTX-JNI] ERROR : cuLaunchKernel -> Returned: 701
	[TornadoVM-PTX-JNI] ERROR : cuLaunchKernel -> Returned: 701
	[TornadoVM-PTX-JNI] ERROR : cuLaunchKernel -> Returned: 701
	[TornadoVM-PTX-JNI] ERROR : cuLaunchKernel -> Returned: 701
	[TornadoVM-PTX-JNI] ERROR : cuLaunchKernel -> Returned: 701
	[TornadoVM-PTX-JNI] ERROR : cuLaunchKernel -> Returned: 701
	[TornadoVM-PTX-JNI] ERROR : cuLaunchKernel -> Returned: 701
	[TornadoVM-PTX-JNI] ERROR : cuLaunchKernel -> Returned: 701
	[TornadoVM-PTX-JNI] ERROR : cuLaunchKernel -> Returned: 701
	[TornadoVM-PTX-JNI] ERROR : cuLaunchKernel -> Returned: 701
	[TornadoVM-PTX-JNI] ERROR : cuLaunchKernel -> Returned: 701
	[TornadoVM-PTX-JNI] ERROR : cuLaunchKernel -> Returned: 701
	[TornadoVM-PTX-JNI] ERROR : cuLaunchKernel -> Returned: 701
	[TornadoVM-PTX-JNI] ERROR : cuLaunchKernel -> Returned: 701
	[TornadoVM-PTX-JNI] ERROR : cuLaunchKernel -> Returned: 701
	[TornadoVM-PTX-JNI] ERROR : cuLaunchKernel -> Returned: 701
	[TornadoVM-PTX-JNI] ERROR : cuLaunchKernel -> Returned: 701
	[TornadoVM-PTX-JNI] ERROR : cuLaunchKernel -> Returned: 701
	[TornadoVM-PTX-JNI] ERROR : cuLaunchKernel -> Returned: 701
	[TornadoVM-PTX-JNI] ERROR : cuLaunchKernel -> Returned: 701
	[TornadoVM-PTX-JNI] ERROR : cuLaunchKernel -> Returned: 701
	[TornadoVM-PTX-JNI] ERROR : cuLaunchKernel -> Returned: 701
	[TornadoVM-PTX-JNI] ERROR : cuLaunchKernel -> Returned: 701
	[TornadoVM-PTX-JNI] ERROR : cuLaunchKernel -> Returned: 701
	[TornadoVM-PTX-JNI] ERROR : cuLaunchKernel -> Returned: 701
	[TornadoVM-PTX-JNI] ERROR : cuLaunchKernel -> Returned: 701
	[TornadoVM-PTX-JNI] ERROR : cuLaunchKernel -> Returned: 701
	[TornadoVM-PTX-JNI] ERROR : cuLaunchKernel -> Returned: 701
	[TornadoVM-PTX-JNI] ERROR : cuLaunchKernel -> Returned: 701
	[TornadoVM-PTX-JNI] ERROR : cuLaunchKernel -> Returned: 701
	[TornadoVM-PTX-JNI] ERROR : cuLaunchKernel -> Returned: 701
	[TornadoVM-PTX-JNI] ERROR : cuLaunchKernel -> Returned: 701
	[TornadoVM-PTX-JNI] ERROR : cuLaunchKernel -> Returned: 701
	[TornadoVM-PTX-JNI] ERROR : cuLaunchKernel -> Returned: 701
	[TornadoVM-PTX-JNI] ERROR : cuLaunchKernel -> Returned: 701
	[TornadoVM-PTX-JNI] ERROR : cuLaunchKernel -> Returned: 701
	[TornadoVM-PTX-JNI] ERROR : cuLaunchKernel -> Returned: 701
	[TornadoVM-PTX-JNI] ERROR : cuLaunchKernel -> Returned: 701
	[TornadoVM-PTX-JNI] ERROR : cuLaunchKernel -> Returned: 701
	[TornadoVM-PTX-JNI] ERROR : cuLaunchKernel -> Returned: 701
	[TornadoVM-PTX-JNI] ERROR : cuLaunchKernel -> Returned: 701
	[TornadoVM-PTX-JNI] ERROR : cuLaunchKernel -> Returned: 701
	[TornadoVM-PTX-JNI] ERROR : cuLaunchKernel -> Returned: 701
	[TornadoVM-PTX-JNI] ERROR : cuLaunchKernel -> Returned: 701
	[TornadoVM-PTX-JNI] ERROR : cuLaunchKernel -> Returned: 701
	[TornadoVM-PTX-JNI] ERROR : cuLaunchKernel -> Returned: 701
	[TornadoVM-PTX-JNI] ERROR : cuLaunchKernel -> Returned: 701
	[TornadoVM-PTX-JNI] ERROR : cuLaunchKernel -> Returned: 701
	[TornadoVM-PTX-JNI] ERROR : cuLaunchKernel -> Returned: 701
	[TornadoVM-PTX-JNI] ERROR : cuLaunchKernel -> Returned: 701
	[TornadoVM-PTX-JNI] ERROR : cuLaunchKernel -> Returned: 701
	[TornadoVM-PTX-JNI] ERROR : cuLaunchKernel -> Returned: 701
	[TornadoVM-PTX-JNI] ERROR : cuLaunchKernel -> Returned: 701
	[TornadoVM-PTX-JNI] ERROR : cuLaunchKernel -> Returned: 701
	[TornadoVM-PTX-JNI] ERROR : cuLaunchKernel -> Returned: 701
	[TornadoVM-PTX-JNI] ERROR : cuLaunchKernel -> Returned: 701
	[TornadoVM-PTX-JNI] ERROR : cuLaunchKernel -> Returned: 701
	[TornadoVM-PTX-JNI] ERROR : cuLaunchKernel -> Returned: 701
	[TornadoVM-PTX-JNI] ERROR : cuLaunchKernel -> Returned: 701
	[TornadoVM-PTX-JNI] ERROR : cuLaunchKernel -> Returned: 701
	[TornadoVM-PTX-JNI] ERROR : cuLaunchKernel -> Returned: 701
	[TornadoVM-PTX-JNI] ERROR : cuLaunchKernel -> Returned: 701
	[TornadoVM-PTX-JNI] ERROR : cuLaunchKernel -> Returned: 701
	[TornadoVM-PTX-JNI] ERROR : cuLaunchKernel -> Returned: 701
	[TornadoVM-PTX-JNI] ERROR : cuLaunchKernel -> Returned: 701
	[TornadoVM-PTX-JNI] ERROR : cuLaunchKernel -> Returned: 701
	[TornadoVM-PTX-JNI] ERROR : cuLaunchKernel -> Returned: 701
	[TornadoVM-PTX-JNI] ERROR : cuLaunchKernel -> Returned: 701
	[TornadoVM-PTX-JNI] ERROR : cuLaunchKernel -> Returned: 701
	[TornadoVM-PTX-JNI] ERROR : cuLaunchKernel -> Returned: 701
	[TornadoVM-PTX-JNI] ERROR : cuLaunchKernel -> Returned: 701
	[TornadoVM-PTX-JNI] ERROR : cuLaunchKernel -> Returned: 701
	[TornadoVM-PTX-JNI] ERROR : cuLaunchKernel -> Returned: 701
	[TornadoVM-PTX-JNI] ERROR : cuLaunchKernel -> Returned: 701
	[TornadoVM-PTX-JNI] ERROR : cuLaunchKernel -> Returned: 701
	[TornadoVM-PTX-JNI] ERROR : cuLaunchKernel -> Returned: 701
	[TornadoVM-PTX-JNI] ERROR : cuLaunchKernel -> Returned: 701
	[TornadoVM-PTX-JNI] ERROR : cuLaunchKernel -> Returned: 701
	[TornadoVM-PTX-JNI] ERROR : cuLaunchKernel -> Returned: 701
	[TornadoVM-PTX-JNI] ERROR : cuLaunchKernel -> Returned: 701
	[TornadoVM-PTX-JNI] ERROR : cuLaunchKernel -> Returned: 701
	[TornadoVM-PTX-JNI] ERROR : cuLaunchKernel -> Returned: 701
	[TornadoVM-PTX-JNI] ERROR : cuLaunchKernel -> Returned: 701
	[TornadoVM-PTX-JNI] ERROR : cuLaunchKernel -> Returned: 701
	[TornadoVM-PTX-JNI] ERROR : cuLaunchKernel -> Returned: 701
	[TornadoVM-PTX-JNI] ERROR : cuLaunchKernel -> Returned: 701
	[TornadoVM-PTX-JNI] ERROR : cuLaunchKernel -> Returned: 701
	[TornadoVM-PTX-JNI] ERROR : cuLaunchKernel -> Returned: 701
	[TornadoVM-PTX-JNI] ERROR : cuLaunchKernel -> Returned: 701
	[TornadoVM-PTX-JNI] ERROR : cuLaunchKernel -> Returned: 701
	[TornadoVM-PTX-JNI] ERROR : cuLaunchKernel -> Returned: 701
	[TornadoVM-PTX-JNI] ERROR : cuLaunchKernel -> Returned: 701
	[TornadoVM-PTX-JNI] ERROR : cuLaunchKernel -> Returned: 701
	[TornadoVM-PTX-JNI] ERROR : cuLaunchKernel -> Returned: 701
	[TornadoVM-PTX-JNI] ERROR : cuLaunchKernel -> Returned: 701
	[TornadoVM-PTX-JNI] ERROR : cuLaunchKernel -> Returned: 701
	[TornadoVM-PTX-JNI] ERROR : cuLaunchKernel -> Returned: 701
	[TornadoVM-PTX-JNI] ERROR : cuLaunchKernel -> Returned: 701
	[TornadoVM-PTX-JNI] ERROR : cuLaunchKernel -> Returned: 701
	[TornadoVM-PTX-JNI] ERROR : cuLaunchKernel -> Returned: 701
	[TornadoVM-PTX-JNI] ERROR : cuLaunchKernel -> Returned: 701
	[TornadoVM-PTX-JNI] ERROR : cuLaunchKernel -> Returned: 701
	[TornadoVM-PTX-JNI] ERROR : cuLaunchKernel -> Returned: 701
	[TornadoVM-PTX-JNI] ERROR : cuLaunchKernel -> Returned: 701
	[TornadoVM-PTX-JNI] ERROR : cuLaunchKernel -> Returned: 701
	[TornadoVM-PTX-JNI] ERROR : cuLaunchKernel -> Returned: 701
	[TornadoVM-PTX-JNI] ERROR : cuLaunchKernel -> Returned: 701
	[TornadoVM-PTX-JNI] ERROR : cuLaunchKernel -> Returned: 701
	[TornadoVM-PTX-JNI] ERROR : cuLaunchKernel -> Returned: 701
	[TornadoVM-PTX-JNI] ERROR : cuLaunchKernel -> Returned: 701
	[TornadoVM-PTX-JNI] ERROR : cuLaunchKernel -> Returned: 701
	[TornadoVM-PTX-JNI] ERROR : cuLaunchKernel -> Returned: 701
	[TornadoVM-PTX-JNI] ERROR : cuLaunchKernel -> Returned: 701
	[TornadoVM-PTX-JNI] ERROR : cuLaunchKernel -> Returned: 701
	[TornadoVM-PTX-JNI] ERROR : cuLaunchKernel -> Returned: 701
	[TornadoVM-PTX-JNI] ERROR : cuLaunchKernel -> Returned: 701
	[TornadoVM-PTX-JNI] ERROR : cuLaunchKernel -> Returned: 701
	[TornadoVM-PTX-JNI] ERROR : cuLaunchKernel -> Returned: 701
	[TornadoVM-PTX-JNI] ERROR : cuLaunchKernel -> Returned: 701
	[TornadoVM-PTX-JNI] ERROR : cuLaunchKernel -> Returned: 701
	[TornadoVM-PTX-JNI] ERROR : cuLaunchKernel -> Returned: 701
	[TornadoVM-PTX-JNI] ERROR : cuLaunchKernel -> Returned: 701
	[TornadoVM-PTX-JNI] ERROR : cuLaunchKernel -> Returned: 701
	[TornadoVM-PTX-JNI] ERROR : cuLaunchKernel -> Returned: 701
	[TornadoVM-PTX-JNI] ERROR : cuLaunchKernel -> Returned: 701
	[TornadoVM-PTX-JNI] ERROR : cuLaunchKernel -> Returned: 701
	[TornadoVM-PTX-JNI] ERROR : cuLaunchKernel -> Returned: 701
	[TornadoVM-PTX-JNI] ERROR : cuLaunchKernel -> Returned: 701
	[TornadoVM-PTX-JNI] ERROR : cuLaunchKernel -> Returned: 701
	[TornadoVM-PTX-JNI] ERROR : cuLaunchKernel -> Returned: 701
	[TornadoVM-PTX-JNI] ERROR : cuLaunchKernel -> Returned: 701
	[TornadoVM-PTX-JNI] ERROR : cuLaunchKernel -> Returned: 701
	[TornadoVM-PTX-JNI] ERROR : cuLaunchKernel -> Returned: 701
	[TornadoVM-PTX-JNI] ERROR : cuLaunchKernel -> Returned: 701
	[TornadoVM-PTX-JNI] ERROR : cuLaunchKernel -> Returned: 701
	[TornadoVM-PTX-JNI] ERROR : cuLaunchKernel -> Returned: 701
	[TornadoVM-PTX-JNI] ERROR : cuLaunchKernel -> Returned: 701
	[TornadoVM-PTX-JNI] ERROR : cuLaunchKernel -> Returned: 701
	[TornadoVM-PTX-JNI] ERROR : cuLaunchKernel -> Returned: 701
	[TornadoVM-PTX-JNI] ERROR : cuLaunchKernel -> Returned: 701
	[TornadoVM-PTX-JNI] ERROR : cuLaunchKernel -> Returned: 701
	[TornadoVM-PTX-JNI] ERROR : cuLaunchKernel -> Returned: 701
	[TornadoVM-PTX-JNI] ERROR : cuLaunchKernel -> Returned: 701
	[TornadoVM-PTX-JNI] ERROR : cuLaunchKernel -> Returned: 701
	[TornadoVM-PTX-JNI] ERROR : cuLaunchKernel -> Returned: 701
	[TornadoVM-PTX-JNI] ERROR : cuLaunchKernel -> Returned: 701
	[TornadoVM-PTX-JNI] ERROR : cuLaunchKernel -> Returned: 701
	[TornadoVM-PTX-JNI] ERROR : cuLaunchKernel -> Returned: 701
	[TornadoVM-PTX-JNI] ERROR : cuLaunchKernel -> Returned: 701
	[TornadoVM-PTX-JNI] ERROR : cuLaunchKernel -> Returned: 701
	[TornadoVM-PTX-JNI] ERROR : cuLaunchKernel -> Returned: 701
	[TornadoVM-PTX-JNI] ERROR : cuLaunchKernel -> Returned: 701
	[TornadoVM-PTX-JNI] ERROR : cuLaunchKernel -> Returned: 701
	[TornadoVM-PTX-JNI] ERROR : cuLaunchKernel -> Returned: 701
	[TornadoVM-PTX-JNI] ERROR : cuLaunchKernel -> Returned: 701
	[TornadoVM-PTX-JNI] ERROR : cuLaunchKernel -> Returned: 701
	[TornadoVM-PTX-JNI] ERROR : cuLaunchKernel -> Returned: 701
	[TornadoVM-PTX-JNI] ERROR : cuLaunchKernel -> Returned: 701
	[TornadoVM-PTX-JNI] ERROR : cuLaunchKernel -> Returned: 701
	[TornadoVM-PTX-JNI] ERROR : cuLaunchKernel -> Returned: 701
	[TornadoVM-PTX-JNI] ERROR : cuLaunchKernel -> Returned: 701
	[TornadoVM-PTX-JNI] ERROR : cuLaunchKernel -> Returned: 701
	[TornadoVM-PTX-JNI] ERROR : cuLaunchKernel -> Returned: 701
	[TornadoVM-PTX-JNI] ERROR : cuLaunchKernel -> Returned: 701
	[TornadoVM-PTX-JNI] ERROR : cuLaunchKernel -> Returned: 701
	[TornadoVM-PTX-JNI] ERROR : cuLaunchKernel -> Returned: 701
	[TornadoVM-PTX-JNI] ERROR : cuLaunchKernel -> Returned: 701
	[TornadoVM-PTX-JNI] ERROR : cuLaunchKernel -> Returned: 701
	[TornadoVM-PTX-JNI] ERROR : cuLaunchKernel -> Returned: 701
	[TornadoVM-PTX-JNI] ERROR : cuLaunchKernel -> Returned: 701
	[TornadoVM-PTX-JNI] ERROR : cuLaunchKernel -> Returned: 701
	[TornadoVM-PTX-JNI] ERROR : cuLaunchKernel -> Returned: 701
	[TornadoVM-PTX-JNI] ERROR : cuLaunchKernel -> Returned: 701
	[TornadoVM-PTX-JNI] ERROR : cuLaunchKernel -> Returned: 701
	[TornadoVM-PTX-JNI] ERROR : cuLaunchKernel -> Returned: 701
	[TornadoVM-PTX-JNI] ERROR : cuLaunchKernel -> Returned: 701
	[TornadoVM-PTX-JNI] ERROR : cuLaunchKernel -> Returned: 701
	[TornadoVM-PTX-JNI] ERROR : cuLaunchKernel -> Returned: 701
	[TornadoVM-PTX-JNI] ERROR : cuLaunchKernel -> Returned: 701
	[TornadoVM-PTX-JNI] ERROR : cuLaunchKernel -> Returned: 701
	[TornadoVM-PTX-JNI] ERROR : cuLaunchKernel -> Returned: 701
	[TornadoVM-PTX-JNI] ERROR : cuLaunchKernel -> Returned: 701
	[TornadoVM-PTX-JNI] ERROR : cuLaunchKernel -> Returned: 701
	[TornadoVM-PTX-JNI] ERROR : cuLaunchKernel -> Returned: 701
	[TornadoVM-PTX-JNI] ERROR : cuLaunchKernel -> Returned: 701
	[TornadoVM-PTX-JNI] ERROR : cuLaunchKernel -> Returned: 701
	[TornadoVM-PTX-JNI] ERROR : cuLaunchKernel -> Returned: 701
	[TornadoVM-PTX-JNI] ERROR : cuLaunchKernel -> Returned: 701
	[TornadoVM-PTX-JNI] ERROR : cuLaunchKernel -> Returned: 701
	[TornadoVM-PTX-JNI] ERROR : cuLaunchKernel -> Returned: 701
	[TornadoVM-PTX-JNI] ERROR : cuLaunchKernel -> Returned: 701
	[TornadoVM-PTX-JNI] ERROR : cuLaunchKernel -> Returned: 701
	[TornadoVM-PTX-JNI] ERROR : cuLaunchKernel -> Returned: 701
	[TornadoVM-PTX-JNI] ERROR : cuLaunchKernel -> Returned: 701
	[TornadoVM-PTX-JNI] ERROR : cuLaunchKernel -> Returned: 701
	[TornadoVM-PTX-JNI] ERROR : cuLaunchKernel -> Returned: 701
	[TornadoVM-PTX-JNI] ERROR : cuLaunchKernel -> Returned: 701
	[TornadoVM-PTX-JNI] ERROR : cuLaunchKernel -> Returned: 701
	[TornadoVM-PTX-JNI] ERROR : cuLaunchKernel -> Returned: 701
	[TornadoVM-PTX-JNI] ERROR : cuLaunchKernel -> Returned: 701
	[TornadoVM-PTX-JNI] ERROR : cuLaunchKernel -> Returned: 701
	[TornadoVM-PTX-JNI] ERROR : cuLaunchKernel -> Returned: 701
	[TornadoVM-PTX-JNI] ERROR : cuLaunchKernel -> Returned: 701
	[TornadoVM-PTX-JNI] ERROR : cuLaunchKernel -> Returned: 701
	[TornadoVM-PTX-JNI] ERROR : cuLaunchKernel -> Returned: 701
	[TornadoVM-PTX-JNI] ERROR : cuLaunchKernel -> Returned: 701
	[TornadoVM-PTX-JNI] ERROR : cuLaunchKernel -> Returned: 701
	[TornadoVM-PTX-JNI] ERROR : cuLaunchKernel -> Returned: 701
	[TornadoVM-PTX-JNI] ERROR : cuLaunchKernel -> Returned: 701
	[TornadoVM-PTX-JNI] ERROR : cuLaunchKernel -> Returned: 701
	[TornadoVM-PTX-JNI] ERROR : cuLaunchKernel -> Returned: 701
	[TornadoVM-PTX-JNI] ERROR : cuLaunchKernel -> Returned: 701
	[TornadoVM-PTX-JNI] ERROR : cuLaunchKernel -> Returned: 701
	[TornadoVM-PTX-JNI] ERROR : cuLaunchKernel -> Returned: 701
	[TornadoVM-PTX-JNI] ERROR : cuLaunchKernel -> Returned: 701
	[TornadoVM-PTX-JNI] ERROR : cuLaunchKernel -> Returned: 701
	[TornadoVM-PTX-JNI] ERROR : cuLaunchKernel -> Returned: 701
	[TornadoVM-PTX-JNI] ERROR : cuLaunchKernel -> Returned: 701
	[TornadoVM-PTX-JNI] ERROR : cuLaunchKernel -> Returned: 701
	[TornadoVM-PTX-JNI] ERROR : cuLaunchKernel -> Returned: 701
	[TornadoVM-PTX-JNI] ERROR : cuLaunchKernel -> Returned: 701
	[TornadoVM-PTX-JNI] ERROR : cuLaunchKernel -> Returned: 701
	[TornadoVM-PTX-JNI] ERROR : cuLaunchKernel -> Returned: 701
	[TornadoVM-PTX-JNI] ERROR : cuLaunchKernel -> Returned: 701
	[TornadoVM-PTX-JNI] ERROR : cuLaunchKernel -> Returned: 701
	[TornadoVM-PTX-JNI] ERROR : cuLaunchKernel -> Returned: 701
	[TornadoVM-PTX-JNI] ERROR : cuLaunchKernel -> Returned: 701
	[TornadoVM-PTX-JNI] ERROR : cuLaunchKernel -> Returned: 701
	[TornadoVM-PTX-JNI] ERROR : cuLaunchKernel -> Returned: 701
	[TornadoVM-PTX-JNI] ERROR : cuLaunchKernel -> Returned: 701
	[TornadoVM-PTX-JNI] ERROR : cuLaunchKernel -> Returned: 701
	[TornadoVM-PTX-JNI] ERROR : cuLaunchKernel -> Returned: 701
	[TornadoVM-PTX-JNI] ERROR : cuLaunchKernel -> Returned: 701
	[TornadoVM-PTX-JNI] ERROR : cuLaunchKernel -> Returned: 701
	[TornadoVM-PTX-JNI] ERROR : cuLaunchKernel -> Returned: 701
	[TornadoVM-PTX-JNI] ERROR : cuLaunchKernel -> Returned: 701
	[TornadoVM-PTX-JNI] ERROR : cuLaunchKernel -> Returned: 701
	[TornadoVM-PTX-JNI] ERROR : cuLaunchKernel -> Returned: 701
	[TornadoVM-PTX-JNI] ERROR : cuLaunchKernel -> Returned: 701
	[TornadoVM-PTX-JNI] ERROR : cuLaunchKernel -> Returned: 701
	[TornadoVM-PTX-JNI] ERROR : cuLaunchKernel -> Returned: 701
	[TornadoVM-PTX-JNI] ERROR : cuLaunchKernel -> Returned: 701
	[TornadoVM-PTX-JNI] ERROR : cuLaunchKernel -> Returned: 701
	[TornadoVM-PTX-JNI] ERROR : cuLaunchKernel -> Returned: 701
	[TornadoVM-PTX-JNI] ERROR : cuLaunchKernel -> Returned: 701
	[TornadoVM-PTX-JNI] ERROR : cuLaunchKernel -> Returned: 701
	[TornadoVM-PTX-JNI] ERROR : cuLaunchKernel -> Returned: 701
	[TornadoVM-PTX-JNI] ERROR : cuLaunchKernel -> Returned: 701
	[TornadoVM-PTX-JNI] ERROR : cuLaunchKernel -> Returned: 701
	[TornadoVM-PTX-JNI] ERROR : cuLaunchKernel -> Returned: 701
	[TornadoVM-PTX-JNI] ERROR : cuLaunchKernel -> Returned: 701
	[TornadoVM-PTX-JNI] ERROR : cuLaunchKernel -> Returned: 701
	[TornadoVM-PTX-JNI] ERROR : cuLaunchKernel -> Returned: 701
	[TornadoVM-PTX-JNI] ERROR : cuLaunchKernel -> Returned: 701
	[TornadoVM-PTX-JNI] ERROR : cuLaunchKernel -> Returned: 701
	[TornadoVM-PTX-JNI] ERROR : cuLaunchKernel -> Returned: 701
	[TornadoVM-PTX-JNI] ERROR : cuLaunchKernel -> Returned: 701
	[TornadoVM-PTX-JNI] ERROR : cuLaunchKernel -> Returned: 701
	[TornadoVM-PTX-JNI] ERROR : cuLaunchKernel -> Returned: 701
	[TornadoVM-PTX-JNI] ERROR : cuLaunchKernel -> Returned: 701
	[TornadoVM-PTX-JNI] ERROR : cuLaunchKernel -> Returned: 701
	[TornadoVM-PTX-JNI] ERROR : cuLaunchKernel -> Returned: 701
	[TornadoVM-PTX-JNI] ERROR : cuLaunchKernel -> Returned: 701
	[TornadoVM-PTX-JNI] ERROR : cuLaunchKernel -> Returned: 701
	[TornadoVM-PTX-JNI] ERROR : cuLaunchKernel -> Returned: 701
	[TornadoVM-PTX-JNI] ERROR : cuLaunchKernel -> Returned: 701
	[TornadoVM-PTX-JNI] ERROR : cuLaunchKernel -> Returned: 701
	[TornadoVM-PTX-JNI] ERROR : cuLaunchKernel -> Returned: 701
	[TornadoVM-PTX-JNI] ERROR : cuLaunchKernel -> Returned: 701
	[TornadoVM-PTX-JNI] ERROR : cuLaunchKernel -> Returned: 701
	[TornadoVM-PTX-JNI] ERROR : cuLaunchKernel -> Returned: 701
	[TornadoVM-PTX-JNI] ERROR : cuLaunchKernel -> Returned: 701
	[TornadoVM-PTX-JNI] ERROR : cuLaunchKernel -> Returned: 701
	[TornadoVM-PTX-JNI] ERROR : cuLaunchKernel -> Returned: 701
	[TornadoVM-PTX-JNI] ERROR : cuLaunchKernel -> Returned: 701
	[TornadoVM-PTX-JNI] ERROR : cuLaunchKernel -> Returned: 701
	[TornadoVM-PTX-JNI] ERROR : cuLaunchKernel -> Returned: 701
	[TornadoVM-PTX-JNI] ERROR : cuLaunchKernel -> Returned: 701
	[TornadoVM-PTX-JNI] ERROR : cuLaunchKernel -> Returned: 701
	[TornadoVM-PTX-JNI] ERROR : cuLaunchKernel -> Returned: 701
	[TornadoVM-PTX-JNI] ERROR : cuLaunchKernel -> Returned: 701
	[TornadoVM-PTX-JNI] ERROR : cuLaunchKernel -> Returned: 701
	[TornadoVM-PTX-JNI] ERROR : cuLaunchKernel -> Returned: 701
	[TornadoVM-PTX-JNI] ERROR : cuLaunchKernel -> Returned: 701
	[TornadoVM-PTX-JNI] ERROR : cuLaunchKernel -> Returned: 701
	[TornadoVM-PTX-JNI] ERROR : cuLaunchKernel -> Returned: 701
	[TornadoVM-PTX-JNI] ERROR : cuLaunchKernel -> Returned: 701
	[TornadoVM-PTX-JNI] ERROR : cuLaunchKernel -> Returned: 701
	[TornadoVM-PTX-JNI] ERROR : cuLaunchKernel -> Returned: 701
	[TornadoVM-PTX-JNI] ERROR : cuLaunchKernel -> Returned: 701
	[TornadoVM-PTX-JNI] ERROR : cuLaunchKernel -> Returned: 701
	[TornadoVM-PTX-JNI] ERROR : cuLaunchKernel -> Returned: 701
	[TornadoVM-PTX-JNI] ERROR : cuLaunchKernel -> Returned: 701
	[TornadoVM-PTX-JNI] ERROR : cuLaunchKernel -> Returned: 701
	[TornadoVM-PTX-JNI] ERROR : cuLaunchKernel -> Returned: 701
	[TornadoVM-PTX-JNI] ERROR : cuLaunchKernel -> Returned: 701
	[TornadoVM-PTX-JNI] ERROR : cuLaunchKernel -> Returned: 701
	[TornadoVM-PTX-JNI] ERROR : cuLaunchKernel -> Returned: 701
	[TornadoVM-PTX-JNI] ERROR : cuLaunchKernel -> Returned: 701
	[TornadoVM-PTX-JNI] ERROR : cuLaunchKernel -> Returned: 701
	[TornadoVM-PTX-JNI] ERROR : cuLaunchKernel -> Returned: 701
	[TornadoVM-PTX-JNI] ERROR : cuLaunchKernel -> Returned: 701
	[TornadoVM-PTX-JNI] ERROR : cuLaunchKernel -> Returned: 701
	[TornadoVM-PTX-JNI] ERROR : cuLaunchKernel -> Returned: 701
	[TornadoVM-PTX-JNI] ERROR : cuLaunchKernel -> Returned: 701
	[TornadoVM-PTX-JNI] ERROR : cuLaunchKernel -> Returned: 701
	[TornadoVM-PTX-JNI] ERROR : cuLaunchKernel -> Returned: 701
	[TornadoVM-PTX-JNI] ERROR : cuLaunchKernel -> Returned: 701
	[TornadoVM-PTX-JNI] ERROR : cuLaunchKernel -> Returned: 701
	[TornadoVM-PTX-JNI] ERROR : cuLaunchKernel -> Returned: 701
	[TornadoVM-PTX-JNI] ERROR : cuLaunchKernel -> Returned: 701
	[TornadoVM-PTX-JNI] ERROR : cuLaunchKernel -> Returned: 701
	[TornadoVM-PTX-JNI] ERROR : cuLaunchKernel -> Returned: 701
	[TornadoVM-PTX-JNI] ERROR : cuLaunchKernel -> Returned: 701
	[TornadoVM-PTX-JNI] ERROR : cuLaunchKernel -> Returned: 701
	[TornadoVM-PTX-JNI] ERROR : cuLaunchKernel -> Returned: 701
	[TornadoVM-PTX-JNI] ERROR : cuLaunchKernel -> Returned: 701
	[TornadoVM-PTX-JNI] ERROR : cuLaunchKernel -> Returned: 701
	[TornadoVM-PTX-JNI] ERROR : cuLaunchKernel -> Returned: 701
	[TornadoVM-PTX-JNI] ERROR : cuLaunchKernel -> Returned: 701
	[TornadoVM-PTX-JNI] ERROR : cuLaunchKernel -> Returned: 701
	[TornadoVM-PTX-JNI] ERROR : cuLaunchKernel -> Returned: 701
	[TornadoVM-PTX-JNI] ERROR : cuLaunchKernel -> Returned: 701
	[TornadoVM-PTX-JNI] ERROR : cuLaunchKernel -> Returned: 701
	[TornadoVM-PTX-JNI] ERROR : cuLaunchKernel -> Returned: 701
	[TornadoVM-PTX-JNI] ERROR : cuLaunchKernel -> Returned: 701
	[TornadoVM-PTX-JNI] ERROR : cuLaunchKernel -> Returned: 701
	[TornadoVM-PTX-JNI] ERROR : cuLaunchKernel -> Returned: 701
	[TornadoVM-PTX-JNI] ERROR : cuLaunchKernel -> Returned: 701
	[TornadoVM-PTX-JNI] ERROR : cuLaunchKernel -> Returned: 701
	[TornadoVM-PTX-JNI] ERROR : cuLaunchKernel -> Returned: 701
	[TornadoVM-PTX-JNI] ERROR : cuLaunchKernel -> Returned: 701
	[TornadoVM-PTX-JNI] ERROR : cuLaunchKernel -> Returned: 701
	[TornadoVM-PTX-JNI] ERROR : cuLaunchKernel -> Returned: 701
	[TornadoVM-PTX-JNI] ERROR : cuLaunchKernel -> Returned: 701
	[TornadoVM-PTX-JNI] ERROR : cuLaunchKernel -> Returned: 701
	[TornadoVM-PTX-JNI] ERROR : cuLaunchKernel -> Returned: 701
	[TornadoVM-PTX-JNI] ERROR : cuLaunchKernel -> Returned: 701
	[TornadoVM-PTX-JNI] ERROR : cuLaunchKernel -> Returned: 701
	[TornadoVM-PTX-JNI] ERROR : cuLaunchKernel -> Returned: 701
	[TornadoVM-PTX-JNI] ERROR : cuLaunchKernel -> Returned: 701
	[TornadoVM-PTX-JNI] ERROR : cuLaunchKernel -> Returned: 701
	[TornadoVM-PTX-JNI] ERROR : cuLaunchKernel -> Returned: 701
	[TornadoVM-PTX-JNI] ERROR : cuLaunchKernel -> Returned: 701
	[TornadoVM-PTX-JNI] ERROR : cuLaunchKernel -> Returned: 701
	[TornadoVM-PTX-JNI] ERROR : cuLaunchKernel -> Returned: 701
	[TornadoVM-PTX-JNI] ERROR : cuLaunchKernel -> Returned: 701
	[TornadoVM-PTX-JNI] ERROR : cuLaunchKernel -> Returned: 701
	[TornadoVM-PTX-JNI] ERROR : cuLaunchKernel -> Returned: 701
	[TornadoVM-PTX-JNI] ERROR : cuLaunchKernel -> Returned: 701
	[TornadoVM-PTX-JNI] ERROR : cuLaunchKernel -> Returned: 701
	[TornadoVM-PTX-JNI] ERROR : cuLaunchKernel -> Returned: 701
	[TornadoVM-PTX-JNI] ERROR : cuLaunchKernel -> Returned: 701
	[TornadoVM-PTX-JNI] ERROR : cuLaunchKernel -> Returned: 701
	[TornadoVM-PTX-JNI] ERROR : cuLaunchKernel -> Returned: 701
	[TornadoVM-PTX-JNI] ERROR : cuLaunchKernel -> Returned: 701
	[TornadoVM-PTX-JNI] ERROR : cuLaunchKernel -> Returned: 701
	[TornadoVM-PTX-JNI] ERROR : cuLaunchKernel -> Returned: 701
	[TornadoVM-PTX-JNI] ERROR : cuLaunchKernel -> Returned: 701
	[TornadoVM-PTX-JNI] ERROR : cuLaunchKernel -> Returned: 701
	[TornadoVM-PTX-JNI] ERROR : cuLaunchKernel -> Returned: 701
	[TornadoVM-PTX-JNI] ERROR : cuLaunchKernel -> Returned: 701
	[TornadoVM-PTX-JNI] ERROR : cuLaunchKernel -> Returned: 701
	[TornadoVM-PTX-JNI] ERROR : cuLaunchKernel -> Returned: 701
	[TornadoVM-PTX-JNI] ERROR : cuLaunchKernel -> Returned: 701
	[TornadoVM-PTX-JNI] ERROR : cuLaunchKernel -> Returned: 701
	[TornadoVM-PTX-JNI] ERROR : cuLaunchKernel -> Returned: 701
	[TornadoVM-PTX-JNI] ERROR : cuLaunchKernel -> Returned: 701
	[TornadoVM-PTX-JNI] ERROR : cuLaunchKernel -> Returned: 701
	[TornadoVM-PTX-JNI] ERROR : cuLaunchKernel -> Returned: 701
	[TornadoVM-PTX-JNI] ERROR : cuLaunchKernel -> Returned: 701
	[TornadoVM-PTX-JNI] ERROR : cuLaunchKernel -> Returned: 701
	[TornadoVM-PTX-JNI] ERROR : cuLaunchKernel -> Returned: 701
	[TornadoVM-PTX-JNI] ERROR : cuLaunchKernel -> Returned: 701
	[TornadoVM-PTX-JNI] ERROR : cuLaunchKernel -> Returned: 701
	[TornadoVM-PTX-JNI] ERROR : cuLaunchKernel -> Returned: 701
	[TornadoVM-PTX-JNI] ERROR : cuLaunchKernel -> Returned: 701
	[TornadoVM-PTX-JNI] ERROR : cuLaunchKernel -> Returned: 701
	[TornadoVM-PTX-JNI] ERROR : cuLaunchKernel -> Returned: 701
	[TornadoVM-PTX-JNI] ERROR : cuLaunchKernel -> Returned: 701
	[TornadoVM-PTX-JNI] ERROR : cuLaunchKernel -> Returned: 701
	[TornadoVM-PTX-JNI] ERROR : cuLaunchKernel -> Returned: 701
	[TornadoVM-PTX-JNI] ERROR : cuLaunchKernel -> Returned: 701
	[TornadoVM-PTX-JNI] ERROR : cuLaunchKernel -> Returned: 701
	[TornadoVM-PTX-JNI] ERROR : cuLaunchKernel -> Returned: 701
	[TornadoVM-PTX-JNI] ERROR : cuLaunchKernel -> Returned: 701
	[TornadoVM-PTX-JNI] ERROR : cuLaunchKernel -> Returned: 701
	[TornadoVM-PTX-JNI] ERROR : cuLaunchKernel -> Returned: 701
	[TornadoVM-PTX-JNI] ERROR : cuLaunchKernel -> Returned: 701
	[TornadoVM-PTX-JNI] ERROR : cuLaunchKernel -> Returned: 701
	[TornadoVM-PTX-JNI] ERROR : cuLaunchKernel -> Returned: 701
	[TornadoVM-PTX-JNI] ERROR : cuLaunchKernel -> Returned: 701
	[TornadoVM-PTX-JNI] ERROR : cuLaunchKernel -> Returned: 701
	[TornadoVM-PTX-JNI] ERROR : cuLaunchKernel -> Returned: 701
	[TornadoVM-PTX-JNI] ERROR : cuLaunchKernel -> Returned: 701
	[TornadoVM-PTX-JNI] ERROR : cuLaunchKernel -> Returned: 701
	[TornadoVM-PTX-JNI] ERROR : cuLaunchKernel -> Returned: 701
	[TornadoVM-PTX-JNI] ERROR : cuLaunchKernel -> Returned: 701
	[TornadoVM-PTX-JNI] ERROR : cuLaunchKernel -> Returned: 701
	[TornadoVM-PTX-JNI] ERROR : cuLaunchKernel -> Returned: 701
	[TornadoVM-PTX-JNI] ERROR : cuLaunchKernel -> Returned: 701
	[TornadoVM-PTX-JNI] ERROR : cuLaunchKernel -> Returned: 701
	[TornadoVM-PTX-JNI] ERROR : cuLaunchKernel -> Returned: 701
	[TornadoVM-PTX-JNI] ERROR : cuLaunchKernel -> Returned: 701
	[TornadoVM-PTX-JNI] ERROR : cuLaunchKernel -> Returned: 701
	[TornadoVM-PTX-JNI] ERROR : cuLaunchKernel -> Returned: 701
	[TornadoVM-PTX-JNI] ERROR : cuLaunchKernel -> Returned: 701
	[TornadoVM-PTX-JNI] ERROR : cuLaunchKernel -> Returned: 701
	[TornadoVM-PTX-JNI] ERROR : cuLaunchKernel -> Returned: 701
	[TornadoVM-PTX-JNI] ERROR : cuLaunchKernel -> Returned: 701
	[TornadoVM-PTX-JNI] ERROR : cuLaunchKernel -> Returned: 701
	[TornadoVM-PTX-JNI] ERROR : cuLaunchKernel -> Returned: 701
	[TornadoVM-PTX-JNI] ERROR : cuLaunchKernel -> Returned: 701
	[TornadoVM-PTX-JNI] ERROR : cuLaunchKernel -> Returned: 701
	[TornadoVM-PTX-JNI] ERROR : cuLaunchKernel -> Returned: 701
	[TornadoVM-PTX-JNI] ERROR : cuLaunchKernel -> Returned: 701
	[TornadoVM-PTX-JNI] ERROR : cuLaunchKernel -> Returned: 701
[GATHER] call=2000 totalDirty=0 maxThread=0 cumAvg=21.7 cumMaxPerThread=36
Sim. time=00.01....~2361.76 minutes computation to simulate 1 sec, run finished in ~-00.04 hours
	[TornadoVM-PTX-JNI] ERROR : cuLaunchKernel -> Returned: 701
collisionTime = 0.0
myosinTime = 0.0
[STATS] bindEvents=7694
[STATS] checkBugInsideFireCt=0
[STATS] addLinkForcesFireCt=0
[STATS] addTorsionFireCt=0
[STATS] meshFillFilSegFireCt=26385774
[STATS] meshAllSegsFireCt=0
[STATS] mbg3dFillFilSegFireCt=0
[STATS] updatePosFromBindFireCt=7694
[STATS] updatePosFromStepFireCt=0
[STATS] validateSegFireCt=715087
[STATS] anchorFireCt=0
[STATS] filSegInitFireCt=110247
[STATS] motorInitFireCt=1175979
[STATS] meanBoundMotors=714.886
[STATS] gpuMotorBinding total=2.926s calls=1001 pack=0.833s gridPack=0.000s exec=0.000s unpack=2.926s
[STATS] gpuMoveThing total=981.665s calls=1001 slotPack=142.611s jointPack=39.257s exec=763.761s unpack=36.029s
[STATS] gpuMoveThing demandSyncPose=0.793s(calls=1) demandSyncDerived=0.242s(calls=1) planRebuild=1 packRuleDesync=0
[STATS] gpuMoveThing poseDelta avg=105446.00 max=9602 sum=105446 fresh=1 overflow=0 cap=38408
[STATS] gpuMoveThing trueDirty calls=1000 slotChange avg=52.72 max=4801 pending avg=52.72 max=4801 totalUpperMax=9602 slotCount=3585461 slotCap=7065478
[STATS] glidingVelocity=0.0000
ThingStep Threads took 166.874000 seconds.
ThingBrownian Threads took 22.703000 seconds.
Myosin Threads took 0.941000 seconds.
MyoDimer Threads took 0.000000 seconds.
Protein Node Threads took 0.000000 seconds.
MyoMiniFil Threads took 0.000000 seconds.
Chamber Myo Threads took 0.000000 seconds.
Chamber MyoDimer Threads took 0.000000 seconds.
Mesh Threads took 58.676000 seconds.
Ck Mesh Threads took 4.566000 seconds.
Ck Mots Threads took 0.000000 seconds.
XLink Threads took 1.385000 seconds.
Arp23 Threads took 0.000000 seconds.
NodeLink Threads took 0.000000 seconds.
Membrane Node Threads took 0.000000 seconds.
ActA Threads took 0.000000 seconds.
MotorBindGrid3D Fill took 0.000000 seconds.
Finished closing JSON plots!
