WARNING: Using incubator modules: jdk.incubator.vector
[TELEPORT_DIAG] enabled=false threshold=0.1
Loading parameter values from /home/jba/Code/BoA/RUN_LOGS/2026-06-08_scaling_study/2x_gpu_K2.pf...
     Parameter assigned: deltaT set to 1.0E-5
     Parameter assigned: biochemDeltaT set to 0.01
     Parameter assigned: collisionDeltaT set to 1.0E-5
     Parameter assigned: brownianDeltaT set to 1.0E-5
     Parameter assigned: runTime set to 0.02
     Parameter assigned: toFileInterval set to 5000
     Parameter assigned: remoteWriteInterval set to 1000
     Parameter assigned: fracMove set to 0.5
     Parameter assigned: fracR set to 0.1
     Parameter assigned: fracMoveTorq set to 0.2
     Parameter assigned: boxXDim set to 19.799
     Parameter assigned: boxYDim set to 19.799
     Parameter assigned: boxZDim set to 0.5
     Parameter assigned: aeta set to 0.1
     Parameter assigned: noMonomersSimd set to true
     Parameter assigned: kRdmNuc set to 0.0
     Parameter assigned: kNodeNuc set to 0.0
     Parameter assigned: initialFilaments set to 800
     Parameter assigned: minFilLength set to 1.0
     Parameter assigned: maxFilLength set to 3.0
     Parameter assigned: initialMyoMiniFils set to 0
     Parameter assigned: equilNodes set to 0
     Parameter assigned: glidingAssay set to true
     Parameter assigned: externalDensitySweep set to true
     Parameter assigned: fixedMyosinDensity set to 500.0
     Parameter assigned: fixedMyosinZValue set to -0.05
     Parameter assigned: glidingFilamentLength set to 2.0
     Parameter assigned: filSegLength set to 64
Done... there were 0 misunderstandings.
**************************************************************
Eulerian Mesh stats:
nXBins = 100; xBinWidth = 0.2 Âµm
nYBins = 100; yBinWidth = 0.2 Âµm
binDepth = 1000
**************************************************************
MotorBindGrid3D: 100 x 100 x 4 cells (0.2 Âµm each)
GPUMoveThing: slotCap=1177604 myoCap=392000 moveBlock=64 jointBlock=64 runSeed=1157447958 nWorkers=16
[GATHER] call=1000 totalDirty=0 maxThread=0 cumAvg=4.1 cumMaxPerThread=8
[GATHER] call=2000 totalDirty=0 maxThread=0 cumAvg=4.1 cumMaxPerThread=8
Sim. time=00.01....~366.24 minutes computation to simulate 1 sec, run finished in ~00.06 hours
[GATHER] call=3000 totalDirty=0 maxThread=0 cumAvg=4.0 cumMaxPerThread=8
[GATHER] call=4000 totalDirty=0 maxThread=0 cumAvg=4.0 cumMaxPerThread=8
Sim. time=00.02....~282.42 minutes computation to simulate 1 sec, run finished in ~00.00 hours
collisionTime = 0.0
myosinTime = 0.0
[STATS] bindEvents=7814
[STATS] checkBugInsideFireCt=0
[STATS] addLinkForcesFireCt=0
[STATS] addTorsionFireCt=0
[STATS] meshFillFilSegFireCt=15447289
[STATS] meshAllSegsFireCt=0
[STATS] mbg3dFillFilSegFireCt=0
[STATS] updatePosFromBindFireCt=7814
[STATS] updatePosFromStepFireCt=0
[STATS] validateSegFireCt=870691
[STATS] anchorFireCt=0
[STATS] filSegInitFireCt=18229
[STATS] motorInitFireCt=196000
[STATS] meanBoundMotors=415.204
[STATS] gpuMotorBinding total=0.932s calls=2101 pack=0.267s gridPack=0.000s exec=0.000s unpack=0.932s
[STATS] gpuMoveThing total=191.134s calls=2101 slotPack=61.690s jointPack=26.443s exec=89.981s unpack=13.015s
[STATS] gpuMoveThing demandSyncPose=0.100s(calls=1) demandSyncDerived=0.037s(calls=1) planRebuild=1
[STATS] gpuMoveThing poseDelta avg=17428.00 max=1602 sum=17428 fresh=1 overflow=0 cap=4096
[STATS] glidingVelocity=0.0000
ThingStep Threads took 75.767000 seconds.
ThingBrownian Threads took 10.718000 seconds.
Myosin Threads took 1.942000 seconds.
MyoDimer Threads took 0.000000 seconds.
Protein Node Threads took 0.000000 seconds.
MyoMiniFil Threads took 0.000000 seconds.
Chamber Myo Threads took 0.000000 seconds.
Chamber MyoDimer Threads took 0.000000 seconds.
Mesh Threads took 19.258000 seconds.
Ck Mesh Threads took 3.434000 seconds.
Ck Mots Threads took 0.000000 seconds.
XLink Threads took 1.130000 seconds.
Arp23 Threads took 0.000000 seconds.
NodeLink Threads took 0.000000 seconds.
Membrane Node Threads took 0.000000 seconds.
ActA Threads took 0.000000 seconds.
MotorBindGrid3D Fill took 0.000000 seconds.
Finished closing JSON plots!
