[TELEPORT_DIAG] enabled=false threshold=0.1
Loading parameter values from /tmp/s2conc8...
     Parameter assigned: buildDtsMembrane set to true
     Parameter assigned: dtsMembraneSubdiv set to 4
     Parameter assigned: dtsMembraneRadius set to 1.2
     Parameter assigned: dtsVertexRadiusFrac set to 0.5
     Parameter assigned: dtsKappaBend set to 1.0E-19
     Parameter assigned: dtsKappaArea set to 0.15
     Parameter assigned: dtsKappaVolume set to 1.0E-13
     Parameter assigned: dtsTargetReducedVol set to 1.0
     Parameter assigned: dtsMaxDispFrac set to 0.2
     Parameter assigned: dtsBrownianOff set to true
     Parameter assigned: dtsAnchorStiffness set to 0.015
     Parameter assigned: dtsArpOn set to true
     Parameter assigned: dtsArpHotPatches set to 3
     Parameter assigned: dtsArpHotPatchDeg set to 8.0
     Parameter assigned: dtsArpDiffusion set to 0.1
     Parameter assigned: dtsArpDecay set to 0.015
     Parameter assigned: dtsForminOn set to true
     Parameter assigned: dtsForminGrowOut set to true
     Parameter assigned: dtsForminPool set to 1.0
     Parameter assigned: dtsForminConsume set to 1.0
     Parameter assigned: dtsForminNucRate set to 50.0
     Parameter assigned: dtsForminRecover set to 0.0
     Parameter assigned: forminRelease set to 0.0
     Parameter assigned: forminBarbedBrownianFactor set to 0.05
     Parameter assigned: dtsForminStandoff set to 0.05
     Parameter assigned: actinSeed set to 8
     Parameter assigned: arpTransFracMove set to 1.0
     Parameter assigned: arpSubcycleN set to 10
     Parameter assigned: filDragMinMonomers set to 200
     Parameter assigned: arpDaughterBrownianFactor set to 1.0
     Parameter assigned: dtsBranchOn set to true
     Parameter assigned: dtsBranchRate set to 0.25
     Parameter assigned: dtsArpConsumePerBranch set to 0.05
     Parameter assigned: dtsMaxFilaments set to 400
     Parameter assigned: dtsActinCollide set to true
     Parameter assigned: dtsRatchetForce set to 0.0
     Parameter assigned: ratchetOn set to true
     Parameter assigned: ratchetForce set to 1.5E-12
     Parameter assigned: dtsActinPushMax set to 5.0E-12
     Parameter assigned: actinConc set to 8.0
     Parameter assigned: filTipRadiusForCollision set to 0.04
     Parameter assigned: deltaT set to 1.0E-5
     Parameter assigned: collisionDeltaT set to 1.0E-5
     No match found for parameter label brownianDeltaT ... you best check that out!
     Parameter assigned: biochemDeltaT set to 0.001
     Parameter assigned: runTime set to 0.25
     Parameter assigned: toFileInterval set to 120
     Parameter assigned: remoteWriteInterval set to 2000
     Parameter assigned: boxXDim set to 5.0
     Parameter assigned: boxYDim set to 5.0
     Parameter assigned: boxZDim set to 5.0
     Parameter assigned: aeta set to 0.1
     Parameter assigned: simOutsideBug set to false
     Parameter assigned: initialFilaments set to 0
     Parameter assigned: initialMyoMiniFils set to 0
     Parameter assigned: equilNodes set to 0
     Parameter assigned: fillNodeCt set to 0
     Parameter assigned: buildBranchedFils set to false
     Parameter assigned: buildMembraneSheet set to false
     Parameter assigned: buildMembraneSphere set to false
     Parameter assigned: forminConc set to 0.0
     Parameter assigned: arpConc set to 0.0
     Parameter assigned: dtsCortexOn set to 1.0
     Parameter assigned: dtsCortexRadius set to 1.1
     Parameter assigned: dtsCortexKappaScale set to 20.0
     Parameter assigned: dtsCortexAreaScale set to 10.0
     Parameter assigned: dtsCortexDragScale set to 5.0
     Parameter assigned: dtsMcaStiffness set to 5.0E-4
     Parameter assigned: dtsMcaRestGap set to 0.0
     Parameter assigned: dtsMcaForceMax set to 6.0E-12
     Parameter assigned: dtsMcaLinkViz set to 3
     Parameter assigned: dtsArpOn set to false
     Parameter assigned: dtsBranchOn set to false
     Parameter assigned: runTime set to 0.25
     Parameter assigned: dtsArpOn set to true
     Parameter assigned: dtsBranchOn set to true
     Parameter assigned: dtsMcaForceMax set to 2.5E-12
     Parameter assigned: runTime set to 0.25
     Parameter assigned: dtsAnchorForceMax set to 1.5E-11
Done... there were 1 misunderstandings.
[RNG] per-worker RNG pool: 17 MTFs, masterSeed=1103269717138607503 (BOA_RNG_SEED unset)
[DTS] membrane #0 built: nu=4  nv=2562  nf=5120  ne=7680  maxVal=12  R=1.200 um  l0=0.0906 um  rVert=0.0453 um  A0=18.0739 um^2  V0=7.2226 um^3
[DTS]   continuum sphere: A=18.0956 (mesh 99.9%)  V=7.2382 (mesh 99.8%)
[DTS] membrane #1 built: nu=4  nv=2562  nf=5120  ne=7680  maxVal=12  R=1.100 um  l0=0.0830 um  rVert=0.0415 um  A0=15.1871 um^2  V0=5.5632 um^3
[DTS]   continuum sphere: A=15.2053 (mesh 99.9%)  V=5.5753 (mesh 99.8%)
[DTS-HOT] 3 NPF patches, 36 hot vertices of 2562
[DTS] two-shell: bilayer R=1.200 + cortex R=1.100  (cortex kappa x20, K_A=1.50, drag x5.0)
**************************************************************
Eulerian Mesh stats:
nXBins = 26; xBinWidth = 0.2 µm
nYBins = 26; yBinWidth = 0.2 µm
binDepth = 1000
**************************************************************
MotorBindGrid3D: 26 x 26 x 26 cells (0.2 µm each)
[18:56] [phase-plan] inert-wave cull — ThreadSet activation snapshot:
[18:56]   ON   ThingStep Threads
[18:56]   ON   ThingBrownian Threads
[18:56]   ON   Myosin Threads
[18:56]   OFF  MyoDimer Threads
[18:56]   ON   Protein Node Threads
[18:56]   OFF  MyoMiniFil Threads
[18:56]   OFF  Chamber Myo Threads
[18:56]   OFF  Chamber MyoDimer Threads
[18:56]   ON   Mesh Threads
[18:56]   ON   Ck Mesh Threads
[18:56]   ON   Ck Mots Threads
[18:56]   OFF  XLink Threads
[18:56]   OFF  Arp23 Threads
[18:56]   OFF  NodeLink Threads
[18:56]   ON   Membrane Node Threads
[18:56]   OFF  ActA Threads
[18:56]   ON   MotorBindGrid3D Fill
[18:56] [phase-plan] 9 active, 8 inert (will skip dispatch)
ThreeJSWriter: created directory /home/jba/Code/threejs_output/s2conc8
ThreeJSWriter: output directory /home/jba/Code/threejs_output/s2conc8
ThreeJSWriter: archived 5 source files to source.zip
ThreeJSWriter: wrote params_input.s2conc8
ThreeJSWriter: wrote params_effective.txt (368 parameters)
[DTS-E] step 0  E bend=2.514e-18 area=5.242e-42 vol=3.550e-43 tot=2.514e-18 J   A=18.0739/18.0739  V=7.2226/7.2226 um  |F|max=8.81e-14 N
[DTS-E] step 0  E bend=5.029e-17 area=4.176e-39 vol=7.124e-43 tot=5.029e-17 J   A=15.1871/15.1871  V=5.5632/5.5632 um  |F|max=1.92e-12 N
[DTS-ARP] step 0  maxConc=1.0000  meanConc=0.0169  spread=81/2562 verts >1%
[DTS-FORMIN] step 0  mothers nucleated=0  pool remaining=36.0 over 36 hot verts
[MCA] step 0 linked=2562/2562  gap=0.100  bilayerMaxR=1.200 cortexMaxR=1.100
[FLIP] step 0 membrane#0 flips=0/7680 verify=true
[FLIP] step 0 membrane#1 flips=0/7680 verify=true
[GATHER] call=1000 totalDirty=0 maxThread=0 cumAvg=2748.8 cumMaxPerThread=892
[DTS-E] step 500  E bend=2.514e-18 area=8.202e-29 vol=5.472e-27 tot=2.514e-18 J   A=18.0739/18.0739  V=7.2226/7.2226 um  |F|max=4.52e-15 N
[DTS-E] step 500  E bend=5.029e-17 area=6.651e-24 vol=3.515e-26 tot=5.029e-17 J   A=15.1871/15.1871  V=5.5632/5.5632 um  |F|max=1.23e-12 N
[DTS-ARP] step 500  maxConc=1.0000  meanConc=0.0805  spread=1488/2562 verts >1%
[DTS-FORMIN] step 500  mothers nucleated=5  pool remaining=31.0 over 31 hot verts
[MCA] step 500 linked=2562/2562  gap=0.100  bilayerMaxR=1.200 cortexMaxR=1.100
[FLIP] step 500 membrane#0 flips=0/7680 verify=true
[FLIP] step 500 membrane#1 flips=0/7680 verify=true
[GATHER] call=2000 totalDirty=0 maxThread=0 cumAvg=2751.1 cumMaxPerThread=892
[DTS-E] step 1000  E bend=2.514e-18 area=4.251e-29 vol=6.332e-27 tot=2.514e-18 J   A=18.0739/18.0739  V=7.2226/7.2226 um  |F|max=4.43e-15 N
[DTS-E] step 1000  E bend=5.029e-17 area=2.742e-23 vol=2.060e-25 tot=5.029e-17 J   A=15.1871/15.1871  V=5.5632/5.5632 um  |F|max=1.32e-12 N
[DTS-ARP] step 1000  maxConc=1.0000  meanConc=0.0806  spread=1489/2562 verts >1%
[DTS-FORMIN] step 1000  mothers nucleated=10  pool remaining=26.0 over 26 hot verts
[MCA] step 1000 linked=2562/2562  gap=0.100  bilayerMaxR=1.200 cortexMaxR=1.100
[FLIP] step 1000 membrane#0 flips=0/7680 verify=true
[FLIP] step 1000 membrane#1 flips=0/7680 verify=true
[DTS-BRANCH] step 1000  fils=10 nearCortex=10 rejBorn=0  totalBranches=0
[BRANCH-DENSITY] step 1000  filLen=0.248 um  branches=0  um/branch=0.000
[GATHER] call=3000 totalDirty=0 maxThread=0 cumAvg=2753.4 cumMaxPerThread=892
[DTS-E] step 1500  E bend=2.514e-18 area=1.226e-27 vol=5.406e-27 tot=2.514e-18 J   A=18.0739/18.0739  V=7.2226/7.2226 um  |F|max=4.41e-15 N
[DTS-E] step 1500  E bend=5.029e-17 area=1.902e-23 vol=1.399e-25 tot=5.029e-17 J   A=15.1871/15.1871  V=5.5632/5.5632 um  |F|max=1.31e-12 N
[DTS-ARP] step 1500  maxConc=1.0000  meanConc=0.0806  spread=1489/2562 verts >1%
[DTS-FORMIN] step 1500  mothers nucleated=15  pool remaining=21.0 over 21 hot verts
[MCA] step 1500 linked=2562/2562  gap=0.100  bilayerMaxR=1.200 cortexMaxR=1.100
[FLIP] step 1500 membrane#0 flips=0/7680 verify=true
[FLIP] step 1500 membrane#1 flips=0/7680 verify=true
[GATHER] call=4000 totalDirty=0 maxThread=0 cumAvg=2755.4 cumMaxPerThread=892
Sim. time=00.02....~26.30 minutes computation to simulate 1 sec, run finished in ~00.10 hours
[DTS-E] step 2000  E bend=2.514e-18 area=6.608e-27 vol=3.737e-27 tot=2.514e-18 J   A=18.0739/18.0739  V=7.2226/7.2226 um  |F|max=4.32e-15 N
[DTS-E] step 2000  E bend=5.029e-17 area=7.192e-25 vol=7.065e-28 tot=5.029e-17 J   A=15.1871/15.1871  V=5.5632/5.5632 um  |F|max=1.17e-12 N
[DTS-ARP] step 2000  maxConc=1.0000  meanConc=0.0806  spread=1489/2562 verts >1%
[DTS-FORMIN] step 2000  mothers nucleated=18  pool remaining=18.0 over 18 hot verts
[MCA] step 2000 linked=2562/2562  gap=0.100  bilayerMaxR=1.200 cortexMaxR=1.100
[FLIP] step 2000 membrane#0 flips=0/7680 verify=true
[FLIP] step 2000 membrane#1 flips=0/7680 verify=true
[DTS-BRANCH] step 2000  fils=17 nearCortex=17 rejBorn=0  totalBranches=0
[BRANCH-DENSITY] step 2000  filLen=0.451 um  branches=0  um/branch=0.000
[GATHER] call=5000 totalDirty=0 maxThread=0 cumAvg=2757.3 cumMaxPerThread=892
[DTS-E] step 2500  E bend=2.514e-18 area=7.488e-27 vol=3.630e-27 tot=2.514e-18 J   A=18.0739/18.0739  V=7.2226/7.2226 um  |F|max=4.32e-15 N
[DTS-E] step 2500  E bend=5.029e-17 area=9.778e-27 vol=3.727e-27 tot=5.029e-17 J   A=15.1871/15.1871  V=5.5632/5.5632 um  |F|max=1.33e-12 N
[DTS-ARP] step 2500  maxConc=1.0000  meanConc=0.0806  spread=1489/2562 verts >1%
[DTS-FORMIN] step 2500  mothers nucleated=21  pool remaining=15.0 over 15 hot verts
[MCA] step 2500 linked=2562/2562  gap=0.100  bilayerMaxR=1.200 cortexMaxR=1.100
[FLIP] step 2500 membrane#0 flips=0/7680 verify=true
[FLIP] step 2500 membrane#1 flips=0/7680 verify=true
[GATHER] call=6000 totalDirty=0 maxThread=0 cumAvg=2759.1 cumMaxPerThread=892
[DTS-E] step 3000  E bend=2.514e-18 area=6.908e-27 vol=3.813e-27 tot=2.514e-18 J   A=18.0739/18.0739  V=7.2226/7.2226 um  |F|max=7.59e-15 N
[DTS-E] step 3000  E bend=5.029e-17 area=2.091e-23 vol=2.544e-25 tot=5.029e-17 J   A=15.1872/15.1871  V=5.5632/5.5632 um  |F|max=1.20e-12 N
[DTS-ARP] step 3000  maxConc=1.0000  meanConc=0.0806  spread=1489/2562 verts >1%
[DTS-FORMIN] step 3000  mothers nucleated=26  pool remaining=10.0 over 10 hot verts
[MCA] step 3000 linked=2562/2562  gap=0.100  bilayerMaxR=1.200 cortexMaxR=1.100
[FLIP] step 3000 membrane#0 flips=0/7680 verify=true
[FLIP] step 3000 membrane#1 flips=0/7680 verify=true
[DTS-BRANCH] step 3000  fils=24 nearCortex=24 rejBorn=0  totalBranches=0
[BRANCH-DENSITY] step 3000  filLen=0.683 um  branches=0  um/branch=0.000
[RATCHET] poly vs gap g to membrane (delta=monomer, f=1.50e-12 N). meanFactor=closure output; relRate=realized:
  g<0 (overlap)  samples=114       events=6        meanFactor=0.374  relRate=0.483
  0.0-0.2d       samples=3         events=0        meanFactor=0.436  relRate=0.000
  0.2-0.4d       samples=0         events=0        meanFactor=0.000  relRate=0.000
  0.4-0.6d       samples=1         events=0        meanFactor=0.671  relRate=0.000
  0.6-0.8d       samples=14        events=2        meanFactor=0.722  relRate=1.312
  0.8-1.0d       samples=0         events=0        meanFactor=0.000  relRate=0.000
  1-2d           samples=13        events=1        meanFactor=1.000  relRate=0.706
  g>=2d (free)   samples=202       events=22       meanFactor=1.000  relRate=1.000
  TOTAL eligible tip-fires=347  poly events=31  (boundary g<delta share=38.0%)
[GATHER] call=7000 totalDirty=0 maxThread=0 cumAvg=2760.8 cumMaxPerThread=892
[DTS-E] step 3500  E bend=2.514e-18 area=3.142e-27 vol=4.814e-27 tot=2.514e-18 J   A=18.0739/18.0739  V=7.2226/7.2226 um  |F|max=7.58e-15 N
[DTS-E] step 3500  E bend=5.029e-17 area=2.067e-23 vol=2.420e-25 tot=5.029e-17 J   A=15.1872/15.1871  V=5.5632/5.5632 um  |F|max=1.44e-12 N
[DTS-ARP] step 3500  maxConc=1.0000  meanConc=0.0806  spread=1489/2562 verts >1%
[DTS-FORMIN] step 3500  mothers nucleated=30  pool remaining=6.0 over 6 hot verts
[MCA] step 3500 linked=2562/2562  gap=0.100  bilayerMaxR=1.200 cortexMaxR=1.100
[FLIP] step 3500 membrane#0 flips=0/7680 verify=true
[FLIP] step 3500 membrane#1 flips=0/7680 verify=true
[GATHER] call=8000 totalDirty=0 maxThread=0 cumAvg=2762.8 cumMaxPerThread=892
Sim. time=00.04....~26.04 minutes computation to simulate 1 sec, run finished in ~00.09 hours
[DTS-E] step 4000  E bend=2.514e-18 area=4.727e-27 vol=4.273e-27 tot=2.514e-18 J   A=18.0739/18.0739  V=7.2226/7.2226 um  |F|max=7.26e-15 N
[DTS-E] step 4000  E bend=5.029e-17 area=2.074e-23 vol=2.329e-25 tot=5.029e-17 J   A=15.1872/15.1871  V=5.5632/5.5632 um  |F|max=1.44e-12 N
[DTS-ARP] step 4000  maxConc=1.0000  meanConc=0.0806  spread=1489/2562 verts >1%
[DTS-FORMIN] step 4000  mothers nucleated=34  pool remaining=2.0 over 2 hot verts
[MCA] step 4000 linked=2562/2562  gap=0.100  bilayerMaxR=1.200 cortexMaxR=1.101
[FLIP] step 4000 membrane#0 flips=0/7680 verify=true
[FLIP] step 4000 membrane#1 flips=0/7680 verify=true
[DTS-BRANCH] step 4000  fils=32 nearCortex=32 rejBorn=0  totalBranches=0
[BRANCH-DENSITY] step 4000  filLen=0.921 um  branches=0  um/branch=0.000
[GATHER] call=9000 totalDirty=0 maxThread=0 cumAvg=2764.5 cumMaxPerThread=892
[DTS-E] step 4500  E bend=2.514e-18 area=8.048e-27 vol=3.382e-27 tot=2.514e-18 J   A=18.0739/18.0739  V=7.2226/7.2226 um  |F|max=7.51e-15 N
[DTS-E] step 4500  E bend=5.029e-17 area=4.532e-23 vol=4.912e-25 tot=5.029e-17 J   A=15.1872/15.1871  V=5.5633/5.5632 um  |F|max=1.42e-12 N
[DTS-ARP] step 4500  maxConc=1.0000  meanConc=0.0806  spread=1489/2562 verts >1%
[DTS-FORMIN] step 4500  mothers nucleated=34  pool remaining=2.0 over 2 hot verts
[MCA] step 4500 linked=2562/2562  gap=0.100  bilayerMaxR=1.200 cortexMaxR=1.101
[FLIP] step 4500 membrane#0 flips=0/7680 verify=true
[FLIP] step 4500 membrane#1 flips=0/7680 verify=true
[GATHER] call=10000 totalDirty=0 maxThread=0 cumAvg=2765.9 cumMaxPerThread=892
[DTS-E] step 5000  E bend=2.514e-18 area=9.191e-27 vol=2.847e-27 tot=2.514e-18 J   A=18.0739/18.0739  V=7.2226/7.2226 um  |F|max=7.26e-15 N
[DTS-E] step 5000  E bend=5.029e-17 area=4.533e-23 vol=4.839e-25 tot=5.029e-17 J   A=15.1872/15.1871  V=5.5632/5.5632 um  |F|max=1.42e-12 N
[DTS-ARP] step 5000  maxConc=1.0000  meanConc=0.0806  spread=1489/2562 verts >1%
[DTS-FORMIN] step 5000  mothers nucleated=34  pool remaining=2.0 over 2 hot verts
[MCA] step 5000 linked=2562/2562  gap=0.100  bilayerMaxR=1.200 cortexMaxR=1.101
[FLIP] step 5000 membrane#0 flips=0/7680 verify=true
[FLIP] step 5000 membrane#1 flips=0/7680 verify=true
[DTS-BRANCH] step 5000  fils=32 nearCortex=32 rejBorn=0  totalBranches=0
[BRANCH-DENSITY] step 5000  filLen=0.972 um  branches=0  um/branch=0.000
[GATHER] call=11000 totalDirty=0 maxThread=0 cumAvg=2767.0 cumMaxPerThread=892
[DTS-E] step 5500  E bend=2.514e-18 area=6.929e-27 vol=2.813e-27 tot=2.514e-18 J   A=18.0739/18.0739  V=7.2226/7.2226 um  |F|max=6.56e-15 N
[DTS-E] step 5500  E bend=5.029e-17 area=4.385e-23 vol=4.605e-25 tot=5.029e-17 J   A=15.1872/15.1871  V=5.5632/5.5632 um  |F|max=1.42e-12 N
[DTS-ARP] step 5500  maxConc=1.0000  meanConc=0.0806  spread=1489/2562 verts >1%
[DTS-FORMIN] step 5500  mothers nucleated=34  pool remaining=2.0 over 2 hot verts
[MCA] step 5500 linked=2562/2562  gap=0.100  bilayerMaxR=1.201 cortexMaxR=1.101
[FLIP] step 5500 membrane#0 flips=0/7680 verify=true
[FLIP] step 5500 membrane#1 flips=0/7680 verify=true
[GATHER] call=12000 totalDirty=0 maxThread=0 cumAvg=2768.0 cumMaxPerThread=892
Sim. time=00.06....~25.98 minutes computation to simulate 1 sec, run finished in ~00.08 hours
[DTS-E] step 6000  E bend=2.514e-18 area=3.444e-27 vol=6.703e-27 tot=2.514e-18 J   A=18.0740/18.0739  V=7.2226/7.2226 um  |F|max=6.55e-14 N
[DTS-E] step 6000  E bend=5.029e-17 area=3.262e-23 vol=3.360e-25 tot=5.029e-17 J   A=15.1872/15.1871  V=5.5632/5.5632 um  |F|max=1.43e-12 N
[DTS-ARP] step 6000  maxConc=1.0000  meanConc=0.0806  spread=1489/2562 verts >1%
[DTS-FORMIN] step 6000  mothers nucleated=35  pool remaining=1.0 over 1 hot verts
[MCA] step 6000 linked=2562/2562  gap=0.100  bilayerMaxR=1.201 cortexMaxR=1.101
[FLIP] step 6000 membrane#0 flips=0/7680 verify=true
[FLIP] step 6000 membrane#1 flips=0/7680 verify=true
[DTS-BRANCH] step 6000  fils=33 nearCortex=33 rejBorn=0  totalBranches=0
[BRANCH-DENSITY] step 6000  filLen=1.064 um  branches=0  um/branch=0.000
[RATCHET] poly vs gap g to membrane (delta=monomer, f=1.50e-12 N). meanFactor=closure output; relRate=realized:
  g<0 (overlap)  samples=341       events=11       meanFactor=0.374  relRate=0.361
  0.0-0.2d       samples=12        events=1        meanFactor=0.407  relRate=0.932
  0.2-0.4d       samples=20        events=1        meanFactor=0.481  relRate=0.559
  0.4-0.6d       samples=3         events=1        meanFactor=0.647  relRate=3.727
  0.6-0.8d       samples=15        events=2        meanFactor=0.724  relRate=1.491
  0.8-1.0d       samples=3         events=0        meanFactor=0.974  relRate=0.000
  1-2d           samples=79        events=8        meanFactor=1.000  relRate=1.132
  g>=2d (free)   samples=682       events=61       meanFactor=1.000  relRate=1.000
  TOTAL eligible tip-fires=1155  poly events=85  (boundary g<delta share=34.1%)
[GATHER] call=13000 totalDirty=0 maxThread=0 cumAvg=2768.9 cumMaxPerThread=892
[DTS-E] step 6500  E bend=2.514e-18 area=3.035e-31 vol=3.555e-27 tot=2.514e-18 J   A=18.0739/18.0739  V=7.2226/7.2226 um  |F|max=4.58e-14 N
[DTS-E] step 6500  E bend=5.029e-17 area=3.243e-23 vol=3.254e-25 tot=5.029e-17 J   A=15.1872/15.1871  V=5.5632/5.5632 um  |F|max=1.48e-12 N
[DTS-ARP] step 6500  maxConc=1.0000  meanConc=0.0806  spread=1489/2562 verts >1%
[DTS-FORMIN] step 6500  mothers nucleated=35  pool remaining=1.0 over 1 hot verts
[MCA] step 6500 linked=2562/2562  gap=0.100  bilayerMaxR=1.201 cortexMaxR=1.101
[FLIP] step 6500 membrane#0 flips=0/7680 verify=true
[FLIP] step 6500 membrane#1 flips=0/7680 verify=true
[GATHER] call=14000 totalDirty=0 maxThread=0 cumAvg=2769.8 cumMaxPerThread=892
[DTS-E] step 7000  E bend=2.514e-18 area=3.040e-27 vol=1.168e-27 tot=2.514e-18 J   A=18.0739/18.0739  V=7.2226/7.2226 um  |F|max=3.18e-14 N
[DTS-E] step 7000  E bend=5.029e-17 area=2.983e-23 vol=2.835e-25 tot=5.029e-17 J   A=15.1872/15.1871  V=5.5632/5.5632 um  |F|max=1.63e-12 N
[DTS-ARP] step 7000  maxConc=1.0000  meanConc=0.0806  spread=1489/2562 verts >1%
[DTS-FORMIN] step 7000  mothers nucleated=36  pool remaining=0.0 over 0 hot verts
[MCA] step 7000 linked=2562/2562  gap=0.100  bilayerMaxR=1.201 cortexMaxR=1.101
[FLIP] step 7000 membrane#0 flips=0/7680 verify=true
[FLIP] step 7000 membrane#1 flips=0/7680 verify=true
[DTS-BRANCH] step 7000  fils=34 nearCortex=34 rejBorn=0  totalBranches=0
[BRANCH-DENSITY] step 7000  filLen=1.145 um  branches=0  um/branch=0.000
[DTS-ACTIN] step 7000  filaments contacting membrane = 1 / 34
[GATHER] call=15000 totalDirty=0 maxThread=0 cumAvg=2770.6 cumMaxPerThread=892
[DTS-E] step 7500  E bend=2.514e-18 area=1.032e-26 vol=4.827e-29 tot=2.514e-18 J   A=18.0739/18.0739  V=7.2226/7.2226 um  |F|max=1.34e-14 N
[DTS-E] step 7500  E bend=5.029e-17 area=3.127e-23 vol=2.749e-25 tot=5.029e-17 J   A=15.1872/15.1871  V=5.5632/5.5632 um  |F|max=1.62e-12 N
[DTS-ARP] step 7500  maxConc=1.0000  meanConc=0.0806  spread=1489/2562 verts >1%
[DTS-FORMIN] step 7500  mothers nucleated=36  pool remaining=0.0 over 0 hot verts
[MCA] step 7500 linked=2562/2562  gap=0.100  bilayerMaxR=1.201 cortexMaxR=1.101
[FLIP] step 7500 membrane#0 flips=0/7680 verify=true
[FLIP] step 7500 membrane#1 flips=0/7680 verify=true
[GATHER] call=16000 totalDirty=0 maxThread=0 cumAvg=2771.3 cumMaxPerThread=892
Sim. time=00.08....~26.18 minutes computation to simulate 1 sec, run finished in ~00.07 hours
[DTS-E] step 8000  E bend=2.514e-18 area=7.884e-28 vol=2.361e-31 tot=2.514e-18 J   A=18.0739/18.0739  V=7.2226/7.2226 um  |F|max=1.46e-14 N
[DTS-E] step 8000  E bend=5.029e-17 area=6.069e-24 vol=3.335e-26 tot=5.029e-17 J   A=15.1871/15.1871  V=5.5632/5.5632 um  |F|max=1.66e-12 N
[DTS-ARP] step 8000  maxConc=1.0000  meanConc=0.0806  spread=1489/2562 verts >1%
[DTS-FORMIN] step 8000  mothers nucleated=36  pool remaining=0.0 over 0 hot verts
[MCA] step 8000 linked=2562/2562  gap=0.100  bilayerMaxR=1.201 cortexMaxR=1.101
[FLIP] step 8000 membrane#0 flips=0/7680 verify=true
[FLIP] step 8000 membrane#1 flips=0/7680 verify=true
[DTS-BRANCH] step 8000  fils=34 nearCortex=34 rejBorn=0  totalBranches=0
[BRANCH-DENSITY] step 8000  filLen=1.185 um  branches=0  um/branch=0.000
[GATHER] call=17000 totalDirty=0 maxThread=0 cumAvg=2772.0 cumMaxPerThread=892
[DTS-E] step 8500  E bend=2.514e-18 area=8.410e-27 vol=3.015e-27 tot=2.514e-18 J   A=18.0739/18.0739  V=7.2226/7.2226 um  |F|max=1.99e-14 N
[DTS-E] step 8500  E bend=5.029e-17 area=6.940e-24 vol=2.302e-26 tot=5.029e-17 J   A=15.1872/15.1871  V=5.5632/5.5632 um  |F|max=1.65e-12 N
[DTS-ARP] step 8500  maxConc=1.0000  meanConc=0.0806  spread=1489/2562 verts >1%
[DTS-FORMIN] step 8500  mothers nucleated=36  pool remaining=0.0 over 0 hot verts
[MCA] step 8500 linked=2562/2562  gap=0.100  bilayerMaxR=1.201 cortexMaxR=1.101
[FLIP] step 8500 membrane#0 flips=0/7680 verify=true
[FLIP] step 8500 membrane#1 flips=0/7680 verify=true
[GATHER] call=18000 totalDirty=0 maxThread=0 cumAvg=2772.6 cumMaxPerThread=892
[DTS-E] step 9000  E bend=2.514e-18 area=6.491e-27 vol=9.173e-27 tot=2.514e-18 J   A=18.0739/18.0739  V=7.2226/7.2226 um  |F|max=4.74e-14 N
[DTS-E] step 9000  E bend=5.029e-17 area=1.717e-23 vol=6.258e-26 tot=5.029e-17 J   A=15.1872/15.1871  V=5.5632/5.5632 um  |F|max=1.58e-12 N
[DTS-ARP] step 9000  maxConc=1.0000  meanConc=0.0806  spread=1489/2562 verts >1%
[DTS-FORMIN] step 9000  mothers nucleated=36  pool remaining=0.0 over 0 hot verts
[MCA] step 9000 linked=2562/2562  gap=0.100  bilayerMaxR=1.202 cortexMaxR=1.102
[FLIP] step 9000 membrane#0 flips=0/7680 verify=true
[FLIP] step 9000 membrane#1 flips=0/7680 verify=true
[DTS-BRANCH] step 9000  fils=34 nearCortex=34 rejBorn=0  totalBranches=0
[BRANCH-DENSITY] step 9000  filLen=1.237 um  branches=0  um/branch=0.000
[DTS-ACTIN] step 9000  filaments contacting membrane = 1 / 34
[RATCHET] poly vs gap g to membrane (delta=monomer, f=1.50e-12 N). meanFactor=closure output; relRate=realized:
  g<0 (overlap)  samples=728       events=27       meanFactor=0.374  relRate=0.413
  0.0-0.2d       samples=45        events=3        meanFactor=0.419  relRate=0.742
  0.2-0.4d       samples=39        events=2        meanFactor=0.475  relRate=0.571
  0.4-0.6d       samples=17        events=1        meanFactor=0.602  relRate=0.655
  0.6-0.8d       samples=22        events=4        meanFactor=0.720  relRate=2.024
  0.8-1.0d       samples=4         events=0        meanFactor=0.961  relRate=0.000
  1-2d           samples=139       events=15       meanFactor=1.000  relRate=1.201
  g>=2d (free)   samples=924       events=83       meanFactor=1.000  relRate=1.000
  TOTAL eligible tip-fires=1918  poly events=135  (boundary g<delta share=44.6%)
[GATHER] call=19000 totalDirty=0 maxThread=0 cumAvg=2773.1 cumMaxPerThread=892
[DTS-E] step 9500  E bend=2.514e-18 area=5.628e-26 vol=4.075e-26 tot=2.514e-18 J   A=18.0739/18.0739  V=7.2226/7.2226 um  |F|max=5.06e-14 N
[DTS-E] step 9500  E bend=5.029e-17 area=6.188e-23 vol=2.901e-25 tot=5.029e-17 J   A=15.1872/15.1871  V=5.5632/5.5632 um  |F|max=1.55e-12 N
[DTS-ARP] step 9500  maxConc=1.0000  meanConc=0.0806  spread=1489/2562 verts >1%
[DTS-FORMIN] step 9500  mothers nucleated=36  pool remaining=0.0 over 0 hot verts
[MCA] step 9500 linked=2562/2562  gap=0.100  bilayerMaxR=1.202 cortexMaxR=1.102
[FLIP] step 9500 membrane#0 flips=0/7680 verify=true
[FLIP] step 9500 membrane#1 flips=0/7680 verify=true
[DTS-ACTIN] step 9500  filaments contacting membrane = 1 / 34
[GATHER] call=20000 totalDirty=0 maxThread=0 cumAvg=2773.7 cumMaxPerThread=892
Sim. time=00.10....~26.04 minutes computation to simulate 1 sec, run finished in ~00.07 hours
[DTS-E] step 10000  E bend=2.514e-18 area=4.450e-26 vol=8.197e-26 tot=2.514e-18 J   A=18.0739/18.0739  V=7.2226/7.2226 um  |F|max=3.59e-14 N
[DTS-E] step 10000  E bend=5.029e-17 area=3.990e-23 vol=6.911e-26 tot=5.029e-17 J   A=15.1872/15.1871  V=5.5632/5.5632 um  |F|max=1.31e-12 N
[DTS-ARP] step 10000  maxConc=1.0000  meanConc=0.0806  spread=1489/2562 verts >1%
[DTS-FORMIN] step 10000  mothers nucleated=36  pool remaining=0.0 over 0 hot verts
[MCA] step 10000 linked=2562/2562  gap=0.100  bilayerMaxR=1.202 cortexMaxR=1.102
[FLIP] step 10000 membrane#0 flips=0/7680 verify=true
[FLIP] step 10000 membrane#1 flips=0/7680 verify=true
[DTS-BRANCH] step 10000  fils=34 nearCortex=34 rejBorn=0  totalBranches=0
[BRANCH-DENSITY] step 10000  filLen=1.282 um  branches=0  um/branch=0.000
[GATHER] call=21000 totalDirty=0 maxThread=0 cumAvg=2774.2 cumMaxPerThread=892
[DTS-E] step 10500  E bend=2.514e-18 area=7.237e-26 vol=1.737e-25 tot=2.514e-18 J   A=18.0739/18.0739  V=7.2226/7.2226 um  |F|max=4.97e-14 N
[DTS-E] step 10500  E bend=5.029e-17 area=3.360e-23 vol=3.529e-27 tot=5.029e-17 J   A=15.1872/15.1871  V=5.5632/5.5632 um  |F|max=1.31e-12 N
[DTS-ARP] step 10500  maxConc=1.0000  meanConc=0.0806  spread=1489/2562 verts >1%
[DTS-FORMIN] step 10500  mothers nucleated=36  pool remaining=0.0 over 0 hot verts
[MCA] step 10500 linked=2562/2562  gap=0.100  bilayerMaxR=1.203 cortexMaxR=1.103
[FLIP] step 10500 membrane#0 flips=0/7680 verify=true
[FLIP] step 10500 membrane#1 flips=0/7680 verify=true
[DTS-ACTIN] step 10500  filaments contacting membrane = 1 / 34
[GATHER] call=22000 totalDirty=0 maxThread=0 cumAvg=2774.7 cumMaxPerThread=894
[DTS-E] step 11000  E bend=2.514e-18 area=9.626e-26 vol=2.958e-25 tot=2.514e-18 J   A=18.0739/18.0739  V=7.2226/7.2226 um  |F|max=6.00e-14 N
[DTS-E] step 11000  E bend=5.029e-17 area=3.631e-23 vol=4.811e-27 tot=5.029e-17 J   A=15.1872/15.1871  V=5.5632/5.5632 um  |F|max=1.13e-12 N
[DTS-ARP] step 11000  maxConc=1.0000  meanConc=0.0806  spread=1489/2562 verts >1%
[DTS-FORMIN] step 11000  mothers nucleated=36  pool remaining=0.0 over 0 hot verts
[MCA] step 11000 linked=2562/2562  gap=0.100  bilayerMaxR=1.203 cortexMaxR=1.103
[FLIP] step 11000 membrane#0 flips=0/7680 verify=true
[FLIP] step 11000 membrane#1 flips=0/7680 verify=true
[DTS-BRANCH] step 11000  fils=34 nearCortex=34 rejBorn=0  totalBranches=0
[BRANCH-DENSITY] step 11000  filLen=1.337 um  branches=0  um/branch=0.000
[GATHER] call=23000 totalDirty=0 maxThread=0 cumAvg=2775.3 cumMaxPerThread=894
[DTS-E] step 11500  E bend=2.514e-18 area=6.079e-26 vol=4.441e-25 tot=2.514e-18 J   A=18.0739/18.0739  V=7.2226/7.2226 um  |F|max=7.60e-14 N
[DTS-E] step 11500  E bend=5.029e-17 area=2.735e-23 vol=1.034e-25 tot=5.029e-17 J   A=15.1872/15.1871  V=5.5632/5.5632 um  |F|max=1.03e-12 N
[DTS-ARP] step 11500  maxConc=1.0000  meanConc=0.0806  spread=1489/2562 verts >1%
[DTS-FORMIN] step 11500  mothers nucleated=36  pool remaining=0.0 over 0 hot verts
[MCA] step 11500 linked=2562/2562  gap=0.100  bilayerMaxR=1.203 cortexMaxR=1.103
[FLIP] step 11500 membrane#0 flips=0/7680 verify=true
[FLIP] step 11500 membrane#1 flips=0/7680 verify=true
[DTS-ACTIN] step 11500  filaments contacting membrane = 1 / 34
[GATHER] call=24000 totalDirty=0 maxThread=0 cumAvg=2775.8 cumMaxPerThread=896
Sim. time=00.12....~26.19 minutes computation to simulate 1 sec, run finished in ~00.06 hours
[DTS-E] step 12000  E bend=2.514e-18 area=5.231e-26 vol=7.219e-25 tot=2.514e-18 J   A=18.0739/18.0739  V=7.2226/7.2226 um  |F|max=8.89e-14 N
[DTS-E] step 12000  E bend=5.029e-17 area=7.561e-24 vol=6.420e-25 tot=5.029e-17 J   A=15.1872/15.1871  V=5.5632/5.5632 um  |F|max=1.05e-12 N
[DTS-ARP] step 12000  maxConc=1.0000  meanConc=0.0806  spread=1489/2562 verts >1%
[DTS-FORMIN] step 12000  mothers nucleated=36  pool remaining=0.0 over 0 hot verts
[MCA] step 12000 linked=2562/2562  gap=0.100  bilayerMaxR=1.204 cortexMaxR=1.104
[FLIP] step 12000 membrane#0 flips=0/7680 verify=true
[FLIP] step 12000 membrane#1 flips=0/7680 verify=true
[DTS-BRANCH] step 12000  fils=34 nearCortex=34 rejBorn=0  totalBranches=0
[BRANCH-DENSITY] step 12000  filLen=1.377 um  branches=0  um/branch=0.000
[DTS-ACTIN] step 12000  filaments contacting membrane = 1 / 34
[RATCHET] poly vs gap g to membrane (delta=monomer, f=1.50e-12 N). meanFactor=closure output; relRate=realized:
  g<0 (overlap)  samples=1083      events=41       meanFactor=0.374  relRate=0.413
  0.0-0.2d       samples=47        events=3        meanFactor=0.418  relRate=0.697
  0.2-0.4d       samples=63        events=2        meanFactor=0.485  relRate=0.346
  0.4-0.6d       samples=26        events=4        meanFactor=0.597  relRate=1.679
  0.6-0.8d       samples=30        events=4        meanFactor=0.733  relRate=1.455
  0.8-1.0d       samples=12        events=1        meanFactor=0.905  relRate=0.909
  1-2d           samples=155       events=17       meanFactor=1.000  relRate=1.197
  g>=2d (free)   samples=1124      events=103      meanFactor=1.000  relRate=1.000
  TOTAL eligible tip-fires=2540  poly events=175  (boundary g<delta share=49.6%)
[GATHER] call=25000 totalDirty=0 maxThread=0 cumAvg=2776.3 cumMaxPerThread=899
[DTS-E] step 12500  E bend=2.515e-18 area=7.256e-25 vol=1.188e-24 tot=2.515e-18 J   A=18.0740/18.0739  V=7.2226/7.2226 um  |F|max=5.73e-13 N
[DTS-E] step 12500  E bend=5.029e-17 area=8.081e-24 vol=1.075e-24 tot=5.029e-17 J   A=15.1872/15.1871  V=5.5632/5.5632 um  |F|max=1.05e-12 N
[DTS-ARP] step 12500  maxConc=1.0000  meanConc=0.0806  spread=1489/2562 verts >1%
[DTS-FORMIN] step 12500  mothers nucleated=36  pool remaining=0.0 over 0 hot verts
[MCA] step 12500 linked=2562/2562  gap=0.100  bilayerMaxR=1.207 cortexMaxR=1.104
[FLIP] step 12500 membrane#0 flips=0/7680 verify=true
[FLIP] step 12500 membrane#1 flips=0/7680 verify=true
[DTS-ACTIN] step 12500  filaments contacting membrane = 1 / 34
[GATHER] call=26000 totalDirty=0 maxThread=0 cumAvg=2776.9 cumMaxPerThread=900
[DTS-E] step 13000  E bend=2.515e-18 area=9.170e-26 vol=1.626e-24 tot=2.515e-18 J   A=18.0739/18.0739  V=7.2225/7.2226 um  |F|max=1.19e-13 N
[DTS-E] step 13000  E bend=5.029e-17 area=1.119e-23 vol=1.608e-24 tot=5.029e-17 J   A=15.1872/15.1871  V=5.5632/5.5632 um  |F|max=1.07e-12 N
[DTS-ARP] step 13000  maxConc=1.0000  meanConc=0.0806  spread=1489/2562 verts >1%
[DTS-FORMIN] step 13000  mothers nucleated=36  pool remaining=0.0 over 0 hot verts
[MCA] step 13000 linked=2562/2562  gap=0.100  bilayerMaxR=1.204 cortexMaxR=1.104
[FLIP] step 13000 membrane#0 flips=0/7680 verify=true
[FLIP] step 13000 membrane#1 flips=0/7680 verify=true
[DTS-BRANCH] step 13000  fils=34 nearCortex=34 rejBorn=0  totalBranches=0
[BRANCH-DENSITY] step 13000  filLen=1.407 um  branches=0  um/branch=0.000
[DTS-ACTIN] step 13000  filaments contacting membrane = 2 / 34
[GATHER] call=27000 totalDirty=0 maxThread=0 cumAvg=2777.4 cumMaxPerThread=902
[DTS-E] step 13500  E bend=2.515e-18 area=1.242e-25 vol=2.254e-24 tot=2.515e-18 J   A=18.0739/18.0739  V=7.2225/7.2226 um  |F|max=1.38e-13 N
[DTS-E] step 13500  E bend=5.029e-17 area=9.436e-24 vol=2.523e-24 tot=5.029e-17 J   A=15.1872/15.1871  V=5.5632/5.5632 um  |F|max=1.37e-12 N
[DTS-ARP] step 13500  maxConc=1.0000  meanConc=0.0806  spread=1489/2562 verts >1%
[DTS-FORMIN] step 13500  mothers nucleated=36  pool remaining=0.0 over 0 hot verts
[MCA] step 13500 linked=2562/2562  gap=0.100  bilayerMaxR=1.204 cortexMaxR=1.105
[FLIP] step 13500 membrane#0 flips=0/7680 verify=true
[FLIP] step 13500 membrane#1 flips=0/7680 verify=true
[DTS-ACTIN] step 13500  filaments contacting membrane = 1 / 34
[GATHER] call=28000 totalDirty=0 maxThread=0 cumAvg=2778.0 cumMaxPerThread=902
Sim. time=00.14....~25.97 minutes computation to simulate 1 sec, run finished in ~00.05 hours
[DTS-E] step 14000  E bend=2.515e-18 area=1.058e-25 vol=2.921e-24 tot=2.515e-18 J   A=18.0739/18.0739  V=7.2225/7.2226 um  |F|max=1.60e-13 N
[DTS-E] step 14000  E bend=5.029e-17 area=9.618e-24 vol=3.438e-24 tot=5.029e-17 J   A=15.1872/15.1871  V=5.5632/5.5632 um  |F|max=2.19e-12 N
[DTS-ARP] step 14000  maxConc=1.0000  meanConc=0.0806  spread=1489/2562 verts >1%
[DTS-FORMIN] step 14000  mothers nucleated=36  pool remaining=0.0 over 0 hot verts
[MCA] step 14000 linked=2562/2562  gap=0.100  bilayerMaxR=1.205 cortexMaxR=1.105
[FLIP] step 14000 membrane#0 flips=0/7680 verify=true
[FLIP] step 14000 membrane#1 flips=0/7680 verify=true
[DTS-BRANCH] step 14000  fils=34 nearCortex=34 rejBorn=0  totalBranches=0
[BRANCH-DENSITY] step 14000  filLen=1.428 um  branches=0  um/branch=0.000
[DTS-ACTIN] step 14000  filaments contacting membrane = 2 / 34
[GATHER] call=29000 totalDirty=0 maxThread=0 cumAvg=2778.5 cumMaxPerThread=903
[DTS-E] step 14500  E bend=2.515e-18 area=7.492e-26 vol=3.626e-24 tot=2.515e-18 J   A=18.0739/18.0739  V=7.2225/7.2226 um  |F|max=1.83e-13 N
[DTS-E] step 14500  E bend=5.029e-17 area=1.278e-23 vol=4.388e-24 tot=5.029e-17 J   A=15.1872/15.1871  V=5.5632/5.5632 um  |F|max=2.78e-12 N
[DTS-ARP] step 14500  maxConc=1.0000  meanConc=0.0806  spread=1489/2562 verts >1%
[DTS-FORMIN] step 14500  mothers nucleated=36  pool remaining=0.0 over 0 hot verts
[MCA] step 14500 linked=2562/2562  gap=0.100  bilayerMaxR=1.205 cortexMaxR=1.105
[FLIP] step 14500 membrane#0 flips=0/7680 verify=true
[FLIP] step 14500 membrane#1 flips=0/7680 verify=true
[DTS-ACTIN] step 14500  filaments contacting membrane = 2 / 34
[GATHER] call=30000 totalDirty=0 maxThread=0 cumAvg=2779.1 cumMaxPerThread=907
[DTS-E] step 15000  E bend=2.515e-18 area=1.172e-25 vol=4.611e-24 tot=2.515e-18 J   A=18.0739/18.0739  V=7.2225/7.2226 um  |F|max=1.92e-13 N
[DTS-E] step 15000  E bend=5.029e-17 area=5.232e-24 vol=6.297e-24 tot=5.029e-17 J   A=15.1871/15.1871  V=5.5632/5.5632 um  |F|max=3.63e-12 N
[DTS-ARP] step 15000  maxConc=1.0000  meanConc=0.0806  spread=1489/2562 verts >1%
[DTS-FORMIN] step 15000  mothers nucleated=36  pool remaining=0.0 over 0 hot verts
[MCA] step 15000 linked=2562/2562  gap=0.100  bilayerMaxR=1.205 cortexMaxR=1.106
[FLIP] step 15000 membrane#0 flips=0/7680 verify=true
[FLIP] step 15000 membrane#1 flips=0/7680 verify=true
[DTS-BRANCH] step 15000  fils=34 nearCortex=34 rejBorn=0  totalBranches=0
[BRANCH-DENSITY] step 15000  filLen=1.450 um  branches=0  um/branch=0.000
[DTS-ACTIN] step 15000  filaments contacting membrane = 1 / 34
[RATCHET] poly vs gap g to membrane (delta=monomer, f=1.50e-12 N). meanFactor=closure output; relRate=realized:
  g<0 (overlap)  samples=1453      events=53       meanFactor=0.374  relRate=0.412
  0.0-0.2d       samples=56        events=4        meanFactor=0.418  relRate=0.808
  0.2-0.4d       samples=69        events=2        meanFactor=0.486  relRate=0.328
  0.4-0.6d       samples=39        events=4        meanFactor=0.606  relRate=1.160
  0.6-0.8d       samples=40        events=4        meanFactor=0.735  relRate=1.131
  0.8-1.0d       samples=21        events=1        meanFactor=0.904  relRate=0.538
  1-2d           samples=178       events=20       meanFactor=1.000  relRate=1.271
  g>=2d (free)   samples=1210      events=107      meanFactor=1.000  relRate=1.000
  TOTAL eligible tip-fires=3066  poly events=195  (boundary g<delta share=54.7%)
[GATHER] call=31000 totalDirty=0 maxThread=0 cumAvg=2779.7 cumMaxPerThread=907
[DTS-E] step 15500  E bend=2.515e-18 area=2.383e-25 vol=5.857e-24 tot=2.515e-18 J   A=18.0739/18.0739  V=7.2225/7.2226 um  |F|max=2.04e-13 N
[DTS-E] step 15500  E bend=5.030e-17 area=4.383e-24 vol=8.113e-24 tot=5.030e-17 J   A=15.1871/15.1871  V=5.5632/5.5632 um  |F|max=4.39e-12 N
[DTS-ARP] step 15500  maxConc=1.0000  meanConc=0.0806  spread=1489/2562 verts >1%
[DTS-FORMIN] step 15500  mothers nucleated=36  pool remaining=0.0 over 0 hot verts
[MCA] step 15500 linked=2562/2562  gap=0.100  bilayerMaxR=1.206 cortexMaxR=1.106
[FLIP] step 15500 membrane#0 flips=0/7680 verify=true
[FLIP] step 15500 membrane#1 flips=0/7680 verify=true
[DTS-ACTIN] step 15500  filaments contacting membrane = 3 / 34
[GATHER] call=32000 totalDirty=0 maxThread=0 cumAvg=2780.3 cumMaxPerThread=908
Sim. time=00.16....~26.07 minutes computation to simulate 1 sec, run finished in ~00.04 hours
[DTS-E] step 16000  E bend=2.515e-18 area=1.908e-25 vol=7.060e-24 tot=2.515e-18 J   A=18.0739/18.0739  V=7.2225/7.2226 um  |F|max=2.21e-13 N
[DTS-E] step 16000  E bend=5.030e-17 area=4.333e-24 vol=1.005e-23 tot=5.030e-17 J   A=15.1871/15.1871  V=5.5632/5.5632 um  |F|max=4.79e-12 N
[DTS-ARP] step 16000  maxConc=1.0000  meanConc=0.0806  spread=1489/2562 verts >1%
[DTS-FORMIN] step 16000  mothers nucleated=36  pool remaining=0.0 over 0 hot verts
[MCA] step 16000 linked=2562/2562  gap=0.100  bilayerMaxR=1.206 cortexMaxR=1.106
[FLIP] step 16000 membrane#0 flips=0/7680 verify=true
[FLIP] step 16000 membrane#1 flips=0/7680 verify=true
[DTS-BRANCH] step 16000  fils=34 nearCortex=34 rejBorn=0  totalBranches=0
[BRANCH-DENSITY] step 16000  filLen=1.485 um  branches=0  um/branch=0.000
[DTS-ACTIN] step 16000  filaments contacting membrane = 1 / 34
[GATHER] call=33000 totalDirty=0 maxThread=0 cumAvg=2780.8 cumMaxPerThread=909
[DTS-E] step 16500  E bend=2.515e-18 area=2.038e-25 vol=8.320e-24 tot=2.515e-18 J   A=18.0739/18.0739  V=7.2225/7.2226 um  |F|max=2.24e-13 N
[DTS-E] step 16500  E bend=5.030e-17 area=4.422e-24 vol=1.214e-23 tot=5.030e-17 J   A=15.1871/15.1871  V=5.5631/5.5632 um  |F|max=5.08e-12 N
[DTS-ARP] step 16500  maxConc=1.0000  meanConc=0.0806  spread=1489/2562 verts >1%
[DTS-FORMIN] step 16500  mothers nucleated=36  pool remaining=0.0 over 0 hot verts
[MCA] step 16500 linked=2562/2562  gap=0.100  bilayerMaxR=1.206 cortexMaxR=1.106
[FLIP] step 16500 membrane#0 flips=0/7680 verify=true
[FLIP] step 16500 membrane#1 flips=0/7680 verify=true
[DTS-ACTIN] step 16500  filaments contacting membrane = 2 / 34
[GATHER] call=34000 totalDirty=0 maxThread=0 cumAvg=2781.4 cumMaxPerThread=912
[DTS-E] step 17000  E bend=2.515e-18 area=1.279e-26 vol=9.576e-24 tot=2.515e-18 J   A=18.0740/18.0739  V=7.2225/7.2226 um  |F|max=2.90e-13 N
[DTS-E] step 17000  E bend=5.030e-17 area=3.802e-24 vol=1.453e-23 tot=5.030e-17 J   A=15.1871/15.1871  V=5.5631/5.5632 um  |F|max=5.04e-12 N
[DTS-ARP] step 17000  maxConc=1.0000  meanConc=0.0806  spread=1489/2562 verts >1%
[DTS-FORMIN] step 17000  mothers nucleated=36  pool remaining=0.0 over 0 hot verts
[MCA] step 17000 linked=2562/2562  gap=0.100  bilayerMaxR=1.206 cortexMaxR=1.106
[FLIP] step 17000 membrane#0 flips=0/7680 verify=true
[FLIP] step 17000 membrane#1 flips=0/7680 verify=true
[DTS-BRANCH] step 17000  fils=34 nearCortex=34 rejBorn=0  totalBranches=0
[BRANCH-DENSITY] step 17000  filLen=1.504 um  branches=0  um/branch=0.000
[DTS-ACTIN] step 17000  filaments contacting membrane = 2 / 34
[GATHER] call=35000 totalDirty=0 maxThread=0 cumAvg=2781.9 cumMaxPerThread=914
[DTS-E] step 17500  E bend=2.515e-18 area=3.620e-25 vol=1.141e-23 tot=2.515e-18 J   A=18.0739/18.0739  V=7.2225/7.2226 um  |F|max=2.27e-13 N
[DTS-E] step 17500  E bend=5.030e-17 area=7.837e-24 vol=1.651e-23 tot=5.030e-17 J   A=15.1872/15.1871  V=5.5631/5.5632 um  |F|max=5.64e-12 N
[DTS-ARP] step 17500  maxConc=1.0000  meanConc=0.0806  spread=1489/2562 verts >1%
[DTS-FORMIN] step 17500  mothers nucleated=36  pool remaining=0.0 over 0 hot verts
[MCA] step 17500 linked=2562/2562  gap=0.100  bilayerMaxR=1.206 cortexMaxR=1.107
[FLIP] step 17500 membrane#0 flips=0/7680 verify=true
[FLIP] step 17500 membrane#1 flips=0/7680 verify=true
[GATHER] call=36000 totalDirty=0 maxThread=0 cumAvg=2782.5 cumMaxPerThread=914
Sim. time=00.18....~26.12 minutes computation to simulate 1 sec, run finished in ~00.03 hours
[DTS-E] step 18000  E bend=2.515e-18 area=5.875e-25 vol=1.358e-23 tot=2.515e-18 J   A=18.0739/18.0739  V=7.2225/7.2226 um  |F|max=2.17e-13 N
[DTS-E] step 18000  E bend=5.030e-17 area=1.525e-24 vol=2.134e-23 tot=5.030e-17 J   A=15.1871/15.1871  V=5.5631/5.5632 um  |F|max=5.42e-12 N
[DTS-ARP] step 18000  maxConc=1.0000  meanConc=0.0806  spread=1489/2562 verts >1%
[DTS-FORMIN] step 18000  mothers nucleated=36  pool remaining=0.0 over 0 hot verts
[MCA] step 18000 linked=2562/2562  gap=0.100  bilayerMaxR=1.207 cortexMaxR=1.107
[FLIP] step 18000 membrane#0 flips=0/7680 verify=true
[FLIP] step 18000 membrane#1 flips=0/7680 verify=true
[DTS-BRANCH] step 18000  fils=33 nearCortex=33 rejBorn=0  totalBranches=0
[BRANCH-DENSITY] step 18000  filLen=1.512 um  branches=0  um/branch=0.000
[DTS-ACTIN] step 18000  filaments contacting membrane = 4 / 33
[RATCHET] poly vs gap g to membrane (delta=monomer, f=1.50e-12 N). meanFactor=closure output; relRate=realized:
  g<0 (overlap)  samples=1773      events=63       meanFactor=0.374  relRate=0.403
  0.0-0.2d       samples=80        events=4        meanFactor=0.415  relRate=0.567
  0.2-0.4d       samples=72        events=2        meanFactor=0.485  relRate=0.315
  0.4-0.6d       samples=40        events=4        meanFactor=0.605  relRate=1.133
  0.6-0.8d       samples=40        events=4        meanFactor=0.735  relRate=1.133
  0.8-1.0d       samples=21        events=1        meanFactor=0.904  relRate=0.540
  1-2d           samples=209       events=25       meanFactor=1.000  relRate=1.356
  g>=2d (free)   samples=1258      events=111      meanFactor=1.000  relRate=1.000
  TOTAL eligible tip-fires=3493  poly events=214  (boundary g<delta share=58.0%)
[GATHER] call=37000 totalDirty=0 maxThread=0 cumAvg=2783.0 cumMaxPerThread=914
[DTS-E] step 18500  E bend=2.515e-18 area=6.612e-25 vol=1.607e-23 tot=2.515e-18 J   A=18.0739/18.0739  V=7.2225/7.2226 um  |F|max=2.14e-13 N
[DTS-E] step 18500  E bend=5.030e-17 area=1.070e-24 vol=2.563e-23 tot=5.030e-17 J   A=15.1871/15.1871  V=5.5631/5.5632 um  |F|max=5.65e-12 N
[DTS-ARP] step 18500  maxConc=1.0000  meanConc=0.0806  spread=1489/2562 verts >1%
[DTS-FORMIN] step 18500  mothers nucleated=36  pool remaining=0.0 over 0 hot verts
[MCA] step 18500 linked=2562/2562  gap=0.100  bilayerMaxR=1.207 cortexMaxR=1.107
[FLIP] step 18500 membrane#0 flips=0/7680 verify=true
[FLIP] step 18500 membrane#1 flips=0/7680 verify=true
[DTS-ACTIN] step 18500  filaments contacting membrane = 3 / 33
[GATHER] call=38000 totalDirty=0 maxThread=0 cumAvg=2783.4 cumMaxPerThread=914
[DTS-E] step 19000  E bend=2.515e-18 area=6.719e-25 vol=1.872e-23 tot=2.515e-18 J   A=18.0739/18.0739  V=7.2224/7.2226 um  |F|max=2.19e-13 N
[DTS-E] step 19000  E bend=5.030e-17 area=2.060e-24 vol=3.002e-23 tot=5.030e-17 J   A=15.1871/15.1871  V=5.5631/5.5632 um  |F|max=5.49e-12 N
[DTS-ARP] step 19000  maxConc=1.0000  meanConc=0.0806  spread=1489/2562 verts >1%
[DTS-FORMIN] step 19000  mothers nucleated=36  pool remaining=0.0 over 0 hot verts
[MCA] step 19000 linked=2562/2562  gap=0.100  bilayerMaxR=1.208 cortexMaxR=1.108
[FLIP] step 19000 membrane#0 flips=0/7680 verify=true
[FLIP] step 19000 membrane#1 flips=0/7680 verify=true
[DTS-BRANCH] step 19000  fils=33 nearCortex=33 rejBorn=0  totalBranches=0
[BRANCH-DENSITY] step 19000  filLen=1.534 um  branches=0  um/branch=0.000
[DTS-ACTIN] step 19000  filaments contacting membrane = 1 / 33
[GATHER] call=39000 totalDirty=0 maxThread=0 cumAvg=2783.9 cumMaxPerThread=914
[DTS-E] step 19500  E bend=2.515e-18 area=9.072e-25 vol=2.168e-23 tot=2.515e-18 J   A=18.0739/18.0739  V=7.2224/7.2226 um  |F|max=2.19e-13 N
[DTS-E] step 19500  E bend=5.030e-17 area=1.994e-24 vol=3.494e-23 tot=5.030e-17 J   A=15.1871/15.1871  V=5.5631/5.5632 um  |F|max=5.33e-12 N
[DTS-ARP] step 19500  maxConc=1.0000  meanConc=0.0806  spread=1489/2562 verts >1%
[DTS-FORMIN] step 19500  mothers nucleated=36  pool remaining=0.0 over 0 hot verts
[MCA] step 19500 linked=2562/2562  gap=0.100  bilayerMaxR=1.208 cortexMaxR=1.108
[FLIP] step 19500 membrane#0 flips=0/7680 verify=true
[FLIP] step 19500 membrane#1 flips=0/7680 verify=true
[DTS-ACTIN] step 19500  filaments contacting membrane = 7 / 33
[GATHER] call=40000 totalDirty=0 maxThread=0 cumAvg=2784.3 cumMaxPerThread=914
Sim. time=00.20....~26.45 minutes computation to simulate 1 sec, run finished in ~00.02 hours
[DTS-E] step 20000  E bend=2.516e-18 area=9.643e-25 vol=2.458e-23 tot=2.516e-18 J   A=18.0739/18.0739  V=7.2224/7.2226 um  |F|max=2.19e-13 N
[DTS-E] step 20000  E bend=5.030e-17 area=2.964e-24 vol=3.981e-23 tot=5.030e-17 J   A=15.1871/15.1871  V=5.5631/5.5632 um  |F|max=5.46e-12 N
[DTS-ARP] step 20000  maxConc=1.0000  meanConc=0.0806  spread=1489/2562 verts >1%
[DTS-FORMIN] step 20000  mothers nucleated=36  pool remaining=0.0 over 0 hot verts
[MCA] step 20000 linked=2562/2562  gap=0.100  bilayerMaxR=1.208 cortexMaxR=1.108
[FLIP] step 20000 membrane#0 flips=0/7680 verify=true
[FLIP] step 20000 membrane#1 flips=0/7680 verify=true
[DTS-BRANCH] step 20000  fils=33 nearCortex=33 rejBorn=0  totalBranches=0
[BRANCH-DENSITY] step 20000  filLen=1.550 um  branches=0  um/branch=0.000
[DTS-ACTIN] step 20000  filaments contacting membrane = 4 / 33
[GATHER] call=41000 totalDirty=0 maxThread=0 cumAvg=2784.7 cumMaxPerThread=914
[DTS-E] step 20500  E bend=2.516e-18 area=6.060e-25 vol=2.841e-23 tot=2.516e-18 J   A=18.0739/18.0739  V=7.2224/7.2226 um  |F|max=2.17e-13 N
[DTS-E] step 20500  E bend=5.030e-17 area=2.718e-27 vol=4.859e-23 tot=5.030e-17 J   A=15.1871/15.1871  V=5.5631/5.5632 um  |F|max=5.86e-12 N
[DTS-ARP] step 20500  maxConc=1.0000  meanConc=0.0806  spread=1489/2562 verts >1%
[DTS-FORMIN] step 20500  mothers nucleated=36  pool remaining=0.0 over 0 hot verts
[MCA] step 20500 linked=2562/2562  gap=0.100  bilayerMaxR=1.208 cortexMaxR=1.109
[FLIP] step 20500 membrane#0 flips=0/7680 verify=true
[FLIP] step 20500 membrane#1 flips=0/7680 verify=true
[DTS-ACTIN] step 20500  filaments contacting membrane = 3 / 34
[GATHER] call=42000 totalDirty=0 maxThread=0 cumAvg=2785.1 cumMaxPerThread=914
[DTS-E] step 21000  E bend=2.516e-18 area=8.922e-25 vol=3.220e-23 tot=2.516e-18 J   A=18.0739/18.0739  V=7.2224/7.2226 um  |F|max=2.19e-13 N
[DTS-E] step 21000  E bend=5.030e-17 area=7.312e-26 vol=5.522e-23 tot=5.030e-17 J   A=15.1871/15.1871  V=5.5630/5.5632 um  |F|max=6.14e-12 N
[DTS-ARP] step 21000  maxConc=1.0000  meanConc=0.0806  spread=1489/2562 verts >1%
[DTS-FORMIN] step 21000  mothers nucleated=36  pool remaining=0.0 over 0 hot verts
[MCA] step 21000 linked=2562/2562  gap=0.100  bilayerMaxR=1.209 cortexMaxR=1.109
[FLIP] step 21000 membrane#0 flips=0/7680 verify=true
[FLIP] step 21000 membrane#1 flips=0/7680 verify=true
[DTS-BRANCH] step 21000  fils=34 nearCortex=34 rejBorn=0  totalBranches=1
[BRANCH-DENSITY] step 21000  filLen=1.585 um  branches=1  um/branch=1.585
[DTS-ACTIN] step 21000  filaments contacting membrane = 5 / 34
[RATCHET] poly vs gap g to membrane (delta=monomer, f=1.50e-12 N). meanFactor=closure output; relRate=realized:
  g<0 (overlap)  samples=2060      events=70       meanFactor=0.374  relRate=0.390
  0.0-0.2d       samples=89        events=4        meanFactor=0.415  relRate=0.516
  0.2-0.4d       samples=75        events=2        meanFactor=0.484  relRate=0.306
  0.4-0.6d       samples=40        events=4        meanFactor=0.605  relRate=1.149
  0.6-0.8d       samples=40        events=4        meanFactor=0.735  relRate=1.149
  0.8-1.0d       samples=21        events=1        meanFactor=0.904  relRate=0.547
  1-2d           samples=209       events=25       meanFactor=1.000  relRate=1.375
  g>=2d (free)   samples=1287      events=112      meanFactor=1.000  relRate=1.000
  TOTAL eligible tip-fires=3821  poly events=222  (boundary g<delta share=60.8%)
[GATHER] call=43000 totalDirty=0 maxThread=0 cumAvg=2785.5 cumMaxPerThread=914
[DTS-E] step 21500  E bend=2.516e-18 area=1.082e-24 vol=3.588e-23 tot=2.516e-18 J   A=18.0739/18.0739  V=7.2224/7.2226 um  |F|max=2.35e-13 N
[DTS-E] step 21500  E bend=5.031e-17 area=2.198e-24 vol=5.973e-23 tot=5.031e-17 J   A=15.1871/15.1871  V=5.5630/5.5632 um  |F|max=6.39e-12 N
[DTS-ARP] step 21500  maxConc=1.0000  meanConc=0.0806  spread=1489/2562 verts >1%
[DTS-FORMIN] step 21500  mothers nucleated=36  pool remaining=0.0 over 0 hot verts
[MCA] step 21500 linked=2562/2562  gap=0.100  bilayerMaxR=1.209 cortexMaxR=1.109
[FLIP] step 21500 membrane#0 flips=0/7680 verify=true
[FLIP] step 21500 membrane#1 flips=0/7680 verify=true
[DTS-ACTIN] step 21500  filaments contacting membrane = 3 / 34
[GATHER] call=44000 totalDirty=0 maxThread=0 cumAvg=2785.9 cumMaxPerThread=914
Sim. time=00.22....~26.88 minutes computation to simulate 1 sec, run finished in ~00.01 hours
[DTS-E] step 22000  E bend=2.516e-18 area=8.835e-25 vol=3.935e-23 tot=2.516e-18 J   A=18.0739/18.0739  V=7.2224/7.2226 um  |F|max=2.51e-13 N
[DTS-E] step 22000  E bend=5.031e-17 area=1.595e-26 vol=6.777e-23 tot=5.031e-17 J   A=15.1871/15.1871  V=5.5630/5.5632 um  |F|max=6.56e-12 N
[DTS-ARP] step 22000  maxConc=1.0000  meanConc=0.0806  spread=1489/2562 verts >1%
[DTS-FORMIN] step 22000  mothers nucleated=36  pool remaining=0.0 over 0 hot verts
[MCA] step 22000 linked=2562/2562  gap=0.100  bilayerMaxR=1.209 cortexMaxR=1.110
[FLIP] step 22000 membrane#0 flips=0/7680 verify=true
[FLIP] step 22000 membrane#1 flips=0/7680 verify=true
[DTS-BRANCH] step 22000  fils=34 nearCortex=34 rejBorn=0  totalBranches=1
[BRANCH-DENSITY] step 22000  filLen=1.596 um  branches=1  um/branch=1.596
[DTS-ACTIN] step 22000  filaments contacting membrane = 3 / 34
[GATHER] call=45000 totalDirty=0 maxThread=0 cumAvg=2786.3 cumMaxPerThread=914
[DTS-E] step 22500  E bend=2.516e-18 area=3.904e-25 vol=4.303e-23 tot=2.516e-18 J   A=18.0739/18.0739  V=7.2224/7.2226 um  |F|max=2.67e-13 N
[DTS-E] step 22500  E bend=5.031e-17 area=8.237e-25 vol=7.623e-23 tot=5.031e-17 J   A=15.1871/15.1871  V=5.5630/5.5632 um  |F|max=8.14e-12 N
[DTS-ARP] step 22500  maxConc=1.0000  meanConc=0.0806  spread=1489/2562 verts >1%
[DTS-FORMIN] step 22500  mothers nucleated=36  pool remaining=0.0 over 0 hot verts
[MCA] step 22500 linked=2562/2562  gap=0.100  bilayerMaxR=1.209 cortexMaxR=1.110
[FLIP] step 22500 membrane#0 flips=0/7680 verify=true
[FLIP] step 22500 membrane#1 flips=0/7680 verify=true
[DTS-ACTIN] step 22500  filaments contacting membrane = 4 / 34
[GATHER] call=46000 totalDirty=0 maxThread=0 cumAvg=2786.7 cumMaxPerThread=914
[DTS-E] step 23000  E bend=2.516e-18 area=7.458e-25 vol=4.688e-23 tot=2.516e-18 J   A=18.0739/18.0739  V=7.2224/7.2226 um  |F|max=2.93e-13 N
[DTS-E] step 23000  E bend=5.031e-17 area=5.368e-26 vol=8.234e-23 tot=5.031e-17 J   A=15.1871/15.1871  V=5.5630/5.5632 um  |F|max=1.37e-11 N
[DTS-ARP] step 23000  maxConc=1.0000  meanConc=0.0806  spread=1489/2562 verts >1%
[DTS-FORMIN] step 23000  mothers nucleated=36  pool remaining=0.0 over 0 hot verts
[MCA] step 23000 linked=2562/2562  gap=0.100  bilayerMaxR=1.210 cortexMaxR=1.110
[FLIP] step 23000 membrane#0 flips=0/7680 verify=true
[FLIP] step 23000 membrane#1 flips=0/7680 verify=true
[DTS-BRANCH] step 23000  fils=34 nearCortex=34 rejBorn=0  totalBranches=1
[BRANCH-DENSITY] step 23000  filLen=1.615 um  branches=1  um/branch=1.615
[DTS-ACTIN] step 23000  filaments contacting membrane = 5 / 34
[GATHER] call=47000 totalDirty=0 maxThread=0 cumAvg=2787.1 cumMaxPerThread=914
[DTS-E] step 23500  E bend=2.516e-18 area=6.858e-25 vol=5.065e-23 tot=2.516e-18 J   A=18.0739/18.0739  V=7.2224/7.2226 um  |F|max=2.93e-13 N
[DTS-E] step 23500  E bend=5.032e-17 area=4.106e-24 vol=8.711e-23 tot=5.032e-17 J   A=15.1871/15.1871  V=5.5630/5.5632 um  |F|max=3.06e-11 N
[DTS-ARP] step 23500  maxConc=1.0000  meanConc=0.0806  spread=1489/2562 verts >1%
[DTS-FORMIN] step 23500  mothers nucleated=36  pool remaining=0.0 over 0 hot verts
[MCA] step 23500 linked=2562/2562  gap=0.100  bilayerMaxR=1.210 cortexMaxR=1.110
[FLIP] step 23500 membrane#0 flips=0/7680 verify=true
[FLIP] step 23500 membrane#1 flips=0/7680 verify=true
[DTS-ACTIN] step 23500  filaments contacting membrane = 3 / 34
[GATHER] call=48000 totalDirty=0 maxThread=0 cumAvg=2787.5 cumMaxPerThread=914
Sim. time=00.24....~26.96 minutes computation to simulate 1 sec, run finished in ~00.00 hours
[DTS-E] step 24000  E bend=2.517e-18 area=3.945e-26 vol=5.738e-23 tot=2.517e-18 J   A=18.0739/18.0739  V=7.2223/7.2226 um  |F|max=3.15e-13 N
[DTS-E] step 24000  E bend=5.031e-17 area=1.958e-27 vol=9.734e-23 tot=5.031e-17 J   A=15.1871/15.1871  V=5.5630/5.5632 um  |F|max=7.86e-12 N
[DTS-ARP] step 24000  maxConc=1.0000  meanConc=0.0806  spread=1489/2562 verts >1%
[DTS-FORMIN] step 24000  mothers nucleated=36  pool remaining=0.0 over 0 hot verts
[MCA] step 24000 linked=2562/2562  gap=0.100  bilayerMaxR=1.210 cortexMaxR=1.110
[FLIP] step 24000 membrane#0 flips=0/7680 verify=true
[FLIP] step 24000 membrane#1 flips=0/7680 verify=true
[DTS-BRANCH] step 24000  fils=34 nearCortex=34 rejBorn=0  totalBranches=1
[BRANCH-DENSITY] step 24000  filLen=1.644 um  branches=1  um/branch=1.644
[DTS-ACTIN] step 24000  filaments contacting membrane = 6 / 34
[RATCHET] poly vs gap g to membrane (delta=monomer, f=1.50e-12 N). meanFactor=closure output; relRate=realized:
  g<0 (overlap)  samples=2255      events=75       meanFactor=0.374  relRate=0.379
  0.0-0.2d       samples=89        events=4        meanFactor=0.415  relRate=0.512
  0.2-0.4d       samples=75        events=2        meanFactor=0.484  relRate=0.304
  0.4-0.6d       samples=40        events=4        meanFactor=0.605  relRate=1.139
  0.6-0.8d       samples=40        events=4        meanFactor=0.735  relRate=1.139
  0.8-1.0d       samples=22        events=1        meanFactor=0.906  relRate=0.518
  1-2d           samples=217       events=26       meanFactor=1.000  relRate=1.364
  g>=2d (free)   samples=1321      events=116      meanFactor=1.000  relRate=1.000
  TOTAL eligible tip-fires=4059  poly events=232  (boundary g<delta share=62.1%)
[GATHER] call=49000 totalDirty=0 maxThread=0 cumAvg=2787.8 cumMaxPerThread=914
[DTS-E] step 24500  E bend=2.517e-18 area=7.495e-25 vol=6.054e-23 tot=2.517e-18 J   A=18.0739/18.0739  V=7.2223/7.2226 um  |F|max=2.76e-13 N
[DTS-E] step 24500  E bend=5.032e-17 area=2.655e-24 vol=1.050e-22 tot=5.032e-17 J   A=15.1871/15.1871  V=5.5630/5.5632 um  |F|max=2.71e-11 N
[DTS-ARP] step 24500  maxConc=1.0000  meanConc=0.0806  spread=1489/2562 verts >1%
[DTS-FORMIN] step 24500  mothers nucleated=36  pool remaining=0.0 over 0 hot verts
[MCA] step 24500 linked=2562/2562  gap=0.100  bilayerMaxR=1.210 cortexMaxR=1.111
[FLIP] step 24500 membrane#0 flips=0/7680 verify=true
[FLIP] step 24500 membrane#1 flips=0/7680 verify=true
[DTS-ACTIN] step 24500  filaments contacting membrane = 5 / 34
[GATHER] call=50000 totalDirty=0 maxThread=0 cumAvg=2788.2 cumMaxPerThread=914
[DTS-E] step 25000  E bend=2.517e-18 area=1.053e-24 vol=6.647e-23 tot=2.517e-18 J   A=18.0739/18.0739  V=7.2223/7.2226 um  |F|max=2.85e-13 N
[DTS-E] step 25000  E bend=5.032e-17 area=5.577e-24 vol=1.142e-22 tot=5.032e-17 J   A=15.1871/15.1871  V=5.5630/5.5632 um  |F|max=2.71e-11 N
[DTS-ARP] step 25000  maxConc=1.0000  meanConc=0.0806  spread=1489/2562 verts >1%
[DTS-FORMIN] step 25000  mothers nucleated=36  pool remaining=0.0 over 0 hot verts
[MCA] step 25000 linked=2562/2562  gap=0.100  bilayerMaxR=1.211 cortexMaxR=1.111
[FLIP] step 25000 membrane#0 flips=0/7680 verify=true
[FLIP] step 25000 membrane#1 flips=0/7680 verify=true
[DTS-BRANCH] step 25000  fils=34 nearCortex=34 rejBorn=0  totalBranches=1
[BRANCH-DENSITY] step 25000  filLen=1.663 um  branches=1  um/branch=1.663
[DTS-ACTIN] step 25000  filaments contacting membrane = 7 / 34
collisionTime = 0.0
myosinTime = 0.0
[STATS] bindEvents=0
[STATS] filLinks=0 (active=0 inactive=0)
[STATS] linkCtMean=0.00 (samples=25100) linkCtMeanSettled=0.00 (samples=12600) finalActive=0
[STATS] filFilBroadphase active=false filsegMeshFillSkipped=0 candPairs=0 candMaxPerSeg=0 overflowSegs=0 drainCalls=0
[STATS] fActin segs=34 monomers=582 fActinUM=0.00 meanSegLenUM=0.049 freePoolUM=8.00
[STATS] mem usedHeapMB=1533.1 maxHeapMB=5368.7
[STATS] percolation filaments=34 activeLinks=0 linksPerFil=0.000 largestComp=1 (2.9% of fils) spanX=0.00 spanY=0.00 spanZ=0.00 spanFrac=0.00 percolates=false
[A3] cpuFallback histogram (last classify): thingCt=0 cpuFb total=0 { FilSeg=0 MyoMini=0 ProteinNode=0 Chamber=0 other=0 }
[A3] dimer cohesion dispatch: device(noop)=0 cpu(work)=0  | body↔rod constrain: device(noop)=0 cpu(work)=0  | updateMyosins(host-bookkeeping)=0
[NODE] cpuNodeTetherApplyCt=0 (must be 0 on GPU node path)
[STATS] checkBugInsideFireCt=0
[STATS] addLinkForcesFireCt=0
[STATS] addTorsionFireCt=0
[STATS] meshFillFilSegFireCt=0
[STATS] meshAllSegsFireCt=0
[STATS] mbg3dFillFilSegFireCt=0
[STATS] updatePosFromBindFireCt=0
[STATS] updatePosFromStepFireCt=0
[STATS] validateSegFireCt=0
[STATS] anchorFireCt=0
[STATS] filSegInitFireCt=0
[STATS] motorInitFireCt=0
[STATS] meanBoundMotors=0.000
ThingStep Threads took 53.589000 seconds.
ThingBrownian Threads took 8.590000 seconds.
Myosin Threads took 0.000000 seconds.
MyoDimer Threads took 0.000000 seconds.
Protein Node Threads took 4.002000 seconds.
MyoMiniFil Threads took 0.000000 seconds.
Chamber Myo Threads took 0.000000 seconds.
Chamber MyoDimer Threads took 0.000000 seconds.
Mesh Threads took 15.386000 seconds.
Ck Mesh Threads took 39.154000 seconds.
Ck Mots Threads took 0.000000 seconds.
XLink Threads took 0.000000 seconds.
Arp23 Threads took 0.375000 seconds.
NodeLink Threads took 0.000000 seconds.
Membrane Node Threads took 4.698000 seconds.
ActA Threads took 0.000000 seconds.
MotorBindGrid3D Fill took 4.098000 seconds.
Finished closing JSON plots!
