[TELEPORT_DIAG] enabled=false threshold=0.1
Loading parameter values from /tmp/s2conc...
     Parameter assigned: buildDtsMembrane set to true
     Parameter assigned: dtsMembraneSubdiv set to 4
     Parameter assigned: dtsMembraneRadius set to 1.2
     Parameter assigned: dtsVertexRadiusFrac set to 0.5
     Parameter assigned: dtsKappaBend set to 1.0E-19
     Parameter assigned: dtsKappaArea set to 0.15
     Parameter assigned: dtsKappaVolume set to 1.0E-13
     Parameter assigned: dtsTargetReducedVol set to 1.0
     Parameter assigned: dtsMaxDispFrac set to 0.2
     Parameter assigned: dtsBrownianOff set to true
     Parameter assigned: dtsAnchorStiffness set to 0.015
     Parameter assigned: dtsArpOn set to true
     Parameter assigned: dtsArpHotPatches set to 3
     Parameter assigned: dtsArpHotPatchDeg set to 8.0
     Parameter assigned: dtsArpDiffusion set to 0.1
     Parameter assigned: dtsArpDecay set to 0.015
     Parameter assigned: dtsForminOn set to true
     Parameter assigned: dtsForminGrowOut set to true
     Parameter assigned: dtsForminPool set to 1.0
     Parameter assigned: dtsForminConsume set to 1.0
     Parameter assigned: dtsForminNucRate set to 50.0
     Parameter assigned: dtsForminRecover set to 0.0
     Parameter assigned: forminRelease set to 0.0
     Parameter assigned: forminBarbedBrownianFactor set to 0.05
     Parameter assigned: dtsForminStandoff set to 0.05
     Parameter assigned: actinSeed set to 8
     Parameter assigned: arpTransFracMove set to 1.0
     Parameter assigned: arpSubcycleN set to 10
     Parameter assigned: filDragMinMonomers set to 200
     Parameter assigned: arpDaughterBrownianFactor set to 1.0
     Parameter assigned: dtsBranchOn set to true
     Parameter assigned: dtsBranchRate set to 0.25
     Parameter assigned: dtsArpConsumePerBranch set to 0.05
     Parameter assigned: dtsMaxFilaments set to 400
     Parameter assigned: dtsActinCollide set to true
     Parameter assigned: dtsRatchetForce set to 0.0
     Parameter assigned: ratchetOn set to true
     Parameter assigned: ratchetForce set to 1.5E-12
     Parameter assigned: dtsActinPushMax set to 5.0E-12
     Parameter assigned: actinConc set to 16.0
     Parameter assigned: filTipRadiusForCollision set to 0.04
     Parameter assigned: deltaT set to 1.0E-5
     Parameter assigned: collisionDeltaT set to 1.0E-5
     No match found for parameter label brownianDeltaT ... you best check that out!
     Parameter assigned: biochemDeltaT set to 0.001
     Parameter assigned: runTime set to 0.4
     Parameter assigned: toFileInterval set to 120
     Parameter assigned: remoteWriteInterval set to 2000
     Parameter assigned: boxXDim set to 5.0
     Parameter assigned: boxYDim set to 5.0
     Parameter assigned: boxZDim set to 5.0
     Parameter assigned: aeta set to 0.1
     Parameter assigned: simOutsideBug set to false
     Parameter assigned: initialFilaments set to 0
     Parameter assigned: initialMyoMiniFils set to 0
     Parameter assigned: equilNodes set to 0
     Parameter assigned: fillNodeCt set to 0
     Parameter assigned: buildBranchedFils set to false
     Parameter assigned: buildMembraneSheet set to false
     Parameter assigned: buildMembraneSphere set to false
     Parameter assigned: forminConc set to 0.0
     Parameter assigned: arpConc set to 0.0
     Parameter assigned: dtsCortexOn set to 1.0
     Parameter assigned: dtsCortexRadius set to 1.1
     Parameter assigned: dtsCortexKappaScale set to 20.0
     Parameter assigned: dtsCortexAreaScale set to 10.0
     Parameter assigned: dtsCortexDragScale set to 5.0
     Parameter assigned: dtsMcaStiffness set to 5.0E-4
     Parameter assigned: dtsMcaRestGap set to 0.0
     Parameter assigned: dtsMcaForceMax set to 6.0E-12
     Parameter assigned: dtsMcaLinkViz set to 3
     Parameter assigned: dtsArpOn set to false
     Parameter assigned: dtsBranchOn set to false
     Parameter assigned: runTime set to 0.4
     Parameter assigned: dtsArpOn set to true
     Parameter assigned: dtsBranchOn set to true
     Parameter assigned: dtsMcaForceMax set to 2.5E-12
     Parameter assigned: runTime set to 0.4
     Parameter assigned: dtsAnchorForceMax set to 1.5E-11
Done... there were 1 misunderstandings.
[RNG] per-worker RNG pool: 17 MTFs, masterSeed=3409748190769145246 (BOA_RNG_SEED unset)
[DTS] membrane #0 built: nu=4  nv=2562  nf=5120  ne=7680  maxVal=12  R=1.200 um  l0=0.0906 um  rVert=0.0453 um  A0=18.0739 um^2  V0=7.2226 um^3
[DTS]   continuum sphere: A=18.0956 (mesh 99.9%)  V=7.2382 (mesh 99.8%)
[DTS] membrane #1 built: nu=4  nv=2562  nf=5120  ne=7680  maxVal=12  R=1.100 um  l0=0.0830 um  rVert=0.0415 um  A0=15.1871 um^2  V0=5.5632 um^3
[DTS]   continuum sphere: A=15.2053 (mesh 99.9%)  V=5.5753 (mesh 99.8%)
[DTS-HOT] 3 NPF patches, 36 hot vertices of 2562
[DTS] two-shell: bilayer R=1.200 + cortex R=1.100  (cortex kappa x20, K_A=1.50, drag x5.0)
**************************************************************
Eulerian Mesh stats:
nXBins = 26; xBinWidth = 0.2 µm
nYBins = 26; yBinWidth = 0.2 µm
binDepth = 1000
**************************************************************
MotorBindGrid3D: 26 x 26 x 26 cells (0.2 µm each)
[18:52] [phase-plan] inert-wave cull — ThreadSet activation snapshot:
[18:52]   ON   ThingStep Threads
[18:52]   ON   ThingBrownian Threads
[18:52]   ON   Myosin Threads
[18:52]   OFF  MyoDimer Threads
[18:52]   ON   Protein Node Threads
[18:52]   OFF  MyoMiniFil Threads
[18:52]   OFF  Chamber Myo Threads
[18:52]   OFF  Chamber MyoDimer Threads
[18:52]   ON   Mesh Threads
[18:52]   ON   Ck Mesh Threads
[18:52]   ON   Ck Mots Threads
[18:52]   OFF  XLink Threads
[18:52]   OFF  Arp23 Threads
[18:52]   OFF  NodeLink Threads
[18:52]   ON   Membrane Node Threads
[18:52]   OFF  ActA Threads
[18:52]   ON   MotorBindGrid3D Fill
[18:52] [phase-plan] 9 active, 8 inert (will skip dispatch)
ThreeJSWriter: created directory /home/jba/Code/threejs_output/s2conc
ThreeJSWriter: output directory /home/jba/Code/threejs_output/s2conc
ThreeJSWriter: archived 5 source files to source.zip
ThreeJSWriter: wrote params_input.s2conc
ThreeJSWriter: wrote params_effective.txt (368 parameters)
[DTS-E] step 0  E bend=2.514e-18 area=5.242e-42 vol=3.550e-43 tot=2.514e-18 J   A=18.0739/18.0739  V=7.2226/7.2226 um  |F|max=8.81e-14 N
[DTS-E] step 0  E bend=5.029e-17 area=4.176e-39 vol=7.124e-43 tot=5.029e-17 J   A=15.1871/15.1871  V=5.5632/5.5632 um  |F|max=1.92e-12 N
[DTS-ARP] step 0  maxConc=1.0000  meanConc=0.0169  spread=81/2562 verts >1%
[DTS-FORMIN] step 0  mothers nucleated=0  pool remaining=36.0 over 36 hot verts
[MCA] step 0 linked=2562/2562  gap=0.100  bilayerMaxR=1.200 cortexMaxR=1.100
[FLIP] step 0 membrane#0 flips=0/7680 verify=true
[FLIP] step 0 membrane#1 flips=0/7680 verify=true
[GATHER] call=1000 totalDirty=0 maxThread=0 cumAvg=2748.0 cumMaxPerThread=892
[DTS-E] step 500  E bend=2.514e-18 area=5.023e-27 vol=3.151e-27 tot=2.514e-18 J   A=18.0739/18.0739  V=7.2226/7.2226 um  |F|max=4.40e-15 N
[DTS-E] step 500  E bend=5.029e-17 area=2.341e-26 vol=2.807e-27 tot=5.029e-17 J   A=15.1871/15.1871  V=5.5632/5.5632 um  |F|max=9.67e-13 N
[DTS-ARP] step 500  maxConc=1.0000  meanConc=0.0805  spread=1488/2562 verts >1%
[DTS-FORMIN] step 500  mothers nucleated=6  pool remaining=30.0 over 30 hot verts
[MCA] step 500 linked=2562/2562  gap=0.100  bilayerMaxR=1.200 cortexMaxR=1.100
[FLIP] step 500 membrane#0 flips=0/7680 verify=true
[FLIP] step 500 membrane#1 flips=0/7680 verify=true
[GATHER] call=2000 totalDirty=0 maxThread=0 cumAvg=2751.2 cumMaxPerThread=892
[DTS-E] step 1000  E bend=2.514e-18 area=8.206e-27 vol=2.940e-27 tot=2.514e-18 J   A=18.0739/18.0739  V=7.2226/7.2226 um  |F|max=4.38e-15 N
[DTS-E] step 1000  E bend=5.029e-17 area=2.796e-24 vol=5.199e-26 tot=5.029e-17 J   A=15.1871/15.1871  V=5.5632/5.5632 um  |F|max=1.10e-12 N
[DTS-ARP] step 1000  maxConc=1.0000  meanConc=0.0806  spread=1489/2562 verts >1%
[DTS-FORMIN] step 1000  mothers nucleated=12  pool remaining=24.0 over 24 hot verts
[MCA] step 1000 linked=2562/2562  gap=0.100  bilayerMaxR=1.200 cortexMaxR=1.100
[FLIP] step 1000 membrane#0 flips=0/7680 verify=true
[FLIP] step 1000 membrane#1 flips=0/7680 verify=true
[DTS-BRANCH] step 1000  fils=12 nearCortex=12 rejBorn=0  totalBranches=0
[BRANCH-DENSITY] step 1000  filLen=0.313 um  branches=0  um/branch=0.000
[GATHER] call=3000 totalDirty=0 maxThread=0 cumAvg=2754.2 cumMaxPerThread=892
[DTS-E] step 1500  E bend=2.514e-18 area=1.709e-26 vol=1.751e-27 tot=2.514e-18 J   A=18.0739/18.0739  V=7.2226/7.2226 um  |F|max=2.75e-14 N
[DTS-E] step 1500  E bend=5.029e-17 area=7.718e-26 vol=3.704e-28 tot=5.029e-17 J   A=15.1871/15.1871  V=5.5632/5.5632 um  |F|max=1.47e-12 N
[DTS-ARP] step 1500  maxConc=1.0000  meanConc=0.0806  spread=1489/2562 verts >1%
[DTS-FORMIN] step 1500  mothers nucleated=19  pool remaining=17.0 over 17 hot verts
[MCA] step 1500 linked=2562/2562  gap=0.100  bilayerMaxR=1.200 cortexMaxR=1.100
[FLIP] step 1500 membrane#0 flips=0/7680 verify=true
[FLIP] step 1500 membrane#1 flips=0/7680 verify=true
[GATHER] call=4000 totalDirty=0 maxThread=0 cumAvg=2757.3 cumMaxPerThread=892
Sim. time=00.02....~32.90 minutes computation to simulate 1 sec, run finished in ~00.21 hours
[DTS-E] step 2000  E bend=2.514e-18 area=6.322e-27 vol=3.101e-27 tot=2.514e-18 J   A=18.0739/18.0739  V=7.2226/7.2226 um  |F|max=1.25e-14 N
[DTS-E] step 2000  E bend=5.029e-17 area=3.558e-24 vol=2.118e-26 tot=5.029e-17 J   A=15.1871/15.1871  V=5.5632/5.5632 um  |F|max=1.47e-12 N
[DTS-ARP] step 2000  maxConc=1.0000  meanConc=0.0806  spread=1489/2562 verts >1%
[DTS-FORMIN] step 2000  mothers nucleated=22  pool remaining=14.0 over 14 hot verts
[MCA] step 2000 linked=2562/2562  gap=0.100  bilayerMaxR=1.200 cortexMaxR=1.100
[FLIP] step 2000 membrane#0 flips=0/7680 verify=true
[FLIP] step 2000 membrane#1 flips=0/7680 verify=true
[DTS-BRANCH] step 2000  fils=23 nearCortex=23 rejBorn=0  totalBranches=1
[BRANCH-DENSITY] step 2000  filLen=0.635 um  branches=1  um/branch=0.635
[GATHER] call=5000 totalDirty=0 maxThread=0 cumAvg=2759.7 cumMaxPerThread=892
[DTS-E] step 2500  E bend=2.514e-18 area=3.536e-27 vol=4.174e-27 tot=2.514e-18 J   A=18.0739/18.0739  V=7.2226/7.2226 um  |F|max=7.81e-15 N
[DTS-E] step 2500  E bend=5.029e-17 area=1.544e-24 vol=7.117e-27 tot=5.029e-17 J   A=15.1871/15.1871  V=5.5632/5.5632 um  |F|max=1.73e-12 N
[DTS-ARP] step 2500  maxConc=1.0000  meanConc=0.0806  spread=1489/2562 verts >1%
[DTS-FORMIN] step 2500  mothers nucleated=25  pool remaining=11.0 over 11 hot verts
[MCA] step 2500 linked=2562/2562  gap=0.100  bilayerMaxR=1.200 cortexMaxR=1.100
[FLIP] step 2500 membrane#0 flips=0/7680 verify=true
[FLIP] step 2500 membrane#1 flips=0/7680 verify=true
[GATHER] call=6000 totalDirty=0 maxThread=0 cumAvg=2762.0 cumMaxPerThread=892
[DTS-E] step 3000  E bend=2.514e-18 area=3.361e-27 vol=4.447e-27 tot=2.514e-18 J   A=18.0739/18.0739  V=7.2226/7.2226 um  |F|max=6.96e-15 N
[DTS-E] step 3000  E bend=5.029e-17 area=1.155e-24 vol=5.825e-27 tot=5.029e-17 J   A=15.1871/15.1871  V=5.5632/5.5632 um  |F|max=1.79e-12 N
[DTS-ARP] step 3000  maxConc=1.0000  meanConc=0.0806  spread=1489/2562 verts >1%
[DTS-FORMIN] step 3000  mothers nucleated=29  pool remaining=7.0 over 7 hot verts
[MCA] step 3000 linked=2562/2562  gap=0.100  bilayerMaxR=1.200 cortexMaxR=1.100
[FLIP] step 3000 membrane#0 flips=0/7680 verify=true
[FLIP] step 3000 membrane#1 flips=0/7680 verify=true
[DTS-BRANCH] step 3000  fils=30 nearCortex=30 rejBorn=0  totalBranches=1
[BRANCH-DENSITY] step 3000  filLen=0.867 um  branches=1  um/branch=0.867
[RATCHET] poly vs gap g to membrane (delta=monomer, f=1.50e-12 N). meanFactor=closure output; relRate=realized:
  g<0 (overlap)  samples=119       events=7        meanFactor=0.374  relRate=0.379
  0.0-0.2d       samples=6         events=0        meanFactor=0.406  relRate=0.000
  0.2-0.4d       samples=6         events=1        meanFactor=0.485  relRate=1.073
  0.4-0.6d       samples=0         events=0        meanFactor=0.000  relRate=0.000
  0.6-0.8d       samples=19        events=0        meanFactor=0.752  relRate=0.000
  0.8-1.0d       samples=0         events=0        meanFactor=0.000  relRate=0.000
  1-2d           samples=2         events=0        meanFactor=1.000  relRate=0.000
  g>=2d (free)   samples=251       events=39       meanFactor=1.000  relRate=1.000
  TOTAL eligible tip-fires=403  poly events=47  (boundary g<delta share=37.2%)
[GATHER] call=7000 totalDirty=0 maxThread=0 cumAvg=2763.9 cumMaxPerThread=892
[DTS-E] step 3500  E bend=2.516e-18 area=1.703e-24 vol=8.555e-26 tot=2.516e-18 J   A=18.0740/18.0739  V=7.2226/7.2226 um  |F|max=1.02e-12 N
[DTS-E] step 3500  E bend=5.029e-17 area=4.960e-24 vol=6.813e-26 tot=5.029e-17 J   A=15.1871/15.1871  V=5.5632/5.5632 um  |F|max=1.83e-12 N
[DTS-ARP] step 3500  maxConc=1.0000  meanConc=0.0806  spread=1489/2562 verts >1%
[DTS-FORMIN] step 3500  mothers nucleated=29  pool remaining=7.0 over 7 hot verts
[MCA] step 3500 linked=2562/2562  gap=0.100  bilayerMaxR=1.206 cortexMaxR=1.102
[FLIP] step 3500 membrane#0 flips=0/7680 verify=true
[FLIP] step 3500 membrane#1 flips=0/7680 verify=true
[DTS-ACTIN] step 3500  filaments contacting membrane = 1 / 30
[GATHER] call=8000 totalDirty=0 maxThread=0 cumAvg=2765.4 cumMaxPerThread=892
Sim. time=00.04....~32.42 minutes computation to simulate 1 sec, run finished in ~00.19 hours
[DTS-E] step 4000  E bend=2.516e-18 area=1.769e-24 vol=2.182e-25 tot=2.516e-18 J   A=18.0740/18.0739  V=7.2226/7.2226 um  |F|max=8.98e-13 N
[DTS-E] step 4000  E bend=5.029e-17 area=1.021e-24 vol=9.773e-26 tot=5.029e-17 J   A=15.1871/15.1871  V=5.5632/5.5632 um  |F|max=1.81e-12 N
[DTS-ARP] step 4000  maxConc=1.0000  meanConc=0.0806  spread=1489/2562 verts >1%
[DTS-FORMIN] step 4000  mothers nucleated=31  pool remaining=5.0 over 5 hot verts
[MCA] step 4000 linked=2562/2562  gap=0.100  bilayerMaxR=1.207 cortexMaxR=1.103
[FLIP] step 4000 membrane#0 flips=0/7680 verify=true
[FLIP] step 4000 membrane#1 flips=0/7680 verify=true
[DTS-BRANCH] step 4000  fils=32 nearCortex=32 rejBorn=0  totalBranches=1
[BRANCH-DENSITY] step 4000  filLen=1.034 um  branches=1  um/branch=1.034
[DTS-ACTIN] step 4000  filaments contacting membrane = 1 / 32
[GATHER] call=9000 totalDirty=0 maxThread=0 cumAvg=2766.8 cumMaxPerThread=892
[DTS-E] step 4500  E bend=2.518e-18 area=5.963e-24 vol=2.158e-24 tot=2.518e-18 J   A=18.0740/18.0739  V=7.2225/7.2226 um  |F|max=1.09e-12 N
[DTS-E] step 4500  E bend=5.029e-17 area=3.836e-26 vol=2.642e-25 tot=5.029e-17 J   A=15.1871/15.1871  V=5.5632/5.5632 um  |F|max=1.52e-12 N
[DTS-ARP] step 4500  maxConc=1.0000  meanConc=0.0806  spread=1489/2562 verts >1%
[DTS-FORMIN] step 4500  mothers nucleated=32  pool remaining=4.0 over 4 hot verts
[MCA] step 4500 linked=2562/2562  gap=0.100  bilayerMaxR=1.211 cortexMaxR=1.104
[FLIP] step 4500 membrane#0 flips=0/7680 verify=true
[FLIP] step 4500 membrane#1 flips=0/7680 verify=true
[DTS-ACTIN] step 4500  filaments contacting membrane = 1 / 33
[GATHER] call=10000 totalDirty=0 maxThread=0 cumAvg=2767.9 cumMaxPerThread=892
[DTS-E] step 5000  E bend=2.521e-18 area=2.073e-23 vol=6.595e-24 tot=2.521e-18 J   A=18.0740/18.0739  V=7.2225/7.2226 um  |F|max=1.40e-12 N
[DTS-E] step 5000  E bend=5.029e-17 area=6.707e-26 vol=8.655e-25 tot=5.029e-17 J   A=15.1871/15.1871  V=5.5632/5.5632 um  |F|max=1.47e-12 N
[DTS-ARP] step 5000  maxConc=1.0000  meanConc=0.0806  spread=1489/2562 verts >1%
[DTS-FORMIN] step 5000  mothers nucleated=32  pool remaining=4.0 over 4 hot verts
[MCA] step 5000 linked=2562/2562  gap=0.100  bilayerMaxR=1.215 cortexMaxR=1.105
[FLIP] step 5000 membrane#0 flips=0/7680 verify=true
[FLIP] step 5000 membrane#1 flips=0/7680 verify=true
[DTS-BRANCH] step 5000  fils=33 nearCortex=33 rejBorn=0  totalBranches=1
[BRANCH-DENSITY] step 5000  filLen=1.153 um  branches=1  um/branch=1.153
[DTS-ACTIN] step 5000  filaments contacting membrane = 2 / 33
[GATHER] call=11000 totalDirty=0 maxThread=0 cumAvg=2769.0 cumMaxPerThread=892
[DTS-E] step 5500  E bend=2.521e-18 area=1.724e-23 vol=1.055e-23 tot=2.521e-18 J   A=18.0740/18.0739  V=7.2225/7.2226 um  |F|max=1.42e-12 N
[DTS-E] step 5500  E bend=5.030e-17 area=1.584e-26 vol=1.983e-24 tot=5.030e-17 J   A=15.1871/15.1871  V=5.5632/5.5632 um  |F|max=1.71e-12 N
[DTS-ARP] step 5500  maxConc=1.0000  meanConc=0.0806  spread=1489/2562 verts >1%
[DTS-FORMIN] step 5500  mothers nucleated=33  pool remaining=3.0 over 3 hot verts
[MCA] step 5500 linked=2562/2562  gap=0.100  bilayerMaxR=1.216 cortexMaxR=1.107
[FLIP] step 5500 membrane#0 flips=0/7680 verify=true
[FLIP] step 5500 membrane#1 flips=0/7680 verify=true
[DTS-ACTIN] step 5500  filaments contacting membrane = 1 / 34
[GATHER] call=12000 totalDirty=0 maxThread=0 cumAvg=2769.9 cumMaxPerThread=892
Sim. time=00.06....~32.87 minutes computation to simulate 1 sec, run finished in ~00.19 hours
[DTS-E] step 6000  E bend=2.526e-18 area=4.151e-23 vol=2.935e-23 tot=2.526e-18 J   A=18.0740/18.0739  V=7.2224/7.2226 um  |F|max=1.81e-12 N
[DTS-E] step 6000  E bend=5.030e-17 area=1.305e-23 vol=5.785e-24 tot=5.030e-17 J   A=15.1871/15.1871  V=5.5632/5.5632 um  |F|max=1.50e-12 N
[DTS-ARP] step 6000  maxConc=1.0000  meanConc=0.0806  spread=1489/2562 verts >1%
[DTS-FORMIN] step 6000  mothers nucleated=34  pool remaining=2.0 over 2 hot verts
[MCA] step 6000 linked=2562/2562  gap=0.100  bilayerMaxR=1.221 cortexMaxR=1.108
[FLIP] step 6000 membrane#0 flips=0/7680 verify=true
[FLIP] step 6000 membrane#1 flips=0/7680 verify=true
[DTS-BRANCH] step 6000  fils=36 nearCortex=36 rejBorn=0  totalBranches=2
[BRANCH-DENSITY] step 6000  filLen=1.336 um  branches=2  um/branch=0.668
[DTS-ACTIN] step 6000  filaments contacting membrane = 1 / 36
[RATCHET] poly vs gap g to membrane (delta=monomer, f=1.50e-12 N). meanFactor=closure output; relRate=realized:
  g<0 (overlap)  samples=465       events=28       meanFactor=0.374  relRate=0.338
  0.0-0.2d       samples=17        events=0        meanFactor=0.406  relRate=0.000
  0.2-0.4d       samples=36        events=2        meanFactor=0.476  relRate=0.312
  0.4-0.6d       samples=8         events=2        meanFactor=0.614  relRate=1.405
  0.6-0.8d       samples=29        events=3        meanFactor=0.738  relRate=0.581
  0.8-1.0d       samples=1         events=1        meanFactor=0.834  relRate=5.619
  1-2d           samples=35        events=4        meanFactor=1.000  relRate=0.642
  g>=2d (free)   samples=590       events=105      meanFactor=1.000  relRate=1.000
  TOTAL eligible tip-fires=1181  poly events=145  (boundary g<delta share=47.1%)
[GATHER] call=13000 totalDirty=0 maxThread=0 cumAvg=2770.9 cumMaxPerThread=892
[DTS-E] step 6500  E bend=2.527e-18 area=5.590e-23 vol=4.334e-23 tot=2.527e-18 J   A=18.0741/18.0739  V=7.2224/7.2226 um  |F|max=1.90e-12 N
[DTS-E] step 6500  E bend=5.030e-17 area=8.086e-24 vol=8.696e-24 tot=5.030e-17 J   A=15.1871/15.1871  V=5.5632/5.5632 um  |F|max=1.51e-12 N
[DTS-ARP] step 6500  maxConc=1.0000  meanConc=0.0806  spread=1489/2562 verts >1%
[DTS-FORMIN] step 6500  mothers nucleated=35  pool remaining=1.0 over 1 hot verts
[MCA] step 6500 linked=2562/2562  gap=0.100  bilayerMaxR=1.223 cortexMaxR=1.109
[FLIP] step 6500 membrane#0 flips=0/7680 verify=true
[FLIP] step 6500 membrane#1 flips=0/7680 verify=true
[DTS-ACTIN] step 6500  filaments contacting membrane = 1 / 37
[GATHER] call=14000 totalDirty=0 maxThread=0 cumAvg=2771.8 cumMaxPerThread=892
[DTS-E] step 7000  E bend=2.528e-18 area=8.093e-23 vol=6.272e-23 tot=2.528e-18 J   A=18.0741/18.0739  V=7.2223/7.2226 um  |F|max=1.92e-12 N
[DTS-E] step 7000  E bend=5.030e-17 area=1.261e-23 vol=1.572e-23 tot=5.030e-17 J   A=15.1871/15.1871  V=5.5631/5.5632 um  |F|max=1.56e-12 N
[DTS-ARP] step 7000  maxConc=1.0000  meanConc=0.0806  spread=1489/2562 verts >1%
[DTS-FORMIN] step 7000  mothers nucleated=35  pool remaining=1.0 over 1 hot verts
[MCA] step 7000 linked=2562/2562  gap=0.100  bilayerMaxR=1.225 cortexMaxR=1.111
[FLIP] step 7000 membrane#0 flips=0/7680 verify=true
[FLIP] step 7000 membrane#1 flips=0/7680 verify=true
[DTS-BRANCH] step 7000  fils=37 nearCortex=37 rejBorn=0  totalBranches=2
[BRANCH-DENSITY] step 7000  filLen=1.461 um  branches=2  um/branch=0.730
[DTS-ACTIN] step 7000  filaments contacting membrane = 1 / 37
[GATHER] call=15000 totalDirty=0 maxThread=0 cumAvg=2772.6 cumMaxPerThread=892
[DTS-E] step 7500  E bend=2.528e-18 area=7.502e-23 vol=7.515e-23 tot=2.528e-18 J   A=18.0741/18.0739  V=7.2223/7.2226 um  |F|max=1.90e-12 N
[DTS-E] step 7500  E bend=5.031e-17 area=1.327e-23 vol=2.485e-23 tot=5.031e-17 J   A=15.1871/15.1871  V=5.5631/5.5632 um  |F|max=1.56e-12 N
[DTS-ARP] step 7500  maxConc=1.0000  meanConc=0.0806  spread=1489/2562 verts >1%
[DTS-FORMIN] step 7500  mothers nucleated=35  pool remaining=1.0 over 1 hot verts
[MCA] step 7500 linked=2562/2562  gap=0.100  bilayerMaxR=1.226 cortexMaxR=1.112
[FLIP] step 7500 membrane#0 flips=0/7680 verify=true
[FLIP] step 7500 membrane#1 flips=0/7680 verify=true
[DTS-ACTIN] step 7500  filaments contacting membrane = 4 / 37
[GATHER] call=16000 totalDirty=0 maxThread=0 cumAvg=2773.5 cumMaxPerThread=893
Sim. time=00.08....~33.17 minutes computation to simulate 1 sec, run finished in ~00.18 hours
[DTS-E] step 8000  E bend=2.529e-18 area=9.474e-23 vol=9.744e-23 tot=2.529e-18 J   A=18.0741/18.0739  V=7.2223/7.2226 um  |F|max=1.91e-12 N
[DTS-E] step 8000  E bend=5.031e-17 area=3.366e-23 vol=4.126e-23 tot=5.031e-17 J   A=15.1871/15.1871  V=5.5631/5.5632 um  |F|max=1.73e-12 N
[DTS-ARP] step 8000  maxConc=1.0000  meanConc=0.0806  spread=1489/2562 verts >1%
[DTS-FORMIN] step 8000  mothers nucleated=35  pool remaining=1.0 over 1 hot verts
[MCA] step 8000 linked=2562/2562  gap=0.100  bilayerMaxR=1.228 cortexMaxR=1.113
[FLIP] step 8000 membrane#0 flips=0/7680 verify=true
[FLIP] step 8000 membrane#1 flips=0/7680 verify=true
[DTS-BRANCH] step 8000  fils=37 nearCortex=37 rejBorn=0  totalBranches=2
[BRANCH-DENSITY] step 8000  filLen=1.566 um  branches=2  um/branch=0.783
[DTS-ACTIN] step 8000  filaments contacting membrane = 4 / 37
[GATHER] call=17000 totalDirty=0 maxThread=0 cumAvg=2774.5 cumMaxPerThread=901
[DTS-E] step 8500  E bend=2.530e-18 area=1.024e-22 vol=1.441e-22 tot=2.530e-18 J   A=18.0741/18.0739  V=7.2222/7.2226 um  |F|max=1.93e-12 N
[DTS-E] step 8500  E bend=5.032e-17 area=2.953e-23 vol=6.589e-23 tot=5.032e-17 J   A=15.1871/15.1871  V=5.5630/5.5632 um  |F|max=1.67e-12 N
[DTS-ARP] step 8500  maxConc=1.0000  meanConc=0.0806  spread=1489/2562 verts >1%
[DTS-FORMIN] step 8500  mothers nucleated=35  pool remaining=1.0 over 1 hot verts
[MCA] step 8500 linked=2562/2562  gap=0.100  bilayerMaxR=1.230 cortexMaxR=1.115
[FLIP] step 8500 membrane#0 flips=0/7680 verify=true
[FLIP] step 8500 membrane#1 flips=0/7680 verify=true
[DTS-ACTIN] step 8500  filaments contacting membrane = 3 / 37
[GATHER] call=18000 totalDirty=0 maxThread=0 cumAvg=2775.8 cumMaxPerThread=904
[DTS-E] step 9000  E bend=2.530e-18 area=9.727e-23 vol=1.751e-22 tot=2.530e-18 J   A=18.0741/18.0739  V=7.2222/7.2226 um  |F|max=1.90e-12 N
[DTS-E] step 9000  E bend=5.032e-17 area=2.330e-23 vol=9.196e-23 tot=5.032e-17 J   A=15.1871/15.1871  V=5.5630/5.5632 um  |F|max=1.67e-12 N
[DTS-ARP] step 9000  maxConc=1.0000  meanConc=0.0806  spread=1489/2562 verts >1%
[DTS-FORMIN] step 9000  mothers nucleated=36  pool remaining=0.0 over 0 hot verts
[MCA] step 9000 linked=2562/2562  gap=0.100  bilayerMaxR=1.231 cortexMaxR=1.117
[FLIP] step 9000 membrane#0 flips=0/7680 verify=true
[FLIP] step 9000 membrane#1 flips=0/7680 verify=true
[DTS-BRANCH] step 9000  fils=39 nearCortex=39 rejBorn=0  totalBranches=3
[BRANCH-DENSITY] step 9000  filLen=1.687 um  branches=3  um/branch=0.562
[DTS-ACTIN] step 9000  filaments contacting membrane = 4 / 39
[RATCHET] poly vs gap g to membrane (delta=monomer, f=1.50e-12 N). meanFactor=closure output; relRate=realized:
  g<0 (overlap)  samples=893       events=54       meanFactor=0.374  relRate=0.346
  0.0-0.2d       samples=43        events=2        meanFactor=0.417  relRate=0.266
  0.2-0.4d       samples=45        events=4        meanFactor=0.477  relRate=0.508
  0.4-0.6d       samples=9         events=2        meanFactor=0.620  relRate=1.270
  0.6-0.8d       samples=37        events=4        meanFactor=0.736  relRate=0.618
  0.8-1.0d       samples=13        events=2        meanFactor=0.894  relRate=0.879
  1-2d           samples=95        events=13       meanFactor=1.000  relRate=0.782
  g>=2d (free)   samples=840       events=147      meanFactor=1.000  relRate=1.000
  TOTAL eligible tip-fires=1975  poly events=228  (boundary g<delta share=52.7%)
[GATHER] call=19000 totalDirty=0 maxThread=0 cumAvg=2777.0 cumMaxPerThread=907
[DTS-E] step 9500  E bend=2.532e-18 area=1.318e-22 vol=2.425e-22 tot=2.533e-18 J   A=18.0741/18.0739  V=7.2221/7.2226 um  |F|max=1.90e-12 N
[DTS-E] step 9500  E bend=5.032e-17 area=2.940e-23 vol=1.312e-22 tot=5.032e-17 J   A=15.1871/15.1871  V=5.5629/5.5632 um  |F|max=1.67e-12 N
[DTS-ARP] step 9500  maxConc=1.0000  meanConc=0.0806  spread=1489/2562 verts >1%
[DTS-FORMIN] step 9500  mothers nucleated=36  pool remaining=0.0 over 0 hot verts
[MCA] step 9500 linked=2562/2562  gap=0.100  bilayerMaxR=1.232 cortexMaxR=1.118
[FLIP] step 9500 membrane#0 flips=0/7680 verify=true
[FLIP] step 9500 membrane#1 flips=0/7680 verify=true
[DTS-ACTIN] step 9500  filaments contacting membrane = 4 / 39
[GATHER] call=20000 totalDirty=0 maxThread=0 cumAvg=2778.2 cumMaxPerThread=907
Sim. time=00.10....~33.42 minutes computation to simulate 1 sec, run finished in ~00.17 hours
[DTS-E] step 10000  E bend=2.536e-18 area=1.925e-22 vol=3.610e-22 tot=2.537e-18 J   A=18.0742/18.0739  V=7.2220/7.2226 um  |F|max=1.94e-12 N
[DTS-E] step 10000  E bend=5.033e-17 area=3.195e-23 vol=1.944e-22 tot=5.033e-17 J   A=15.1871/15.1871  V=5.5629/5.5632 um  |F|max=1.67e-12 N
[DTS-ARP] step 10000  maxConc=1.0000  meanConc=0.0806  spread=1489/2562 verts >1%
[DTS-FORMIN] step 10000  mothers nucleated=36  pool remaining=0.0 over 0 hot verts
[MCA] step 10000 linked=2562/2562  gap=0.100  bilayerMaxR=1.234 cortexMaxR=1.120
[FLIP] step 10000 membrane#0 flips=0/7680 verify=true
[FLIP] step 10000 membrane#1 flips=0/7680 verify=true
[DTS-BRANCH] step 10000  fils=40 nearCortex=40 rejBorn=0  totalBranches=4
[BRANCH-DENSITY] step 10000  filLen=1.841 um  branches=4  um/branch=0.460
[DTS-ACTIN] step 10000  filaments contacting membrane = 3 / 40
[GATHER] call=21000 totalDirty=0 maxThread=0 cumAvg=2779.3 cumMaxPerThread=911
[DTS-E] step 10500  E bend=2.534e-18 area=2.281e-22 vol=4.597e-22 tot=2.535e-18 J   A=18.0742/18.0739  V=7.2219/7.2226 um  |F|max=1.88e-12 N
[DTS-E] step 10500  E bend=5.034e-17 area=1.462e-23 vol=2.980e-22 tot=5.034e-17 J   A=15.1871/15.1871  V=5.5628/5.5632 um  |F|max=1.68e-12 N
[DTS-ARP] step 10500  maxConc=1.0000  meanConc=0.0806  spread=1489/2562 verts >1%
[DTS-FORMIN] step 10500  mothers nucleated=36  pool remaining=0.0 over 0 hot verts
[MCA] step 10500 linked=2562/2562  gap=0.100  bilayerMaxR=1.236 cortexMaxR=1.122
[FLIP] step 10500 membrane#0 flips=0/7680 verify=true
[FLIP] step 10500 membrane#1 flips=0/7680 verify=true
[DTS-ACTIN] step 10500  filaments contacting membrane = 5 / 40
[GATHER] call=22000 totalDirty=0 maxThread=0 cumAvg=2780.4 cumMaxPerThread=911
[DTS-E] step 11000  E bend=2.535e-18 area=2.335e-22 vol=6.188e-22 tot=2.536e-18 J   A=18.0742/18.0739  V=7.2218/7.2226 um  |F|max=1.98e-12 N
[DTS-E] step 11000  E bend=5.035e-17 area=2.034e-23 vol=4.437e-22 tot=5.035e-17 J   A=15.1871/15.1871  V=5.5627/5.5632 um  |F|max=1.70e-12 N
[DTS-ARP] step 11000  maxConc=1.0000  meanConc=0.0806  spread=1489/2562 verts >1%
[DTS-FORMIN] step 11000  mothers nucleated=36  pool remaining=0.0 over 0 hot verts
[MCA] step 11000 linked=2562/2562  gap=0.100  bilayerMaxR=1.239 cortexMaxR=1.125
[FLIP] step 11000 membrane#0 flips=0/7680 verify=true
[FLIP] step 11000 membrane#1 flips=0/7680 verify=true
[DTS-BRANCH] step 11000  fils=40 nearCortex=40 rejBorn=0  totalBranches=4
[BRANCH-DENSITY] step 11000  filLen=1.933 um  branches=4  um/branch=0.483
[DTS-ACTIN] step 11000  filaments contacting membrane = 9 / 40
[GATHER] call=23000 totalDirty=0 maxThread=0 cumAvg=2781.4 cumMaxPerThread=912
[DTS-E] step 11500  E bend=2.536e-18 area=2.349e-22 vol=7.647e-22 tot=2.537e-18 J   A=18.0742/18.0739  V=7.2217/7.2226 um  |F|max=2.05e-12 N
[DTS-E] step 11500  E bend=5.036e-17 area=1.813e-23 vol=5.758e-22 tot=5.036e-17 J   A=15.1871/15.1871  V=5.5626/5.5632 um  |F|max=2.81e-12 N
[DTS-ARP] step 11500  maxConc=1.0000  meanConc=0.0806  spread=1489/2562 verts >1%
[DTS-FORMIN] step 11500  mothers nucleated=36  pool remaining=0.0 over 0 hot verts
[MCA] step 11500 linked=2562/2562  gap=0.100  bilayerMaxR=1.241 cortexMaxR=1.126
[FLIP] step 11500 membrane#0 flips=0/7680 verify=true
[FLIP] step 11500 membrane#1 flips=0/7680 verify=true
[DTS-ACTIN] step 11500  filaments contacting membrane = 7 / 41
[GATHER] call=24000 totalDirty=0 maxThread=0 cumAvg=2782.5 cumMaxPerThread=916
Sim. time=00.12....~28.91 minutes computation to simulate 1 sec, run finished in ~00.13 hours
[DTS-E] step 12000  E bend=2.531e-18 area=1.431e-22 vol=6.817e-22 tot=2.532e-18 J   A=18.0741/18.0739  V=7.2217/7.2226 um  |F|max=2.06e-12 N
[DTS-E] step 12000  E bend=5.036e-17 area=2.069e-24 vol=6.939e-22 tot=5.036e-17 J   A=15.1871/15.1871  V=5.5626/5.5632 um  |F|max=3.37e-12 N
[DTS-ARP] step 12000  maxConc=1.0000  meanConc=0.0806  spread=1489/2562 verts >1%
[DTS-FORMIN] step 12000  mothers nucleated=36  pool remaining=0.0 over 0 hot verts
[MCA] step 12000 linked=2563/2563  gap=0.100  bilayerMaxR=1.239 cortexMaxR=1.127
[FLIP] step 12000 membrane#0 flips=0/7683 verify=true
[FLIP] step 12000 membrane#1 flips=0/7680 verify=true
[DTS-BRANCH] step 12000  fils=41 nearCortex=41 rejBorn=0  totalBranches=5
[BRANCH-DENSITY] step 12000  filLen=2.057 um  branches=5  um/branch=0.411
[DTS-ACTIN] step 12000  filaments contacting membrane = 7 / 41
[RATCHET] poly vs gap g to membrane (delta=monomer, f=1.50e-12 N). meanFactor=closure output; relRate=realized:
  g<0 (overlap)  samples=1283      events=73       meanFactor=0.374  relRate=0.298
  0.0-0.2d       samples=61        events=3        meanFactor=0.416  relRate=0.258
  0.2-0.4d       samples=50        events=5        meanFactor=0.477  relRate=0.524
  0.4-0.6d       samples=10        events=2        meanFactor=0.622  relRate=1.048
  0.6-0.8d       samples=41        events=4        meanFactor=0.739  relRate=0.511
  0.8-1.0d       samples=21        events=2        meanFactor=0.910  relRate=0.499
  1-2d           samples=136       events=22       meanFactor=1.000  relRate=0.848
  g>=2d (free)   samples=1116      events=213      meanFactor=1.000  relRate=1.000
  TOTAL eligible tip-fires=2718  poly events=324  (boundary g<delta share=53.9%)
[GATHER] call=25000 totalDirty=0 maxThread=0 cumAvg=2783.5 cumMaxPerThread=917
[DTS-E] step 12500  E bend=2.531e-18 area=1.289e-22 vol=8.068e-22 tot=2.532e-18 J   A=18.0741/18.0739  V=7.2217/7.2226 um  |F|max=2.00e-12 N
[DTS-E] step 12500  E bend=5.037e-17 area=1.945e-24 vol=8.463e-22 tot=5.037e-17 J   A=15.1871/15.1871  V=5.5625/5.5632 um  |F|max=4.71e-12 N
[DTS-ARP] step 12500  maxConc=1.0000  meanConc=0.0806  spread=1489/2562 verts >1%
[DTS-FORMIN] step 12500  mothers nucleated=36  pool remaining=0.0 over 0 hot verts
[MCA] step 12500 linked=2563/2563  gap=0.100  bilayerMaxR=1.240 cortexMaxR=1.129
[FLIP] step 12500 membrane#0 flips=0/7683 verify=true
[FLIP] step 12500 membrane#1 flips=0/7680 verify=true
[DTS-ACTIN] step 12500  filaments contacting membrane = 9 / 41
[GATHER] call=26000 totalDirty=0 maxThread=0 cumAvg=2784.5 cumMaxPerThread=920
[DTS-E] step 13000  E bend=2.533e-18 area=1.599e-22 vol=9.448e-22 tot=2.534e-18 J   A=18.0741/18.0739  V=7.2216/7.2226 um  |F|max=2.01e-12 N
[DTS-E] step 13000  E bend=5.037e-17 area=1.772e-24 vol=9.982e-22 tot=5.037e-17 J   A=15.1871/15.1871  V=5.5624/5.5632 um  |F|max=5.81e-12 N
[DTS-ARP] step 13000  maxConc=1.0000  meanConc=0.0806  spread=1489/2562 verts >1%
[DTS-FORMIN] step 13000  mothers nucleated=36  pool remaining=0.0 over 0 hot verts
[MCA] step 13000 linked=2564/2564  gap=0.100  bilayerMaxR=1.241 cortexMaxR=1.130
[FLIP] step 13000 membrane#0 flips=0/7686 verify=true
[FLIP] step 13000 membrane#1 flips=0/7680 verify=true
[DTS-BRANCH] step 13000  fils=41 nearCortex=41 rejBorn=0  totalBranches=5
[BRANCH-DENSITY] step 13000  filLen=2.133 um  branches=5  um/branch=0.427
[DTS-ACTIN] step 13000  filaments contacting membrane = 12 / 41
[GATHER] call=27000 totalDirty=0 maxThread=0 cumAvg=2785.6 cumMaxPerThread=920
[DTS-E] step 13500  E bend=2.533e-18 area=1.673e-22 vol=1.092e-21 tot=2.534e-18 J   A=18.0742/18.0739  V=7.2215/7.2226 um  |F|max=1.98e-12 N
[DTS-E] step 13500  E bend=5.038e-17 area=2.940e-26 vol=1.165e-21 tot=5.038e-17 J   A=15.1871/15.1871  V=5.5624/5.5632 um  |F|max=7.18e-12 N
[DTS-ARP] step 13500  maxConc=1.0000  meanConc=0.0806  spread=1489/2562 verts >1%
[DTS-FORMIN] step 13500  mothers nucleated=36  pool remaining=0.0 over 0 hot verts
[MCA] step 13500 linked=2564/2564  gap=0.100  bilayerMaxR=1.242 cortexMaxR=1.131
[FLIP] step 13500 membrane#0 flips=0/7686 verify=true
[FLIP] step 13500 membrane#1 flips=0/7680 verify=true
[DTS-ACTIN] step 13500  filaments contacting membrane = 11 / 41
[GATHER] call=28000 totalDirty=0 maxThread=0 cumAvg=2786.6 cumMaxPerThread=920
Sim. time=00.14....~26.08 minutes computation to simulate 1 sec, run finished in ~00.11 hours
[DTS-E] step 14000  E bend=2.535e-18 area=2.419e-22 vol=1.349e-21 tot=2.537e-18 J   A=18.0742/18.0739  V=7.2214/7.2226 um  |F|max=1.95e-12 N
[DTS-E] step 14000  E bend=5.038e-17 area=7.729e-26 vol=1.365e-21 tot=5.038e-17 J   A=15.1871/15.1871  V=5.5623/5.5632 um  |F|max=7.76e-12 N
[DTS-ARP] step 14000  maxConc=1.0000  meanConc=0.0806  spread=1489/2562 verts >1%
[DTS-FORMIN] step 14000  mothers nucleated=36  pool remaining=0.0 over 0 hot verts
[MCA] step 14000 linked=2563/2563  gap=0.100  bilayerMaxR=1.245 cortexMaxR=1.132
[FLIP] step 14000 membrane#0 flips=0/7683 verify=true
[FLIP] step 14000 membrane#1 flips=0/7680 verify=true
[DTS-BRANCH] step 14000  fils=41 nearCortex=41 rejBorn=0  totalBranches=5
[BRANCH-DENSITY] step 14000  filLen=2.225 um  branches=5  um/branch=0.445
[DTS-ACTIN] step 14000  filaments contacting membrane = 11 / 41
[GATHER] call=29000 totalDirty=0 maxThread=0 cumAvg=2787.5 cumMaxPerThread=920
[DTS-E] step 14500  E bend=2.557e-18 area=9.491e-26 vol=3.876e-21 tot=2.561e-18 J   A=18.0740/18.0739  V=7.2206/7.2226 um  |F|max=2.21e-12 N
[DTS-E] step 14500  E bend=4.984e-17 area=1.376e-21 vol=6.940e-21 tot=4.985e-17 J   A=15.1873/15.1871  V=5.5612/5.5632 um  |F|max=3.93e-11 N
[DTS-ARP] step 14500  maxConc=1.0000  meanConc=0.0809  spread=1490/2562 verts >1%
[DTS-FORMIN] step 14500  mothers nucleated=36  pool remaining=0.0 over 0 hot verts
[MCA] step 14500 linked=2564/2564  gap=0.100  bilayerMaxR=1.257 cortexMaxR=1.153
[FLIP] step 14500 membrane#0 flips=0/7686 verify=true
[FLIP] step 14500 membrane#1 flips=0/7680 verify=true
[DTS-ACTIN] step 14500  filaments contacting membrane = 9 / 41
[GATHER] call=30000 totalDirty=0 maxThread=0 cumAvg=2788.4 cumMaxPerThread=925
[DTS-E] step 15000  E bend=2.571e-18 area=6.631e-25 vol=7.468e-21 tot=2.579e-18 J   A=18.0739/18.0739  V=7.2198/7.2226 um  |F|max=2.10e-12 N
[DTS-E] step 15000  E bend=4.968e-17 area=2.729e-21 vol=1.472e-20 tot=4.969e-17 J   A=15.1874/15.1871  V=5.5602/5.5632 um  |F|max=3.89e-11 N
[DTS-ARP] step 15000  maxConc=1.0000  meanConc=0.0810  spread=1491/2562 verts >1%
[DTS-FORMIN] step 15000  mothers nucleated=36  pool remaining=0.0 over 0 hot verts
[MCA] step 15000 linked=2566/2566  gap=0.100  bilayerMaxR=1.266 cortexMaxR=1.165
[FLIP] step 15000 membrane#0 flips=1/7692 verify=true
[FLIP] step 15000 membrane#1 flips=0/7680 verify=true
[DTS-BRANCH] step 15000  fils=41 nearCortex=41 rejBorn=0  totalBranches=5
[BRANCH-DENSITY] step 15000  filLen=2.314 um  branches=5  um/branch=0.463
[DTS-ACTIN] step 15000  filaments contacting membrane = 8 / 41
[RATCHET] poly vs gap g to membrane (delta=monomer, f=1.50e-12 N). meanFactor=closure output; relRate=realized:
  g<0 (overlap)  samples=1558      events=93       meanFactor=0.374  relRate=0.309
  0.0-0.2d       samples=62        events=3        meanFactor=0.416  relRate=0.250
  0.2-0.4d       samples=50        events=5        meanFactor=0.477  relRate=0.517
  0.4-0.6d       samples=10        events=2        meanFactor=0.622  relRate=1.034
  0.6-0.8d       samples=41        events=4        meanFactor=0.739  relRate=0.504
  0.8-1.0d       samples=37        events=4        meanFactor=0.925  relRate=0.559
  1-2d           samples=173       events=30       meanFactor=1.000  relRate=0.897
  g>=2d (free)   samples=1339      events=259      meanFactor=1.000  relRate=1.000
  TOTAL eligible tip-fires=3270  poly events=400  (boundary g<delta share=53.8%)
[GATHER] call=31000 totalDirty=0 maxThread=0 cumAvg=2789.4 cumMaxPerThread=927
[DTS-E] step 15500  E bend=2.567e-18 area=5.966e-22 vol=1.475e-20 tot=2.583e-18 J   A=18.0743/18.0739  V=7.2187/7.2226 um  |F|max=1.93e-12 N
[DTS-E] step 15500  E bend=4.954e-17 area=3.522e-21 vol=2.705e-20 tot=4.957e-17 J   A=15.1874/15.1871  V=5.5591/5.5632 um  |F|max=3.32e-11 N
[DTS-ARP] step 15500  maxConc=1.0000  meanConc=0.0810  spread=1490/2562 verts >1%
[DTS-FORMIN] step 15500  mothers nucleated=36  pool remaining=0.0 over 0 hot verts
[MCA] step 15500 linked=2566/2566  gap=0.100  bilayerMaxR=1.271 cortexMaxR=1.173
[FLIP] step 15500 membrane#0 flips=0/7692 verify=true
[FLIP] step 15500 membrane#1 flips=0/7680 verify=true
[DTS-ACTIN] step 15500  filaments contacting membrane = 6 / 41
[GATHER] call=32000 totalDirty=0 maxThread=0 cumAvg=2790.4 cumMaxPerThread=930
Sim. time=00.16....~26.12 minutes computation to simulate 1 sec, run finished in ~00.10 hours
[DTS-E] step 16000  E bend=2.597e-18 area=2.723e-24 vol=1.933e-20 tot=2.616e-18 J   A=18.0740/18.0739  V=7.2181/7.2226 um  |F|max=1.82e-12 N
[DTS-E] step 16000  E bend=4.945e-17 area=6.041e-21 vol=3.949e-20 tot=4.949e-17 J   A=15.1875/15.1871  V=5.5583/5.5632 um  |F|max=3.96e-11 N
[DTS-ARP] step 16000  maxConc=1.0000  meanConc=0.0810  spread=1490/2562 verts >1%
[DTS-FORMIN] step 16000  mothers nucleated=36  pool remaining=0.0 over 0 hot verts
[MCA] step 16000 linked=2566/2566  gap=0.100  bilayerMaxR=1.276 cortexMaxR=1.180
[FLIP] step 16000 membrane#0 flips=0/7692 verify=true
[FLIP] step 16000 membrane#1 flips=0/7680 verify=true
[COLLAPSE] step 16000 collapse=1 -> nv=2565 nf=5126 ne=7689 verify=true
[DTS-BRANCH] step 16000  fils=41 nearCortex=40 rejBorn=0  totalBranches=5
[BRANCH-DENSITY] step 16000  filLen=2.390 um  branches=5  um/branch=0.478
[DTS-ACTIN] step 16000  filaments contacting membrane = 7 / 41
[GATHER] call=33000 totalDirty=0 maxThread=0 cumAvg=2791.4 cumMaxPerThread=932
[DTS-E] step 16500  E bend=2.626e-18 area=1.029e-22 vol=3.180e-20 tot=2.657e-18 J   A=18.0741/18.0739  V=7.2168/7.2226 um  |F|max=2.33e-12 N
[DTS-E] step 16500  E bend=4.907e-17 area=5.100e-21 vol=6.232e-20 tot=4.913e-17 J   A=15.1875/15.1871  V=5.5570/5.5632 um  |F|max=4.18e-11 N
[DTS-ARP] step 16500  maxConc=1.0000  meanConc=0.0818  spread=1493/2562 verts >1%
[DTS-FORMIN] step 16500  mothers nucleated=36  pool remaining=0.0 over 0 hot verts
[MCA] step 16500 linked=2570/2570  gap=0.100  bilayerMaxR=1.284 cortexMaxR=1.185
[FLIP] step 16500 membrane#0 flips=0/7704 verify=true
[FLIP] step 16500 membrane#1 flips=0/7680 verify=true
[DTS-ACTIN] step 16500  filaments contacting membrane = 7 / 41
[GATHER] call=34000 totalDirty=0 maxThread=0 cumAvg=2792.5 cumMaxPerThread=934
[DTS-E] step 17000  E bend=2.638e-18 area=1.559e-22 vol=4.251e-20 tot=2.681e-18 J   A=18.0741/18.0739  V=7.2159/7.2226 um  |F|max=2.30e-12 N
[DTS-E] step 17000  E bend=4.887e-17 area=6.299e-21 vol=8.953e-20 tot=4.897e-17 J   A=15.1875/15.1871  V=5.5558/5.5632 um  |F|max=4.17e-11 N
[DTS-ARP] step 17000  maxConc=1.0000  meanConc=0.0819  spread=1493/2562 verts >1%
[DTS-FORMIN] step 17000  mothers nucleated=36  pool remaining=0.0 over 0 hot verts
[MCA] step 17000 linked=2571/2571  gap=0.100  bilayerMaxR=1.286 cortexMaxR=1.190
[FLIP] step 17000 membrane#0 flips=0/7707 verify=true
[FLIP] step 17000 membrane#1 flips=0/7680 verify=true
[DTS-BRANCH] step 17000  fils=42 nearCortex=42 rejBorn=0  totalBranches=6
[BRANCH-DENSITY] step 17000  filLen=2.468 um  branches=6  um/branch=0.411
[DTS-ACTIN] step 17000  filaments contacting membrane = 6 / 42
[GATHER] call=35000 totalDirty=0 maxThread=0 cumAvg=2793.7 cumMaxPerThread=940
[DTS-E] step 17500  E bend=2.645e-18 area=5.911e-21 vol=6.117e-20 tot=2.712e-18 J   A=18.0751/18.0739  V=7.2146/7.2226 um  |F|max=2.53e-12 N
[DTS-E] step 17500  E bend=4.877e-17 area=5.580e-21 vol=1.099e-19 tot=4.888e-17 J   A=15.1875/15.1871  V=5.5550/5.5632 um  |F|max=3.36e-11 N
[DTS-ARP] step 17500  maxConc=1.0000  meanConc=0.0819  spread=1493/2562 verts >1%
[DTS-FORMIN] step 17500  mothers nucleated=36  pool remaining=0.0 over 0 hot verts
[MCA] step 17500 linked=2575/2575  gap=0.100  bilayerMaxR=1.286 cortexMaxR=1.193
[FLIP] step 17500 membrane#0 flips=0/7719 verify=true
[FLIP] step 17500 membrane#1 flips=0/7680 verify=true
[DTS-ACTIN] step 17500  filaments contacting membrane = 7 / 42
[GATHER] call=36000 totalDirty=0 maxThread=0 cumAvg=2794.9 cumMaxPerThread=940
Sim. time=00.18....~26.40 minutes computation to simulate 1 sec, run finished in ~00.10 hours
[DTS-E] step 18000  E bend=2.641e-18 area=4.355e-21 vol=6.670e-20 tot=2.712e-18 J   A=18.0750/18.0739  V=7.2142/7.2226 um  |F|max=2.34e-12 N
[DTS-E] step 18000  E bend=4.869e-17 area=8.370e-21 vol=1.275e-19 tot=4.883e-17 J   A=15.1875/15.1871  V=5.5544/5.5632 um  |F|max=4.00e-11 N
[DTS-ARP] step 18000  maxConc=1.0000  meanConc=0.0819  spread=1493/2562 verts >1%
[DTS-FORMIN] step 18000  mothers nucleated=36  pool remaining=0.0 over 0 hot verts
[MCA] step 18000 linked=2574/2574  gap=0.100  bilayerMaxR=1.288 cortexMaxR=1.194
[FLIP] step 18000 membrane#0 flips=0/7716 verify=true
[FLIP] step 18000 membrane#1 flips=0/7680 verify=true
[DTS-BRANCH] step 18000  fils=42 nearCortex=40 rejBorn=0  totalBranches=6
[BRANCH-DENSITY] step 18000  filLen=2.522 um  branches=6  um/branch=0.420
[DTS-ACTIN] step 18000  filaments contacting membrane = 6 / 42
[RATCHET] poly vs gap g to membrane (delta=monomer, f=1.50e-12 N). meanFactor=closure output; relRate=realized:
  g<0 (overlap)  samples=1842      events=108      meanFactor=0.374  relRate=0.303
  0.0-0.2d       samples=63        events=3        meanFactor=0.416  relRate=0.246
  0.2-0.4d       samples=58        events=7        meanFactor=0.481  relRate=0.623
  0.4-0.6d       samples=14        events=2        meanFactor=0.623  relRate=0.738
  0.6-0.8d       samples=42        events=5        meanFactor=0.741  relRate=0.615
  0.8-1.0d       samples=47        events=7        meanFactor=0.923  relRate=0.769
  1-2d           samples=219       events=35       meanFactor=1.000  relRate=0.826
  g>=2d (free)   samples=1467      events=284      meanFactor=1.000  relRate=1.000
  TOTAL eligible tip-fires=3752  poly events=451  (boundary g<delta share=55.1%)
[GATHER] call=37000 totalDirty=0 maxThread=0 cumAvg=2796.2 cumMaxPerThread=945
[DTS-E] step 18500  E bend=2.660e-18 area=5.217e-21 vol=7.381e-20 tot=2.739e-18 J   A=18.0751/18.0739  V=7.2138/7.2226 um  |F|max=2.88e-12 N
[DTS-E] step 18500  E bend=4.865e-17 area=3.281e-21 vol=1.381e-19 tot=4.879e-17 J   A=15.1874/15.1871  V=5.5540/5.5632 um  |F|max=3.69e-11 N
[DTS-ARP] step 18500  maxConc=1.0000  meanConc=0.0819  spread=1493/2562 verts >1%
[DTS-FORMIN] step 18500  mothers nucleated=36  pool remaining=0.0 over 0 hot verts
[MCA] step 18500 linked=2576/2576  gap=0.100  bilayerMaxR=1.289 cortexMaxR=1.194
[FLIP] step 18500 membrane#0 flips=0/7722 verify=true
[FLIP] step 18500 membrane#1 flips=0/7680 verify=true
[DTS-ACTIN] step 18500  filaments contacting membrane = 6 / 42
[GATHER] call=38000 totalDirty=0 maxThread=0 cumAvg=2797.4 cumMaxPerThread=948
[DTS-E] step 19000  E bend=2.648e-18 area=8.102e-21 vol=8.075e-20 tot=2.737e-18 J   A=18.0753/18.0739  V=7.2134/7.2226 um  |F|max=2.33e-12 N
[DTS-E] step 19000  E bend=4.861e-17 area=4.267e-20 vol=1.444e-19 tot=4.880e-17 J   A=15.1881/15.1871  V=5.5538/5.5632 um  |F|max=4.54e-11 N
[DTS-ARP] step 19000  maxConc=1.0000  meanConc=0.0819  spread=1493/2562 verts >1%
[DTS-FORMIN] step 19000  mothers nucleated=36  pool remaining=0.0 over 0 hot verts
[MCA] step 19000 linked=2575/2575  gap=0.100  bilayerMaxR=1.290 cortexMaxR=1.197
[FLIP] step 19000 membrane#0 flips=0/7719 verify=true
[FLIP] step 19000 membrane#1 flips=0/7680 verify=true
[DTS-BRANCH] step 19000  fils=43 nearCortex=42 rejBorn=0  totalBranches=7
[BRANCH-DENSITY] step 19000  filLen=2.649 um  branches=7  um/branch=0.378
[DTS-ACTIN] step 19000  filaments contacting membrane = 8 / 43
[GATHER] call=39000 totalDirty=0 maxThread=0 cumAvg=2798.6 cumMaxPerThread=948
[DTS-E] step 19500  E bend=2.653e-18 area=9.022e-21 vol=8.880e-20 tot=2.750e-18 J   A=18.0754/18.0739  V=7.2130/7.2226 um  |F|max=2.44e-12 N
[DTS-E] step 19500  E bend=4.855e-17 area=1.433e-20 vol=1.603e-19 tot=4.873e-17 J   A=15.1877/15.1871  V=5.5533/5.5632 um  |F|max=3.35e-11 N
[DTS-ARP] step 19500  maxConc=1.0000  meanConc=0.0819  spread=1493/2562 verts >1%
[DTS-FORMIN] step 19500  mothers nucleated=36  pool remaining=0.0 over 0 hot verts
[MCA] step 19500 linked=2575/2575  gap=0.100  bilayerMaxR=1.292 cortexMaxR=1.199
[FLIP] step 19500 membrane#0 flips=0/7719 verify=true
[FLIP] step 19500 membrane#1 flips=1/7680 verify=true
[DTS-ACTIN] step 19500  filaments contacting membrane = 8 / 43
[GATHER] call=40000 totalDirty=0 maxThread=0 cumAvg=2799.6 cumMaxPerThread=948
Sim. time=00.20....~26.46 minutes computation to simulate 1 sec, run finished in ~00.09 hours
[DTS-E] step 20000  E bend=2.664e-18 area=3.684e-21 vol=8.859e-20 tot=2.757e-18 J   A=18.0749/18.0739  V=7.2130/7.2226 um  |F|max=2.15e-12 N
[DTS-E] step 20000  E bend=4.855e-17 area=5.445e-20 vol=1.649e-19 tot=4.877e-17 J   A=15.1882/15.1871  V=5.5531/5.5632 um  |F|max=5.19e-11 N
[DTS-ARP] step 20000  maxConc=1.0000  meanConc=0.0821  spread=1494/2562 verts >1%
[DTS-FORMIN] step 20000  mothers nucleated=36  pool remaining=0.0 over 0 hot verts
[MCA] step 20000 linked=2571/2571  gap=0.100  bilayerMaxR=1.294 cortexMaxR=1.200
[FLIP] step 20000 membrane#0 flips=0/7707 verify=true
[FLIP] step 20000 membrane#1 flips=0/7680 verify=true
[DTS-BRANCH] step 20000  fils=43 nearCortex=41 rejBorn=0  totalBranches=7
[BRANCH-DENSITY] step 20000  filLen=2.765 um  branches=7  um/branch=0.395
[DTS-ACTIN] step 20000  filaments contacting membrane = 10 / 43
[GATHER] call=41000 totalDirty=0 maxThread=0 cumAvg=2800.6 cumMaxPerThread=951
[DTS-E] step 20500  E bend=2.666e-18 area=9.237e-23 vol=8.280e-20 tot=2.749e-18 J   A=18.0741/18.0739  V=7.2133/7.2226 um  |F|max=3.19e-12 N
[DTS-E] step 20500  E bend=4.851e-17 area=6.376e-20 vol=1.770e-19 tot=4.875e-17 J   A=15.1883/15.1871  V=5.5528/5.5632 um  |F|max=5.39e-11 N
[DTS-ARP] step 20500  maxConc=1.0000  meanConc=0.0820  spread=1494/2562 verts >1%
[DTS-FORMIN] step 20500  mothers nucleated=36  pool remaining=0.0 over 0 hot verts
[MCA] step 20500 linked=2575/2575  gap=0.100  bilayerMaxR=1.294 cortexMaxR=1.201
[FLIP] step 20500 membrane#0 flips=0/7719 verify=true
[FLIP] step 20500 membrane#1 flips=0/7680 verify=true
[DTS-ACTIN] step 20500  filaments contacting membrane = 11 / 43
[GATHER] call=42000 totalDirty=0 maxThread=0 cumAvg=2801.6 cumMaxPerThread=956
[DTS-E] step 21000  E bend=2.658e-18 area=3.579e-21 vol=9.723e-20 tot=2.759e-18 J   A=18.0749/18.0739  V=7.2125/7.2226 um  |F|max=2.03e-12 N
[DTS-E] step 21000  E bend=4.850e-17 area=6.311e-20 vol=1.867e-19 tot=4.875e-17 J   A=15.1883/15.1871  V=5.5525/5.5632 um  |F|max=5.38e-11 N
[DTS-ARP] step 21000  maxConc=1.0000  meanConc=0.0822  spread=1494/2562 verts >1%
[DTS-FORMIN] step 21000  mothers nucleated=36  pool remaining=0.0 over 0 hot verts
[MCA] step 21000 linked=2574/2574  gap=0.100  bilayerMaxR=1.298 cortexMaxR=1.203
[FLIP] step 21000 membrane#0 flips=0/7716 verify=true
[FLIP] step 21000 membrane#1 flips=1/7680 verify=true
[DTS-BRANCH] step 21000  fils=43 nearCortex=42 rejBorn=0  totalBranches=7
[BRANCH-DENSITY] step 21000  filLen=2.835 um  branches=7  um/branch=0.405
[DTS-ACTIN] step 21000  filaments contacting membrane = 11 / 43
[RATCHET] poly vs gap g to membrane (delta=monomer, f=1.50e-12 N). meanFactor=closure output; relRate=realized:
  g<0 (overlap)  samples=2042      events=128      meanFactor=0.374  relRate=0.318
  0.0-0.2d       samples=65        events=3        meanFactor=0.417  relRate=0.234
  0.2-0.4d       samples=60        events=7        meanFactor=0.482  relRate=0.592
  0.4-0.6d       samples=19        events=2        meanFactor=0.625  relRate=0.534
  0.6-0.8d       samples=51        events=7        meanFactor=0.741  relRate=0.696
  0.8-1.0d       samples=50        events=9        meanFactor=0.920  relRate=0.913
  1-2d           samples=263       events=44       meanFactor=1.000  relRate=0.849
  g>=2d (free)   samples=1664      events=328      meanFactor=1.000  relRate=1.000
  TOTAL eligible tip-fires=4214  poly events=528  (boundary g<delta share=54.3%)
[GATHER] call=43000 totalDirty=0 maxThread=0 cumAvg=2802.7 cumMaxPerThread=958
[DTS-E] step 21500  E bend=2.655e-18 area=1.669e-20 vol=1.167e-19 tot=2.788e-18 J   A=18.0760/18.0739  V=7.2116/7.2226 um  |F|max=2.41e-12 N
[DTS-E] step 21500  E bend=4.845e-17 area=2.885e-20 vol=2.007e-19 tot=4.868e-17 J   A=15.1879/15.1871  V=5.5521/5.5632 um  |F|max=4.74e-11 N
[DTS-ARP] step 21500  maxConc=1.0000  meanConc=0.0825  spread=1494/2562 verts >1%
[DTS-FORMIN] step 21500  mothers nucleated=36  pool remaining=0.0 over 0 hot verts
[MCA] step 21500 linked=2580/2580  gap=0.100  bilayerMaxR=1.296 cortexMaxR=1.205
[FLIP] step 21500 membrane#0 flips=0/7734 verify=true
[FLIP] step 21500 membrane#1 flips=0/7680 verify=true
[DTS-ACTIN] step 21500  filaments contacting membrane = 11 / 43
[GATHER] call=44000 totalDirty=0 maxThread=0 cumAvg=2803.7 cumMaxPerThread=958
Sim. time=00.22....~26.31 minutes computation to simulate 1 sec, run finished in ~00.08 hours
[DTS-E] step 22000  E bend=2.674e-18 area=5.292e-21 vol=1.114e-19 tot=2.791e-18 J   A=18.0751/18.0739  V=7.2118/7.2226 um  |F|max=2.23e-12 N
[DTS-E] step 22000  E bend=4.846e-17 area=7.708e-20 vol=2.040e-19 tot=4.874e-17 J   A=15.1884/15.1871  V=5.5520/5.5632 um  |F|max=5.78e-11 N
[DTS-ARP] step 22000  maxConc=1.0000  meanConc=0.0832  spread=1494/2562 verts >1%
[DTS-FORMIN] step 22000  mothers nucleated=36  pool remaining=0.0 over 0 hot verts
[MCA] step 22000 linked=2577/2577  gap=0.100  bilayerMaxR=1.296 cortexMaxR=1.206
[FLIP] step 22000 membrane#0 flips=1/7725 verify=true
[FLIP] step 22000 membrane#1 flips=0/7680 verify=true
[DTS-BRANCH] step 22000  fils=43 nearCortex=40 rejBorn=0  totalBranches=7
[BRANCH-DENSITY] step 22000  filLen=2.916 um  branches=7  um/branch=0.417
[DTS-ACTIN] step 22000  filaments contacting membrane = 11 / 43
[GATHER] call=45000 totalDirty=0 maxThread=0 cumAvg=2804.7 cumMaxPerThread=958
[DTS-E] step 22500  E bend=2.679e-18 area=2.969e-21 vol=1.135e-19 tot=2.796e-18 J   A=18.0748/18.0739  V=7.2117/7.2226 um  |F|max=2.43e-12 N
[DTS-E] step 22500  E bend=4.843e-17 area=7.373e-20 vol=2.152e-19 tot=4.872e-17 J   A=15.1884/15.1871  V=5.5517/5.5632 um  |F|max=5.56e-11 N
[DTS-ARP] step 22500  maxConc=1.0000  meanConc=0.0833  spread=1494/2562 verts >1%
[DTS-FORMIN] step 22500  mothers nucleated=36  pool remaining=0.0 over 0 hot verts
[MCA] step 22500 linked=2577/2577  gap=0.100  bilayerMaxR=1.300 cortexMaxR=1.207
[FLIP] step 22500 membrane#0 flips=0/7725 verify=true
[FLIP] step 22500 membrane#1 flips=0/7680 verify=true
[DTS-ACTIN] step 22500  filaments contacting membrane = 11 / 44
[GATHER] call=46000 totalDirty=0 maxThread=0 cumAvg=2805.6 cumMaxPerThread=960
[DTS-E] step 23000  E bend=2.652e-18 area=9.906e-21 vol=1.301e-19 tot=2.792e-18 J   A=18.0755/18.0739  V=7.2109/7.2226 um  |F|max=4.19e-12 N
[DTS-E] step 23000  E bend=4.843e-17 area=6.732e-20 vol=2.203e-19 tot=4.872e-17 J   A=15.1883/15.1871  V=5.5516/5.5632 um  |F|max=5.59e-11 N
[DTS-ARP] step 23000  maxConc=1.0000  meanConc=0.0834  spread=1494/2562 verts >1%
[DTS-FORMIN] step 23000  mothers nucleated=36  pool remaining=0.0 over 0 hot verts
[MCA] step 23000 linked=2580/2580  gap=0.100  bilayerMaxR=1.300 cortexMaxR=1.207
[FLIP] step 23000 membrane#0 flips=0/7734 verify=true
[FLIP] step 23000 membrane#1 flips=0/7680 verify=true
[DTS-BRANCH] step 23000  fils=44 nearCortex=41 rejBorn=0  totalBranches=8
[BRANCH-DENSITY] step 23000  filLen=3.000 um  branches=8  um/branch=0.375
[DTS-ACTIN] step 23000  filaments contacting membrane = 12 / 44
[GATHER] call=47000 totalDirty=0 maxThread=0 cumAvg=2806.6 cumMaxPerThread=961
[DTS-E] step 23500  E bend=2.657e-18 area=1.256e-20 vol=1.314e-19 tot=2.801e-18 J   A=18.0757/18.0739  V=7.2109/7.2226 um  |F|max=2.50e-12 N
[DTS-E] step 23500  E bend=4.839e-17 area=6.197e-20 vol=2.304e-19 tot=4.868e-17 J   A=15.1883/15.1871  V=5.5513/5.5632 um  |F|max=5.59e-11 N
[DTS-ARP] step 23500  maxConc=1.0000  meanConc=0.0836  spread=1495/2562 verts >1%
[DTS-FORMIN] step 23500  mothers nucleated=36  pool remaining=0.0 over 0 hot verts
[MCA] step 23500 linked=2581/2581  gap=0.100  bilayerMaxR=1.300 cortexMaxR=1.208
[FLIP] step 23500 membrane#0 flips=0/7737 verify=true
[FLIP] step 23500 membrane#1 flips=0/7680 verify=true
[DTS-ACTIN] step 23500  filaments contacting membrane = 11 / 44
[GATHER] call=48000 totalDirty=0 maxThread=0 cumAvg=2807.6 cumMaxPerThread=966
Sim. time=00.24....~26.09 minutes computation to simulate 1 sec, run finished in ~00.07 hours
[DTS-E] step 24000  E bend=2.677e-18 area=6.119e-21 vol=1.270e-19 tot=2.810e-18 J   A=18.0752/18.0739  V=7.2111/7.2226 um  |F|max=2.45e-12 N
[DTS-E] step 24000  E bend=4.840e-17 area=1.086e-19 vol=2.261e-19 tot=4.874e-17 J   A=15.1886/15.1871  V=5.5514/5.5632 um  |F|max=6.47e-11 N
[DTS-ARP] step 24000  maxConc=1.0000  meanConc=0.0835  spread=1495/2562 verts >1%
[DTS-FORMIN] step 24000  mothers nucleated=36  pool remaining=0.0 over 0 hot verts
[MCA] step 24000 linked=2578/2578  gap=0.100  bilayerMaxR=1.302 cortexMaxR=1.208
[FLIP] step 24000 membrane#0 flips=0/7728 verify=true
[FLIP] step 24000 membrane#1 flips=1/7680 verify=true
[COLLAPSE] step 24000 collapse=1 -> nv=2577 nf=5150 ne=7725 verify=true
[DTS-BRANCH] step 24000  fils=44 nearCortex=41 rejBorn=0  totalBranches=8
[BRANCH-DENSITY] step 24000  filLen=3.051 um  branches=8  um/branch=0.381
[DTS-ACTIN] step 24000  filaments contacting membrane = 12 / 44
[RATCHET] poly vs gap g to membrane (delta=monomer, f=1.50e-12 N). meanFactor=closure output; relRate=realized:
  g<0 (overlap)  samples=2248      events=141      meanFactor=0.374  relRate=0.314
  0.0-0.2d       samples=70        events=3        meanFactor=0.417  relRate=0.215
  0.2-0.4d       samples=64        events=7        meanFactor=0.482  relRate=0.547
  0.4-0.6d       samples=21        events=2        meanFactor=0.621  relRate=0.477
  0.6-0.8d       samples=52        events=7        meanFactor=0.742  relRate=0.674
  0.8-1.0d       samples=54        events=9        meanFactor=0.915  relRate=0.834
  1-2d           samples=275       events=45       meanFactor=1.000  relRate=0.819
  g>=2d (free)   samples=1847      events=369      meanFactor=1.000  relRate=1.000
  TOTAL eligible tip-fires=4631  poly events=583  (boundary g<delta share=54.2%)
[GATHER] call=49000 totalDirty=0 maxThread=0 cumAvg=2808.6 cumMaxPerThread=966
[DTS-E] step 24500  E bend=2.681e-18 area=2.652e-21 vol=1.251e-19 tot=2.809e-18 J   A=18.0747/18.0739  V=7.2112/7.2226 um  |F|max=2.39e-12 N
[DTS-E] step 24500  E bend=4.838e-17 area=1.053e-19 vol=2.353e-19 tot=4.872e-17 J   A=15.1886/15.1871  V=5.5512/5.5632 um  |F|max=6.23e-11 N
[DTS-ARP] step 24500  maxConc=1.0000  meanConc=0.0838  spread=1495/2562 verts >1%
[DTS-FORMIN] step 24500  mothers nucleated=36  pool remaining=0.0 over 0 hot verts
[MCA] step 24500 linked=2579/2579  gap=0.100  bilayerMaxR=1.303 cortexMaxR=1.210
[FLIP] step 24500 membrane#0 flips=0/7731 verify=true
[FLIP] step 24500 membrane#1 flips=1/7680 verify=true
[DTS-ACTIN] step 24500  filaments contacting membrane = 11 / 45
[GATHER] call=50000 totalDirty=0 maxThread=0 cumAvg=2809.6 cumMaxPerThread=966
[DTS-E] step 25000  E bend=2.673e-18 area=4.054e-21 vol=1.316e-19 tot=2.809e-18 J   A=18.0749/18.0739  V=7.2109/7.2226 um  |F|max=2.44e-12 N
[DTS-E] step 25000  E bend=4.838e-17 area=1.202e-19 vol=2.420e-19 tot=4.874e-17 J   A=15.1887/15.1871  V=5.5510/5.5632 um  |F|max=6.95e-11 N
[DTS-ARP] step 25000  maxConc=1.0000  meanConc=0.0836  spread=1495/2562 verts >1%
[DTS-FORMIN] step 25000  mothers nucleated=36  pool remaining=0.0 over 0 hot verts
[MCA] step 25000 linked=2581/2581  gap=0.100  bilayerMaxR=1.304 cortexMaxR=1.211
[FLIP] step 25000 membrane#0 flips=0/7737 verify=true
[FLIP] step 25000 membrane#1 flips=0/7680 verify=true
[DTS-BRANCH] step 25000  fils=46 nearCortex=42 rejBorn=0  totalBranches=9
[BRANCH-DENSITY] step 25000  filLen=3.127 um  branches=9  um/branch=0.347
[DTS-ACTIN] step 25000  filaments contacting membrane = 13 / 46
[GATHER] call=51000 totalDirty=0 maxThread=0 cumAvg=2810.6 cumMaxPerThread=966
[DTS-E] step 25500  E bend=2.669e-18 area=5.317e-21 vol=1.346e-19 tot=2.809e-18 J   A=18.0751/18.0739  V=7.2107/7.2226 um  |F|max=2.43e-12 N
[DTS-E] step 25500  E bend=4.841e-17 area=1.483e-19 vol=2.401e-19 tot=4.880e-17 J   A=15.1889/15.1871  V=5.5510/5.5632 um  |F|max=7.67e-11 N
[DTS-ARP] step 25500  maxConc=1.0000  meanConc=0.0837  spread=1495/2562 verts >1%
[DTS-FORMIN] step 25500  mothers nucleated=36  pool remaining=0.0 over 0 hot verts
[MCA] step 25500 linked=2583/2583  gap=0.100  bilayerMaxR=1.304 cortexMaxR=1.212
[FLIP] step 25500 membrane#0 flips=0/7743 verify=true
[FLIP] step 25500 membrane#1 flips=1/7680 verify=true
[DTS-ACTIN] step 25500  filaments contacting membrane = 12 / 46
[GATHER] call=52000 totalDirty=0 maxThread=0 cumAvg=2811.7 cumMaxPerThread=966
Sim. time=00.26....~26.06 minutes computation to simulate 1 sec, run finished in ~00.06 hours
[DTS-E] step 26000  E bend=2.662e-18 area=4.904e-21 vol=1.344e-19 tot=2.801e-18 J   A=18.0750/18.0739  V=7.2107/7.2226 um  |F|max=2.44e-12 N
[DTS-E] step 26000  E bend=4.837e-17 area=1.091e-19 vol=2.514e-19 tot=4.873e-17 J   A=15.1886/15.1871  V=5.5508/5.5632 um  |F|max=6.64e-11 N
[DTS-ARP] step 26000  maxConc=1.0000  meanConc=0.0836  spread=1495/2562 verts >1%
[DTS-FORMIN] step 26000  mothers nucleated=36  pool remaining=0.0 over 0 hot verts
[MCA] step 26000 linked=2585/2585  gap=0.100  bilayerMaxR=1.304 cortexMaxR=1.214
[FLIP] step 26000 membrane#0 flips=0/7749 verify=true
[FLIP] step 26000 membrane#1 flips=0/7680 verify=true
[DTS-BRANCH] step 26000  fils=47 nearCortex=43 rejBorn=0  totalBranches=10
[BRANCH-DENSITY] step 26000  filLen=3.200 um  branches=10  um/branch=0.320
[DTS-ACTIN] step 26000  filaments contacting membrane = 12 / 47
[GATHER] call=53000 totalDirty=0 maxThread=0 cumAvg=2812.6 cumMaxPerThread=966
[DTS-E] step 26500  E bend=2.683e-18 area=4.955e-21 vol=1.380e-19 tot=2.826e-18 J   A=18.0750/18.0739  V=7.2106/7.2226 um  |F|max=1.94e-12 N
[DTS-E] step 26500  E bend=4.835e-17 area=1.055e-19 vol=2.555e-19 tot=4.871e-17 J   A=15.1886/15.1871  V=5.5507/5.5632 um  |F|max=6.48e-11 N
[DTS-ARP] step 26500  maxConc=1.0000  meanConc=0.0837  spread=1495/2562 verts >1%
[DTS-FORMIN] step 26500  mothers nucleated=36  pool remaining=0.0 over 0 hot verts
[MCA] step 26500 linked=2583/2583  gap=0.100  bilayerMaxR=1.305 cortexMaxR=1.213
[FLIP] step 26500 membrane#0 flips=1/7743 verify=true
[FLIP] step 26500 membrane#1 flips=0/7680 verify=true
[DTS-ACTIN] step 26500  filaments contacting membrane = 14 / 47
[GATHER] call=54000 totalDirty=0 maxThread=0 cumAvg=2813.6 cumMaxPerThread=966
[DTS-E] step 27000  E bend=2.678e-18 area=9.043e-22 vol=1.277e-19 tot=2.806e-18 J   A=18.0744/18.0739  V=7.2110/7.2226 um  |F|max=2.65e-12 N
[DTS-E] step 27000  E bend=4.836e-17 area=1.041e-19 vol=2.545e-19 tot=4.872e-17 J   A=15.1886/15.1871  V=5.5507/5.5632 um  |F|max=6.59e-11 N
[DTS-ARP] step 27000  maxConc=1.0000  meanConc=0.0838  spread=1495/2562 verts >1%
[DTS-FORMIN] step 27000  mothers nucleated=36  pool remaining=0.0 over 0 hot verts
[MCA] step 27000 linked=2584/2584  gap=0.100  bilayerMaxR=1.305 cortexMaxR=1.214
[FLIP] step 27000 membrane#0 flips=2/7746 verify=true
[FLIP] step 27000 membrane#1 flips=1/7680 verify=true
[DTS-BRANCH] step 27000  fils=49 nearCortex=45 rejBorn=0  totalBranches=12
[BRANCH-DENSITY] step 27000  filLen=3.310 um  branches=12  um/branch=0.276
[DTS-ACTIN] step 27000  filaments contacting membrane = 14 / 49
[RATCHET] poly vs gap g to membrane (delta=monomer, f=1.50e-12 N). meanFactor=closure output; relRate=realized:
  g<0 (overlap)  samples=2450      events=146      meanFactor=0.374  relRate=0.296
  0.0-0.2d       samples=70        events=3        meanFactor=0.417  relRate=0.213
  0.2-0.4d       samples=66        events=7        meanFactor=0.483  relRate=0.526
  0.4-0.6d       samples=25        events=2        meanFactor=0.619  relRate=0.397
  0.6-0.8d       samples=57        events=7        meanFactor=0.741  relRate=0.609
  0.8-1.0d       samples=61        events=10       meanFactor=0.912  relRate=0.813
  1-2d           samples=285       events=47       meanFactor=1.000  relRate=0.818
  g>=2d (free)   samples=1979      events=399      meanFactor=1.000  relRate=1.000
  TOTAL eligible tip-fires=4993  poly events=621  (boundary g<delta share=54.7%)
[GATHER] call=55000 totalDirty=0 maxThread=0 cumAvg=2814.5 cumMaxPerThread=966
[DTS-E] step 27500  E bend=2.672e-18 area=4.723e-21 vol=1.373e-19 tot=2.814e-18 J   A=18.0750/18.0739  V=7.2106/7.2226 um  |F|max=2.54e-12 N
[DTS-E] step 27500  E bend=4.834e-17 area=8.119e-20 vol=2.646e-19 tot=4.868e-17 J   A=15.1884/15.1871  V=5.5504/5.5632 um  |F|max=5.65e-11 N
[DTS-ARP] step 27500  maxConc=1.0000  meanConc=0.0838  spread=1495/2562 verts >1%
[DTS-FORMIN] step 27500  mothers nucleated=36  pool remaining=0.0 over 0 hot verts
[MCA] step 27500 linked=2581/2581  gap=0.100  bilayerMaxR=1.304 cortexMaxR=1.214
[FLIP] step 27500 membrane#0 flips=0/7737 verify=true
[FLIP] step 27500 membrane#1 flips=1/7680 verify=true
[DTS-ACTIN] step 27500  filaments contacting membrane = 12 / 49
[GATHER] call=56000 totalDirty=0 maxThread=0 cumAvg=2815.4 cumMaxPerThread=966
Sim. time=00.28....~26.24 minutes computation to simulate 1 sec, run finished in ~00.05 hours
[DTS-E] step 28000  E bend=2.666e-18 area=4.940e-21 vol=1.381e-19 tot=2.809e-18 J   A=18.0750/18.0739  V=7.2106/7.2226 um  |F|max=2.43e-12 N
[DTS-E] step 28000  E bend=4.834e-17 area=1.151e-19 vol=2.670e-19 tot=4.872e-17 J   A=15.1887/15.1871  V=5.5504/5.5632 um  |F|max=6.42e-11 N
[DTS-ARP] step 28000  maxConc=1.0000  meanConc=0.0838  spread=1495/2562 verts >1%
[DTS-FORMIN] step 28000  mothers nucleated=36  pool remaining=0.0 over 0 hot verts
[MCA] step 28000 linked=2585/2585  gap=0.100  bilayerMaxR=1.305 cortexMaxR=1.215
[FLIP] step 28000 membrane#0 flips=1/7749 verify=true
[FLIP] step 28000 membrane#1 flips=1/7680 verify=true
[DTS-BRANCH] step 28000  fils=49 nearCortex=45 rejBorn=0  totalBranches=12
[BRANCH-DENSITY] step 28000  filLen=3.356 um  branches=12  um/branch=0.280
[DTS-ACTIN] step 28000  filaments contacting membrane = 13 / 49
[GATHER] call=57000 totalDirty=0 maxThread=0 cumAvg=2816.3 cumMaxPerThread=967
[DTS-E] step 28500  E bend=2.669e-18 area=5.311e-21 vol=1.386e-19 tot=2.813e-18 J   A=18.0751/18.0739  V=7.2106/7.2226 um  |F|max=2.67e-12 N
[DTS-E] step 28500  E bend=4.834e-17 area=1.187e-19 vol=2.649e-19 tot=4.873e-17 J   A=15.1887/15.1871  V=5.5504/5.5632 um  |F|max=6.58e-11 N
[DTS-ARP] step 28500  maxConc=1.0000  meanConc=0.0837  spread=1495/2562 verts >1%
[DTS-FORMIN] step 28500  mothers nucleated=36  pool remaining=0.0 over 0 hot verts
[MCA] step 28500 linked=2584/2584  gap=0.100  bilayerMaxR=1.303 cortexMaxR=1.215
[FLIP] step 28500 membrane#0 flips=1/7746 verify=true
[FLIP] step 28500 membrane#1 flips=1/7680 verify=true
[DTS-ACTIN] step 28500  filaments contacting membrane = 13 / 49
[GATHER] call=58000 totalDirty=0 maxThread=0 cumAvg=2817.1 cumMaxPerThread=967
[DTS-E] step 29000  E bend=2.666e-18 area=8.085e-21 vol=1.460e-19 tot=2.820e-18 J   A=18.0753/18.0739  V=7.2102/7.2226 um  |F|max=2.00e-12 N
[DTS-E] step 29000  E bend=4.831e-17 area=1.011e-19 vol=2.705e-19 tot=4.868e-17 J   A=15.1886/15.1871  V=5.5503/5.5632 um  |F|max=6.21e-11 N
[DTS-ARP] step 29000  maxConc=1.0000  meanConc=0.0847  spread=1499/2562 verts >1%
[DTS-FORMIN] step 29000  mothers nucleated=36  pool remaining=0.0 over 0 hot verts
[MCA] step 29000 linked=2579/2579  gap=0.100  bilayerMaxR=1.303 cortexMaxR=1.215
[FLIP] step 29000 membrane#0 flips=2/7731 verify=true
[FLIP] step 29000 membrane#1 flips=1/7680 verify=true
[REMESH] step 29000 split=1 -> nv=2580 nf=5156 ne=7734 verify=true
[DTS-BRANCH] step 29000  fils=51 nearCortex=47 rejBorn=0  totalBranches=14
[BRANCH-DENSITY] step 29000  filLen=3.445 um  branches=14  um/branch=0.246
[DTS-ACTIN] step 29000  filaments contacting membrane = 12 / 51
[GATHER] call=59000 totalDirty=0 maxThread=0 cumAvg=2817.7 cumMaxPerThread=967
[DTS-E] step 29500  E bend=2.676e-18 area=4.731e-21 vol=1.419e-19 tot=2.823e-18 J   A=18.0750/18.0739  V=7.2104/7.2226 um  |F|max=2.47e-12 N
[DTS-E] step 29500  E bend=4.833e-17 area=1.190e-19 vol=2.659e-19 tot=4.871e-17 J   A=15.1887/15.1871  V=5.5504/5.5632 um  |F|max=6.31e-11 N
[DTS-ARP] step 29500  maxConc=1.0000  meanConc=0.0846  spread=1510/2562 verts >1%
[DTS-FORMIN] step 29500  mothers nucleated=36  pool remaining=0.0 over 0 hot verts
[MCA] step 29500 linked=2579/2579  gap=0.100  bilayerMaxR=1.304 cortexMaxR=1.215
[FLIP] step 29500 membrane#0 flips=0/7731 verify=true
[FLIP] step 29500 membrane#1 flips=2/7680 verify=true
[DTS-ACTIN] step 29500  filaments contacting membrane = 9 / 51
[GATHER] call=60000 totalDirty=0 maxThread=0 cumAvg=2818.4 cumMaxPerThread=967
Sim. time=00.30....~26.41 minutes computation to simulate 1 sec, run finished in ~00.04 hours
[DTS-E] step 30000  E bend=2.686e-18 area=7.316e-21 vol=1.475e-19 tot=2.841e-18 J   A=18.0753/18.0739  V=7.2102/7.2226 um  |F|max=2.74e-12 N
[DTS-E] step 30000  E bend=4.836e-17 area=1.217e-19 vol=2.571e-19 tot=4.874e-17 J   A=15.1887/15.1871  V=5.5506/5.5632 um  |F|max=7.03e-11 N
[DTS-ARP] step 30000  maxConc=1.0000  meanConc=0.0851  spread=1511/2562 verts >1%
[DTS-FORMIN] step 30000  mothers nucleated=36  pool remaining=0.0 over 0 hot verts
[MCA] step 30000 linked=2587/2587  gap=0.100  bilayerMaxR=1.304 cortexMaxR=1.215
[FLIP] step 30000 membrane#0 flips=0/7755 verify=true
[FLIP] step 30000 membrane#1 flips=1/7680 verify=true
[DTS-BRANCH] step 30000  fils=52 nearCortex=49 rejBorn=0  totalBranches=15
[BRANCH-DENSITY] step 30000  filLen=3.540 um  branches=15  um/branch=0.236
[DTS-ACTIN] step 30000  filaments contacting membrane = 13 / 52
[RATCHET] poly vs gap g to membrane (delta=monomer, f=1.50e-12 N). meanFactor=closure output; relRate=realized:
  g<0 (overlap)  samples=2628      events=153      meanFactor=0.374  relRate=0.290
  0.0-0.2d       samples=80        events=3        meanFactor=0.419  relRate=0.187
  0.2-0.4d       samples=68        events=7        meanFactor=0.483  relRate=0.513
  0.4-0.6d       samples=28        events=2        meanFactor=0.617  relRate=0.356
  0.6-0.8d       samples=57        events=7        meanFactor=0.741  relRate=0.612
  0.8-1.0d       samples=61        events=10       meanFactor=0.912  relRate=0.817
  1-2d           samples=288       events=48       meanFactor=1.000  relRate=0.831
  g>=2d (free)   samples=2104      events=422      meanFactor=1.000  relRate=1.000
  TOTAL eligible tip-fires=5314  poly events=652  (boundary g<delta share=55.0%)
[GATHER] call=61000 totalDirty=0 maxThread=0 cumAvg=2819.1 cumMaxPerThread=967
[DTS-E] step 30500  E bend=2.670e-18 area=4.211e-21 vol=1.424e-19 tot=2.816e-18 J   A=18.0750/18.0739  V=7.2104/7.2226 um  |F|max=1.88e-12 N
[DTS-E] step 30500  E bend=4.832e-17 area=1.459e-19 vol=2.662e-19 tot=4.874e-17 J   A=15.1889/15.1871  V=5.5504/5.5632 um  |F|max=7.28e-11 N
[DTS-ARP] step 30500  maxConc=1.0000  meanConc=0.0856  spread=1511/2562 verts >1%
[DTS-FORMIN] step 30500  mothers nucleated=36  pool remaining=0.0 over 0 hot verts
[MCA] step 30500 linked=2581/2581  gap=0.100  bilayerMaxR=1.307 cortexMaxR=1.215
[FLIP] step 30500 membrane#0 flips=0/7737 verify=true
[FLIP] step 30500 membrane#1 flips=3/7680 verify=true
[DTS-ACTIN] step 30500  filaments contacting membrane = 12 / 52
[GATHER] call=62000 totalDirty=0 maxThread=0 cumAvg=2819.8 cumMaxPerThread=967
[DTS-E] step 31000  E bend=2.664e-18 area=4.873e-21 vol=1.407e-19 tot=2.810e-18 J   A=18.0750/18.0739  V=7.2105/7.2226 um  |F|max=3.95e-12 N
[DTS-E] step 31000  E bend=4.830e-17 area=1.248e-19 vol=2.762e-19 tot=4.870e-17 J   A=15.1887/15.1871  V=5.5502/5.5632 um  |F|max=6.63e-11 N
[DTS-ARP] step 31000  maxConc=1.0000  meanConc=0.0855  spread=1511/2562 verts >1%
[DTS-FORMIN] step 31000  mothers nucleated=36  pool remaining=0.0 over 0 hot verts
[MCA] step 31000 linked=2583/2583  gap=0.100  bilayerMaxR=1.303 cortexMaxR=1.216
[FLIP] step 31000 membrane#0 flips=0/7743 verify=true
[FLIP] step 31000 membrane#1 flips=1/7680 verify=true
[DTS-BRANCH] step 31000  fils=53 nearCortex=48 rejBorn=0  totalBranches=16
[BRANCH-DENSITY] step 31000  filLen=3.637 um  branches=16  um/branch=0.227
[DTS-ACTIN] step 31000  filaments contacting membrane = 13 / 53
[GATHER] call=63000 totalDirty=0 maxThread=0 cumAvg=2820.4 cumMaxPerThread=967
[DTS-E] step 31500  E bend=2.681e-18 area=6.031e-21 vol=1.592e-19 tot=2.846e-18 J   A=18.0752/18.0739  V=7.2097/7.2226 um  |F|max=2.49e-12 N
[DTS-E] step 31500  E bend=4.801e-17 area=1.538e-19 vol=2.962e-19 tot=4.846e-17 J   A=15.1889/15.1871  V=5.5497/5.5632 um  |F|max=6.46e-11 N
[DTS-ARP] step 31500  maxConc=1.0000  meanConc=0.0873  spread=1514/2562 verts >1%
[DTS-FORMIN] step 31500  mothers nucleated=36  pool remaining=0.0 over 0 hot verts
[MCA] step 31500 linked=2588/2588  gap=0.100  bilayerMaxR=1.304 cortexMaxR=1.215
[FLIP] step 31500 membrane#0 flips=1/7758 verify=true
[FLIP] step 31500 membrane#1 flips=1/7680 verify=true
[DTS-ACTIN] step 31500  filaments contacting membrane = 10 / 53
[GATHER] call=64000 totalDirty=0 maxThread=0 cumAvg=2821.0 cumMaxPerThread=967
Sim. time=00.32....~26.86 minutes computation to simulate 1 sec, run finished in ~00.04 hours
[DTS-E] step 32000  E bend=2.684e-18 area=6.039e-21 vol=1.655e-19 tot=2.856e-18 J   A=18.0752/18.0739  V=7.2094/7.2226 um  |F|max=2.86e-12 N
[DTS-E] step 32000  E bend=4.787e-17 area=2.881e-19 vol=3.031e-19 tot=4.847e-17 J   A=15.1896/15.1871  V=5.5495/5.5632 um  |F|max=8.12e-11 N
[DTS-ARP] step 32000  maxConc=1.0000  meanConc=0.0876  spread=1516/2562 verts >1%
[DTS-FORMIN] step 32000  mothers nucleated=36  pool remaining=0.0 over 0 hot verts
[MCA] step 32000 linked=2588/2588  gap=0.100  bilayerMaxR=1.307 cortexMaxR=1.214
[FLIP] step 32000 membrane#0 flips=1/7758 verify=true
[FLIP] step 32000 membrane#1 flips=1/7680 verify=true
[DTS-BRANCH] step 32000  fils=53 nearCortex=48 rejBorn=0  totalBranches=16
[BRANCH-DENSITY] step 32000  filLen=3.694 um  branches=16  um/branch=0.231
[DTS-ACTIN] step 32000  filaments contacting membrane = 10 / 53
[GATHER] call=65000 totalDirty=0 maxThread=0 cumAvg=2821.7 cumMaxPerThread=967
[DTS-E] step 32500  E bend=2.680e-18 area=7.761e-21 vol=1.760e-19 tot=2.864e-18 J   A=18.0753/18.0739  V=7.2090/7.2226 um  |F|max=2.67e-12 N
[DTS-E] step 32500  E bend=4.779e-17 area=2.931e-19 vol=3.173e-19 tot=4.840e-17 J   A=15.1896/15.1871  V=5.5492/5.5632 um  |F|max=8.02e-11 N
[DTS-ARP] step 32500  maxConc=1.0000  meanConc=0.0876  spread=1518/2562 verts >1%
[DTS-FORMIN] step 32500  mothers nucleated=36  pool remaining=0.0 over 0 hot verts
[MCA] step 32500 linked=2589/2589  gap=0.100  bilayerMaxR=1.307 cortexMaxR=1.214
[FLIP] step 32500 membrane#0 flips=0/7761 verify=true
[FLIP] step 32500 membrane#1 flips=1/7680 verify=true
[DTS-ACTIN] step 32500  filaments contacting membrane = 9 / 53
[GATHER] call=66000 totalDirty=0 maxThread=0 cumAvg=2822.3 cumMaxPerThread=967
[DTS-E] step 33000  E bend=2.672e-18 area=1.202e-20 vol=1.822e-19 tot=2.866e-18 J   A=18.0757/18.0739  V=7.2088/7.2226 um  |F|max=2.90e-12 N
[DTS-E] step 33000  E bend=4.771e-17 area=2.001e-19 vol=3.383e-19 tot=4.824e-17 J   A=15.1892/15.1871  V=5.5488/5.5632 um  |F|max=7.22e-11 N
[DTS-ARP] step 33000  maxConc=1.0000  meanConc=0.0876  spread=1514/2562 verts >1%
[DTS-FORMIN] step 33000  mothers nucleated=36  pool remaining=0.0 over 0 hot verts
[MCA] step 33000 linked=2586/2586  gap=0.100  bilayerMaxR=1.306 cortexMaxR=1.214
[FLIP] step 33000 membrane#0 flips=0/7752 verify=true
[FLIP] step 33000 membrane#1 flips=1/7680 verify=true
[DTS-BRANCH] step 33000  fils=53 nearCortex=50 rejBorn=0  totalBranches=16
[BRANCH-DENSITY] step 33000  filLen=3.758 um  branches=16  um/branch=0.235
[DTS-ACTIN] step 33000  filaments contacting membrane = 13 / 53
[RATCHET] poly vs gap g to membrane (delta=monomer, f=1.50e-12 N). meanFactor=closure output; relRate=realized:
  g<0 (overlap)  samples=2767      events=162      meanFactor=0.374  relRate=0.289
  0.0-0.2d       samples=81        events=3        meanFactor=0.419  relRate=0.183
  0.2-0.4d       samples=71        events=7        meanFactor=0.483  relRate=0.486
  0.4-0.6d       samples=32        events=3        meanFactor=0.614  relRate=0.462
  0.6-0.8d       samples=63        events=7        meanFactor=0.740  relRate=0.548
  0.8-1.0d       samples=62        events=10       meanFactor=0.911  relRate=0.795
  1-2d           samples=295       events=49       meanFactor=1.000  relRate=0.819
  g>=2d (free)   samples=2298      events=466      meanFactor=1.000  relRate=1.000
  TOTAL eligible tip-fires=5669  poly events=707  (boundary g<delta share=54.3%)
[GATHER] call=67000 totalDirty=0 maxThread=0 cumAvg=2822.9 cumMaxPerThread=967
[DTS-E] step 33500  E bend=2.657e-18 area=7.535e-21 vol=1.869e-19 tot=2.852e-18 J   A=18.0753/18.0739  V=7.2086/7.2226 um  |F|max=2.57e-12 N
[DTS-E] step 33500  E bend=4.755e-17 area=2.703e-19 vol=3.493e-19 tot=4.817e-17 J   A=15.1895/15.1871  V=5.5485/5.5632 um  |F|max=7.39e-11 N
[DTS-ARP] step 33500  maxConc=1.0000  meanConc=0.0892  spread=1524/2562 verts >1%
[DTS-FORMIN] step 33500  mothers nucleated=36  pool remaining=0.0 over 0 hot verts
[MCA] step 33500 linked=2583/2583  gap=0.100  bilayerMaxR=1.308 cortexMaxR=1.215
[FLIP] step 33500 membrane#0 flips=0/7743 verify=true
[FLIP] step 33500 membrane#1 flips=1/7680 verify=true
[DTS-ACTIN] step 33500  filaments contacting membrane = 13 / 54
[GATHER] call=68000 totalDirty=0 maxThread=0 cumAvg=2823.5 cumMaxPerThread=967
Sim. time=00.34....~27.26 minutes computation to simulate 1 sec, run finished in ~00.03 hours
[DTS-E] step 34000  E bend=2.690e-18 area=2.884e-21 vol=1.788e-19 tot=2.871e-18 J   A=18.0748/18.0739  V=7.2089/7.2226 um  |F|max=1.90e-12 N
[DTS-E] step 34000  E bend=4.752e-17 area=4.228e-19 vol=3.463e-19 tot=4.829e-17 J   A=15.1901/15.1871  V=5.5486/5.5632 um  |F|max=8.57e-11 N
[DTS-ARP] step 34000  maxConc=1.0000  meanConc=0.0900  spread=1533/2562 verts >1%
[DTS-FORMIN] step 34000  mothers nucleated=36  pool remaining=0.0 over 0 hot verts
[MCA] step 34000 linked=2584/2584  gap=0.100  bilayerMaxR=1.309 cortexMaxR=1.214
[FLIP] step 34000 membrane#0 flips=0/7746 verify=true
[FLIP] step 34000 membrane#1 flips=0/7680 verify=true
[DTS-BRANCH] step 34000  fils=54 nearCortex=49 rejBorn=0  totalBranches=17
[BRANCH-DENSITY] step 34000  filLen=3.848 um  branches=17  um/branch=0.226
[DTS-ACTIN] step 34000  filaments contacting membrane = 13 / 54
[GATHER] call=69000 totalDirty=0 maxThread=0 cumAvg=2824.1 cumMaxPerThread=967
[DTS-E] step 34500  E bend=2.643e-18 area=8.477e-21 vol=1.885e-19 tot=2.840e-18 J   A=18.0754/18.0739  V=7.2086/7.2226 um  |F|max=2.47e-12 N
[DTS-E] step 34500  E bend=4.743e-17 area=4.019e-19 vol=3.608e-19 tot=4.820e-17 J   A=15.1900/15.1871  V=5.5483/5.5632 um  |F|max=8.27e-11 N
[DTS-ARP] step 34500  maxConc=1.0000  meanConc=0.0903  spread=1536/2562 verts >1%
[DTS-FORMIN] step 34500  mothers nucleated=36  pool remaining=0.0 over 0 hot verts
[MCA] step 34500 linked=2586/2586  gap=0.100  bilayerMaxR=1.309 cortexMaxR=1.213
[FLIP] step 34500 membrane#0 flips=0/7752 verify=true
[FLIP] step 34500 membrane#1 flips=0/7680 verify=true
[DTS-ACTIN] step 34500  filaments contacting membrane = 12 / 54
[GATHER] call=70000 totalDirty=0 maxThread=0 cumAvg=2824.7 cumMaxPerThread=967
[DTS-E] step 35000  E bend=2.645e-18 area=6.110e-21 vol=1.907e-19 tot=2.842e-18 J   A=18.0752/18.0739  V=7.2085/7.2226 um  |F|max=1.99e-12 N
[DTS-E] step 35000  E bend=4.744e-17 area=5.926e-19 vol=3.647e-19 tot=4.839e-17 J   A=15.1906/15.1871  V=5.5482/5.5632 um  |F|max=9.71e-11 N
[DTS-ARP] step 35000  maxConc=1.0000  meanConc=0.0910  spread=1540/2562 verts >1%
[DTS-FORMIN] step 35000  mothers nucleated=36  pool remaining=0.0 over 0 hot verts
[MCA] step 35000 linked=2587/2587  gap=0.100  bilayerMaxR=1.311 cortexMaxR=1.213
[FLIP] step 35000 membrane#0 flips=1/7755 verify=true
[FLIP] step 35000 membrane#1 flips=0/7680 verify=true
[DTS-BRANCH] step 35000  fils=54 nearCortex=49 rejBorn=0  totalBranches=17
[BRANCH-DENSITY] step 35000  filLen=3.918 um  branches=17  um/branch=0.230
[DTS-ACTIN] step 35000  filaments contacting membrane = 12 / 54
[GATHER] call=71000 totalDirty=0 maxThread=0 cumAvg=2825.3 cumMaxPerThread=967
[DTS-E] step 35500  E bend=2.699e-18 area=1.766e-22 vol=1.763e-19 tot=2.875e-18 J   A=18.0737/18.0739  V=7.2090/7.2226 um  |F|max=1.97e-12 N
[DTS-E] step 35500  E bend=4.751e-17 area=6.573e-19 vol=3.589e-19 tot=4.853e-17 J   A=15.1908/15.1871  V=5.5483/5.5632 um  |F|max=1.03e-10 N
[DTS-ARP] step 35500  maxConc=1.0000  meanConc=0.0911  spread=1542/2562 verts >1%
[DTS-FORMIN] step 35500  mothers nucleated=36  pool remaining=0.0 over 0 hot verts
[MCA] step 35500 linked=2587/2587  gap=0.100  bilayerMaxR=1.308 cortexMaxR=1.214
[FLIP] step 35500 membrane#0 flips=0/7755 verify=true
[FLIP] step 35500 membrane#1 flips=2/7680 verify=true
[DTS-ACTIN] step 35500  filaments contacting membrane = 12 / 54
[GATHER] call=72000 totalDirty=0 maxThread=0 cumAvg=2825.9 cumMaxPerThread=967
Sim. time=00.36....~27.23 minutes computation to simulate 1 sec, run finished in ~00.02 hours
[DTS-E] step 36000  E bend=2.698e-18 area=1.789e-23 vol=1.819e-19 tot=2.880e-18 J   A=18.0739/18.0739  V=7.2088/7.2226 um  |F|max=1.87e-12 N
[DTS-E] step 36000  E bend=4.746e-17 area=5.711e-19 vol=3.770e-19 tot=4.841e-17 J   A=15.1905/15.1871  V=5.5480/5.5632 um  |F|max=9.55e-11 N
[DTS-ARP] step 36000  maxConc=1.0000  meanConc=0.0912  spread=1540/2562 verts >1%
[DTS-FORMIN] step 36000  mothers nucleated=36  pool remaining=0.0 over 0 hot verts
[MCA] step 36000 linked=2588/2588  gap=0.100  bilayerMaxR=1.309 cortexMaxR=1.215
[FLIP] step 36000 membrane#0 flips=0/7758 verify=true
[FLIP] step 36000 membrane#1 flips=2/7680 verify=true
[DTS-BRANCH] step 36000  fils=55 nearCortex=49 rejBorn=0  totalBranches=18
[BRANCH-DENSITY] step 36000  filLen=4.039 um  branches=18  um/branch=0.224
[DTS-ACTIN] step 36000  filaments contacting membrane = 12 / 55
[RATCHET] poly vs gap g to membrane (delta=monomer, f=1.50e-12 N). meanFactor=closure output; relRate=realized:
  g<0 (overlap)  samples=2866      events=174      meanFactor=0.374  relRate=0.304
  0.0-0.2d       samples=87        events=3        meanFactor=0.418  relRate=0.173
  0.2-0.4d       samples=83        events=9        meanFactor=0.486  relRate=0.543
  0.4-0.6d       samples=34        events=3        meanFactor=0.613  relRate=0.442
  0.6-0.8d       samples=68        events=9        meanFactor=0.738  relRate=0.663
  0.8-1.0d       samples=78        events=12       meanFactor=0.913  relRate=0.770
  1-2d           samples=319       events=59       meanFactor=1.000  relRate=0.926
  g>=2d (free)   samples=2494      events=498      meanFactor=1.000  relRate=1.000
  TOTAL eligible tip-fires=6029  poly events=767  (boundary g<delta share=53.3%)
[GATHER] call=73000 totalDirty=0 maxThread=0 cumAvg=2826.4 cumMaxPerThread=967
[DTS-E] step 36500  E bend=2.680e-18 area=2.301e-21 vol=1.929e-19 tot=2.875e-18 J   A=18.0747/18.0739  V=7.2084/7.2226 um  |F|max=1.89e-12 N
[DTS-E] step 36500  E bend=4.741e-17 area=5.371e-19 vol=3.914e-19 tot=4.834e-17 J   A=15.1904/15.1871  V=5.5477/5.5632 um  |F|max=9.39e-11 N
[DTS-ARP] step 36500  maxConc=1.0000  meanConc=0.0908  spread=1539/2562 verts >1%
[DTS-FORMIN] step 36500  mothers nucleated=36  pool remaining=0.0 over 0 hot verts
[MCA] step 36500 linked=2589/2589  gap=0.100  bilayerMaxR=1.309 cortexMaxR=1.215
[FLIP] step 36500 membrane#0 flips=0/7761 verify=true
[FLIP] step 36500 membrane#1 flips=2/7680 verify=true
[DTS-ACTIN] step 36500  filaments contacting membrane = 13 / 55
[GATHER] call=74000 totalDirty=0 maxThread=0 cumAvg=2827.0 cumMaxPerThread=967
[DTS-E] step 37000  E bend=2.691e-18 area=3.383e-21 vol=2.066e-19 tot=2.901e-18 J   A=18.0749/18.0739  V=7.2079/7.2226 um  |F|max=2.36e-12 N
[DTS-E] step 37000  E bend=4.730e-17 area=7.583e-19 vol=3.994e-19 tot=4.846e-17 J   A=15.1911/15.1871  V=5.5475/5.5632 um  |F|max=1.04e-10 N
[DTS-ARP] step 37000  maxConc=1.0000  meanConc=0.0909  spread=1539/2562 verts >1%
[DTS-FORMIN] step 37000  mothers nucleated=36  pool remaining=0.0 over 0 hot verts
[MCA] step 37000 linked=2595/2595  gap=0.100  bilayerMaxR=1.309 cortexMaxR=1.212
[FLIP] step 37000 membrane#0 flips=1/7779 verify=true
[FLIP] step 37000 membrane#1 flips=3/7680 verify=true
[DTS-BRANCH] step 37000  fils=55 nearCortex=50 rejBorn=0  totalBranches=18
[BRANCH-DENSITY] step 37000  filLen=4.085 um  branches=18  um/branch=0.227
[DTS-ACTIN] step 37000  filaments contacting membrane = 14 / 55
[GATHER] call=75000 totalDirty=0 maxThread=0 cumAvg=2827.5 cumMaxPerThread=967
[DTS-E] step 37500  E bend=2.660e-18 area=8.804e-21 vol=2.182e-19 tot=2.887e-18 J   A=18.0754/18.0739  V=7.2075/7.2226 um  |F|max=2.00e-12 N
[DTS-E] step 37500  E bend=4.718e-17 area=6.592e-19 vol=4.216e-19 tot=4.826e-17 J   A=15.1908/15.1871  V=5.5471/5.5632 um  |F|max=9.57e-11 N
[DTS-ARP] step 37500  maxConc=1.0000  meanConc=0.0911  spread=1539/2562 verts >1%
[DTS-FORMIN] step 37500  mothers nucleated=36  pool remaining=0.0 over 0 hot verts
[MCA] step 37500 linked=2592/2592  gap=0.100  bilayerMaxR=1.309 cortexMaxR=1.213
[FLIP] step 37500 membrane#0 flips=0/7770 verify=true
[FLIP] step 37500 membrane#1 flips=2/7680 verify=true
[DTS-ACTIN] step 37500  filaments contacting membrane = 12 / 55
