[TELEPORT_DIAG] enabled=false threshold=0.1
Loading parameter values from /home/jba/Code/BoA/ParameterFiles/dtsMembraneStage2Dendritic...
     Parameter assigned: buildDtsMembrane set to true
     Parameter assigned: dtsMembraneSubdiv set to 4
     Parameter assigned: dtsMembraneRadius set to 1.2
     Parameter assigned: dtsVertexRadiusFrac set to 0.5
     Parameter assigned: dtsKappaBend set to 1.0E-19
     Parameter assigned: dtsKappaArea set to 0.15
     Parameter assigned: dtsKappaVolume set to 1.0E-13
     Parameter assigned: dtsTargetReducedVol set to 1.0
     Parameter assigned: dtsMaxDispFrac set to 0.2
     Parameter assigned: dtsBrownianOff set to true
     Parameter assigned: dtsAnchorStiffness set to 0.015
     Parameter assigned: dtsArpOn set to true
     Parameter assigned: dtsArpHotPatches set to 3
     Parameter assigned: dtsArpHotPatchDeg set to 8.0
     Parameter assigned: dtsArpDiffusion set to 0.1
     Parameter assigned: dtsArpDecay set to 0.015
     Parameter assigned: dtsForminOn set to true
     Parameter assigned: dtsForminGrowOut set to true
     Parameter assigned: dtsForminPool set to 1.0
     Parameter assigned: dtsForminConsume set to 1.0
     Parameter assigned: dtsForminNucRate set to 50.0
     Parameter assigned: dtsForminRecover set to 0.0
     Parameter assigned: forminRelease set to 0.0
     Parameter assigned: forminBarbedBrownianFactor set to 0.05
     Parameter assigned: dtsForminStandoff set to 0.05
     Parameter assigned: actinSeed set to 8
     Parameter assigned: arpTransFracMove set to 1.0
     Parameter assigned: arpSubcycleN set to 10
     Parameter assigned: filDragMinMonomers set to 200
     Parameter assigned: arpDaughterBrownianFactor set to 1.0
     Parameter assigned: dtsBranchOn set to true
     Parameter assigned: dtsBranchRate set to 20.0
     Parameter assigned: dtsArpConsumePerBranch set to 0.05
     Parameter assigned: dtsMaxFilaments set to 400
     Parameter assigned: dtsActinCollide set to true
     Parameter assigned: dtsRatchetForce set to 0.0
     Parameter assigned: ratchetOn set to true
     Parameter assigned: ratchetForce set to 1.5E-12
     Parameter assigned: dtsActinPushMax set to 5.0E-12
     Parameter assigned: actinConc set to 8.0
     Parameter assigned: filTipRadiusForCollision set to 0.04
     Parameter assigned: deltaT set to 1.0E-5
     Parameter assigned: collisionDeltaT set to 1.0E-5
     No match found for parameter label brownianDeltaT ... you best check that out!
     Parameter assigned: biochemDeltaT set to 0.001
     Parameter assigned: runTime set to 0.08
     Parameter assigned: toFileInterval set to 120
     Parameter assigned: remoteWriteInterval set to 2000
     Parameter assigned: boxXDim set to 5.0
     Parameter assigned: boxYDim set to 5.0
     Parameter assigned: boxZDim set to 5.0
     Parameter assigned: aeta set to 0.1
     Parameter assigned: simOutsideBug set to false
     Parameter assigned: initialFilaments set to 0
     Parameter assigned: initialMyoMiniFils set to 0
     Parameter assigned: equilNodes set to 0
     Parameter assigned: fillNodeCt set to 0
     Parameter assigned: buildBranchedFils set to false
     Parameter assigned: buildMembraneSheet set to false
     Parameter assigned: buildMembraneSphere set to false
     Parameter assigned: forminConc set to 0.0
     Parameter assigned: arpConc set to 0.0
     Parameter assigned: dtsCortexOn set to 1.0
     Parameter assigned: dtsCortexRadius set to 1.1
     Parameter assigned: dtsCortexKappaScale set to 20.0
     Parameter assigned: dtsCortexAreaScale set to 10.0
     Parameter assigned: dtsCortexDragScale set to 5.0
     Parameter assigned: dtsMcaStiffness set to 5.0E-4
     Parameter assigned: dtsMcaRestGap set to 0.0
     Parameter assigned: dtsMcaForceMax set to 6.0E-12
     Parameter assigned: dtsMcaLinkViz set to 3
     Parameter assigned: dtsArpOn set to false
     Parameter assigned: dtsBranchOn set to false
     Parameter assigned: runTime set to 0.12
     Parameter assigned: dtsArpOn set to true
     Parameter assigned: dtsBranchOn set to true
     Parameter assigned: dtsMcaForceMax set to 2.5E-12
     Parameter assigned: runTime set to 0.25
Done... there were 1 misunderstandings.
[RNG] per-worker RNG pool: 17 MTFs, masterSeed=-2246150236049021933 (BOA_RNG_SEED unset)
[DTS] membrane #0 built: nu=4  nv=2562  nf=5120  ne=7680  maxVal=12  R=1.200 um  l0=0.0906 um  rVert=0.0453 um  A0=18.0739 um^2  V0=7.2226 um^3
[DTS]   continuum sphere: A=18.0956 (mesh 99.9%)  V=7.2382 (mesh 99.8%)
[DTS] membrane #1 built: nu=4  nv=2562  nf=5120  ne=7680  maxVal=12  R=1.100 um  l0=0.0830 um  rVert=0.0415 um  A0=15.1871 um^2  V0=5.5632 um^3
[DTS]   continuum sphere: A=15.2053 (mesh 99.9%)  V=5.5753 (mesh 99.8%)
[DTS-HOT] 3 NPF patches, 36 hot vertices of 2562
[DTS] two-shell: bilayer R=1.200 + cortex R=1.100  (cortex kappa x20, K_A=1.50, drag x5.0)
**************************************************************
Eulerian Mesh stats:
nXBins = 26; xBinWidth = 0.2 µm
nYBins = 26; yBinWidth = 0.2 µm
binDepth = 1000
**************************************************************
MotorBindGrid3D: 26 x 26 x 26 cells (0.2 µm each)
[16:51] [phase-plan] inert-wave cull — ThreadSet activation snapshot:
[16:51]   ON   ThingStep Threads
[16:51]   ON   ThingBrownian Threads
[16:51]   ON   Myosin Threads
[16:51]   OFF  MyoDimer Threads
[16:51]   ON   Protein Node Threads
[16:51]   OFF  MyoMiniFil Threads
[16:51]   OFF  Chamber Myo Threads
[16:51]   OFF  Chamber MyoDimer Threads
[16:51]   ON   Mesh Threads
[16:51]   ON   Ck Mesh Threads
[16:51]   ON   Ck Mots Threads
[16:51]   OFF  XLink Threads
[16:51]   OFF  Arp23 Threads
[16:51]   OFF  NodeLink Threads
[16:51]   ON   Membrane Node Threads
[16:51]   OFF  ActA Threads
[16:51]   ON   MotorBindGrid3D Fill
[16:51] [phase-plan] 9 active, 8 inert (will skip dispatch)
ThreeJSWriter: created directory /home/jba/Code/threejs_output/stage2dend_gate
ThreeJSWriter: output directory /home/jba/Code/threejs_output/stage2dend_gate
ThreeJSWriter: archived 5 source files to source.zip
ThreeJSWriter: wrote params_input.dtsMembraneStage2Dendritic
ThreeJSWriter: wrote params_effective.txt (368 parameters)
[DTS-E] step 0  E bend=2.514e-18 area=5.242e-42 vol=3.550e-43 tot=2.514e-18 J   A=18.0739/18.0739  V=7.2226/7.2226 um  |F|max=8.81e-14 N
[DTS-E] step 0  E bend=5.029e-17 area=4.176e-39 vol=7.124e-43 tot=5.029e-17 J   A=15.1871/15.1871  V=5.5632/5.5632 um  |F|max=1.92e-12 N
[DTS-ARP] step 0  maxConc=1.0000  meanConc=0.0169  spread=81/2562 verts >1%
[DTS-FORMIN] step 0  mothers nucleated=0  pool remaining=36.0 over 36 hot verts
[MCA] step 0 linked=2562/2562  gap=0.100  bilayerMaxR=1.200 cortexMaxR=1.100
[FLIP] step 0 membrane#0 flips=0/7680 verify=true
[FLIP] step 0 membrane#1 flips=0/7680 verify=true
[GATHER] call=1000 totalDirty=0 maxThread=0 cumAvg=2750.0 cumMaxPerThread=892
[DTS-E] step 500  E bend=2.515e-18 area=2.023e-24 vol=1.764e-26 tot=2.515e-18 J   A=18.0740/18.0739  V=7.2226/7.2226 um  |F|max=2.20e-13 N
[DTS-E] step 500  E bend=5.031e-17 area=9.173e-22 vol=1.154e-23 tot=5.031e-17 J   A=15.1870/15.1871  V=5.5631/5.5632 um  |F|max=5.62e-12 N
[DTS-ARP] step 500  maxConc=1.0000  meanConc=0.0805  spread=1488/2562 verts >1%
[DTS-FORMIN] step 500  mothers nucleated=7  pool remaining=29.0 over 29 hot verts
[MCA] step 500 linked=2562/2562  gap=0.100  bilayerMaxR=1.202 cortexMaxR=1.102
[FLIP] step 500 membrane#0 flips=0/7680 verify=true
[FLIP] step 500 membrane#1 flips=0/7680 verify=true
[DTS-ACTIN] step 500  filaments contacting membrane = 6 / 7
[GATHER] call=2000 totalDirty=0 maxThread=0 cumAvg=2754.0 cumMaxPerThread=892
[DTS-E] step 1000  E bend=2.517e-18 area=2.620e-23 vol=5.499e-25 tot=2.517e-18 J   A=18.0740/18.0739  V=7.2226/7.2226 um  |F|max=4.37e-13 N
[DTS-E] step 1000  E bend=5.037e-17 area=3.365e-22 vol=1.573e-23 tot=5.037e-17 J   A=15.1871/15.1871  V=5.5631/5.5632 um  |F|max=1.20e-11 N
[DTS-ARP] step 1000  maxConc=1.0000  meanConc=0.0806  spread=1489/2562 verts >1%
[DTS-FORMIN] step 1000  mothers nucleated=17  pool remaining=19.0 over 19 hot verts
[MCA] step 1000 linked=2562/2562  gap=0.100  bilayerMaxR=1.206 cortexMaxR=1.105
[FLIP] step 1000 membrane#0 flips=0/7680 verify=true
[FLIP] step 1000 membrane#1 flips=0/7680 verify=true
[DTS-BRANCH] step 1000  fils=17 nearCortex=15 rejBorn=0  totalBranches=0
[DTS-ACTIN] step 1000  filaments contacting membrane = 10 / 17
[GATHER] call=3000 totalDirty=0 maxThread=0 cumAvg=2758.0 cumMaxPerThread=892
[DTS-E] step 1500  E bend=2.521e-18 area=7.805e-23 vol=2.041e-23 tot=2.521e-18 J   A=18.0741/18.0739  V=7.2224/7.2226 um  |F|max=5.87e-13 N
[DTS-E] step 1500  E bend=5.041e-17 area=1.803e-22 vol=4.856e-23 tot=5.041e-17 J   A=15.1871/15.1871  V=5.5631/5.5632 um  |F|max=1.23e-11 N
[DTS-ARP] step 1500  maxConc=1.0000  meanConc=0.0806  spread=1489/2562 verts >1%
[DTS-FORMIN] step 1500  mothers nucleated=22  pool remaining=14.0 over 14 hot verts
[MCA] step 1500 linked=2562/2562  gap=0.100  bilayerMaxR=1.210 cortexMaxR=1.108
[FLIP] step 1500 membrane#0 flips=0/7680 verify=true
[FLIP] step 1500 membrane#1 flips=0/7680 verify=true
[DTS-ACTIN] step 1500  filaments contacting membrane = 12 / 22
[GATHER] call=4000 totalDirty=0 maxThread=0 cumAvg=2760.7 cumMaxPerThread=892
Sim. time=00.02....~29.77 minutes computation to simulate 1 sec, run finished in ~00.11 hours
[DTS-E] step 2000  E bend=2.525e-18 area=1.816e-22 vol=1.361e-22 tot=2.525e-18 J   A=18.0742/18.0739  V=7.2222/7.2226 um  |F|max=6.56e-13 N
[DTS-E] step 2000  E bend=5.044e-17 area=2.351e-22 vol=1.926e-22 tot=5.044e-17 J   A=15.1871/15.1871  V=5.5629/5.5632 um  |F|max=1.10e-11 N
[DTS-ARP] step 2000  maxConc=1.0000  meanConc=0.0806  spread=1489/2562 verts >1%
[DTS-FORMIN] step 2000  mothers nucleated=23  pool remaining=13.0 over 13 hot verts
[MCA] step 2000 linked=2562/2562  gap=0.100  bilayerMaxR=1.216 cortexMaxR=1.113
[FLIP] step 2000 membrane#0 flips=0/7680 verify=true
[FLIP] step 2000 membrane#1 flips=0/7680 verify=true
[DTS-BRANCH] step 2000  fils=24 nearCortex=20 rejBorn=0  totalBranches=1
[DTS-ACTIN] step 2000  filaments contacting membrane = 12 / 24
[GATHER] call=5000 totalDirty=0 maxThread=0 cumAvg=2762.9 cumMaxPerThread=893
[DTS-E] step 2500  E bend=2.527e-18 area=2.550e-22 vol=2.327e-22 tot=2.528e-18 J   A=18.0742/18.0739  V=7.2221/7.2226 um  |F|max=6.44e-13 N
[DTS-E] step 2500  E bend=5.046e-17 area=2.250e-23 vol=2.454e-22 tot=5.046e-17 J   A=15.1872/15.1871  V=5.5628/5.5632 um  |F|max=1.14e-11 N
[DTS-ARP] step 2500  maxConc=1.0000  meanConc=0.0806  spread=1489/2562 verts >1%
[DTS-FORMIN] step 2500  mothers nucleated=26  pool remaining=10.0 over 10 hot verts
[MCA] step 2500 linked=2562/2562  gap=0.100  bilayerMaxR=1.219 cortexMaxR=1.116
[FLIP] step 2500 membrane#0 flips=0/7680 verify=true
[FLIP] step 2500 membrane#1 flips=0/7680 verify=true
[DTS-ACTIN] step 2500  filaments contacting membrane = 11 / 29
[GATHER] call=6000 totalDirty=0 maxThread=0 cumAvg=2765.4 cumMaxPerThread=893
[DTS-E] step 3000  E bend=2.528e-18 area=3.361e-22 vol=3.860e-22 tot=2.529e-18 J   A=18.0742/18.0739  V=7.2220/7.2226 um  |F|max=7.12e-13 N
[DTS-E] step 3000  E bend=5.047e-17 area=3.648e-22 vol=3.527e-22 tot=5.047e-17 J   A=15.1872/15.1871  V=5.5628/5.5632 um  |F|max=1.04e-11 N
[DTS-ARP] step 3000  maxConc=1.0000  meanConc=0.0806  spread=1489/2562 verts >1%
[DTS-FORMIN] step 3000  mothers nucleated=26  pool remaining=10.0 over 10 hot verts
[MCA] step 3000 linked=2562/2562  gap=0.100  bilayerMaxR=1.223 cortexMaxR=1.120
[FLIP] step 3000 membrane#0 flips=0/7680 verify=true
[FLIP] step 3000 membrane#1 flips=0/7680 verify=true
[DTS-BRANCH] step 3000  fils=32 nearCortex=28 rejBorn=0  totalBranches=6
[DTS-ACTIN] step 3000  filaments contacting membrane = 9 / 32
[RATCHET] poly vs gap g to membrane (delta=monomer, f=1.50e-12 N). meanFactor=closure output; relRate=realized:
  g<0 (overlap)  samples=110       events=5        meanFactor=0.374  relRate=0.500
  0.0-0.2d       samples=5         events=0        meanFactor=0.411  relRate=0.000
  0.2-0.4d       samples=0         events=0        meanFactor=0.000  relRate=0.000
  0.4-0.6d       samples=0         events=0        meanFactor=0.000  relRate=0.000
  0.6-0.8d       samples=4         events=0        meanFactor=0.724  relRate=0.000
  0.8-1.0d       samples=4         events=1        meanFactor=0.935  relRate=2.750
  1-2d           samples=19        events=0        meanFactor=1.000  relRate=0.000
  g>=2d (free)   samples=374       events=34       meanFactor=1.000  relRate=1.000
  TOTAL eligible tip-fires=516  poly events=40  (boundary g<delta share=23.8%)
[GATHER] call=7000 totalDirty=0 maxThread=0 cumAvg=2767.8 cumMaxPerThread=893
[DTS-E] step 3500  E bend=2.530e-18 area=4.639e-22 vol=5.800e-22 tot=2.531e-18 J   A=18.0743/18.0739  V=7.2218/7.2226 um  |F|max=7.13e-13 N
[DTS-E] step 3500  E bend=5.048e-17 area=8.260e-22 vol=5.132e-22 tot=5.048e-17 J   A=15.1873/15.1871  V=5.5627/5.5632 um  |F|max=1.04e-11 N
[DTS-ARP] step 3500  maxConc=1.0000  meanConc=0.0806  spread=1489/2562 verts >1%
[DTS-FORMIN] step 3500  mothers nucleated=29  pool remaining=7.0 over 7 hot verts
[MCA] step 3500 linked=2562/2562  gap=0.100  bilayerMaxR=1.225 cortexMaxR=1.120
[FLIP] step 3500 membrane#0 flips=0/7680 verify=true
[FLIP] step 3500 membrane#1 flips=0/7680 verify=true
[DTS-ACTIN] step 3500  filaments contacting membrane = 9 / 37
[GATHER] call=8000 totalDirty=0 maxThread=0 cumAvg=2770.2 cumMaxPerThread=895
Sim. time=00.04....~29.94 minutes computation to simulate 1 sec, run finished in ~00.10 hours
[DTS-E] step 4000  E bend=2.530e-18 area=4.876e-22 vol=7.861e-22 tot=2.531e-18 J   A=18.0743/18.0739  V=7.2217/7.2226 um  |F|max=8.37e-13 N
[DTS-E] step 4000  E bend=5.049e-17 area=7.248e-22 vol=7.778e-22 tot=5.050e-17 J   A=15.1873/15.1871  V=5.5625/5.5632 um  |F|max=1.17e-11 N
[DTS-ARP] step 4000  maxConc=1.0000  meanConc=0.0806  spread=1489/2562 verts >1%
[DTS-FORMIN] step 4000  mothers nucleated=29  pool remaining=7.0 over 7 hot verts
[MCA] step 4000 linked=2562/2562  gap=0.100  bilayerMaxR=1.224 cortexMaxR=1.121
[FLIP] step 4000 membrane#0 flips=0/7680 verify=true
[FLIP] step 4000 membrane#1 flips=0/7680 verify=true
[DTS-BRANCH] step 4000  fils=39 nearCortex=38 rejBorn=0  totalBranches=10
[DTS-ACTIN] step 4000  filaments contacting membrane = 9 / 39
[GATHER] call=9000 totalDirty=0 maxThread=0 cumAvg=2772.3 cumMaxPerThread=896
[DTS-E] step 4500  E bend=2.531e-18 area=5.058e-22 vol=1.032e-21 tot=2.532e-18 J   A=18.0743/18.0739  V=7.2216/7.2226 um  |F|max=8.52e-13 N
[DTS-E] step 4500  E bend=5.051e-17 area=4.310e-22 vol=1.104e-21 tot=5.051e-17 J   A=15.1872/15.1871  V=5.5624/5.5632 um  |F|max=1.04e-11 N
[DTS-ARP] step 4500  maxConc=1.0000  meanConc=0.0806  spread=1489/2562 verts >1%
[DTS-FORMIN] step 4500  mothers nucleated=30  pool remaining=6.0 over 6 hot verts
[MCA] step 4500 linked=2562/2562  gap=0.100  bilayerMaxR=1.227 cortexMaxR=1.123
[FLIP] step 4500 membrane#0 flips=0/7680 verify=true
[FLIP] step 4500 membrane#1 flips=0/7680 verify=true
[DTS-ACTIN] step 4500  filaments contacting membrane = 9 / 43
[GATHER] call=10000 totalDirty=0 maxThread=0 cumAvg=2774.2 cumMaxPerThread=898
[DTS-E] step 5000  E bend=2.530e-18 area=4.734e-22 vol=1.125e-21 tot=2.532e-18 J   A=18.0743/18.0739  V=7.2215/7.2226 um  |F|max=9.15e-13 N
[DTS-E] step 5000  E bend=5.051e-17 area=6.048e-22 vol=1.247e-21 tot=5.051e-17 J   A=15.1872/15.1871  V=5.5624/5.5632 um  |F|max=1.30e-11 N
[DTS-ARP] step 5000  maxConc=1.0000  meanConc=0.0806  spread=1489/2562 verts >1%
[DTS-FORMIN] step 5000  mothers nucleated=31  pool remaining=5.0 over 5 hot verts
[MCA] step 5000 linked=2562/2562  gap=0.100  bilayerMaxR=1.226 cortexMaxR=1.123
[FLIP] step 5000 membrane#0 flips=0/7680 verify=true
[FLIP] step 5000 membrane#1 flips=0/7680 verify=true
[DTS-BRANCH] step 5000  fils=46 nearCortex=44 rejBorn=0  totalBranches=15
[DTS-ACTIN] step 5000  filaments contacting membrane = 9 / 46
[GATHER] call=11000 totalDirty=0 maxThread=0 cumAvg=2776.1 cumMaxPerThread=902
[DTS-E] step 5500  E bend=2.532e-18 area=6.661e-22 vol=1.617e-21 tot=2.534e-18 J   A=18.0744/18.0739  V=7.2213/7.2226 um  |F|max=9.32e-13 N
[DTS-E] step 5500  E bend=5.053e-17 area=9.225e-22 vol=1.790e-21 tot=5.053e-17 J   A=15.1873/15.1871  V=5.5622/5.5632 um  |F|max=1.11e-11 N
[DTS-ARP] step 5500  maxConc=1.0000  meanConc=0.0806  spread=1489/2562 verts >1%
[DTS-FORMIN] step 5500  mothers nucleated=33  pool remaining=3.0 over 3 hot verts
[MCA] step 5500 linked=2562/2562  gap=0.100  bilayerMaxR=1.227 cortexMaxR=1.125
[FLIP] step 5500 membrane#0 flips=0/7680 verify=true
[FLIP] step 5500 membrane#1 flips=0/7680 verify=true
[DTS-ACTIN] step 5500  filaments contacting membrane = 9 / 50
[GATHER] call=12000 totalDirty=0 maxThread=0 cumAvg=2777.9 cumMaxPerThread=904
Sim. time=00.06....~30.13 minutes computation to simulate 1 sec, run finished in ~00.10 hours
[DTS-E] step 6000  E bend=2.533e-18 area=7.745e-22 vol=2.352e-21 tot=2.536e-18 J   A=18.0744/18.0739  V=7.2210/7.2226 um  |F|max=1.08e-12 N
[DTS-E] step 6000  E bend=5.056e-17 area=9.670e-22 vol=2.660e-21 tot=5.057e-17 J   A=15.1873/15.1871  V=5.5619/5.5632 um  |F|max=1.05e-11 N
[DTS-ARP] step 6000  maxConc=1.0000  meanConc=0.0806  spread=1489/2562 verts >1%
[DTS-FORMIN] step 6000  mothers nucleated=33  pool remaining=3.0 over 3 hot verts
[MCA] step 6000 linked=2563/2563  gap=0.100  bilayerMaxR=1.229 cortexMaxR=1.127
[FLIP] step 6000 membrane#0 flips=0/7683 verify=true
[FLIP] step 6000 membrane#1 flips=0/7680 verify=true
[DTS-BRANCH] step 6000  fils=55 nearCortex=53 rejBorn=0  totalBranches=23
[DTS-ACTIN] step 6000  filaments contacting membrane = 9 / 55
[RATCHET] poly vs gap g to membrane (delta=monomer, f=1.50e-12 N). meanFactor=closure output; relRate=realized:
  g<0 (overlap)  samples=383       events=14       meanFactor=0.374  relRate=0.388
  0.0-0.2d       samples=15        events=0        meanFactor=0.408  relRate=0.000
  0.2-0.4d       samples=9         events=0        meanFactor=0.509  relRate=0.000
  0.4-0.6d       samples=6         events=0        meanFactor=0.609  relRate=0.000
  0.6-0.8d       samples=15        events=0        meanFactor=0.739  relRate=0.000
  0.8-1.0d       samples=18        events=1        meanFactor=0.923  relRate=0.590
  1-2d           samples=62        events=4        meanFactor=1.000  relRate=0.685
  g>=2d (free)   samples=1094      events=103      meanFactor=1.000  relRate=1.000
  TOTAL eligible tip-fires=1602  poly events=122  (boundary g<delta share=27.8%)
[GATHER] call=13000 totalDirty=0 maxThread=0 cumAvg=2779.6 cumMaxPerThread=909
[DTS-E] step 6500  E bend=2.535e-18 area=9.513e-22 vol=3.186e-21 tot=2.539e-18 J   A=18.0744/18.0739  V=7.2208/7.2226 um  |F|max=8.44e-13 N
[DTS-E] step 6500  E bend=5.059e-17 area=5.459e-22 vol=3.781e-21 tot=5.059e-17 J   A=15.1872/15.1871  V=5.5617/5.5632 um  |F|max=1.00e-11 N
[DTS-ARP] step 6500  maxConc=1.0000  meanConc=0.0806  spread=1489/2562 verts >1%
[DTS-FORMIN] step 6500  mothers nucleated=34  pool remaining=2.0 over 2 hot verts
[MCA] step 6500 linked=2563/2563  gap=0.100  bilayerMaxR=1.231 cortexMaxR=1.130
[FLIP] step 6500 membrane#0 flips=0/7683 verify=true
[FLIP] step 6500 membrane#1 flips=0/7680 verify=true
[DTS-ACTIN] step 6500  filaments contacting membrane = 11 / 57
[GATHER] call=14000 totalDirty=0 maxThread=0 cumAvg=2781.3 cumMaxPerThread=909
[DTS-E] step 7000  E bend=2.536e-18 area=1.167e-21 vol=4.320e-21 tot=2.542e-18 J   A=18.0745/18.0739  V=7.2205/7.2226 um  |F|max=9.88e-13 N
[DTS-E] step 7000  E bend=5.061e-17 area=6.027e-22 vol=5.157e-21 tot=5.062e-17 J   A=15.1872/15.1871  V=5.5614/5.5632 um  |F|max=9.83e-12 N
[DTS-ARP] step 7000  maxConc=1.0000  meanConc=0.0806  spread=1489/2562 verts >1%
[DTS-FORMIN] step 7000  mothers nucleated=34  pool remaining=2.0 over 2 hot verts
[MCA] step 7000 linked=2563/2563  gap=0.100  bilayerMaxR=1.233 cortexMaxR=1.132
[FLIP] step 7000 membrane#0 flips=0/7683 verify=true
[FLIP] step 7000 membrane#1 flips=0/7680 verify=true
[DTS-BRANCH] step 7000  fils=57 nearCortex=54 rejBorn=0  totalBranches=24
[DTS-ACTIN] step 7000  filaments contacting membrane = 11 / 57
[GATHER] call=15000 totalDirty=0 maxThread=0 cumAvg=2782.8 cumMaxPerThread=909
[DTS-E] step 7500  E bend=2.538e-18 area=1.306e-21 vol=5.537e-21 tot=2.545e-18 J   A=18.0745/18.0739  V=7.2202/7.2226 um  |F|max=9.96e-13 N
[DTS-E] step 7500  E bend=5.065e-17 area=1.191e-21 vol=6.640e-21 tot=5.065e-17 J   A=15.1873/15.1871  V=5.5612/5.5632 um  |F|max=1.00e-11 N
[DTS-ARP] step 7500  maxConc=1.0000  meanConc=0.0806  spread=1489/2562 verts >1%
[DTS-FORMIN] step 7500  mothers nucleated=35  pool remaining=1.0 over 1 hot verts
[MCA] step 7500 linked=2563/2563  gap=0.100  bilayerMaxR=1.235 cortexMaxR=1.133
[FLIP] step 7500 membrane#0 flips=0/7683 verify=true
[FLIP] step 7500 membrane#1 flips=0/7680 verify=true
[DTS-ACTIN] step 7500  filaments contacting membrane = 11 / 59
[GATHER] call=16000 totalDirty=0 maxThread=0 cumAvg=2784.2 cumMaxPerThread=911
Sim. time=00.08....~30.64 minutes computation to simulate 1 sec, run finished in ~00.09 hours
[DTS-E] step 8000  E bend=2.535e-18 area=1.037e-21 vol=5.011e-21 tot=2.541e-18 J   A=18.0744/18.0739  V=7.2203/7.2226 um  |F|max=9.88e-13 N
[DTS-E] step 8000  E bend=5.060e-17 area=1.243e-21 vol=6.144e-21 tot=5.061e-17 J   A=15.1873/15.1871  V=5.5613/5.5632 um  |F|max=1.23e-11 N
[DTS-ARP] step 8000  maxConc=1.0000  meanConc=0.0806  spread=1489/2562 verts >1%
[DTS-FORMIN] step 8000  mothers nucleated=36  pool remaining=0.0 over 0 hot verts
[MCA] step 8000 linked=2563/2563  gap=0.100  bilayerMaxR=1.236 cortexMaxR=1.133
[FLIP] step 8000 membrane#0 flips=0/7683 verify=true
[FLIP] step 8000 membrane#1 flips=0/7680 verify=true
[DTS-BRANCH] step 8000  fils=63 nearCortex=61 rejBorn=0  totalBranches=28
[DTS-ACTIN] step 8000  filaments contacting membrane = 10 / 63
[GATHER] call=17000 totalDirty=0 maxThread=0 cumAvg=2785.7 cumMaxPerThread=915
[DTS-E] step 8500  E bend=2.536e-18 area=1.085e-21 vol=5.509e-21 tot=2.542e-18 J   A=18.0745/18.0739  V=7.2202/7.2226 um  |F|max=9.85e-13 N
[DTS-E] step 8500  E bend=5.061e-17 area=8.423e-22 vol=6.886e-21 tot=5.061e-17 J   A=15.1873/15.1871  V=5.5612/5.5632 um  |F|max=9.01e-12 N
[DTS-ARP] step 8500  maxConc=1.0000  meanConc=0.0806  spread=1489/2562 verts >1%
[DTS-FORMIN] step 8500  mothers nucleated=36  pool remaining=0.0 over 0 hot verts
[MCA] step 8500 linked=2563/2563  gap=0.100  bilayerMaxR=1.238 cortexMaxR=1.134
[FLIP] step 8500 membrane#0 flips=0/7683 verify=true
[FLIP] step 8500 membrane#1 flips=0/7680 verify=true
[DTS-ACTIN] step 8500  filaments contacting membrane = 9 / 67
[GATHER] call=18000 totalDirty=0 maxThread=0 cumAvg=2787.2 cumMaxPerThread=919
[DTS-E] step 9000  E bend=2.537e-18 area=1.211e-21 vol=6.369e-21 tot=2.544e-18 J   A=18.0745/18.0739  V=7.2200/7.2226 um  |F|max=9.57e-13 N
[DTS-E] step 9000  E bend=5.062e-17 area=9.943e-22 vol=7.979e-21 tot=5.062e-17 J   A=15.1873/15.1871  V=5.5610/5.5632 um  |F|max=8.85e-12 N
[DTS-ARP] step 9000  maxConc=1.0000  meanConc=0.0805  spread=1489/2562 verts >1%
[DTS-FORMIN] step 9000  mothers nucleated=36  pool remaining=0.0 over 0 hot verts
[MCA] step 9000 linked=2563/2563  gap=0.100  bilayerMaxR=1.239 cortexMaxR=1.136
[FLIP] step 9000 membrane#0 flips=0/7683 verify=true
[FLIP] step 9000 membrane#1 flips=0/7680 verify=true
[DTS-BRANCH] step 9000  fils=71 nearCortex=69 rejBorn=0  totalBranches=36
[DTS-ACTIN] step 9000  filaments contacting membrane = 9 / 71
[RATCHET] poly vs gap g to membrane (delta=monomer, f=1.50e-12 N). meanFactor=closure output; relRate=realized:
  g<0 (overlap)  samples=817       events=30       meanFactor=0.374  relRate=0.376
  0.0-0.2d       samples=24        events=1        meanFactor=0.407  relRate=0.427
  0.2-0.4d       samples=14        events=0        meanFactor=0.502  relRate=0.000
  0.4-0.6d       samples=10        events=0        meanFactor=0.601  relRate=0.000
  0.6-0.8d       samples=26        events=1        meanFactor=0.740  relRate=0.394
  0.8-1.0d       samples=25        events=1        meanFactor=0.915  relRate=0.410
  1-2d           samples=135       events=9        meanFactor=1.000  relRate=0.683
  g>=2d (free)   samples=2009      events=196      meanFactor=1.000  relRate=1.000
  TOTAL eligible tip-fires=3060  poly events=238  (boundary g<delta share=29.9%)
[GATHER] call=19000 totalDirty=0 maxThread=0 cumAvg=2788.6 cumMaxPerThread=921
[DTS-E] step 9500  E bend=2.537e-18 area=1.307e-21 vol=7.270e-21 tot=2.546e-18 J   A=18.0745/18.0739  V=7.2198/7.2226 um  |F|max=9.50e-13 N
[DTS-E] step 9500  E bend=5.063e-17 area=1.056e-21 vol=9.207e-21 tot=5.064e-17 J   A=15.1873/15.1871  V=5.5608/5.5632 um  |F|max=8.99e-12 N
[DTS-ARP] step 9500  maxConc=1.0000  meanConc=0.0806  spread=1489/2562 verts >1%
[DTS-FORMIN] step 9500  mothers nucleated=36  pool remaining=0.0 over 0 hot verts
[MCA] step 9500 linked=2563/2563  gap=0.100  bilayerMaxR=1.240 cortexMaxR=1.137
[FLIP] step 9500 membrane#0 flips=0/7683 verify=true
[FLIP] step 9500 membrane#1 flips=0/7680 verify=true
[DTS-ACTIN] step 9500  filaments contacting membrane = 10 / 75
[GATHER] call=20000 totalDirty=0 maxThread=0 cumAvg=2789.9 cumMaxPerThread=922
Sim. time=00.10....~30.82 minutes computation to simulate 1 sec, run finished in ~00.08 hours
[DTS-E] step 10000  E bend=2.537e-18 area=1.277e-21 vol=7.961e-21 tot=2.546e-18 J   A=18.0745/18.0739  V=7.2197/7.2226 um  |F|max=9.14e-13 N
[DTS-E] step 10000  E bend=5.064e-17 area=4.447e-22 vol=1.037e-20 tot=5.065e-17 J   A=15.1872/15.1871  V=5.5607/5.5632 um  |F|max=9.34e-12 N
[DTS-ARP] step 10000  maxConc=1.0000  meanConc=0.0806  spread=1489/2562 verts >1%
[DTS-FORMIN] step 10000  mothers nucleated=36  pool remaining=0.0 over 0 hot verts
[MCA] step 10000 linked=2563/2563  gap=0.100  bilayerMaxR=1.241 cortexMaxR=1.138
[FLIP] step 10000 membrane#0 flips=0/7683 verify=true
[FLIP] step 10000 membrane#1 flips=0/7680 verify=true
[DTS-BRANCH] step 10000  fils=77 nearCortex=73 rejBorn=0  totalBranches=42
[DTS-ACTIN] step 10000  filaments contacting membrane = 9 / 77
[GATHER] call=21000 totalDirty=0 maxThread=0 cumAvg=2791.1 cumMaxPerThread=922
[DTS-E] step 10500  E bend=2.537e-18 area=1.257e-21 vol=7.842e-21 tot=2.546e-18 J   A=18.0745/18.0739  V=7.2197/7.2226 um  |F|max=8.90e-13 N
[DTS-E] step 10500  E bend=5.066e-17 area=7.782e-22 vol=1.019e-20 tot=5.067e-17 J   A=15.1873/15.1871  V=5.5607/5.5632 um  |F|max=3.86e-11 N
[DTS-ARP] step 10500  maxConc=1.0000  meanConc=0.0805  spread=1489/2562 verts >1%
[DTS-FORMIN] step 10500  mothers nucleated=36  pool remaining=0.0 over 0 hot verts
[MCA] step 10500 linked=2562/2562  gap=0.100  bilayerMaxR=1.242 cortexMaxR=1.139
[FLIP] step 10500 membrane#0 flips=0/7680 verify=true
[FLIP] step 10500 membrane#1 flips=0/7680 verify=true
[DTS-ACTIN] step 10500  filaments contacting membrane = 10 / 80
[GATHER] call=22000 totalDirty=0 maxThread=0 cumAvg=2792.4 cumMaxPerThread=925
[DTS-E] step 11000  E bend=2.538e-18 area=1.257e-21 vol=7.862e-21 tot=2.547e-18 J   A=18.0745/18.0739  V=7.2197/7.2226 um  |F|max=1.26e-12 N
[DTS-E] step 11000  E bend=5.064e-17 area=8.737e-22 vol=1.030e-20 tot=5.065e-17 J   A=15.1873/15.1871  V=5.5607/5.5632 um  |F|max=1.22e-11 N
[DTS-ARP] step 11000  maxConc=1.0000  meanConc=0.0805  spread=1489/2562 verts >1%
[DTS-FORMIN] step 11000  mothers nucleated=36  pool remaining=0.0 over 0 hot verts
[MCA] step 11000 linked=2563/2563  gap=0.100  bilayerMaxR=1.241 cortexMaxR=1.139
[FLIP] step 11000 membrane#0 flips=0/7683 verify=true
[FLIP] step 11000 membrane#1 flips=0/7680 verify=true
[DTS-BRANCH] step 11000  fils=82 nearCortex=77 rejBorn=0  totalBranches=47
[DTS-ACTIN] step 11000  filaments contacting membrane = 10 / 82
[GATHER] call=23000 totalDirty=0 maxThread=0 cumAvg=2793.6 cumMaxPerThread=925
[DTS-E] step 11500  E bend=2.538e-18 area=1.346e-21 vol=8.386e-21 tot=2.548e-18 J   A=18.0745/18.0739  V=7.2196/7.2226 um  |F|max=8.94e-13 N
[DTS-E] step 11500  E bend=5.065e-17 area=8.889e-22 vol=1.090e-20 tot=5.066e-17 J   A=15.1873/15.1871  V=5.5606/5.5632 um  |F|max=1.02e-11 N
[DTS-ARP] step 11500  maxConc=1.0000  meanConc=0.0805  spread=1489/2562 verts >1%
[DTS-FORMIN] step 11500  mothers nucleated=36  pool remaining=0.0 over 0 hot verts
[MCA] step 11500 linked=2563/2563  gap=0.100  bilayerMaxR=1.242 cortexMaxR=1.140
[FLIP] step 11500 membrane#0 flips=0/7683 verify=true
[FLIP] step 11500 membrane#1 flips=0/7680 verify=true
[DTS-ACTIN] step 11500  filaments contacting membrane = 10 / 86
[GATHER] call=24000 totalDirty=0 maxThread=0 cumAvg=2794.9 cumMaxPerThread=927
Sim. time=00.12....~31.04 minutes computation to simulate 1 sec, run finished in ~00.07 hours
[DTS-E] step 12000  E bend=2.537e-18 area=1.118e-21 vol=8.085e-21 tot=2.547e-18 J   A=18.0745/18.0739  V=7.2197/7.2226 um  |F|max=9.19e-13 N
[DTS-E] step 12000  E bend=5.064e-17 area=4.100e-22 vol=1.087e-20 tot=5.066e-17 J   A=15.1872/15.1871  V=5.5606/5.5632 um  |F|max=1.00e-11 N
[DTS-ARP] step 12000  maxConc=1.0000  meanConc=0.0805  spread=1489/2562 verts >1%
[DTS-FORMIN] step 12000  mothers nucleated=36  pool remaining=0.0 over 0 hot verts
[MCA] step 12000 linked=2564/2564  gap=0.100  bilayerMaxR=1.240 cortexMaxR=1.136
[FLIP] step 12000 membrane#0 flips=0/7686 verify=true
[FLIP] step 12000 membrane#1 flips=0/7680 verify=true
[DTS-BRANCH] step 12000  fils=90 nearCortex=81 rejBorn=0  totalBranches=55
[DTS-ACTIN] step 12000  filaments contacting membrane = 10 / 90
[RATCHET] poly vs gap g to membrane (delta=monomer, f=1.50e-12 N). meanFactor=closure output; relRate=realized:
  g<0 (overlap)  samples=1329      events=52       meanFactor=0.374  relRate=0.416
  0.0-0.2d       samples=51        events=1        meanFactor=0.406  relRate=0.209
  0.2-0.4d       samples=27        events=0        meanFactor=0.508  relRate=0.000
  0.4-0.6d       samples=22        events=0        meanFactor=0.603  relRate=0.000
  0.6-0.8d       samples=44        events=2        meanFactor=0.744  relRate=0.483
  0.8-1.0d       samples=38        events=4        meanFactor=0.915  relRate=1.120
  1-2d           samples=176       events=15       meanFactor=1.000  relRate=0.906
  g>=2d (free)   samples=3063      events=288      meanFactor=1.000  relRate=1.000
  TOTAL eligible tip-fires=4750  poly events=362  (boundary g<delta share=31.8%)
[GATHER] call=25000 totalDirty=0 maxThread=0 cumAvg=2796.2 cumMaxPerThread=930
[DTS-E] step 12500  E bend=2.537e-18 area=9.307e-22 vol=7.532e-21 tot=2.546e-18 J   A=18.0744/18.0739  V=7.2198/7.2226 um  |F|max=1.23e-12 N
[DTS-E] step 12500  E bend=5.063e-17 area=1.873e-21 vol=9.860e-21 tot=5.064e-17 J   A=15.1873/15.1871  V=5.5608/5.5632 um  |F|max=1.39e-11 N
[DTS-ARP] step 12500  maxConc=1.0000  meanConc=0.0805  spread=1489/2562 verts >1%
[DTS-FORMIN] step 12500  mothers nucleated=36  pool remaining=0.0 over 0 hot verts
[MCA] step 12500 linked=2567/2567  gap=0.100  bilayerMaxR=1.237 cortexMaxR=1.135
[FLIP] step 12500 membrane#0 flips=0/7695 verify=true
[FLIP] step 12500 membrane#1 flips=0/7680 verify=true
[DTS-ACTIN] step 12500  filaments contacting membrane = 8 / 92
[GATHER] call=26000 totalDirty=0 maxThread=0 cumAvg=2797.5 cumMaxPerThread=935
[DTS-E] step 13000  E bend=2.537e-18 area=9.633e-22 vol=6.985e-21 tot=2.545e-18 J   A=18.0744/18.0739  V=7.2199/7.2226 um  |F|max=1.10e-12 N
[DTS-E] step 13000  E bend=5.061e-17 area=1.048e-21 vol=9.310e-21 tot=5.062e-17 J   A=15.1873/15.1871  V=5.5608/5.5632 um  |F|max=2.15e-11 N
[DTS-ARP] step 13000  maxConc=1.0000  meanConc=0.0809  spread=1489/2562 verts >1%
[DTS-FORMIN] step 13000  mothers nucleated=36  pool remaining=0.0 over 0 hot verts
[MCA] step 13000 linked=2566/2566  gap=0.100  bilayerMaxR=1.238 cortexMaxR=1.136
[FLIP] step 13000 membrane#0 flips=0/7692 verify=true
[FLIP] step 13000 membrane#1 flips=0/7680 verify=true
[DTS-BRANCH] step 13000  fils=95 nearCortex=88 rejBorn=0  totalBranches=60
[DTS-ACTIN] step 13000  filaments contacting membrane = 9 / 95
[GATHER] call=27000 totalDirty=0 maxThread=0 cumAvg=2798.7 cumMaxPerThread=936
[DTS-E] step 13500  E bend=2.536e-18 area=7.983e-22 vol=5.888e-21 tot=2.543e-18 J   A=18.0744/18.0739  V=7.2201/7.2226 um  |F|max=1.21e-12 N
[DTS-E] step 13500  E bend=5.059e-17 area=1.694e-22 vol=8.097e-21 tot=5.060e-17 J   A=15.1872/15.1871  V=5.5610/5.5632 um  |F|max=2.07e-11 N
[DTS-ARP] step 13500  maxConc=1.0000  meanConc=0.0808  spread=1490/2562 verts >1%
[DTS-FORMIN] step 13500  mothers nucleated=36  pool remaining=0.0 over 0 hot verts
[MCA] step 13500 linked=2565/2565  gap=0.100  bilayerMaxR=1.236 cortexMaxR=1.134
[FLIP] step 13500 membrane#0 flips=0/7689 verify=true
[FLIP] step 13500 membrane#1 flips=1/7680 verify=true
[DTS-ACTIN] step 13500  filaments contacting membrane = 10 / 101
[GATHER] call=28000 totalDirty=0 maxThread=0 cumAvg=2799.9 cumMaxPerThread=938
Sim. time=00.14....~31.47 minutes computation to simulate 1 sec, run finished in ~00.06 hours
[DTS-E] step 14000  E bend=2.536e-18 area=7.337e-22 vol=5.655e-21 tot=2.542e-18 J   A=18.0744/18.0739  V=7.2202/7.2226 um  |F|max=1.23e-12 N
[DTS-E] step 14000  E bend=5.058e-17 area=6.464e-23 vol=7.915e-21 tot=5.059e-17 J   A=15.1872/15.1871  V=5.5610/5.5632 um  |F|max=1.25e-11 N
[DTS-ARP] step 14000  maxConc=1.0000  meanConc=0.0808  spread=1490/2562 verts >1%
[DTS-FORMIN] step 14000  mothers nucleated=36  pool remaining=0.0 over 0 hot verts
[MCA] step 14000 linked=2567/2567  gap=0.100  bilayerMaxR=1.235 cortexMaxR=1.133
[FLIP] step 14000 membrane#0 flips=0/7695 verify=true
[FLIP] step 14000 membrane#1 flips=0/7680 verify=true
[DTS-BRANCH] step 14000  fils=106 nearCortex=98 rejBorn=0  totalBranches=71
[DTS-ACTIN] step 14000  filaments contacting membrane = 11 / 106
[GATHER] call=29000 totalDirty=0 maxThread=0 cumAvg=2801.1 cumMaxPerThread=941
[DTS-E] step 14500  E bend=2.535e-18 area=5.919e-22 vol=4.934e-21 tot=2.541e-18 J   A=18.0743/18.0739  V=7.2203/7.2226 um  |F|max=1.00e-12 N
[DTS-E] step 14500  E bend=5.057e-17 area=3.514e-22 vol=6.871e-21 tot=5.058e-17 J   A=15.1872/15.1871  V=5.5612/5.5632 um  |F|max=1.15e-11 N
[DTS-ARP] step 14500  maxConc=1.0000  meanConc=0.0806  spread=1489/2562 verts >1%
[DTS-FORMIN] step 14500  mothers nucleated=36  pool remaining=0.0 over 0 hot verts
[MCA] step 14500 linked=2567/2567  gap=0.100  bilayerMaxR=1.236 cortexMaxR=1.133
[FLIP] step 14500 membrane#0 flips=0/7695 verify=true
[FLIP] step 14500 membrane#1 flips=0/7680 verify=true
[DTS-ACTIN] step 14500  filaments contacting membrane = 10 / 106
[GATHER] call=30000 totalDirty=0 maxThread=0 cumAvg=2802.2 cumMaxPerThread=941
[DTS-E] step 15000  E bend=2.536e-18 area=6.118e-22 vol=4.740e-21 tot=2.541e-18 J   A=18.0743/18.0739  V=7.2204/7.2226 um  |F|max=9.88e-13 N
[DTS-E] step 15000  E bend=5.058e-17 area=2.796e-22 vol=6.613e-21 tot=5.058e-17 J   A=15.1872/15.1871  V=5.5612/5.5632 um  |F|max=2.90e-11 N
[DTS-ARP] step 15000  maxConc=1.0000  meanConc=0.0808  spread=1489/2562 verts >1%
[DTS-FORMIN] step 15000  mothers nucleated=36  pool remaining=0.0 over 0 hot verts
[MCA] step 15000 linked=2567/2567  gap=0.100  bilayerMaxR=1.235 cortexMaxR=1.132
[FLIP] step 15000 membrane#0 flips=0/7695 verify=true
[FLIP] step 15000 membrane#1 flips=2/7680 verify=true
[DTS-BRANCH] step 15000  fils=109 nearCortex=99 rejBorn=0  totalBranches=74
[DTS-ACTIN] step 15000  filaments contacting membrane = 10 / 109
[RATCHET] poly vs gap g to membrane (delta=monomer, f=1.50e-12 N). meanFactor=closure output; relRate=realized:
  g<0 (overlap)  samples=1828      events=71       meanFactor=0.374  relRate=0.411
  0.0-0.2d       samples=61        events=1        meanFactor=0.406  relRate=0.173
  0.2-0.4d       samples=42        events=1        meanFactor=0.508  relRate=0.252
  0.4-0.6d       samples=29        events=2        meanFactor=0.606  relRate=0.729
  0.6-0.8d       samples=57        events=3        meanFactor=0.741  relRate=0.556
  0.8-1.0d       samples=42        events=4        meanFactor=0.916  relRate=1.007
  1-2d           samples=234       events=24       meanFactor=1.000  relRate=1.084
  g>=2d (free)   samples=4419      events=418      meanFactor=1.000  relRate=1.000
  TOTAL eligible tip-fires=6712  poly events=524  (boundary g<delta share=30.7%)
[GATHER] call=31000 totalDirty=0 maxThread=0 cumAvg=2803.2 cumMaxPerThread=943
[DTS-E] step 15500  E bend=2.536e-18 area=4.885e-22 vol=4.655e-21 tot=2.541e-18 J   A=18.0743/18.0739  V=7.2204/7.2226 um  |F|max=1.05e-12 N
[DTS-E] step 15500  E bend=5.068e-17 area=4.431e-21 vol=6.255e-21 tot=5.069e-17 J   A=15.1874/15.1871  V=5.5613/5.5632 um  |F|max=2.18e-11 N
[DTS-ARP] step 15500  maxConc=1.0000  meanConc=0.0814  spread=1491/2562 verts >1%
[DTS-FORMIN] step 15500  mothers nucleated=36  pool remaining=0.0 over 0 hot verts
[MCA] step 15500 linked=2566/2566  gap=0.100  bilayerMaxR=1.236 cortexMaxR=1.133
[FLIP] step 15500 membrane#0 flips=0/7692 verify=true
[FLIP] step 15500 membrane#1 flips=0/7680 verify=true
[DTS-ACTIN] step 15500  filaments contacting membrane = 8 / 116
[GATHER] call=32000 totalDirty=0 maxThread=0 cumAvg=2804.1 cumMaxPerThread=943
Sim. time=00.16....~30.82 minutes computation to simulate 1 sec, run finished in ~00.05 hours
[DTS-E] step 16000  E bend=2.539e-18 area=5.514e-22 vol=4.726e-21 tot=2.545e-18 J   A=18.0743/18.0739  V=7.2204/7.2226 um  |F|max=1.15e-12 N
[DTS-E] step 16000  E bend=5.066e-17 area=2.555e-21 vol=6.491e-21 tot=5.067e-17 J   A=15.1874/15.1871  V=5.5612/5.5632 um  |F|max=3.73e-11 N
[DTS-ARP] step 16000  maxConc=1.0000  meanConc=0.0814  spread=1498/2562 verts >1%
[DTS-FORMIN] step 16000  mothers nucleated=36  pool remaining=0.0 over 0 hot verts
[MCA] step 16000 linked=2568/2568  gap=0.100  bilayerMaxR=1.236 cortexMaxR=1.134
[FLIP] step 16000 membrane#0 flips=0/7698 verify=true
[FLIP] step 16000 membrane#1 flips=1/7680 verify=true
[DTS-BRANCH] step 16000  fils=119 nearCortex=108 rejBorn=0  totalBranches=84
[DTS-ACTIN] step 16000  filaments contacting membrane = 10 / 119
[GATHER] call=33000 totalDirty=0 maxThread=0 cumAvg=2805.0 cumMaxPerThread=943
[DTS-E] step 16500  E bend=2.540e-18 area=5.791e-22 vol=4.974e-21 tot=2.546e-18 J   A=18.0743/18.0739  V=7.2203/7.2226 um  |F|max=1.16e-12 N
[DTS-E] step 16500  E bend=5.070e-17 area=2.788e-21 vol=6.820e-21 tot=5.071e-17 J   A=15.1874/15.1871  V=5.5612/5.5632 um  |F|max=4.44e-11 N
[DTS-ARP] step 16500  maxConc=1.0000  meanConc=0.0820  spread=1500/2562 verts >1%
[DTS-FORMIN] step 16500  mothers nucleated=36  pool remaining=0.0 over 0 hot verts
[MCA] step 16500 linked=2567/2567  gap=0.100  bilayerMaxR=1.237 cortexMaxR=1.134
[FLIP] step 16500 membrane#0 flips=0/7695 verify=true
[FLIP] step 16500 membrane#1 flips=0/7680 verify=true
[DTS-ACTIN] step 16500  filaments contacting membrane = 9 / 124
[GATHER] call=34000 totalDirty=0 maxThread=0 cumAvg=2805.9 cumMaxPerThread=943
[DTS-E] step 17000  E bend=2.545e-18 area=6.615e-22 vol=5.397e-21 tot=2.551e-18 J   A=18.0743/18.0739  V=7.2202/7.2226 um  |F|max=1.49e-12 N
[DTS-E] step 17000  E bend=5.074e-17 area=1.933e-21 vol=7.485e-21 tot=5.075e-17 J   A=15.1873/15.1871  V=5.5611/5.5632 um  |F|max=3.46e-11 N
[DTS-ARP] step 17000  maxConc=1.0000  meanConc=0.0819  spread=1500/2562 verts >1%
[DTS-FORMIN] step 17000  mothers nucleated=36  pool remaining=0.0 over 0 hot verts
[MCA] step 17000 linked=2567/2567  gap=0.100  bilayerMaxR=1.239 cortexMaxR=1.134
[FLIP] step 17000 membrane#0 flips=0/7695 verify=true
[FLIP] step 17000 membrane#1 flips=0/7680 verify=true
[DTS-BRANCH] step 17000  fils=133 nearCortex=121 rejBorn=0  totalBranches=98
[DTS-ACTIN] step 17000  filaments contacting membrane = 10 / 133
[GATHER] call=35000 totalDirty=0 maxThread=0 cumAvg=2806.8 cumMaxPerThread=946
[DTS-E] step 17500  E bend=2.545e-18 area=6.360e-22 vol=5.459e-21 tot=2.551e-18 J   A=18.0743/18.0739  V=7.2202/7.2226 um  |F|max=1.66e-12 N
[DTS-E] step 17500  E bend=5.070e-17 area=9.323e-22 vol=7.730e-21 tot=5.071e-17 J   A=15.1873/15.1871  V=5.5610/5.5632 um  |F|max=4.36e-11 N
[DTS-ARP] step 17500  maxConc=1.0000  meanConc=0.0819  spread=1499/2562 verts >1%
[DTS-FORMIN] step 17500  mothers nucleated=36  pool remaining=0.0 over 0 hot verts
[MCA] step 17500 linked=2569/2569  gap=0.100  bilayerMaxR=1.240 cortexMaxR=1.135
[FLIP] step 17500 membrane#0 flips=0/7701 verify=true
[FLIP] step 17500 membrane#1 flips=0/7680 verify=true
[DTS-ACTIN] step 17500  filaments contacting membrane = 13 / 143
[GATHER] call=36000 totalDirty=0 maxThread=0 cumAvg=2807.7 cumMaxPerThread=950
Sim. time=00.18....~30.92 minutes computation to simulate 1 sec, run finished in ~00.04 hours
[DTS-E] step 18000  E bend=2.541e-18 area=1.377e-21 vol=6.142e-21 tot=2.548e-18 J   A=18.0745/18.0739  V=7.2201/7.2226 um  |F|max=1.82e-12 N
[DTS-E] step 18000  E bend=5.069e-17 area=1.291e-21 vol=7.674e-21 tot=5.070e-17 J   A=15.1873/15.1871  V=5.5611/5.5632 um  |F|max=3.18e-11 N
[DTS-ARP] step 18000  maxConc=1.0000  meanConc=0.0826  spread=1501/2562 verts >1%
[DTS-FORMIN] step 18000  mothers nucleated=36  pool remaining=0.0 over 0 hot verts
[MCA] step 18000 linked=2569/2569  gap=0.100  bilayerMaxR=1.240 cortexMaxR=1.136
[FLIP] step 18000 membrane#0 flips=0/7701 verify=true
[FLIP] step 18000 membrane#1 flips=0/7680 verify=true
[DTS-BRANCH] step 18000  fils=151 nearCortex=136 rejBorn=0  totalBranches=116
[DTS-ACTIN] step 18000  filaments contacting membrane = 12 / 151
[RATCHET] poly vs gap g to membrane (delta=monomer, f=1.50e-12 N). meanFactor=closure output; relRate=realized:
  g<0 (overlap)  samples=2328      events=94       meanFactor=0.374  relRate=0.420
  0.0-0.2d       samples=72        events=2        meanFactor=0.405  relRate=0.289
  0.2-0.4d       samples=52        events=1        meanFactor=0.509  relRate=0.200
  0.4-0.6d       samples=37        events=3        meanFactor=0.607  relRate=0.844
  0.6-0.8d       samples=60        events=3        meanFactor=0.741  relRate=0.520
  0.8-1.0d       samples=45        events=6        meanFactor=0.914  relRate=1.388
  1-2d           samples=259       events=27       meanFactor=1.000  relRate=1.085
  g>=2d (free)   samples=6275      events=603      meanFactor=1.000  relRate=1.000
  TOTAL eligible tip-fires=9128  poly events=739  (boundary g<delta share=28.4%)
[GATHER] call=37000 totalDirty=0 maxThread=0 cumAvg=2808.7 cumMaxPerThread=954
[DTS-E] step 18500  E bend=2.544e-18 area=2.813e-22 vol=6.853e-21 tot=2.551e-18 J   A=18.0742/18.0739  V=7.2199/7.2226 um  |F|max=4.64e-12 N
[DTS-E] step 18500  E bend=5.066e-17 area=2.389e-21 vol=1.079e-20 tot=5.067e-17 J   A=15.1874/15.1871  V=5.5606/5.5632 um  |F|max=2.84e-11 N
[DTS-ARP] step 18500  maxConc=1.0000  meanConc=0.0832  spread=1504/2562 verts >1%
[DTS-FORMIN] step 18500  mothers nucleated=36  pool remaining=0.0 over 0 hot verts
[MCA] step 18500 linked=2569/2569  gap=0.100  bilayerMaxR=1.241 cortexMaxR=1.137
[FLIP] step 18500 membrane#0 flips=0/7701 verify=true
[FLIP] step 18500 membrane#1 flips=0/7680 verify=true
[DTS-ACTIN] step 18500  filaments contacting membrane = 13 / 157
[GATHER] call=38000 totalDirty=0 maxThread=0 cumAvg=2809.6 cumMaxPerThread=955
[DTS-E] step 19000  E bend=2.546e-18 area=3.610e-23 vol=8.662e-21 tot=2.555e-18 J   A=18.0739/18.0739  V=7.2196/7.2226 um  |F|max=1.86e-12 N
[DTS-E] step 19000  E bend=5.065e-17 area=8.715e-22 vol=1.666e-20 tot=5.067e-17 J   A=15.1873/15.1871  V=5.5600/5.5632 um  |F|max=3.65e-11 N
[DTS-ARP] step 19000  maxConc=1.0000  meanConc=0.0836  spread=1504/2562 verts >1%
[DTS-FORMIN] step 19000  mothers nucleated=36  pool remaining=0.0 over 0 hot verts
[MCA] step 19000 linked=2568/2568  gap=0.100  bilayerMaxR=1.241 cortexMaxR=1.137
[FLIP] step 19000 membrane#0 flips=0/7698 verify=true
[FLIP] step 19000 membrane#1 flips=0/7680 verify=true
[DTS-BRANCH] step 19000  fils=166 nearCortex=154 rejBorn=0  totalBranches=131
[DTS-ACTIN] step 19000  filaments contacting membrane = 13 / 166
[GATHER] call=39000 totalDirty=0 maxThread=0 cumAvg=2810.4 cumMaxPerThread=955
[DTS-E] step 19500  E bend=2.549e-18 area=1.813e-22 vol=7.299e-21 tot=2.556e-18 J   A=18.0742/18.0739  V=7.2198/7.2226 um  |F|max=1.89e-12 N
[DTS-E] step 19500  E bend=5.022e-17 area=8.246e-22 vol=1.402e-20 tot=5.023e-17 J   A=15.1873/15.1871  V=5.5603/5.5632 um  |F|max=7.44e-11 N
[DTS-ARP] step 19500  maxConc=1.0000  meanConc=0.0840  spread=1504/2562 verts >1%
[DTS-FORMIN] step 19500  mothers nucleated=36  pool remaining=0.0 over 0 hot verts
[MCA] step 19500 linked=2571/2571  gap=0.100  bilayerMaxR=1.241 cortexMaxR=1.135
[FLIP] step 19500 membrane#0 flips=0/7707 verify=true
[FLIP] step 19500 membrane#1 flips=0/7680 verify=true
[DTS-ACTIN] step 19500  filaments contacting membrane = 13 / 177
[GATHER] call=40000 totalDirty=0 maxThread=0 cumAvg=2811.3 cumMaxPerThread=955
Sim. time=00.20....~32.00 minutes computation to simulate 1 sec, run finished in ~00.03 hours
[DTS-E] step 20000  E bend=2.552e-18 area=8.684e-23 vol=8.244e-21 tot=2.560e-18 J   A=18.0741/18.0739  V=7.2197/7.2226 um  |F|max=1.76e-12 N
[DTS-E] step 20000  E bend=5.009e-17 area=1.184e-22 vol=1.804e-20 tot=5.011e-17 J   A=15.1872/15.1871  V=5.5599/5.5632 um  |F|max=5.45e-11 N
[DTS-ARP] step 20000  maxConc=1.0000  meanConc=0.0848  spread=1506/2562 verts >1%
[DTS-FORMIN] step 20000  mothers nucleated=36  pool remaining=0.0 over 0 hot verts
[MCA] step 20000 linked=2571/2571  gap=0.100  bilayerMaxR=1.242 cortexMaxR=1.136
[FLIP] step 20000 membrane#0 flips=1/7707 verify=true
[FLIP] step 20000 membrane#1 flips=0/7680 verify=true
[DTS-BRANCH] step 20000  fils=186 nearCortex=175 rejBorn=0  totalBranches=151
[DTS-ACTIN] step 20000  filaments contacting membrane = 14 / 186
[GATHER] call=41000 totalDirty=0 maxThread=0 cumAvg=2812.0 cumMaxPerThread=955
[DTS-E] step 20500  E bend=2.560e-18 area=9.537e-23 vol=9.759e-21 tot=2.570e-18 J   A=18.0741/18.0739  V=7.2194/7.2226 um  |F|max=2.50e-12 N
[DTS-E] step 20500  E bend=5.023e-17 area=1.865e-21 vol=2.311e-20 tot=5.025e-17 J   A=15.1869/15.1871  V=5.5595/5.5632 um  |F|max=8.50e-11 N
[DTS-ARP] step 20500  maxConc=1.0000  meanConc=0.0847  spread=1507/2562 verts >1%
[DTS-FORMIN] step 20500  mothers nucleated=36  pool remaining=0.0 over 0 hot verts
[MCA] step 20500 linked=2569/2569  gap=0.100  bilayerMaxR=1.242 cortexMaxR=1.141
[FLIP] step 20500 membrane#0 flips=0/7701 verify=true
[FLIP] step 20500 membrane#1 flips=5/7680 verify=true
[DTS-ACTIN] step 20500  filaments contacting membrane = 12 / 205
[GATHER] call=42000 totalDirty=0 maxThread=0 cumAvg=2812.9 cumMaxPerThread=955
[DTS-E] step 21000  E bend=2.594e-18 area=2.134e-21 vol=1.744e-20 tot=2.614e-18 J   A=18.0747/18.0739  V=7.2183/7.2226 um  |F|max=2.07e-12 N
[DTS-E] step 21000  E bend=4.983e-17 area=2.775e-20 vol=4.791e-20 tot=4.991e-17 J   A=15.1864/15.1871  V=5.5578/5.5632 um  |F|max=1.01e-10 N
[DTS-ARP] step 21000  maxConc=1.0000  meanConc=0.0846  spread=1507/2562 verts >1%
[DTS-FORMIN] step 21000  mothers nucleated=36  pool remaining=0.0 over 0 hot verts
[MCA] step 21000 linked=2568/2568  gap=0.100  bilayerMaxR=1.242 cortexMaxR=1.144
[FLIP] step 21000 membrane#0 flips=0/7698 verify=true
[FLIP] step 21000 membrane#1 flips=1/7680 verify=true
[DTS-BRANCH] step 21000  fils=213 nearCortex=198 rejBorn=0  totalBranches=179
[DTS-ACTIN] step 21000  filaments contacting membrane = 14 / 213
[RATCHET] poly vs gap g to membrane (delta=monomer, f=1.50e-12 N). meanFactor=closure output; relRate=realized:
  g<0 (overlap)  samples=2992      events=119      meanFactor=0.374  relRate=0.411
  0.0-0.2d       samples=99        events=2        meanFactor=0.408  relRate=0.209
  0.2-0.4d       samples=63        events=1        meanFactor=0.507  relRate=0.164
  0.4-0.6d       samples=48        events=4        meanFactor=0.605  relRate=0.860
  0.6-0.8d       samples=71        events=4        meanFactor=0.741  relRate=0.582
  0.8-1.0d       samples=57        events=6        meanFactor=0.915  relRate=1.087
  1-2d           samples=349       events=32       meanFactor=1.000  relRate=0.947
  g>=2d (free)   samples=8868      events=859      meanFactor=1.000  relRate=1.000
  TOTAL eligible tip-fires=12547  poly events=1027  (boundary g<delta share=26.5%)
[GATHER] call=43000 totalDirty=0 maxThread=0 cumAvg=2813.7 cumMaxPerThread=955
[DTS-E] step 21500  E bend=2.668e-18 area=3.785e-22 vol=3.299e-20 tot=2.702e-18 J   A=18.0743/18.0739  V=7.2167/7.2226 um  |F|max=3.36e-12 N
[DTS-E] step 21500  E bend=4.953e-17 area=3.785e-21 vol=7.271e-20 tot=4.960e-17 J   A=15.1869/15.1871  V=5.5565/5.5632 um  |F|max=4.84e-11 N
[DTS-ARP] step 21500  maxConc=1.0000  meanConc=0.0856  spread=1509/2562 verts >1%
[DTS-FORMIN] step 21500  mothers nucleated=36  pool remaining=0.0 over 0 hot verts
[MCA] step 21500 linked=2572/2572  gap=0.100  bilayerMaxR=1.264 cortexMaxR=1.164
[FLIP] step 21500 membrane#0 flips=0/7710 verify=true
[FLIP] step 21500 membrane#1 flips=1/7680 verify=true
[DTS-ACTIN] step 21500  filaments contacting membrane = 14 / 229
[GATHER] call=44000 totalDirty=0 maxThread=0 cumAvg=2814.6 cumMaxPerThread=955
Sim. time=00.22....~33.38 minutes computation to simulate 1 sec, run finished in ~00.02 hours
[DTS-E] step 22000  E bend=2.728e-18 area=6.207e-21 vol=9.416e-20 tot=2.828e-18 J   A=18.0752/18.0739  V=7.2127/7.2226 um  |F|max=4.47e-12 N
[DTS-E] step 22000  E bend=4.981e-17 area=7.698e-20 vol=2.128e-19 tot=5.010e-17 J   A=15.1859/15.1871  V=5.5518/5.5632 um  |F|max=1.44e-10 N
[DTS-ARP] step 22000  maxConc=1.0000  meanConc=0.0860  spread=1514/2562 verts >1%
[DTS-FORMIN] step 22000  mothers nucleated=36  pool remaining=0.0 over 0 hot verts
[MCA] step 22000 linked=2573/2573  gap=0.100  bilayerMaxR=1.301 cortexMaxR=1.197
[FLIP] step 22000 membrane#0 flips=0/7713 verify=true
[FLIP] step 22000 membrane#1 flips=3/7680 verify=true
[DTS-BRANCH] step 22000  fils=241 nearCortex=224 rejBorn=0  totalBranches=207
[DTS-ACTIN] step 22000  filaments contacting membrane = 16 / 241
[GATHER] call=45000 totalDirty=0 maxThread=0 cumAvg=2815.5 cumMaxPerThread=955
[DTS-E] step 22500  E bend=2.733e-18 area=3.010e-21 vol=1.370e-19 tot=2.873e-18 J   A=18.0748/18.0739  V=7.2106/7.2226 um  |F|max=2.87e-12 N
[DTS-E] step 22500  E bend=4.910e-17 area=3.999e-20 vol=3.068e-19 tot=4.945e-17 J   A=15.1880/15.1871  V=5.5495/5.5632 um  |F|max=6.11e-11 N
[DTS-ARP] step 22500  maxConc=1.0000  meanConc=0.0858  spread=1508/2562 verts >1%
[DTS-FORMIN] step 22500  mothers nucleated=36  pool remaining=0.0 over 0 hot verts
[MCA] step 22500 linked=2572/2572  gap=0.100  bilayerMaxR=1.303 cortexMaxR=1.209
[FLIP] step 22500 membrane#0 flips=4/7710 verify=true
[FLIP] step 22500 membrane#1 flips=0/7680 verify=true
[DTS-ACTIN] step 22500  filaments contacting membrane = 14 / 253
[GATHER] call=46000 totalDirty=0 maxThread=0 cumAvg=2816.3 cumMaxPerThread=955
[DTS-E] step 23000  E bend=2.748e-18 area=4.254e-21 vol=1.721e-19 tot=2.924e-18 J   A=18.0750/18.0739  V=7.2092/7.2226 um  |F|max=3.48e-12 N
[DTS-E] step 23000  E bend=4.920e-17 area=4.070e-20 vol=2.486e-19 tot=4.949e-17 J   A=15.1880/15.1871  V=5.5508/5.5632 um  |F|max=3.54e-11 N
[DTS-ARP] step 23000  maxConc=1.0000  meanConc=0.0854  spread=1511/2562 verts >1%
[DTS-FORMIN] step 23000  mothers nucleated=36  pool remaining=0.0 over 0 hot verts
[MCA] step 23000 linked=2573/2573  gap=0.100  bilayerMaxR=1.312 cortexMaxR=1.220
[FLIP] step 23000 membrane#0 flips=0/7713 verify=true
[FLIP] step 23000 membrane#1 flips=0/7680 verify=true
[DTS-BRANCH] step 23000  fils=269 nearCortex=240 rejBorn=0  totalBranches=235
[DTS-ACTIN] step 23000  filaments contacting membrane = 14 / 269
[GATHER] call=47000 totalDirty=0 maxThread=0 cumAvg=2817.2 cumMaxPerThread=955
[DTS-E] step 23500  E bend=2.659e-18 area=2.061e-21 vol=1.348e-19 tot=2.796e-18 J   A=18.0747/18.0739  V=7.2107/7.2226 um  |F|max=2.86e-12 N
[DTS-E] step 23500  E bend=4.920e-17 area=3.849e-22 vol=2.295e-19 tot=4.943e-17 J   A=15.1872/15.1871  V=5.5513/5.5632 um  |F|max=4.80e-11 N
[DTS-ARP] step 23500  maxConc=1.0000  meanConc=0.0853  spread=1513/2562 verts >1%
[DTS-FORMIN] step 23500  mothers nucleated=36  pool remaining=0.0 over 0 hot verts
[MCA] step 23500 linked=2578/2578  gap=0.100  bilayerMaxR=1.284 cortexMaxR=1.187
[FLIP] step 23500 membrane#0 flips=0/7728 verify=true
[FLIP] step 23500 membrane#1 flips=0/7680 verify=true
[DTS-ACTIN] step 23500  filaments contacting membrane = 13 / 281
[GATHER] call=48000 totalDirty=0 maxThread=0 cumAvg=2818.0 cumMaxPerThread=955
Sim. time=00.24....~35.00 minutes computation to simulate 1 sec, run finished in ~00.01 hours
[DTS-E] step 24000  E bend=2.620e-18 area=4.151e-21 vol=1.905e-19 tot=2.814e-18 J   A=18.0749/18.0739  V=7.2085/7.2226 um  |F|max=2.01e-12 N
[DTS-E] step 24000  E bend=4.943e-17 area=1.315e-19 vol=3.640e-19 tot=4.992e-17 J   A=15.1855/15.1871  V=5.5482/5.5632 um  |F|max=6.86e-11 N
[DTS-ARP] step 24000  maxConc=1.0000  meanConc=0.0854  spread=1513/2562 verts >1%
[DTS-FORMIN] step 24000  mothers nucleated=36  pool remaining=0.0 over 0 hot verts
[MCA] step 24000 linked=2583/2583  gap=0.100  bilayerMaxR=1.274 cortexMaxR=1.175
[FLIP] step 24000 membrane#0 flips=1/7743 verify=true
[FLIP] step 24000 membrane#1 flips=1/7680 verify=true
[DTS-BRANCH] step 24000  fils=296 nearCortex=271 rejBorn=0  totalBranches=263
[DTS-ACTIN] step 24000  filaments contacting membrane = 16 / 297
[RATCHET] poly vs gap g to membrane (delta=monomer, f=1.50e-12 N). meanFactor=closure output; relRate=realized:
  g<0 (overlap)  samples=3948      events=150      meanFactor=0.374  relRate=0.388
  0.0-0.2d       samples=135       events=4        meanFactor=0.410  relRate=0.302
  0.2-0.4d       samples=92        events=2        meanFactor=0.507  relRate=0.222
  0.4-0.6d       samples=74        events=7        meanFactor=0.607  relRate=0.965
  0.6-0.8d       samples=92        events=6        meanFactor=0.741  relRate=0.665
  0.8-1.0d       samples=69        events=7        meanFactor=0.918  relRate=1.035
  1-2d           samples=468       events=46       meanFactor=1.000  relRate=1.003
  g>=2d (free)   samples=12587     events=1234     meanFactor=1.000  relRate=1.000
  TOTAL eligible tip-fires=17465  poly events=1456  (boundary g<delta share=25.3%)
[GATHER] call=49000 totalDirty=0 maxThread=0 cumAvg=2818.9 cumMaxPerThread=955
[DTS-E] step 24500  E bend=2.627e-18 area=8.000e-21 vol=2.611e-19 tot=2.896e-18 J   A=18.0753/18.0739  V=7.2061/7.2226 um  |F|max=2.42e-12 N
[DTS-E] step 24500  E bend=4.903e-17 area=2.565e-20 vol=4.141e-19 tot=4.947e-17 J   A=15.1879/15.1871  V=5.5472/5.5632 um  |F|max=3.25e-11 N
[DTS-ARP] step 24500  maxConc=1.0000  meanConc=0.0856  spread=1513/2562 verts >1%
[DTS-FORMIN] step 24500  mothers nucleated=36  pool remaining=0.0 over 0 hot verts
[MCA] step 24500 linked=2582/2582  gap=0.100  bilayerMaxR=1.277 cortexMaxR=1.179
[FLIP] step 24500 membrane#0 flips=0/7740 verify=true
[FLIP] step 24500 membrane#1 flips=0/7680 verify=true
[DTS-ACTIN] step 24500  filaments contacting membrane = 14 / 314
[GATHER] call=50000 totalDirty=0 maxThread=0 cumAvg=2819.9 cumMaxPerThread=955
[DTS-E] step 25000  E bend=2.652e-18 area=1.290e-20 vol=3.344e-19 tot=2.999e-18 J   A=18.0757/18.0739  V=7.2039/7.2226 um  |F|max=2.83e-12 N
[DTS-E] step 25000  E bend=4.929e-17 area=1.053e-20 vol=5.032e-19 tot=4.981e-17 J   A=15.1867/15.1871  V=5.5456/5.5632 um  |F|max=8.36e-11 N
[DTS-ARP] step 25000  maxConc=1.0000  meanConc=0.0859  spread=1516/2562 verts >1%
[DTS-FORMIN] step 25000  mothers nucleated=36  pool remaining=0.0 over 0 hot verts
[MCA] step 25000 linked=2587/2587  gap=0.100  bilayerMaxR=1.281 cortexMaxR=1.185
[FLIP] step 25000 membrane#0 flips=0/7755 verify=true
[FLIP] step 25000 membrane#1 flips=1/7680 verify=true
[DTS-BRANCH] step 25000  fils=334 nearCortex=293 rejBorn=0  totalBranches=301
[DTS-ACTIN] step 25000  filaments contacting membrane = 16 / 334
collisionTime = 0.0
myosinTime = 0.0
[STATS] bindEvents=0
[STATS] filLinks=8 (active=8 inactive=1)
[STATS] linkCtMean=1.40 (samples=25100) linkCtMeanSettled=2.79 (samples=12600) finalActive=8
[STATS] filFilBroadphase active=false filsegMeshFillSkipped=0 candPairs=0 candMaxPerSeg=0 overflowSegs=0 drainCalls=0
[STATS] fActin segs=336 monomers=4404 fActinUM=0.01 meanSegLenUM=0.038 freePoolUM=7.99
[STATS] mem usedHeapMB=2414.3 maxHeapMB=5368.7
[STATS] percolation filaments=336 activeLinks=7 linksPerFil=0.021 largestComp=2 (0.6% of fils) spanX=0.00 spanY=0.00 spanZ=0.00 spanFrac=0.00 percolates=false
[A3] cpuFallback histogram (last classify): thingCt=0 cpuFb total=0 { FilSeg=0 MyoMini=0 ProteinNode=0 Chamber=0 other=0 }
[A3] dimer cohesion dispatch: device(noop)=0 cpu(work)=0  | body↔rod constrain: device(noop)=0 cpu(work)=0  | updateMyosins(host-bookkeeping)=0
[NODE] cpuNodeTetherApplyCt=0 (must be 0 on GPU node path)
[STATS] checkBugInsideFireCt=0
[STATS] addLinkForcesFireCt=0
[STATS] addTorsionFireCt=0
[STATS] meshFillFilSegFireCt=0
[STATS] meshAllSegsFireCt=0
[STATS] mbg3dFillFilSegFireCt=0
[STATS] updatePosFromBindFireCt=0
[STATS] updatePosFromStepFireCt=0
[STATS] validateSegFireCt=0
[STATS] anchorFireCt=0
[STATS] filSegInitFireCt=0
[STATS] motorInitFireCt=0
[STATS] meanBoundMotors=0.000
ThingStep Threads took 70.861000 seconds.
ThingBrownian Threads took 9.372000 seconds.
Myosin Threads took 0.000000 seconds.
MyoDimer Threads took 0.000000 seconds.
Protein Node Threads took 5.125000 seconds.
MyoMiniFil Threads took 0.000000 seconds.
Chamber Myo Threads took 0.000000 seconds.
Chamber MyoDimer Threads took 0.000000 seconds.
Mesh Threads took 18.429000 seconds.
Ck Mesh Threads took 38.068000 seconds.
Ck Mots Threads took 0.000000 seconds.
XLink Threads took 1.090000 seconds.
Arp23 Threads took 2.952000 seconds.
NodeLink Threads took 0.000000 seconds.
Membrane Node Threads took 7.556000 seconds.
ActA Threads took 0.000000 seconds.
MotorBindGrid3D Fill took 7.483000 seconds.
Finished closing JSON plots!
