[TELEPORT_DIAG] enabled=false threshold=0.1
Loading parameter values from /home/jba/Code/BoA/ParameterFiles/boa10-64Seg-dyn-dense-8x...
     Parameter assigned: deltaT set to 1.0E-4
     Parameter assigned: biochemDeltaT set to 0.01
     Parameter assigned: collisionDeltaT set to 1.0E-5
     No match found for parameter label brownianDeltaT ... you best check that out!
     Parameter assigned: runTime set to 0.065
     Parameter assigned: fracMove set to 0.4
     Parameter assigned: fracR set to 0.134
     Parameter assigned: fracMoveTorq set to 0.013685
     Parameter assigned: drawInterval set to 100
     Parameter assigned: toFileInterval set to 1000000000
     No match found for parameter label toQKFileInterval ... you best check that out!
     Parameter assigned: jpegQuality set to 1.0
     Parameter assigned: remoteWriteInterval set to 100000
     Parameter assigned: frameWidth set to 800
     Parameter assigned: frameHeight set to 800
     No match found for parameter label bugOff ... you best check that out!
     Parameter assigned: simOutsideBug set to false
     Parameter assigned: initialFilaments set to 8000
     Parameter assigned: initialMyoMiniFils set to 8000
     Parameter assigned: minFilLength set to 0.9
     Parameter assigned: maxFilLength set to 1.3
     Parameter assigned: stdDevActinDist set to 0.5
     Parameter assigned: boxXDim set to 28.2843
     Parameter assigned: boxYDim set to 28.2843
     Parameter assigned: boxZDim set to 0.5
     Parameter assigned: actinConc set to 20.0
     Parameter assigned: actinConcNonHydro set to 15.0
     Parameter assigned: aeta set to 1.0
     Parameter assigned: capConc set to 2.0
     Parameter assigned: nodeZone set to 0.9
     Parameter assigned: nodeRadius set to 0.025
     Parameter assigned: forminsPerNode set to 0
     No match found for parameter label myosPerNode ... you best check that out!
     Parameter assigned: nodeTransDiff set to 1.0E-16
     Parameter assigned: nodeRotDiff set to 0.001
     Parameter assigned: actinSeed set to 3
     Parameter assigned: actinOnCortex set to true
     Parameter assigned: filSegLength set to 64
     Parameter assigned: filTorqSpring set to 1.0E-20
     Parameter assigned: BTransCoeff set to 1.0
     Parameter assigned: BRotCoeff set to 0.5
     Parameter assigned: maxSegAngle set to 22.5
     Parameter assigned: maxSegDist set to 0.0108
     Parameter assigned: nodeTorqSpring set to 1.0E-20
     Parameter assigned: maxNodeTetherStrainDist set to 0.0108
     Parameter assigned: nodeTetherDetachRate set to 0.001
     Parameter assigned: forminMoves set to false
     Parameter assigned: forminRelease set to 1.0
     Parameter assigned: noMonomersSimd set to false
     Parameter assigned: filamentsAnneal set to false
     Parameter assigned: annealDist set to 0.054
     Parameter assigned: annealAngleCosine set to 0.9
     Parameter assigned: maxLinksOnSeg set to 10.0
     Parameter assigned: sideBonds set to 0
     Parameter assigned: sideBondsRelax set to false
     Parameter assigned: sideBondsStabilize set to 1.0
     Parameter assigned: bundleStableFactor set to 2.0
     Parameter assigned: filLinkSpring set to 1.0E-9
     Parameter assigned: filLinkTorqSpring set to 1.0E-19
     Parameter assigned: xLinkTransAttn set to 1.0
     Parameter assigned: xLinkRotAttn set to 1.0
     No match found for parameter label maxFilLinkDist ... you best check that out!
     No match found for parameter label linkDissolveRate ... you best check that out!
     Parameter assigned: kATPOn1 set to 1.3
     Parameter assigned: kATPOff1 set to 0.8
     Parameter assigned: kADPOff1 set to 2.7
     Parameter assigned: kATPOn1NonHydro set to 0.0
     Parameter assigned: kATPOff1NonHydro set to 0.0
     Parameter assigned: kATPOn2 set to 11.6
     Parameter assigned: kATPOff2 set to 1.4
     Parameter assigned: kADPOff2 set to 7.2
     Parameter assigned: kATPOn2WithFormin set to 0.0
     Parameter assigned: kATPOff2WithFormin set to 0.0
     Parameter assigned: kADPOff2WithFormin set to 0.0
     Parameter assigned: kATPOn2NonHydro set to 0.0
     Parameter assigned: kATPOff2NonHydro set to 0.0
     Parameter assigned: kATPOn2NonHydroWithFormin set to 0.0
     Parameter assigned: kATPOff2NonHydroWithFormin set to 0.0
     Parameter assigned: capRate set to 3.0
     Parameter assigned: cofilinRate set to 0.4
     Parameter assigned: cofilinConc set to 3.0
     Parameter assigned: cofilinRatio set to 1.1
     Parameter assigned: myosinStallForce set to 2.0
     No match found for parameter label myosinReleaseRate ... you best check that out!
     No match found for parameter label myoFBRBase ... you best check that out!
     No match found for parameter label myoFBRExp ... you best check that out!
     Parameter assigned: capNumEnd1 set to 3
     Parameter assigned: capNumEnd2 set to 3
     Parameter assigned: capNumEnd1WithNode set to 3
     Parameter assigned: capNumEnd2WithNode set to 3
     Parameter assigned: polyCompressionCutoff set to 0.0
     Parameter assigned: kRdmNuc set to 0.001
     Parameter assigned: kNodeNuc set to 10.0
     Parameter assigned: kHydrolysis set to 1.0
     Parameter assigned: kDissociation set to 1.0
     Parameter assigned: showTime set to true
     Parameter assigned: showConc set to true
     Parameter assigned: showNonHydroConc set to false
     Parameter assigned: showFilCt set to true
     Parameter assigned: showFilLinkCt set to true
     Parameter assigned: showFilSegCt set to false
     Parameter assigned: showMonCt set to true
     Parameter assigned: fixedHistScale set to 100.0
     Parameter assigned: showHistBox set to true
     Parameter assigned: showYHistTics set to true
     Parameter assigned: flatTops set to true
     Parameter assigned: maxXLinkBondAngle set to 0.6
     Parameter assigned: xLinkOnRate set to 400.0
     Parameter assigned: xLinkConc set to 1.0
     Parameter assigned: linkOffConst set to 1.0
     Parameter assigned: linkOffCoeff set to 1.0
     Parameter assigned: linkOffExp set to 2.0
     Parameter assigned: crossLinkGrabDist set to 0.05
Done... there were 9 misunderstandings.
[RNG] per-worker RNG pool: 17 MTFs, masterSeed=12345 (BOA_RNG_SEED set)
**************************************************************
Eulerian Mesh stats:
nXBins = 143; xBinWidth = 0.2 µm
nYBins = 143; yBinWidth = 0.2 µm
binDepth = 1000
**************************************************************
MotorBindGrid3D: 143 x 143 x 4 cells (0.2 µm each)
[16:13] [phase-plan] inert-wave cull — ThreadSet activation snapshot:
[16:13]   ON   ThingStep Threads
[16:13]   ON   ThingBrownian Threads
[16:13]   ON   Myosin Threads
[16:13]   ON   MyoDimer Threads
[16:13]   OFF  Protein Node Threads
[16:13]   ON   MyoMiniFil Threads
[16:13]   OFF  Chamber Myo Threads
[16:13]   OFF  Chamber MyoDimer Threads
[16:13]   ON   Mesh Threads
[16:13]   ON   Ck Mesh Threads
[16:13]   ON   Ck Mots Threads
[16:13]   OFF  XLink Threads
[16:13]   OFF  Arp23 Threads
[16:13]   OFF  NodeLink Threads
[16:13]   OFF  Membrane Node Threads
[16:13]   OFF  ActA Threads
[16:13]   ON   MotorBindGrid3D Fill
[16:13] [phase-plan] 9 active, 8 inert (will skip dispatch)
[GATHER] call=1000 totalDirty=0 maxThread=0 cumAvg=417751.0 cumMaxPerThread=88044
collisionTime = 0.0
myosinTime = 0.0

*** step() per-force profile (BOA_STEP_PROFILE=1) ***
  Force                                     sec    pct          calls      ns/call
  F1/F2  FilSeg boundary collision        4.943   7.9%       31309127          158
  F3     FilSeg chain link spring        16.986  27.2%       31309127          543
  F4     FilSeg chain torsion spring      4.800   7.7%       31309127          153
  F5/F6  FilSeg node tether               0.667   1.1%       31309127           21
  F7     MyoMini boundary collision       1.776   2.8%        5279999          336
  F8-F10 MyoMotor tipLink (motor-fil)    33.198  53.2%      168959968          196
  TOTAL (sum of buckets)                 62.370
  Note: bucket sums are wall × thread-count (each worker accumulates its own time).
[STATS] bindEvents=55121
[STATS] filLinks=3675 (active=3675 inactive=765)
[STATS] linkCtMean=2585.72 (samples=660) linkCtMeanSettled=3424.58 (samples=335) finalActive=3675
[STATS] filFilBroadphase active=false filsegMeshFillSkipped=0 candPairs=0 candMaxPerSeg=0 overflowSegs=0 drainCalls=0
[STATS] fActin segs=47697 monomers=3331287 fActinUM=1.73 meanSegLenUM=0.191 freePoolUM=18.27
[STATS] mem usedHeapMB=10842.4 maxHeapMB=25769.8
[STATS] percolation filaments=8000 activeLinks=2910 linksPerFil=0.364 largestComp=8 (0.1% of fils) spanX=0.07 spanY=0.03 spanZ=0.72 spanFrac=0.07 percolates=false

*** [STEP_PROFILE] window=[300,660) steps=360 path=CPU wall=121885.0ms (338.5694 ms/step) ***
  --- every-step phases (ms/step) ---
    exec                  0.00000  (n/a CPU)
    pack                  0.00000  (n/a CPU)
    crosslinkForce        1.65556
    meshFill              6.15000
    cpuIntegrate         53.61111
      step               41.27778
      gatherForces       25.84167
      brownian           26.52222
  --- biochem-cadence phases (amortized ms/step | per-fire ms | fires) ---
    crosslinkFormation    0.00000 |   0.0000 | 3
    biochem               8.65833 |   8.6583 | 360
    sync                  0.00000 |   0.0000 | 0
  --- 'other' decomposition (ms/step) ---
    jointsCpu            58.01134
    motorFilCol          53.42222
    recompute            23.46499
    resetCt              21.43056
    moveDrains            0.00000  (n/a CPU)
    membrane              1.43074
    safepoint             0.00492
    output                0.00103
    cleanup              15.01389
    cleanupTail           0.00969
    gc(of residual)       0.00000  [subset of otherResidual: JVM GC pauses]
  --- totals (ms/step) ---
    total(wall)         338.56942
    host(=tot-exec)     338.56942
    otherResidual         2.06338  (of which gc=0.0000, non-gc=2.0634)

[STATS] checkBugInsideFireCt=0
[STATS] addLinkForcesFireCt=0
[STATS] addTorsionFireCt=0
[STATS] meshFillFilSegFireCt=0
[STATS] meshAllSegsFireCt=0
[STATS] mbg3dFillFilSegFireCt=0
[STATS] updatePosFromBindFireCt=0
[STATS] updatePosFromStepFireCt=0
[STATS] validateSegFireCt=0
[STATS] anchorFireCt=0
[STATS] filSegInitFireCt=0
[STATS] motorInitFireCt=0
[STATS] meanBoundMotors=1608.361
ThingStep Threads took 98.469000 seconds.
ThingBrownian Threads took 17.019000 seconds.
Myosin Threads took 20.314000 seconds.
MyoDimer Threads took 11.615000 seconds.
Protein Node Threads took 0.000000 seconds.
MyoMiniFil Threads took 5.965000 seconds.
Chamber Myo Threads took 0.000000 seconds.
Chamber MyoDimer Threads took 0.000000 seconds.
Mesh Threads took 2.371000 seconds.
Ck Mesh Threads took 1.109000 seconds.
Ck Mots Threads took 27.708000 seconds.
XLink Threads took 0.478000 seconds.
Arp23 Threads took 0.000000 seconds.
NodeLink Threads took 0.000000 seconds.
Membrane Node Threads took 0.000000 seconds.
ActA Threads took 0.000000 seconds.
MotorBindGrid3D Fill took 6.717000 seconds.
Finished closing JSON plots!
