WARNING: Using incubator modules: jdk.incubator.vector
[TURNOVER] global biochem cadence ON (biochem phase-aligned; GPU pose pull at biochem+output cadence)
[TELEPORT_DIAG] enabled=false threshold=0.1
Loading parameter values from /home/jba/Code/BoA/ParameterFiles/boa10-64Seg-dyn-dense-8x...
     Parameter assigned: deltaT set to 1.0E-4
     Parameter assigned: biochemDeltaT set to 0.01
     Parameter assigned: collisionDeltaT set to 1.0E-5
     No match found for parameter label brownianDeltaT ... you best check that out!
     Parameter assigned: runTime set to 0.065
     Parameter assigned: fracMove set to 0.4
     Parameter assigned: fracR set to 0.134
     Parameter assigned: fracMoveTorq set to 0.013685
     Parameter assigned: drawInterval set to 100
     Parameter assigned: toFileInterval set to 1000000000
     No match found for parameter label toQKFileInterval ... you best check that out!
     Parameter assigned: jpegQuality set to 1.0
     Parameter assigned: remoteWriteInterval set to 100000
     Parameter assigned: frameWidth set to 800
     Parameter assigned: frameHeight set to 800
     No match found for parameter label bugOff ... you best check that out!
     Parameter assigned: simOutsideBug set to false
     Parameter assigned: initialFilaments set to 8000
     Parameter assigned: initialMyoMiniFils set to 8000
     Parameter assigned: minFilLength set to 0.9
     Parameter assigned: maxFilLength set to 1.3
     Parameter assigned: stdDevActinDist set to 0.5
     Parameter assigned: boxXDim set to 28.2843
     Parameter assigned: boxYDim set to 28.2843
     Parameter assigned: boxZDim set to 0.5
     Parameter assigned: actinConc set to 20.0
     Parameter assigned: actinConcNonHydro set to 15.0
     Parameter assigned: aeta set to 1.0
     Parameter assigned: capConc set to 2.0
     Parameter assigned: nodeZone set to 0.9
     Parameter assigned: nodeRadius set to 0.025
     Parameter assigned: forminsPerNode set to 0
     No match found for parameter label myosPerNode ... you best check that out!
     Parameter assigned: nodeTransDiff set to 1.0E-16
     Parameter assigned: nodeRotDiff set to 0.001
     Parameter assigned: actinSeed set to 3
     Parameter assigned: actinOnCortex set to true
     Parameter assigned: filSegLength set to 64
     Parameter assigned: filTorqSpring set to 1.0E-20
     Parameter assigned: BTransCoeff set to 1.0
     Parameter assigned: BRotCoeff set to 0.5
     Parameter assigned: maxSegAngle set to 22.5
     Parameter assigned: maxSegDist set to 0.0108
     Parameter assigned: nodeTorqSpring set to 1.0E-20
     Parameter assigned: maxNodeTetherStrainDist set to 0.0108
     Parameter assigned: nodeTetherDetachRate set to 0.001
     Parameter assigned: forminMoves set to false
     Parameter assigned: forminRelease set to 1.0
     Parameter assigned: noMonomersSimd set to false
     Parameter assigned: filamentsAnneal set to false
     Parameter assigned: annealDist set to 0.054
     Parameter assigned: annealAngleCosine set to 0.9
     Parameter assigned: maxLinksOnSeg set to 10.0
     Parameter assigned: sideBonds set to 0
     Parameter assigned: sideBondsRelax set to false
     Parameter assigned: sideBondsStabilize set to 1.0
     Parameter assigned: bundleStableFactor set to 2.0
     Parameter assigned: filLinkSpring set to 1.0E-9
     Parameter assigned: filLinkTorqSpring set to 1.0E-19
     Parameter assigned: xLinkTransAttn set to 1.0
     Parameter assigned: xLinkRotAttn set to 1.0
     No match found for parameter label maxFilLinkDist ... you best check that out!
     No match found for parameter label linkDissolveRate ... you best check that out!
     Parameter assigned: kATPOn1 set to 1.3
     Parameter assigned: kATPOff1 set to 0.8
     Parameter assigned: kADPOff1 set to 2.7
     Parameter assigned: kATPOn1NonHydro set to 0.0
     Parameter assigned: kATPOff1NonHydro set to 0.0
     Parameter assigned: kATPOn2 set to 11.6
     Parameter assigned: kATPOff2 set to 1.4
     Parameter assigned: kADPOff2 set to 7.2
     Parameter assigned: kATPOn2WithFormin set to 0.0
     Parameter assigned: kATPOff2WithFormin set to 0.0
     Parameter assigned: kADPOff2WithFormin set to 0.0
     Parameter assigned: kATPOn2NonHydro set to 0.0
     Parameter assigned: kATPOff2NonHydro set to 0.0
     Parameter assigned: kATPOn2NonHydroWithFormin set to 0.0
     Parameter assigned: kATPOff2NonHydroWithFormin set to 0.0
     Parameter assigned: capRate set to 3.0
     Parameter assigned: cofilinRate set to 0.4
     Parameter assigned: cofilinConc set to 3.0
     Parameter assigned: cofilinRatio set to 1.1
     Parameter assigned: myosinStallForce set to 2.0
     No match found for parameter label myosinReleaseRate ... you best check that out!
     No match found for parameter label myoFBRBase ... you best check that out!
     No match found for parameter label myoFBRExp ... you best check that out!
     Parameter assigned: capNumEnd1 set to 3
     Parameter assigned: capNumEnd2 set to 3
     Parameter assigned: capNumEnd1WithNode set to 3
     Parameter assigned: capNumEnd2WithNode set to 3
     Parameter assigned: polyCompressionCutoff set to 0.0
     Parameter assigned: kRdmNuc set to 0.001
     Parameter assigned: kNodeNuc set to 10.0
     Parameter assigned: kHydrolysis set to 1.0
     Parameter assigned: kDissociation set to 1.0
     Parameter assigned: showTime set to true
     Parameter assigned: showConc set to true
     Parameter assigned: showNonHydroConc set to false
     Parameter assigned: showFilCt set to true
     Parameter assigned: showFilLinkCt set to true
     Parameter assigned: showFilSegCt set to false
     Parameter assigned: showMonCt set to true
     Parameter assigned: fixedHistScale set to 100.0
     Parameter assigned: showHistBox set to true
     Parameter assigned: showYHistTics set to true
     Parameter assigned: flatTops set to true
     Parameter assigned: maxXLinkBondAngle set to 0.6
     Parameter assigned: xLinkOnRate set to 400.0
     Parameter assigned: xLinkConc set to 1.0
     Parameter assigned: linkOffConst set to 1.0
     Parameter assigned: linkOffCoeff set to 1.0
     Parameter assigned: linkOffExp set to 2.0
     Parameter assigned: crossLinkGrabDist set to 0.05
Done... there were 9 misunderstandings.
[RNG] per-worker RNG pool: 17 MTFs, masterSeed=12345 (BOA_RNG_SEED set)
**************************************************************
Eulerian Mesh stats:
nXBins = 143; xBinWidth = 0.2 µm
nYBins = 143; yBinWidth = 0.2 µm
binDepth = 1000
**************************************************************
MotorBindGrid3D: 143 x 143 x 4 cells (0.2 µm each)
[16:04] [phase-plan] inert-wave cull — ThreadSet activation snapshot:
[16:04]   ON   ThingStep Threads
[16:04]   ON   ThingBrownian Threads
[16:04]   ON   Myosin Threads
[16:04]   ON   MyoDimer Threads
[16:04]   OFF  Protein Node Threads
[16:04]   ON   MyoMiniFil Threads
[16:04]   OFF  Chamber Myo Threads
[16:04]   OFF  Chamber MyoDimer Threads
[16:04]   ON   Mesh Threads
[16:04]   ON   Ck Mesh Threads
[16:04]   ON   Ck Mots Threads
[16:04]   OFF  XLink Threads
[16:04]   OFF  Arp23 Threads
[16:04]   OFF  NodeLink Threads
[16:04]   OFF  Membrane Node Threads
[16:04]   OFF  ActA Threads
[16:04]   ON   MotorBindGrid3D Fill
[16:04] [phase-plan] 9 active, 8 inert (will skip dispatch)
[POSE_CHURN] sized POSE_DELTA_CAP=64008 (initialFilaments=8000, peakModel=16002, safety=4x, floor=8192)
GPUMoveThing: slotCap=1568002 myoCap=512000 moveBlock=64 jointBlock=64 runSeed=566542597 nWorkers=16
[GATHER] call=1000 totalDirty=0 maxThread=0 cumAvg=1731.6 cumMaxPerThread=596
collisionTime = 0.0
myosinTime = 0.0

*** step() per-force profile (BOA_STEP_PROFILE=1) ***
  Force                                     sec    pct          calls      ns/call
  F1/F2  FilSeg boundary collision        0.705   2.0%       31329519           22
  F5/F6  FilSeg node tether               1.878   5.3%       31329519           60
  F7     MyoMini boundary collision       2.140   6.0%        5279998          405
  F8-F10 MyoMotor tipLink (motor-fil)    30.914  86.7%      168959936          183
  TOTAL (sum of buckets)                 35.637
  Note: bucket sums are wall × thread-count (each worker accumulates its own time).
[STATS] bindEvents=4133
[STATS] filLinks=2313 (active=2313 inactive=594)
[STATS] linkCtMean=1599.69 (samples=660) linkCtMeanSettled=2150.98 (samples=335) finalActive=2313
[STATS] filFilBroadphase active=true filsegMeshFillSkipped=660 candPairs=998044 candMaxPerSeg=34 overflowSegs=0 drainCalls=6
[STATS] fActin segs=47733 monomers=3330651 fActinUM=1.73 meanSegLenUM=0.191 freePoolUM=18.27
[STATS] mem usedHeapMB=5273.8 maxHeapMB=22906.7 slotCap=1568002 slotCount=823733 myoCap=512000 devBufEstMB=349.8
[STATS] percolation filaments=8001 activeLinks=1719 linksPerFil=0.215 largestComp=7 (0.1% of fils) spanX=0.05 spanY=0.06 spanZ=0.60 spanFrac=0.06 percolates=false

*** [STEP_PROFILE] window=[300,660) steps=360 path=GPU wall=98023.2ms (272.2866 ms/step) ***
  --- every-step phases (ms/step) ---
    exec                 94.63795
    pack                 63.18710
    crosslinkForce        1.44444
    meshFill              0.00556
    cpuIntegrate        159.60833  (GPU: move-wrap)
      step               13.74167
      gatherForces        1.45556
      brownian            5.37500
  --- biochem-cadence phases (amortized ms/step | per-fire ms | fires) ---
    crosslinkFormation    0.36111 |  43.3333 | 3
    biochem               8.46389 | 1015.6667 | 3
    sync                  0.08656 |  10.3877 | 3
  --- 'other' decomposition (ms/step) ---
    jointsCpu            11.66851
    motorFilCol           0.80000
    recompute            30.95389
      ↳classify          11.84314
      ↳poseAudit         17.61223
      ↳capacity           0.00030
      ↳classifyRuns=33/360 steps (structural=33, lengthOnly=0, redundant=0.0%)
    resetCt              21.50278
    moveDrains            1.42218
    membrane              1.41909
    safepoint             0.00489
    output                0.00141
    cleanup              13.84722
    cleanupTail           0.00754
    gc(of residual)       0.00000  [subset of otherResidual: JVM GC pauses]
  --- totals (ms/step) ---
    total(wall)         272.28664
    host(=tot-exec)     177.64869
    otherResidual         1.90030  (of which gc=0.0000, non-gc=1.9003)

[STATS] checkBugInsideFireCt=0
[STATS] addLinkForcesFireCt=0
[STATS] addTorsionFireCt=0
[STATS] meshFillFilSegFireCt=0
[STATS] meshAllSegsFireCt=0
[STATS] mbg3dFillFilSegFireCt=0
[STATS] updatePosFromBindFireCt=4133
[STATS] updatePosFromStepFireCt=0
[STATS] validateSegFireCt=94300
[STATS] anchorFireCt=0
[STATS] filSegInitFireCt=135985
[STATS] motorInitFireCt=257600
[STATS] meanBoundMotors=142.933
[STATS] gpuMotorBinding total=0.378s calls=660 pack=0.529s gridPack=0.000s exec=0.000s unpack=0.378s
[STATS] gpuMoveThing total=107.914s calls=660 slotPack=31.748s jointPack=5.370s exec=64.124s unpack=6.669s
[STATS] gpuMoveThing demandSyncPose=0.810s(calls=6) demandSyncDerived=0.000s(calls=0) planRebuild=1 packRuleDesync=0
[STATS] cadence steps=660 demandSyncPoseCalls=6 biochemFireCt=6 crosslinkFireCt=6 crosslinkCheckInt=100 (pull/step=0.009 biochem/step=0.009 xlink/step=0.009)
[STATS] gpuMoveThing poseDelta avg=27529.80 max=16000 sum=137649 fresh=1 overflow=0 cap=64008
[STATS] gpuMoveThing trueDirty calls=659 slotChange avg=75.01 max=8000 pending avg=133.69 max=9009 totalUpperMax=16000 slotCount=823733 slotCap=1568002
[STATS] A1 classify runs=64 (structural=64 lengthOnly=0) classifyMs=8457.4 poseAuditMs=11595.1 fullRecompute=true
ThingStep Threads took 29.373000 seconds.
ThingBrownian Threads took 3.261000 seconds.
Myosin Threads took 0.625000 seconds.
MyoDimer Threads took 2.804000 seconds.
Protein Node Threads took 0.000000 seconds.
MyoMiniFil Threads took 3.508000 seconds.
Chamber Myo Threads took 0.000000 seconds.
Chamber MyoDimer Threads took 0.000000 seconds.
Mesh Threads took 0.000000 seconds.
Ck Mesh Threads took 0.000000 seconds.
Ck Mots Threads took 0.000000 seconds.
XLink Threads took 0.415000 seconds.
Arp23 Threads took 0.000000 seconds.
NodeLink Threads took 0.000000 seconds.
Membrane Node Threads took 0.000000 seconds.
ActA Threads took 0.000000 seconds.
MotorBindGrid3D Fill took 0.000000 seconds.
Finished closing JSON plots!
