WARNING: Using incubator modules: jdk.incubator.vector
[TURNOVER] global biochem cadence ON (biochem phase-aligned; GPU pose pull at biochem+output cadence)
[TELEPORT_DIAG] enabled=false threshold=0.1
Loading parameter values from /home/jba/Code/BoA/ParameterFiles/boa10-64Seg-dyn-dense-turnoverstress...
     Parameter assigned: deltaT set to 1.0E-4
     Parameter assigned: biochemDeltaT set to 5.0E-4
     Parameter assigned: collisionDeltaT set to 1.0E-5
     No match found for parameter label brownianDeltaT ... you best check that out!
     Parameter assigned: runTime set to 0.045
     Parameter assigned: fracMove set to 0.4
     Parameter assigned: fracR set to 0.134
     Parameter assigned: fracMoveTorq set to 0.013685
     Parameter assigned: drawInterval set to 100
     Parameter assigned: toFileInterval set to 1000000000
     No match found for parameter label toQKFileInterval ... you best check that out!
     Parameter assigned: jpegQuality set to 1.0
     Parameter assigned: remoteWriteInterval set to 100000
     Parameter assigned: frameWidth set to 800
     Parameter assigned: frameHeight set to 800
     No match found for parameter label bugOff ... you best check that out!
     Parameter assigned: simOutsideBug set to false
     Parameter assigned: initialFilaments set to 2000
     Parameter assigned: initialMyoMiniFils set to 2000
     Parameter assigned: minFilLength set to 0.9
     Parameter assigned: maxFilLength set to 1.3
     Parameter assigned: stdDevActinDist set to 0.5
     Parameter assigned: boxXDim set to 14.1421
     Parameter assigned: boxYDim set to 14.1421
     Parameter assigned: boxZDim set to 0.5
     Parameter assigned: actinConc set to 20.0
     Parameter assigned: actinConcNonHydro set to 15.0
     Parameter assigned: aeta set to 1.0
     Parameter assigned: capConc set to 2.0
     Parameter assigned: nodeZone set to 0.9
     Parameter assigned: nodeRadius set to 0.025
     Parameter assigned: forminsPerNode set to 0
     No match found for parameter label myosPerNode ... you best check that out!
     Parameter assigned: nodeTransDiff set to 1.0E-16
     Parameter assigned: nodeRotDiff set to 0.001
     Parameter assigned: actinSeed set to 3
     Parameter assigned: actinOnCortex set to true
     Parameter assigned: filSegLength set to 64
     Parameter assigned: filTorqSpring set to 1.0E-20
     Parameter assigned: BTransCoeff set to 1.0
     Parameter assigned: BRotCoeff set to 0.5
     Parameter assigned: maxSegAngle set to 22.5
     Parameter assigned: maxSegDist set to 0.0108
     Parameter assigned: nodeTorqSpring set to 1.0E-20
     Parameter assigned: maxNodeTetherStrainDist set to 0.0108
     Parameter assigned: nodeTetherDetachRate set to 0.001
     Parameter assigned: forminMoves set to false
     Parameter assigned: forminRelease set to 1.0
     Parameter assigned: noMonomersSimd set to false
     Parameter assigned: filamentsAnneal set to false
     Parameter assigned: annealDist set to 0.054
     Parameter assigned: annealAngleCosine set to 0.9
     Parameter assigned: maxLinksOnSeg set to 10.0
     Parameter assigned: sideBonds set to 0
     Parameter assigned: sideBondsRelax set to false
     Parameter assigned: sideBondsStabilize set to 1.0
     Parameter assigned: bundleStableFactor set to 2.0
     Parameter assigned: filLinkSpring set to 1.0E-9
     Parameter assigned: filLinkTorqSpring set to 1.0E-19
     Parameter assigned: xLinkTransAttn set to 1.0
     Parameter assigned: xLinkRotAttn set to 1.0
     No match found for parameter label maxFilLinkDist ... you best check that out!
     No match found for parameter label linkDissolveRate ... you best check that out!
     Parameter assigned: kATPOn1 set to 1.3
     Parameter assigned: kATPOff1 set to 0.8
     Parameter assigned: kADPOff1 set to 2.7
     Parameter assigned: kATPOn1NonHydro set to 0.0
     Parameter assigned: kATPOff1NonHydro set to 0.0
     Parameter assigned: kATPOn2 set to 11.6
     Parameter assigned: kATPOff2 set to 1.4
     Parameter assigned: kADPOff2 set to 7.2
     Parameter assigned: kATPOn2WithFormin set to 0.0
     Parameter assigned: kATPOff2WithFormin set to 0.0
     Parameter assigned: kADPOff2WithFormin set to 0.0
     Parameter assigned: kATPOn2NonHydro set to 0.0
     Parameter assigned: kATPOff2NonHydro set to 0.0
     Parameter assigned: kATPOn2NonHydroWithFormin set to 0.0
     Parameter assigned: kATPOff2NonHydroWithFormin set to 0.0
     Parameter assigned: capRate set to 3.0
     Parameter assigned: cofilinRate set to 1.2
     Parameter assigned: cofilinConc set to 5.0
     Parameter assigned: cofilinRatio set to 1.1
     Parameter assigned: myosinStallForce set to 2.0
     No match found for parameter label myosinReleaseRate ... you best check that out!
     No match found for parameter label myoFBRBase ... you best check that out!
     No match found for parameter label myoFBRExp ... you best check that out!
     Parameter assigned: capNumEnd1 set to 3
     Parameter assigned: capNumEnd2 set to 3
     Parameter assigned: capNumEnd1WithNode set to 3
     Parameter assigned: capNumEnd2WithNode set to 3
     Parameter assigned: polyCompressionCutoff set to 0.0
     Parameter assigned: kRdmNuc set to 0.01
     Parameter assigned: kNodeNuc set to 10.0
     Parameter assigned: kHydrolysis set to 1.0
     Parameter assigned: kDissociation set to 1.0
     Parameter assigned: showTime set to true
     Parameter assigned: showConc set to true
     Parameter assigned: showNonHydroConc set to false
     Parameter assigned: showFilCt set to true
     Parameter assigned: showFilLinkCt set to true
     Parameter assigned: showFilSegCt set to false
     Parameter assigned: showMonCt set to true
     Parameter assigned: fixedHistScale set to 100.0
     Parameter assigned: showHistBox set to true
     Parameter assigned: showYHistTics set to true
     Parameter assigned: flatTops set to true
     Parameter assigned: maxXLinkBondAngle set to 0.6
     Parameter assigned: xLinkOnRate set to 400.0
     Parameter assigned: xLinkConc set to 1.0
     Parameter assigned: linkOffConst set to 1.0
     Parameter assigned: linkOffCoeff set to 1.0
     Parameter assigned: linkOffExp set to 2.0
     Parameter assigned: crossLinkGrabDist set to 0.05
Done... there were 9 misunderstandings.
[RNG] per-worker RNG pool: 17 MTFs, masterSeed=12345 (BOA_RNG_SEED set)
**************************************************************
Eulerian Mesh stats:
nXBins = 72; xBinWidth = 0.2 µm
nYBins = 72; yBinWidth = 0.2 µm
binDepth = 1000
**************************************************************
MotorBindGrid3D: 72 x 72 x 4 cells (0.2 µm each)
[15:58] [phase-plan] inert-wave cull — ThreadSet activation snapshot:
[15:58]   ON   ThingStep Threads
[15:58]   ON   ThingBrownian Threads
[15:58]   ON   Myosin Threads
[15:58]   ON   MyoDimer Threads
[15:58]   OFF  Protein Node Threads
[15:58]   ON   MyoMiniFil Threads
[15:58]   OFF  Chamber Myo Threads
[15:58]   OFF  Chamber MyoDimer Threads
[15:58]   ON   Mesh Threads
[15:58]   ON   Ck Mesh Threads
[15:58]   ON   Ck Mots Threads
[15:58]   OFF  XLink Threads
[15:58]   OFF  Arp23 Threads
[15:58]   OFF  NodeLink Threads
[15:58]   OFF  Membrane Node Threads
[15:58]   OFF  ActA Threads
[15:58]   ON   MotorBindGrid3D Fill
[15:58] [phase-plan] 9 active, 8 inert (will skip dispatch)
[POSE_CHURN] sized POSE_DELTA_CAP=16008 (initialFilaments=2000, peakModel=4002, safety=4x, floor=8192)
GPUMoveThing: slotCap=392002 myoCap=128000 moveBlock=64 jointBlock=64 runSeed=1765812926 nWorkers=16
collisionTime = 0.0
myosinTime = 0.0
[STATS] bindEvents=1516
[STATS] filLinks=748 (active=748 inactive=2)
[STATS] linkCtMean=518.75 (samples=460) linkCtMeanSettled=665.27 (samples=235) finalActive=748
[STATS] filFilBroadphase active=true filsegMeshFillSkipped=460 candPairs=3969711 candMaxPerSeg=61 overflowSegs=0 drainCalls=92
[STATS] fActin segs=11917 monomers=837849 fActinUM=1.74 meanSegLenUM=0.193 freePoolUM=18.26
[STATS] mem usedHeapMB=2447.8 maxHeapMB=22906.7 slotCap=392002 slotCount=205917 myoCap=128000 devBufEstMB=168.4
[STATS] percolation filaments=2004 activeLinks=746 linksPerFil=0.372 largestComp=7 (0.3% of fils) spanX=0.06 spanY=0.15 spanZ=0.90 spanFrac=0.15 percolates=false
[STATS] checkBugInsideFireCt=0
[STATS] addLinkForcesFireCt=0
[STATS] addTorsionFireCt=0
[STATS] meshFillFilSegFireCt=0
[STATS] meshAllSegsFireCt=0
[STATS] mbg3dFillFilSegFireCt=0
[STATS] updatePosFromBindFireCt=1516
[STATS] updatePosFromStepFireCt=0
[STATS] validateSegFireCt=34536
[STATS] anchorFireCt=0
[STATS] filSegInitFireCt=40167
[STATS] motorInitFireCt=64352
[STATS] meanBoundMotors=75.154
[STATS] gpuMotorBinding total=0.074s calls=460 pack=0.087s gridPack=0.000s exec=0.000s unpack=0.074s
[STATS] gpuMoveThing total=30.333s calls=460 slotPack=5.845s jointPack=1.076s exec=21.684s unpack=1.726s
[STATS] gpuMoveThing demandSyncPose=0.560s(calls=92) demandSyncDerived=0.000s(calls=0) planRebuild=1 packRuleDesync=0
[STATS] cadence steps=460 demandSyncPoseCalls=92 biochemFireCt=92 crosslinkFireCt=92 crosslinkCheckInt=5 (pull/step=0.200 biochem/step=0.200 xlink/step=0.200)
[STATS] gpuMoveThing poseDelta avg=440.41 max=4000 sum=40077 fresh=1 overflow=0 cap=16008
[STATS] gpuMoveThing trueDirty calls=459 slotChange avg=26.25 max=2000 pending avg=61.05 max=2000 totalUpperMax=4000 slotCount=205917 slotCap=392002
[STATS] A1 deltaSetVerify failSteps=0 missedSlotChanges=0  (0/0 = skip invariant holds)
[STATS] A1 classify runs=109 (structural=52 lengthOnly=57) classifyMs=3546.7 poseAuditMs=920.9 fullRecompute=false
ThingStep Threads took 7.091000 seconds.
ThingBrownian Threads took 0.651000 seconds.
Myosin Threads took 0.451000 seconds.
MyoDimer Threads took 0.612000 seconds.
Protein Node Threads took 0.000000 seconds.
MyoMiniFil Threads took 0.711000 seconds.
Chamber Myo Threads took 0.000000 seconds.
Chamber MyoDimer Threads took 0.000000 seconds.
Mesh Threads took 0.000000 seconds.
Ck Mesh Threads took 0.000000 seconds.
Ck Mots Threads took 0.000000 seconds.
XLink Threads took 0.252000 seconds.
Arp23 Threads took 0.000000 seconds.
NodeLink Threads took 0.000000 seconds.
Membrane Node Threads took 0.000000 seconds.
ActA Threads took 0.000000 seconds.
MotorBindGrid3D Fill took 0.000000 seconds.
Finished closing JSON plots!
