[07:00:42] === 1x ===
1x	gpu_par	1	34.84
1x	gpu_par	2	35.71
1x	gpu_ser	1	35.21
1x	gpu_ser	2	35.29
1x	cpu	1	3.50
1x	cpu	2	3.50
[07:08:45] === 8x ===
8x	gpu_par	1	58.83
8x	gpu_par	2	59.65
8x	gpu_ser	1	68.50
8x	gpu_ser	2	70.15
8x	cpu	1	39.64
8x	cpu	2	39.27
[07:18:43] === 16x ===
16x	gpu_par	1	79.72
16x	gpu_ser	1	107.32
16x	cpu	1	68.66
[07:23:09] two-step-diff done; profiler sweep
[07:23:23]   prof 1x par run1 rc=0
[07:23:36]   prof 1x par run2 rc=0
[07:23:50]   prof 1x ser run1 rc=0
[07:24:04]   prof 1x ser run2 rc=0
[07:24:25]   prof 8x par run1 rc=0
[07:24:46]   prof 8x par run2 rc=0
[07:25:10]   prof 8x ser run1 rc=0
[07:25:35]   prof 8x ser run2 rc=0
[07:26:03]   prof 16x par run1 rc=0
[07:26:32]   prof 16x par run2 rc=0
[07:27:07]   prof 16x ser run1 rc=0
[07:27:42]   prof 16x ser run2 rc=0
[07:27:42] PERF DONE
