[TELEPORT_DIAG] enabled=false threshold=0.1
Loading parameter values from /tmp/surf_F6.0e-11...
     Parameter assigned: buildDtsMembrane set to true
     Parameter assigned: dtsMembraneSubdiv set to 5
     Parameter assigned: dtsMembraneRadius set to 1.2
     Parameter assigned: dtsVertexRadiusFrac set to 0.5
     Parameter assigned: dtsKappaBend set to 1.0E-19
     Parameter assigned: dtsKappaArea set to 0.5
     Parameter assigned: dtsKappaVolume set to 5.0E-15
     Parameter assigned: dtsTargetReducedVol set to 1.0
     Parameter assigned: dtsMaxDispFrac set to 0.15
     Parameter assigned: dtsProbeForce set to 6.0E-11
     Parameter assigned: dtsProbeRadius set to 0.1
     Parameter assigned: dtsProbeStartX set to 0.9
     Parameter assigned: dtsStericStiffness set to 0.0015
     Parameter assigned: deltaT set to 1.0E-5
     Parameter assigned: collisionDeltaT set to 1.0E-5
     No match found for parameter label brownianDeltaT ... you best check that out!
     Parameter assigned: biochemDeltaT set to 0.001
     Parameter assigned: runTime set to 0.15
     Parameter assigned: toFileInterval set to 150
     Parameter assigned: remoteWriteInterval set to 2000
     Parameter assigned: dtsBrownianOff set to true
     Parameter assigned: boxXDim set to 5.0
     Parameter assigned: boxYDim set to 5.0
     Parameter assigned: boxZDim set to 5.0
     Parameter assigned: aeta set to 0.1
     Parameter assigned: simOutsideBug set to false
     Parameter assigned: initialFilaments set to 0
     Parameter assigned: initialMyoMiniFils set to 0
     Parameter assigned: equilNodes set to 0
     Parameter assigned: fillNodeCt set to 0
     Parameter assigned: buildBranchedFils set to false
     Parameter assigned: buildMembraneSheet set to false
     Parameter assigned: buildMembraneSphere set to false
     Parameter assigned: forminConc set to 0.0
     Parameter assigned: ratchetOn set to false
Done... there were 1 misunderstandings.
[RNG] per-worker RNG pool: 17 MTFs, masterSeed=-5661282623611196567 (BOA_RNG_SEED unset)
[DTS] membrane #0 built: nu=5  nv=10242  nf=20480  ne=30720  maxVal=12  R=1.200 um  l0=0.0453 um  rVert=0.0227 um  A0=18.0902 um^2  V0=7.2343 um^3
[DTS]   continuum sphere: A=18.0956 (mesh 100.0%)  V=7.2382 (mesh 99.9%)
Node trans/rot diff =2.184E-14 / 1.638E0
[DTS-PROBE] created at x=0.900 r=0.100 driveF=6.000e-11 N
**************************************************************
Eulerian Mesh stats:
nXBins = 26; xBinWidth = 0.2 µm
nYBins = 26; yBinWidth = 0.2 µm
binDepth = 1000
**************************************************************
MotorBindGrid3D: 26 x 26 x 26 cells (0.2 µm each)
[15:28] [phase-plan] inert-wave cull — ThreadSet activation snapshot:
[15:28]   ON   ThingStep Threads
[15:28]   ON   ThingBrownian Threads
[15:28]   ON   Myosin Threads
[15:28]   OFF  MyoDimer Threads
[15:28]   ON   Protein Node Threads
[15:28]   OFF  MyoMiniFil Threads
[15:28]   OFF  Chamber Myo Threads
[15:28]   OFF  Chamber MyoDimer Threads
[15:28]   ON   Mesh Threads
[15:28]   ON   Ck Mesh Threads
[15:28]   ON   Ck Mots Threads
[15:28]   OFF  XLink Threads
[15:28]   OFF  Arp23 Threads
[15:28]   OFF  NodeLink Threads
[15:28]   ON   Membrane Node Threads
[15:28]   OFF  ActA Threads
[15:28]   ON   MotorBindGrid3D Fill
[15:28] [phase-plan] 9 active, 8 inert (will skip dispatch)
ThreeJSWriter: created directory /home/jba/Code/threejs_output/surf2_F6.0e-11
ThreeJSWriter: output directory /home/jba/Code/threejs_output/surf2_F6.0e-11
ThreeJSWriter: archived 5 source files to source.zip
ThreeJSWriter: wrote params_input.surf_F6.0e-11
ThreeJSWriter: wrote params_effective.txt (357 parameters)
[DTS-E] step 0  E bend=2.514e-18 area=2.309e-40 vol=1.923e-43 tot=2.514e-18 J   A=18.0902/18.0902  V=7.2343/7.2343 um  |F|max=8.83e-14 N
[FLIP] step 0 membrane#0 flips=0/30720 verify=true
[DTS-PROBE] step 0  x=0.9000  reaction=0.000e+00 N  drive=6.000e-11 N  bulgeR=1.2000
[GATHER] call=1000 totalDirty=0 maxThread=0 cumAvg=4671.9 cumMaxPerThread=1554
[DTS-E] step 500  E bend=3.472e-18 area=4.252e-20 vol=9.079e-20 tot=3.605e-18 J   A=18.0919/18.0902  V=7.1907/7.2343 um  |F|max=4.33e-12 N
[FLIP] step 500 membrane#0 flips=0/30861 verify=true
[DTS-PROBE] step 500  x=1.2762  reaction=0.000e+00 N  drive=6.000e-11 N  bulgeR=1.4099
[GATHER] call=2000 totalDirty=0 maxThread=0 cumAvg=4700.2 cumMaxPerThread=1554
[DTS-E] step 1000  E bend=3.711e-18 area=3.564e-21 vol=4.699e-19 tot=4.184e-18 J   A=18.0897/18.0902  V=7.1351/7.2343 um  |F|max=2.23e-11 N
[FLIP] step 1000 membrane#0 flips=4/31143 verify=true
[REMESH] step 1000 split=2 -> nv=10385 nf=20766 ne=31149 verify=true
[COLLAPSE] step 1000 collapse=5 -> nv=10380 nf=20756 ne=31134 verify=true
[DTS-PROBE] step 1000  x=1.5930  reaction=0.000e+00 N  drive=6.000e-11 N  bulgeR=1.5433
[GATHER] call=3000 totalDirty=0 maxThread=0 cumAvg=4721.3 cumMaxPerThread=1554
[DTS-E] step 1500  E bend=3.149e-18 area=3.001e-19 vol=3.233e-19 tot=3.772e-18 J   A=18.0855/18.0902  V=7.1521/7.2343 um  |F|max=2.29e-11 N
[FLIP] step 1500 membrane#0 flips=4/31146 verify=true
[DTS-PROBE] step 1500  x=2.4064  reaction=0.000e+00 N  drive=6.000e-11 N  bulgeR=1.4960
[GATHER] call=4000 totalDirty=0 maxThread=0 cumAvg=4730.9 cumMaxPerThread=1554
Sim. time=00.02....~28.28 minutes computation to simulate 1 sec, run finished in ~00.06 hours
[DTS-E] step 2000  E bend=2.891e-18 area=5.360e-19 vol=1.988e-19 tot=3.626e-18 J   A=18.0964/18.0902  V=7.1698/7.2343 um  |F|max=1.82e-11 N
[FLIP] step 2000 membrane#0 flips=17/31116 verify=true
[REMESH] step 2000 split=6 -> nv=10380 nf=20756 ne=31134 verify=true
[DTS-PROBE] step 2000  x=2.4064  reaction=0.000e+00 N  drive=6.000e-11 N  bulgeR=1.4818
[GATHER] call=5000 totalDirty=0 maxThread=0 cumAvg=4736.6 cumMaxPerThread=1554
[DTS-E] step 2500  E bend=2.742e-18 area=7.252e-21 vol=1.581e-19 tot=2.908e-18 J   A=18.0894/18.0902  V=7.1768/7.2343 um  |F|max=1.33e-11 N
[FLIP] step 2500 membrane#0 flips=20/31116 verify=true
[DTS-PROBE] step 2500  x=2.4064  reaction=0.000e+00 N  drive=6.000e-11 N  bulgeR=1.4763
[GATHER] call=6000 totalDirty=0 maxThread=0 cumAvg=4739.3 cumMaxPerThread=1554
[DTS-E] step 3000  E bend=2.808e-18 area=1.241e-20 vol=1.260e-19 tot=2.946e-18 J   A=18.0911/18.0902  V=7.1829/7.2343 um  |F|max=2.76e-11 N
[FLIP] step 3000 membrane#0 flips=13/31059 verify=true
[REMESH] step 3000 split=4 -> nv=10359 nf=20714 ne=31071 verify=true
[DTS-PROBE] step 3000  x=2.4064  reaction=0.000e+00 N  drive=6.000e-11 N  bulgeR=1.4721
[GATHER] call=7000 totalDirty=0 maxThread=0 cumAvg=4741.3 cumMaxPerThread=1554
[DTS-E] step 3500  E bend=2.832e-18 area=4.948e-20 vol=9.724e-20 tot=2.978e-18 J   A=18.0921/18.0902  V=7.1892/7.2343 um  |F|max=1.39e-11 N
[FLIP] step 3500 membrane#0 flips=13/31059 verify=true
[DTS-PROBE] step 3500  x=2.4064  reaction=0.000e+00 N  drive=6.000e-11 N  bulgeR=1.4609
[GATHER] call=8000 totalDirty=0 maxThread=0 cumAvg=4743.1 cumMaxPerThread=1554
Sim. time=00.04....~27.24 minutes computation to simulate 1 sec, run finished in ~00.05 hours
[DTS-E] step 4000  E bend=2.646e-18 area=3.385e-24 vol=8.699e-20 tot=2.733e-18 J   A=18.0901/18.0902  V=7.1916/7.2343 um  |F|max=4.40e-12 N
[FLIP] step 4000 membrane#0 flips=8/31041 verify=true
[REMESH] step 4000 split=2 -> nv=10351 nf=20698 ne=31047 verify=true
[COLLAPSE] step 4000 collapse=3 -> nv=10348 nf=20692 ne=31038 verify=true
[DTS-PROBE] step 4000  x=2.4064  reaction=0.000e+00 N  drive=6.000e-11 N  bulgeR=1.4534
[GATHER] call=9000 totalDirty=0 maxThread=0 cumAvg=4744.5 cumMaxPerThread=1554
[DTS-E] step 4500  E bend=2.518e-18 area=1.600e-24 vol=8.063e-20 tot=2.599e-18 J   A=18.0902/18.0902  V=7.1932/7.2343 um  |F|max=1.20e-12 N
[FLIP] step 4500 membrane#0 flips=3/31026 verify=true
[DTS-PROBE] step 4500  x=2.4064  reaction=0.000e+00 N  drive=6.000e-11 N  bulgeR=1.4356
[GATHER] call=10000 totalDirty=0 maxThread=0 cumAvg=4745.3 cumMaxPerThread=1554
[DTS-E] step 5000  E bend=2.522e-18 area=4.706e-23 vol=6.985e-20 tot=2.592e-18 J   A=18.0902/18.0902  V=7.1961/7.2343 um  |F|max=1.81e-12 N
[FLIP] step 5000 membrane#0 flips=3/31011 verify=true
[REMESH] step 5000 split=1 -> nv=10340 nf=20676 ne=31014 verify=true
[DTS-PROBE] step 5000  x=2.4064  reaction=0.000e+00 N  drive=6.000e-11 N  bulgeR=1.4156
[GATHER] call=11000 totalDirty=0 maxThread=0 cumAvg=4745.8 cumMaxPerThread=1554
[DTS-E] step 5500  E bend=2.554e-18 area=8.568e-22 vol=6.614e-20 tot=2.621e-18 J   A=18.0899/18.0902  V=7.1971/7.2343 um  |F|max=4.28e-12 N
[FLIP] step 5500 membrane#0 flips=5/31029 verify=true
[DTS-PROBE] step 5500  x=2.4064  reaction=0.000e+00 N  drive=6.000e-11 N  bulgeR=1.4160
[GATHER] call=12000 totalDirty=0 maxThread=0 cumAvg=4746.1 cumMaxPerThread=1554
Sim. time=00.06....~26.27 minutes computation to simulate 1 sec, run finished in ~00.04 hours
[DTS-E] step 6000  E bend=2.491e-18 area=2.918e-20 vol=5.732e-20 tot=2.578e-18 J   A=18.0887/18.0902  V=7.1997/7.2343 um  |F|max=6.59e-12 N
[FLIP] step 6000 membrane#0 flips=2/30993 verify=true
[DTS-PROBE] step 6000  x=2.4064  reaction=0.000e+00 N  drive=6.000e-11 N  bulgeR=1.4070
[GATHER] call=13000 totalDirty=0 maxThread=0 cumAvg=4745.9 cumMaxPerThread=1554
[DTS-E] step 6500  E bend=2.541e-18 area=1.283e-22 vol=4.568e-20 tot=2.587e-18 J   A=18.0903/18.0902  V=7.2034/7.2343 um  |F|max=2.39e-12 N
[FLIP] step 6500 membrane#0 flips=2/30975 verify=true
[DTS-PROBE] step 6500  x=2.4064  reaction=0.000e+00 N  drive=6.000e-11 N  bulgeR=1.4010
[GATHER] call=14000 totalDirty=0 maxThread=0 cumAvg=4745.8 cumMaxPerThread=1554
[DTS-E] step 7000  E bend=2.546e-18 area=5.280e-20 vol=4.062e-20 tot=2.640e-18 J   A=18.0921/18.0902  V=7.2052/7.2343 um  |F|max=1.28e-11 N
[FLIP] step 7000 membrane#0 flips=12/30963 verify=true
[COLLAPSE] step 7000 collapse=3 -> nv=10320 nf=20636 ne=30954 verify=true
[DTS-PROBE] step 7000  x=2.4064  reaction=0.000e+00 N  drive=6.000e-11 N  bulgeR=1.3966
[GATHER] call=15000 totalDirty=0 maxThread=0 cumAvg=4745.2 cumMaxPerThread=1554
[DTS-E] step 7500  E bend=2.501e-18 area=2.447e-22 vol=3.768e-20 tot=2.539e-18 J   A=18.0903/18.0902  V=7.2062/7.2343 um  |F|max=6.05e-12 N
[FLIP] step 7500 membrane#0 flips=4/30957 verify=true
[DTS-PROBE] step 7500  x=2.4064  reaction=0.000e+00 N  drive=6.000e-11 N  bulgeR=1.4015
[GATHER] call=16000 totalDirty=0 maxThread=0 cumAvg=4744.6 cumMaxPerThread=1554
Sim. time=00.08....~25.73 minutes computation to simulate 1 sec, run finished in ~00.03 hours
[DTS-E] step 8000  E bend=2.546e-18 area=1.971e-23 vol=3.543e-20 tot=2.581e-18 J   A=18.0901/18.0902  V=7.2071/7.2343 um  |F|max=1.17e-11 N
[FLIP] step 8000 membrane#0 flips=3/30960 verify=true
[DTS-PROBE] step 8000  x=2.4064  reaction=0.000e+00 N  drive=6.000e-11 N  bulgeR=1.3998
[GATHER] call=17000 totalDirty=0 maxThread=0 cumAvg=4744.2 cumMaxPerThread=1554
[DTS-E] step 8500  E bend=2.549e-18 area=1.519e-22 vol=3.064e-20 tot=2.579e-18 J   A=18.0903/18.0902  V=7.2090/7.2343 um  |F|max=2.98e-12 N
[FLIP] step 8500 membrane#0 flips=0/30963 verify=true
[DTS-PROBE] step 8500  x=2.4064  reaction=0.000e+00 N  drive=6.000e-11 N  bulgeR=1.3963
[GATHER] call=18000 totalDirty=0 maxThread=0 cumAvg=4743.6 cumMaxPerThread=1554
[DTS-E] step 9000  E bend=2.515e-18 area=5.084e-22 vol=2.829e-20 tot=2.544e-18 J   A=18.0904/18.0902  V=7.2100/7.2343 um  |F|max=4.83e-12 N
[FLIP] step 9000 membrane#0 flips=12/30954 verify=true
[DTS-PROBE] step 9000  x=2.4064  reaction=0.000e+00 N  drive=6.000e-11 N  bulgeR=1.3917
[GATHER] call=19000 totalDirty=0 maxThread=0 cumAvg=4743.0 cumMaxPerThread=1554
[DTS-E] step 9500  E bend=2.513e-18 area=1.829e-23 vol=2.834e-20 tot=2.542e-18 J   A=18.0901/18.0902  V=7.2100/7.2343 um  |F|max=5.18e-12 N
[FLIP] step 9500 membrane#0 flips=15/30948 verify=true
[DTS-PROBE] step 9500  x=2.4064  reaction=0.000e+00 N  drive=6.000e-11 N  bulgeR=1.3936
[GATHER] call=20000 totalDirty=0 maxThread=0 cumAvg=4742.5 cumMaxPerThread=1554
Sim. time=00.10....~25.60 minutes computation to simulate 1 sec, run finished in ~00.02 hours
[DTS-E] step 10000  E bend=2.540e-18 area=1.834e-22 vol=2.690e-20 tot=2.568e-18 J   A=18.0903/18.0902  V=7.2106/7.2343 um  |F|max=2.65e-12 N
[FLIP] step 10000 membrane#0 flips=14/30954 verify=true
[DTS-PROBE] step 10000  x=2.4064  reaction=0.000e+00 N  drive=6.000e-11 N  bulgeR=1.3948
[GATHER] call=21000 totalDirty=0 maxThread=0 cumAvg=4742.1 cumMaxPerThread=1554
[DTS-E] step 10500  E bend=2.540e-18 area=2.214e-24 vol=2.495e-20 tot=2.565e-18 J   A=18.0902/18.0902  V=7.2115/7.2343 um  |F|max=2.82e-12 N
[FLIP] step 10500 membrane#0 flips=10/30930 verify=true
[DTS-PROBE] step 10500  x=2.4064  reaction=0.000e+00 N  drive=6.000e-11 N  bulgeR=1.3904
[GATHER] call=22000 totalDirty=0 maxThread=0 cumAvg=4741.9 cumMaxPerThread=1554
[DTS-E] step 11000  E bend=2.539e-18 area=3.768e-22 vol=2.443e-20 tot=2.564e-18 J   A=18.0903/18.0902  V=7.2117/7.2343 um  |F|max=2.77e-12 N
[FLIP] step 11000 membrane#0 flips=2/30924 verify=true
[REMESH] step 11000 split=1 -> nv=10311 nf=20618 ne=30927 verify=true
[COLLAPSE] step 11000 collapse=1 -> nv=10310 nf=20616 ne=30924 verify=true
[DTS-PROBE] step 11000  x=2.4064  reaction=0.000e+00 N  drive=6.000e-11 N  bulgeR=1.3923
[GATHER] call=23000 totalDirty=0 maxThread=0 cumAvg=4741.8 cumMaxPerThread=1554
[DTS-E] step 11500  E bend=2.468e-18 area=1.009e-22 vol=2.454e-20 tot=2.492e-18 J   A=18.0902/18.0902  V=7.2117/7.2343 um  |F|max=3.22e-12 N
[FLIP] step 11500 membrane#0 flips=7/30957 verify=true
[DTS-PROBE] step 11500  x=2.4064  reaction=0.000e+00 N  drive=6.000e-11 N  bulgeR=1.3941
[GATHER] call=24000 totalDirty=0 maxThread=0 cumAvg=4741.7 cumMaxPerThread=1554
Sim. time=00.12....~25.45 minutes computation to simulate 1 sec, run finished in ~00.01 hours
[DTS-E] step 12000  E bend=2.455e-18 area=1.949e-23 vol=2.431e-20 tot=2.480e-18 J   A=18.0902/18.0902  V=7.2118/7.2343 um  |F|max=1.85e-12 N
[FLIP] step 12000 membrane#0 flips=1/30948 verify=true
[DTS-PROBE] step 12000  x=2.4064  reaction=0.000e+00 N  drive=6.000e-11 N  bulgeR=1.3913
[GATHER] call=25000 totalDirty=0 maxThread=0 cumAvg=4741.6 cumMaxPerThread=1554
[DTS-E] step 12500  E bend=2.503e-18 area=1.624e-22 vol=2.305e-20 tot=2.527e-18 J   A=18.0903/18.0902  V=7.2123/7.2343 um  |F|max=1.74e-11 N
[FLIP] step 12500 membrane#0 flips=9/30936 verify=true
[DTS-PROBE] step 12500  x=2.4064  reaction=0.000e+00 N  drive=6.000e-11 N  bulgeR=1.3925
[GATHER] call=26000 totalDirty=0 maxThread=0 cumAvg=4741.3 cumMaxPerThread=1554
[DTS-E] step 13000  E bend=2.594e-18 area=1.265e-23 vol=1.667e-20 tot=2.611e-18 J   A=18.0902/18.0902  V=7.2156/7.2343 um  |F|max=2.73e-12 N
[FLIP] step 13000 membrane#0 flips=3/30906 verify=true
[REMESH] step 13000 split=1 -> nv=10305 nf=20606 ne=30909 verify=true
[DTS-PROBE] step 13000  x=2.4064  reaction=0.000e+00 N  drive=6.000e-11 N  bulgeR=1.3811
[GATHER] call=27000 totalDirty=0 maxThread=0 cumAvg=4741.0 cumMaxPerThread=1554
[DTS-E] step 13500  E bend=2.579e-18 area=6.904e-23 vol=1.528e-20 tot=2.594e-18 J   A=18.0902/18.0902  V=7.2164/7.2343 um  |F|max=2.43e-12 N
[FLIP] step 13500 membrane#0 flips=5/30921 verify=true
[DTS-PROBE] step 13500  x=2.4064  reaction=0.000e+00 N  drive=6.000e-11 N  bulgeR=1.3822
[GATHER] call=28000 totalDirty=0 maxThread=0 cumAvg=4740.7 cumMaxPerThread=1554
Sim. time=00.14....~25.40 minutes computation to simulate 1 sec, run finished in ~00.00 hours
[DTS-E] step 14000  E bend=2.494e-18 area=2.189e-22 vol=1.612e-20 tot=2.510e-18 J   A=18.0903/18.0902  V=7.2159/7.2343 um  |F|max=2.90e-12 N
[FLIP] step 14000 membrane#0 flips=4/30924 verify=true
[DTS-PROBE] step 14000  x=2.4064  reaction=0.000e+00 N  drive=6.000e-11 N  bulgeR=1.3813
[GATHER] call=29000 totalDirty=0 maxThread=0 cumAvg=4740.4 cumMaxPerThread=1554
[DTS-E] step 14500  E bend=2.507e-18 area=4.079e-22 vol=1.651e-20 tot=2.524e-18 J   A=18.0903/18.0902  V=7.2157/7.2343 um  |F|max=9.08e-12 N
[FLIP] step 14500 membrane#0 flips=6/30921 verify=true
[DTS-PROBE] step 14500  x=2.4064  reaction=0.000e+00 N  drive=6.000e-11 N  bulgeR=1.3778
[GATHER] call=30000 totalDirty=0 maxThread=0 cumAvg=4740.1 cumMaxPerThread=1554
[DTS-E] step 15000  E bend=2.505e-18 area=5.113e-23 vol=1.518e-20 tot=2.520e-18 J   A=18.0902/18.0902  V=7.2165/7.2343 um  |F|max=3.01e-12 N
[FLIP] step 15000 membrane#0 flips=2/30927 verify=true
[DTS-PROBE] step 15000  x=2.4064  reaction=0.000e+00 N  drive=6.000e-11 N  bulgeR=1.3747
collisionTime = 0.0
myosinTime = 0.0
[STATS] bindEvents=0
[STATS] filLinks=0 (active=0 inactive=0)
[STATS] linkCtMean=0.00 (samples=15100) linkCtMeanSettled=0.00 (samples=7601) finalActive=0
[STATS] filFilBroadphase active=false filsegMeshFillSkipped=0 candPairs=0 candMaxPerSeg=0 overflowSegs=0 drainCalls=0
[STATS] fActin segs=0 monomers=0 fActinUM=0.00 meanSegLenUM=0.000 freePoolUM=15.00
[STATS] mem usedHeapMB=1508.6 maxHeapMB=6442.5
[STATS] percolation filaments=0 activeLinks=0 linksPerFil=0.000 largestComp=0 (0.0% of fils) spanX=0.00 spanY=0.00 spanZ=0.00 spanFrac=0.00 percolates=false
[A3] cpuFallback histogram (last classify): thingCt=0 cpuFb total=0 { FilSeg=0 MyoMini=0 ProteinNode=0 Chamber=0 other=0 }
[A3] dimer cohesion dispatch: device(noop)=0 cpu(work)=0  | body↔rod constrain: device(noop)=0 cpu(work)=0  | updateMyosins(host-bookkeeping)=0
[NODE] cpuNodeTetherApplyCt=0 (must be 0 on GPU node path)
[STATS] checkBugInsideFireCt=0
[STATS] addLinkForcesFireCt=0
[STATS] addTorsionFireCt=0
[STATS] meshFillFilSegFireCt=0
[STATS] meshAllSegsFireCt=0
[STATS] mbg3dFillFilSegFireCt=0
[STATS] updatePosFromBindFireCt=0
[STATS] updatePosFromStepFireCt=0
[STATS] validateSegFireCt=0
[STATS] anchorFireCt=0
[STATS] filSegInitFireCt=0
[STATS] motorInitFireCt=0
[STATS] meanBoundMotors=0.000
ThingStep Threads took 37.002000 seconds.
ThingBrownian Threads took 10.549000 seconds.
Myosin Threads took 0.000000 seconds.
MyoDimer Threads took 0.000000 seconds.
Protein Node Threads took 5.161000 seconds.
MyoMiniFil Threads took 0.000000 seconds.
Chamber Myo Threads took 0.000000 seconds.
Chamber MyoDimer Threads took 0.000000 seconds.
Mesh Threads took 10.223000 seconds.
Ck Mesh Threads took 49.566000 seconds.
Ck Mots Threads took 0.000000 seconds.
XLink Threads took 0.000000 seconds.
Arp23 Threads took 0.000000 seconds.
NodeLink Threads took 0.000000 seconds.
Membrane Node Threads took 2.961000 seconds.
ActA Threads took 0.000000 seconds.
MotorBindGrid3D Fill took 0.000000 seconds.
Finished closing JSON plots!
