[TELEPORT_DIAG] enabled=false threshold=0.1
Loading parameter values from /home/jba/Code/BoA/RUN_LOGS/2026-06-09_per_worker_rng/4x_cpu_jmap.pf...
     Parameter assigned: deltaT set to 1.0E-5
     Parameter assigned: biochemDeltaT set to 0.01
     Parameter assigned: collisionDeltaT set to 1.0E-5
     Parameter assigned: brownianDeltaT set to 1.0E-5
     Parameter assigned: runTime set to 0.12
     Parameter assigned: toFileInterval set to 100000000
     Parameter assigned: remoteWriteInterval set to 1000
     Parameter assigned: fracMove set to 0.5
     Parameter assigned: fracR set to 0.1
     Parameter assigned: fracMoveTorq set to 0.2
     Parameter assigned: boxXDim set to 28.0
     Parameter assigned: boxYDim set to 28.0
     Parameter assigned: boxZDim set to 0.5
     Parameter assigned: aeta set to 0.1
     Parameter assigned: noMonomersSimd set to true
     Parameter assigned: kRdmNuc set to 0.0
     Parameter assigned: kNodeNuc set to 0.0
     Parameter assigned: initialFilaments set to 1600
     Parameter assigned: minFilLength set to 1.0
     Parameter assigned: maxFilLength set to 3.0
     Parameter assigned: initialMyoMiniFils set to 0
     Parameter assigned: equilNodes set to 0
     Parameter assigned: glidingAssay set to true
     Parameter assigned: externalDensitySweep set to true
     Parameter assigned: fixedMyosinDensity set to 500.0
     Parameter assigned: fixedMyosinZValue set to -0.05
     Parameter assigned: glidingFilamentLength set to 2.0
     Parameter assigned: filSegLength set to 64
Done... there were 0 misunderstandings.
[RNG] per-worker RNG pool: 17 MTFs, masterSeed=-4829729879070384296 (BOA_RNG_SEED unset)
**************************************************************
Eulerian Mesh stats:
nXBins = 141; xBinWidth = 0.2 µm
nYBins = 141; yBinWidth = 0.2 µm
binDepth = 1000
**************************************************************
MotorBindGrid3D: 141 x 141 x 4 cells (0.2 µm each)
[12:08] [phase-plan] inert-wave cull — ThreadSet activation snapshot:
[12:08]   ON   ThingStep Threads
[12:08]   ON   ThingBrownian Threads
[12:08]   ON   Myosin Threads
[12:08]   OFF  MyoDimer Threads
[12:08]   OFF  Protein Node Threads
[12:08]   OFF  MyoMiniFil Threads
[12:08]   OFF  Chamber Myo Threads
[12:08]   OFF  Chamber MyoDimer Threads
[12:08]   ON   Mesh Threads
[12:08]   ON   Ck Mesh Threads
[12:08]   ON   Ck Mots Threads
[12:08]   OFF  XLink Threads
[12:08]   OFF  Arp23 Threads
[12:08]   OFF  NodeLink Threads
[12:08]   OFF  Membrane Node Threads
[12:08]   OFF  ActA Threads
[12:08]   ON   MotorBindGrid3D Fill
[12:08] [phase-plan] 7 active, 10 inert (will skip dispatch)
[GATHER] call=1000 totalDirty=0 maxThread=0 cumAvg=598960.6 cumMaxPerThread=92679
[GATHER] call=2000 totalDirty=0 maxThread=0 cumAvg=599498.2 cumMaxPerThread=92679
Sim. time=00.01....~657.96 minutes computation to simulate 1 sec, run finished in ~01.21 hours
[GATHER] call=3000 totalDirty=0 maxThread=0 cumAvg=599833.9 cumMaxPerThread=92679
