[TELEPORT_DIAG] enabled=false threshold=0.1
Loading parameter values from /home/jba/Code/BoA/RUN_LOGS/2026-06-08_scaling_study/16x_cpu_K1.pf...
     Parameter assigned: deltaT set to 1.0E-5
     Parameter assigned: biochemDeltaT set to 0.01
     Parameter assigned: collisionDeltaT set to 1.0E-5
     Parameter assigned: brownianDeltaT set to 1.0E-5
     Parameter assigned: runTime set to 0.002
     Parameter assigned: toFileInterval set to 5000
     Parameter assigned: remoteWriteInterval set to 1000
     Parameter assigned: fracMove set to 0.5
     Parameter assigned: fracR set to 0.1
     Parameter assigned: fracMoveTorq set to 0.2
     Parameter assigned: boxXDim set to 56.0
     Parameter assigned: boxYDim set to 56.0
     Parameter assigned: boxZDim set to 0.5
     Parameter assigned: aeta set to 0.1
     Parameter assigned: noMonomersSimd set to true
     Parameter assigned: kRdmNuc set to 0.0
     Parameter assigned: kNodeNuc set to 0.0
     Parameter assigned: initialFilaments set to 6400
     Parameter assigned: minFilLength set to 1.0
     Parameter assigned: maxFilLength set to 3.0
     Parameter assigned: initialMyoMiniFils set to 0
     Parameter assigned: equilNodes set to 0
     Parameter assigned: glidingAssay set to true
     Parameter assigned: externalDensitySweep set to true
     Parameter assigned: fixedMyosinDensity set to 500.0
     Parameter assigned: fixedMyosinZValue set to -0.05
     Parameter assigned: glidingFilamentLength set to 2.0
     Parameter assigned: filSegLength set to 64
Done... there were 0 misunderstandings.
[RNG] per-worker RNG pool: 17 MTFs, masterSeed=-1268746020053076938 (BOA_RNG_SEED unset)
**************************************************************
Eulerian Mesh stats:
nXBins = 281; xBinWidth = 0.2 µm
nYBins = 281; yBinWidth = 0.2 µm
binDepth = 1000
**************************************************************
MotorBindGrid3D: 281 x 281 x 4 cells (0.2 µm each)
[12:19] [phase-plan] inert-wave cull — ThreadSet activation snapshot:
[12:19]   ON   ThingStep Threads
[12:19]   ON   ThingBrownian Threads
[12:19]   ON   Myosin Threads
[12:19]   OFF  MyoDimer Threads
[12:19]   OFF  Protein Node Threads
[12:19]   OFF  MyoMiniFil Threads
[12:19]   OFF  Chamber Myo Threads
[12:19]   OFF  Chamber MyoDimer Threads
[12:19]   ON   Mesh Threads
[12:19]   ON   Ck Mesh Threads
[12:19]   ON   Ck Mots Threads
[12:19]   OFF  XLink Threads
[12:19]   OFF  Arp23 Threads
[12:19]   OFF  NodeLink Threads
[12:19]   OFF  Membrane Node Threads
[12:19]   OFF  ActA Threads
[12:19]   ON   MotorBindGrid3D Fill
[12:19] [phase-plan] 7 active, 10 inert (will skip dispatch)
collisionTime = 0.0
myosinTime = 0.0
[STATS] bindEvents=61203
[STATS] checkBugInsideFireCt=0
[STATS] addLinkForcesFireCt=0
[STATS] addTorsionFireCt=0
[STATS] meshFillFilSegFireCt=0
[STATS] meshAllSegsFireCt=0
[STATS] mbg3dFillFilSegFireCt=0
[STATS] updatePosFromBindFireCt=0
[STATS] updatePosFromStepFireCt=0
[STATS] validateSegFireCt=0
[STATS] anchorFireCt=0
[STATS] filSegInitFireCt=0
[STATS] motorInitFireCt=0
[STATS] meanBoundMotors=8847.587
[STATS] glidingVelocity=0.0000
ThingStep Threads took 197.152000 seconds.
ThingBrownian Threads took 40.561000 seconds.
Myosin Threads took 54.350000 seconds.
MyoDimer Threads took 0.000000 seconds.
Protein Node Threads took 0.000000 seconds.
MyoMiniFil Threads took 0.000000 seconds.
Chamber Myo Threads took 0.000000 seconds.
Chamber MyoDimer Threads took 0.000000 seconds.
Mesh Threads took 16.282000 seconds.
Ck Mesh Threads took 1.411000 seconds.
Ck Mots Threads took 97.549000 seconds.
XLink Threads took 0.174000 seconds.
Arp23 Threads took 0.000000 seconds.
NodeLink Threads took 0.000000 seconds.
Membrane Node Threads took 0.000000 seconds.
ActA Threads took 0.000000 seconds.
MotorBindGrid3D Fill took 27.239000 seconds.
Finished closing JSON plots!
