[TELEPORT_DIAG] enabled=false threshold=0.1
Loading parameter values from /home/jba/Code/BoA/ParameterFiles/glidingAssay_d1000_colTol4nm...
     Parameter assigned: deltaT set to 1.0E-5
     Parameter assigned: biochemDeltaT set to 0.01
     Parameter assigned: collisionDeltaT set to 1.0E-5
     No match found for parameter label brownianDeltaT ... you best check that out!
     Parameter assigned: runTime set to 0.7
     Parameter assigned: toFileInterval set to 300
     Parameter assigned: remoteWriteInterval set to 1000
     Parameter assigned: fracMove set to 0.5
     Parameter assigned: fracR set to 0.1
     Parameter assigned: fracMoveTorq set to 0.2
     Parameter assigned: boxXDim set to 14.0
     Parameter assigned: boxYDim set to 2.0
     Parameter assigned: boxZDim set to 0.5
     Parameter assigned: aeta set to 0.1
     Parameter assigned: noMonomersSimd set to true
     Parameter assigned: kRdmNuc set to 0.0
     Parameter assigned: kNodeNuc set to 0.0
     Parameter assigned: initialFilaments set to 0
     Parameter assigned: initialMyoMiniFils set to 0
     Parameter assigned: equilNodes set to 0
     Parameter assigned: glidingAssay set to true
     Parameter assigned: externalDensitySweep set to true
     Parameter assigned: fixedMyosinDensity set to 1000.0
     Parameter assigned: fixedMyosinZValue set to -0.05
     Parameter assigned: glidingFilamentLength set to 2.0
     Parameter assigned: filSegLength set to 64
     Parameter assigned: myoColTol set to 0.004
Done... there were 1 misunderstandings.
[RNG] per-worker RNG pool: 17 MTFs, masterSeed=-6202650903836770628 (BOA_RNG_SEED unset)
[MOTOR] default fhat neck-stroke: cockedMotor_ActinAngle=90.0 cockedLever_MotorAngle=70.0 (default)
**************************************************************
Eulerian Mesh stats:
nXBins = 71; xBinWidth = 0.2 µm
nYBins = 11; yBinWidth = 0.2 µm
binDepth = 1000
**************************************************************
MotorBindGrid3D: 71 x 11 x 4 cells (0.2 µm each)
[14:14] [phase-plan] inert-wave cull — ThreadSet activation snapshot:
[14:14]   ON   ThingStep Threads
[14:14]   ON   ThingBrownian Threads
[14:14]   ON   Myosin Threads
[14:14]   OFF  MyoDimer Threads
[14:14]   OFF  Protein Node Threads
[14:14]   OFF  MyoMiniFil Threads
[14:14]   OFF  Chamber Myo Threads
[14:14]   OFF  Chamber MyoDimer Threads
[14:14]   ON   Mesh Threads
[14:14]   ON   Ck Mesh Threads
[14:14]   ON   Ck Mots Threads
[14:14]   OFF  XLink Threads
[14:14]   OFF  Arp23 Threads
[14:14]   OFF  NodeLink Threads
[14:14]   OFF  Membrane Node Threads
[14:14]   OFF  ActA Threads
[14:14]   ON   MotorBindGrid3D Fill
[14:14] [phase-plan] 7 active, 10 inert (will skip dispatch)
ThreeJSWriter: created directory /home/jba/Code/threejs_output/colrep_4nm_p2
ThreeJSWriter: output directory /home/jba/Code/threejs_output/colrep_4nm_p2
ThreeJSWriter: archived 5 source files to source.zip
ThreeJSWriter: wrote params_input.glidingAssay_d1000_colTol4nm
ThreeJSWriter: wrote params_effective.txt (381 parameters)
[STRETCHCENSUS] step=301 t=0.0030 n=7 ext_nm=3.9596 absFdF_pN=2.7325 sgnFdF_pN=0.0334 dwell_ms=0.3833
[GATHER] call=1000 totalDirty=0 maxThread=0 cumAvg=42007.8 cumMaxPerThread=5261
[STRETCHCENSUS] step=601 t=0.0060 n=13 ext_nm=6.2228 absFdF_pN=3.9188 sgnFdF_pN=3.3178 dwell_ms=0.5213
[STRETCHCENSUS] step=901 t=0.0090 n=11 ext_nm=4.8573 absFdF_pN=2.3449 sgnFdF_pN=1.3703 dwell_ms=0.5143
[GATHER] call=2000 totalDirty=0 maxThread=0 cumAvg=42009.4 cumMaxPerThread=5261
Sim. time=00.01....~115.33 minutes computation to simulate 1 sec, run finished in ~01.33 hours
[STRETCHCENSUS] step=1201 t=0.0120 n=12 ext_nm=5.2716 absFdF_pN=1.8634 sgnFdF_pN=0.1607 dwell_ms=0.5020
[GATHER] call=3000 totalDirty=0 maxThread=0 cumAvg=42010.1 cumMaxPerThread=5261
[STRETCHCENSUS] step=1501 t=0.0150 n=14 ext_nm=5.5979 absFdF_pN=3.4927 sgnFdF_pN=-0.1681 dwell_ms=0.5451
[STRETCHCENSUS] step=1801 t=0.0180 n=13 ext_nm=4.1095 absFdF_pN=2.6374 sgnFdF_pN=-1.2300 dwell_ms=0.5432
[GATHER] call=4000 totalDirty=0 maxThread=0 cumAvg=42010.4 cumMaxPerThread=5261
Sim. time=00.02....~110.98 minutes computation to simulate 1 sec, run finished in ~01.26 hours
[STRETCHCENSUS] step=2101 t=0.0210 n=8 ext_nm=4.5634 absFdF_pN=2.2492 sgnFdF_pN=-1.0994 dwell_ms=0.5556
[STRETCHCENSUS] step=2401 t=0.0240 n=13 ext_nm=4.8063 absFdF_pN=2.6030 sgnFdF_pN=1.9816 dwell_ms=0.5669
[GATHER] call=5000 totalDirty=0 maxThread=0 cumAvg=42010.5 cumMaxPerThread=5261
[STRETCHCENSUS] step=2701 t=0.0270 n=17 ext_nm=5.0933 absFdF_pN=3.2296 sgnFdF_pN=-1.6924 dwell_ms=0.5613
[GATHER] call=6000 totalDirty=0 maxThread=0 cumAvg=42010.7 cumMaxPerThread=5261
Sim. time=00.03....~115.75 minutes computation to simulate 1 sec, run finished in ~01.29 hours
[STRETCHCENSUS] step=3001 t=0.0300 n=14 ext_nm=5.9303 absFdF_pN=3.6557 sgnFdF_pN=-1.7366 dwell_ms=0.5633
[STRETCHCENSUS] step=3301 t=0.0330 n=14 ext_nm=5.3919 absFdF_pN=2.9209 sgnFdF_pN=1.5975 dwell_ms=0.5869
[GATHER] call=7000 totalDirty=0 maxThread=0 cumAvg=42010.7 cumMaxPerThread=5261
[STRETCHCENSUS] step=3601 t=0.0360 n=11 ext_nm=6.1125 absFdF_pN=2.8148 sgnFdF_pN=-0.6451 dwell_ms=0.5924
[STRETCHCENSUS] step=3901 t=0.0390 n=11 ext_nm=5.3456 absFdF_pN=2.6857 sgnFdF_pN=0.6395 dwell_ms=0.5850
[GATHER] call=8000 totalDirty=0 maxThread=0 cumAvg=42010.6 cumMaxPerThread=5261
Sim. time=00.04....~117.20 minutes computation to simulate 1 sec, run finished in ~01.29 hours
[STRETCHCENSUS] step=4201 t=0.0420 n=14 ext_nm=4.0942 absFdF_pN=2.1958 sgnFdF_pN=1.5219 dwell_ms=0.5858
[GATHER] call=9000 totalDirty=0 maxThread=0 cumAvg=42010.7 cumMaxPerThread=5261
[STRETCHCENSUS] step=4501 t=0.0450 n=14 ext_nm=4.9102 absFdF_pN=3.1440 sgnFdF_pN=-1.7229 dwell_ms=0.5887
[STRETCHCENSUS] step=4801 t=0.0480 n=10 ext_nm=4.3677 absFdF_pN=2.4511 sgnFdF_pN=-0.3333 dwell_ms=0.6015
[GATHER] call=10000 totalDirty=0 maxThread=0 cumAvg=42010.7 cumMaxPerThread=5261
Sim. time=00.05....~116.33 minutes computation to simulate 1 sec, run finished in ~01.26 hours
[STRETCHCENSUS] step=5101 t=0.0510 n=7 ext_nm=6.6653 absFdF_pN=3.4071 sgnFdF_pN=-0.9586 dwell_ms=0.6078
[STRETCHCENSUS] step=5401 t=0.0540 n=10 ext_nm=5.2638 absFdF_pN=3.1641 sgnFdF_pN=-1.8004 dwell_ms=0.6142
[GATHER] call=11000 totalDirty=0 maxThread=0 cumAvg=42010.6 cumMaxPerThread=5261
[STRETCHCENSUS] step=5701 t=0.0570 n=11 ext_nm=3.7546 absFdF_pN=2.0468 sgnFdF_pN=0.3562 dwell_ms=0.6142
[GATHER] call=12000 totalDirty=0 maxThread=0 cumAvg=42010.7 cumMaxPerThread=5261
Sim. time=00.06....~116.46 minutes computation to simulate 1 sec, run finished in ~01.24 hours
[STRETCHCENSUS] step=6001 t=0.0600 n=13 ext_nm=5.4771 absFdF_pN=2.7242 sgnFdF_pN=-1.6734 dwell_ms=0.6198
[STRETCHCENSUS] step=6301 t=0.0630 n=11 ext_nm=4.4114 absFdF_pN=2.3561 sgnFdF_pN=0.7547 dwell_ms=0.6104
[GATHER] call=13000 totalDirty=0 maxThread=0 cumAvg=42010.7 cumMaxPerThread=5261
[STRETCHCENSUS] step=6601 t=0.0660 n=10 ext_nm=4.5233 absFdF_pN=1.7923 sgnFdF_pN=-0.2672 dwell_ms=0.6162
[STRETCHCENSUS] step=6901 t=0.0690 n=13 ext_nm=5.6961 absFdF_pN=3.6534 sgnFdF_pN=1.1126 dwell_ms=0.6203
[GATHER] call=14000 totalDirty=0 maxThread=0 cumAvg=42010.8 cumMaxPerThread=5261
Sim. time=00.07....~116.75 minutes computation to simulate 1 sec, run finished in ~01.23 hours
[STRETCHCENSUS] step=7201 t=0.0720 n=17 ext_nm=5.2461 absFdF_pN=2.2634 sgnFdF_pN=0.1388 dwell_ms=0.6209
[GATHER] call=15000 totalDirty=0 maxThread=0 cumAvg=42010.8 cumMaxPerThread=5261
[STRETCHCENSUS] step=7501 t=0.0750 n=8 ext_nm=5.2636 absFdF_pN=3.7578 sgnFdF_pN=-2.3458 dwell_ms=0.6188
[STRETCHCENSUS] step=7801 t=0.0780 n=6 ext_nm=5.0578 absFdF_pN=1.5403 sgnFdF_pN=-0.2512 dwell_ms=0.6178
[GATHER] call=16000 totalDirty=0 maxThread=0 cumAvg=42010.7 cumMaxPerThread=5261
Sim. time=00.08....~116.12 minutes computation to simulate 1 sec, run finished in ~01.20 hours
[STRETCHCENSUS] step=8101 t=0.0810 n=9 ext_nm=5.6026 absFdF_pN=2.4993 sgnFdF_pN=0.4490 dwell_ms=0.6172
[STRETCHCENSUS] step=8401 t=0.0840 n=9 ext_nm=5.2039 absFdF_pN=3.5888 sgnFdF_pN=3.4515 dwell_ms=0.6131
[GATHER] call=17000 totalDirty=0 maxThread=0 cumAvg=42010.6 cumMaxPerThread=5261
[STRETCHCENSUS] step=8701 t=0.0870 n=11 ext_nm=5.7336 absFdF_pN=3.5937 sgnFdF_pN=-0.4374 dwell_ms=0.6177
[GATHER] call=18000 totalDirty=0 maxThread=0 cumAvg=42010.6 cumMaxPerThread=5261
Sim. time=00.09....~106.62 minutes computation to simulate 1 sec, run finished in ~01.08 hours
[STRETCHCENSUS] step=9001 t=0.0900 n=11 ext_nm=5.3114 absFdF_pN=2.8079 sgnFdF_pN=-1.1206 dwell_ms=0.6154
[STRETCHCENSUS] step=9301 t=0.0930 n=16 ext_nm=5.8381 absFdF_pN=3.5326 sgnFdF_pN=2.9126 dwell_ms=0.6178
[GATHER] call=19000 totalDirty=0 maxThread=0 cumAvg=42010.6 cumMaxPerThread=5261
[STRETCHCENSUS] step=9601 t=0.0960 n=13 ext_nm=5.7960 absFdF_pN=4.1217 sgnFdF_pN=0.0752 dwell_ms=0.6204
[STRETCHCENSUS] step=9901 t=0.0990 n=15 ext_nm=4.3689 absFdF_pN=2.9932 sgnFdF_pN=-0.0334 dwell_ms=0.6266
[GATHER] call=20000 totalDirty=0 maxThread=0 cumAvg=42010.7 cumMaxPerThread=5261
Sim. time=00.10....~106.58 minutes computation to simulate 1 sec, run finished in ~01.07 hours
[STRETCHCENSUS] step=10201 t=0.1020 n=12 ext_nm=5.0513 absFdF_pN=2.3576 sgnFdF_pN=1.1688 dwell_ms=0.6259
[GATHER] call=21000 totalDirty=0 maxThread=0 cumAvg=42010.8 cumMaxPerThread=5261
[STRETCHCENSUS] step=10501 t=0.1050 n=14 ext_nm=5.1256 absFdF_pN=3.4617 sgnFdF_pN=1.4644 dwell_ms=0.6276
[STRETCHCENSUS] step=10801 t=0.1080 n=12 ext_nm=5.2527 absFdF_pN=2.9318 sgnFdF_pN=-1.4678 dwell_ms=0.6262
[GATHER] call=22000 totalDirty=0 maxThread=0 cumAvg=42010.8 cumMaxPerThread=5261
Sim. time=00.11....~106.34 minutes computation to simulate 1 sec, run finished in ~01.05 hours
[STRETCHCENSUS] step=11101 t=0.1110 n=16 ext_nm=5.1468 absFdF_pN=2.8663 sgnFdF_pN=-0.2909 dwell_ms=0.6278
[STRETCHCENSUS] step=11401 t=0.1140 n=12 ext_nm=4.9664 absFdF_pN=2.6326 sgnFdF_pN=0.3619 dwell_ms=0.6298
[GATHER] call=23000 totalDirty=0 maxThread=0 cumAvg=42010.8 cumMaxPerThread=5261
[STRETCHCENSUS] step=11701 t=0.1170 n=13 ext_nm=5.7691 absFdF_pN=3.4739 sgnFdF_pN=-0.1763 dwell_ms=0.6346
[GATHER] call=24000 totalDirty=0 maxThread=0 cumAvg=42010.9 cumMaxPerThread=5261
Sim. time=00.12....~106.26 minutes computation to simulate 1 sec, run finished in ~01.03 hours
[STRETCHCENSUS] step=12001 t=0.1200 n=11 ext_nm=4.8934 absFdF_pN=2.5899 sgnFdF_pN=-0.0076 dwell_ms=0.6377
[STRETCHCENSUS] step=12301 t=0.1230 n=10 ext_nm=5.2888 absFdF_pN=2.8463 sgnFdF_pN=-0.1103 dwell_ms=0.6364
[GATHER] call=25000 totalDirty=0 maxThread=0 cumAvg=42010.9 cumMaxPerThread=5261
[STRETCHCENSUS] step=12601 t=0.1260 n=17 ext_nm=5.2304 absFdF_pN=2.9697 sgnFdF_pN=-0.1103 dwell_ms=0.6339
[STRETCHCENSUS] step=12901 t=0.1290 n=18 ext_nm=5.2258 absFdF_pN=2.8161 sgnFdF_pN=-0.2445 dwell_ms=0.6314
[GATHER] call=26000 totalDirty=0 maxThread=0 cumAvg=42010.9 cumMaxPerThread=5261
Sim. time=00.13....~106.65 minutes computation to simulate 1 sec, run finished in ~01.01 hours
[STRETCHCENSUS] step=13201 t=0.1320 n=14 ext_nm=4.0189 absFdF_pN=2.2178 sgnFdF_pN=0.4457 dwell_ms=0.6342
[GATHER] call=27000 totalDirty=0 maxThread=0 cumAvg=42011.0 cumMaxPerThread=5261
[STRETCHCENSUS] step=13501 t=0.1350 n=12 ext_nm=5.3137 absFdF_pN=2.6530 sgnFdF_pN=1.4699 dwell_ms=0.6288
[STRETCHCENSUS] step=13801 t=0.1380 n=11 ext_nm=5.9533 absFdF_pN=3.6094 sgnFdF_pN=1.2949 dwell_ms=0.6270
[GATHER] call=28000 totalDirty=0 maxThread=0 cumAvg=42010.9 cumMaxPerThread=5261
Sim. time=00.14....~106.47 minutes computation to simulate 1 sec, run finished in ~00.99 hours
[STRETCHCENSUS] step=14101 t=0.1410 n=13 ext_nm=5.2489 absFdF_pN=2.7004 sgnFdF_pN=1.0599 dwell_ms=0.6226
[STRETCHCENSUS] step=14401 t=0.1440 n=12 ext_nm=4.7217 absFdF_pN=2.4423 sgnFdF_pN=2.2832 dwell_ms=0.6240
[GATHER] call=29000 totalDirty=0 maxThread=0 cumAvg=42011.0 cumMaxPerThread=5261
[STRETCHCENSUS] step=14701 t=0.1470 n=13 ext_nm=5.1459 absFdF_pN=3.6319 sgnFdF_pN=-2.9178 dwell_ms=0.6257
[GATHER] call=30000 totalDirty=0 maxThread=0 cumAvg=42011.0 cumMaxPerThread=5261
Sim. time=00.15....~106.01 minutes computation to simulate 1 sec, run finished in ~00.97 hours
[STRETCHCENSUS] step=15001 t=0.1500 n=12 ext_nm=4.4794 absFdF_pN=2.9475 sgnFdF_pN=-0.5000 dwell_ms=0.6265
[STRETCHCENSUS] step=15301 t=0.1530 n=10 ext_nm=3.5848 absFdF_pN=2.0865 sgnFdF_pN=0.4231 dwell_ms=0.6271
[GATHER] call=31000 totalDirty=0 maxThread=0 cumAvg=42011.0 cumMaxPerThread=5261
[STRETCHCENSUS] step=15601 t=0.1560 n=10 ext_nm=4.4436 absFdF_pN=2.4289 sgnFdF_pN=0.5934 dwell_ms=0.6319
[STRETCHCENSUS] step=15901 t=0.1590 n=8 ext_nm=5.3521 absFdF_pN=3.5930 sgnFdF_pN=-1.1656 dwell_ms=0.6366
[GATHER] call=32000 totalDirty=0 maxThread=0 cumAvg=42011.0 cumMaxPerThread=5261
Sim. time=00.16....~106.59 minutes computation to simulate 1 sec, run finished in ~00.96 hours
[STRETCHCENSUS] step=16201 t=0.1620 n=11 ext_nm=5.2790 absFdF_pN=3.1111 sgnFdF_pN=1.6701 dwell_ms=0.6390
[GATHER] call=33000 totalDirty=0 maxThread=0 cumAvg=42010.9 cumMaxPerThread=5261
[STRETCHCENSUS] step=16501 t=0.1650 n=9 ext_nm=5.2568 absFdF_pN=2.9855 sgnFdF_pN=-1.1239 dwell_ms=0.6398
[STRETCHCENSUS] step=16801 t=0.1680 n=13 ext_nm=4.8008 absFdF_pN=2.4342 sgnFdF_pN=-1.6495 dwell_ms=0.6416
[GATHER] call=34000 totalDirty=0 maxThread=0 cumAvg=42011.0 cumMaxPerThread=5261
Sim. time=00.17....~106.91 minutes computation to simulate 1 sec, run finished in ~00.94 hours
[STRETCHCENSUS] step=17101 t=0.1710 n=11 ext_nm=5.3237 absFdF_pN=3.3692 sgnFdF_pN=-1.0051 dwell_ms=0.6398
[STRETCHCENSUS] step=17401 t=0.1740 n=9 ext_nm=5.7713 absFdF_pN=4.1441 sgnFdF_pN=3.0337 dwell_ms=0.6409
[GATHER] call=35000 totalDirty=0 maxThread=0 cumAvg=42010.9 cumMaxPerThread=5261
[STRETCHCENSUS] step=17701 t=0.1770 n=6 ext_nm=5.1946 absFdF_pN=3.3293 sgnFdF_pN=3.3293 dwell_ms=0.6402
[GATHER] call=36000 totalDirty=0 maxThread=0 cumAvg=42010.9 cumMaxPerThread=5261
Sim. time=00.18....~107.18 minutes computation to simulate 1 sec, run finished in ~00.93 hours
[STRETCHCENSUS] step=18001 t=0.1800 n=9 ext_nm=5.1746 absFdF_pN=2.9653 sgnFdF_pN=0.9658 dwell_ms=0.6397
[STRETCHCENSUS] step=18301 t=0.1830 n=15 ext_nm=4.8724 absFdF_pN=2.8672 sgnFdF_pN=-1.4272 dwell_ms=0.6421
[GATHER] call=37000 totalDirty=0 maxThread=0 cumAvg=42010.8 cumMaxPerThread=5261
[STRETCHCENSUS] step=18601 t=0.1860 n=8 ext_nm=5.6590 absFdF_pN=3.1582 sgnFdF_pN=0.2921 dwell_ms=0.6433
[STRETCHCENSUS] step=18901 t=0.1890 n=8 ext_nm=5.6375 absFdF_pN=2.7100 sgnFdF_pN=-0.3780 dwell_ms=0.6413
[GATHER] call=38000 totalDirty=0 maxThread=0 cumAvg=42010.8 cumMaxPerThread=5261
Sim. time=00.19....~107.83 minutes computation to simulate 1 sec, run finished in ~00.92 hours
[STRETCHCENSUS] step=19201 t=0.1920 n=6 ext_nm=3.4804 absFdF_pN=2.1149 sgnFdF_pN=-0.4712 dwell_ms=0.6415
[GATHER] call=39000 totalDirty=0 maxThread=0 cumAvg=42010.8 cumMaxPerThread=5261
[STRETCHCENSUS] step=19501 t=0.1950 n=7 ext_nm=5.6679 absFdF_pN=3.1800 sgnFdF_pN=-0.4982 dwell_ms=0.6403
[STRETCHCENSUS] step=19801 t=0.1980 n=7 ext_nm=4.5497 absFdF_pN=2.2475 sgnFdF_pN=1.5636 dwell_ms=0.6413
[GATHER] call=40000 totalDirty=0 maxThread=0 cumAvg=42010.7 cumMaxPerThread=5261
Sim. time=00.20....~107.02 minutes computation to simulate 1 sec, run finished in ~00.89 hours
[STRETCHCENSUS] step=20101 t=0.2010 n=6 ext_nm=3.9896 absFdF_pN=1.8403 sgnFdF_pN=-0.9265 dwell_ms=0.6421
[STRETCHCENSUS] step=20401 t=0.2040 n=5 ext_nm=5.0424 absFdF_pN=3.5719 sgnFdF_pN=-0.7661 dwell_ms=0.6437
[GATHER] call=41000 totalDirty=0 maxThread=0 cumAvg=42010.7 cumMaxPerThread=5261
[STRETCHCENSUS] step=20701 t=0.2070 n=12 ext_nm=5.2775 absFdF_pN=2.9320 sgnFdF_pN=-1.7652 dwell_ms=0.6447
[GATHER] call=42000 totalDirty=0 maxThread=0 cumAvg=42010.7 cumMaxPerThread=5261
Sim. time=00.21....~108.72 minutes computation to simulate 1 sec, run finished in ~00.89 hours
[STRETCHCENSUS] step=21001 t=0.2100 n=11 ext_nm=5.0684 absFdF_pN=2.0779 sgnFdF_pN=0.4579 dwell_ms=0.6417
[STRETCHCENSUS] step=21301 t=0.2130 n=8 ext_nm=4.8282 absFdF_pN=2.4103 sgnFdF_pN=-0.2872 dwell_ms=0.6406
[GATHER] call=43000 totalDirty=0 maxThread=0 cumAvg=42010.6 cumMaxPerThread=5261
[STRETCHCENSUS] step=21601 t=0.2160 n=11 ext_nm=3.8028 absFdF_pN=2.3147 sgnFdF_pN=1.1242 dwell_ms=0.6404
[STRETCHCENSUS] step=21901 t=0.2190 n=14 ext_nm=5.4758 absFdF_pN=3.0634 sgnFdF_pN=3.0634 dwell_ms=0.6420
[GATHER] call=44000 totalDirty=0 maxThread=0 cumAvg=42010.7 cumMaxPerThread=5261
Sim. time=00.22....~108.59 minutes computation to simulate 1 sec, run finished in ~00.87 hours
[STRETCHCENSUS] step=22201 t=0.2220 n=14 ext_nm=5.1278 absFdF_pN=3.5845 sgnFdF_pN=-0.4091 dwell_ms=0.6412
[GATHER] call=45000 totalDirty=0 maxThread=0 cumAvg=42010.7 cumMaxPerThread=5261
[STRETCHCENSUS] step=22501 t=0.2250 n=16 ext_nm=5.6139 absFdF_pN=2.7832 sgnFdF_pN=0.2423 dwell_ms=0.6386
[STRETCHCENSUS] step=22801 t=0.2280 n=12 ext_nm=5.3278 absFdF_pN=2.4589 sgnFdF_pN=0.9933 dwell_ms=0.6401
[GATHER] call=46000 totalDirty=0 maxThread=0 cumAvg=42010.7 cumMaxPerThread=5261
Sim. time=00.23....~107.84 minutes computation to simulate 1 sec, run finished in ~00.84 hours
[STRETCHCENSUS] step=23101 t=0.2310 n=14 ext_nm=5.7258 absFdF_pN=2.7015 sgnFdF_pN=-0.1380 dwell_ms=0.6424
[STRETCHCENSUS] step=23401 t=0.2340 n=13 ext_nm=5.2695 absFdF_pN=1.9132 sgnFdF_pN=0.3011 dwell_ms=0.6397
[GATHER] call=47000 totalDirty=0 maxThread=0 cumAvg=42010.8 cumMaxPerThread=5261
[STRETCHCENSUS] step=23701 t=0.2370 n=14 ext_nm=5.3274 absFdF_pN=2.9398 sgnFdF_pN=1.6453 dwell_ms=0.6368
[GATHER] call=48000 totalDirty=0 maxThread=0 cumAvg=42010.8 cumMaxPerThread=5261
Sim. time=00.24....~107.70 minutes computation to simulate 1 sec, run finished in ~00.83 hours
[STRETCHCENSUS] step=24001 t=0.2400 n=11 ext_nm=4.4007 absFdF_pN=2.2230 sgnFdF_pN=0.7707 dwell_ms=0.6334
[STRETCHCENSUS] step=24301 t=0.2430 n=11 ext_nm=4.0170 absFdF_pN=2.3859 sgnFdF_pN=-0.2271 dwell_ms=0.6336
[GATHER] call=49000 totalDirty=0 maxThread=0 cumAvg=42010.8 cumMaxPerThread=5261
[STRETCHCENSUS] step=24601 t=0.2460 n=11 ext_nm=4.9180 absFdF_pN=2.9416 sgnFdF_pN=-1.4934 dwell_ms=0.6356
[STRETCHCENSUS] step=24901 t=0.2490 n=8 ext_nm=4.9406 absFdF_pN=3.0783 sgnFdF_pN=1.3160 dwell_ms=0.6366
[GATHER] call=50000 totalDirty=0 maxThread=0 cumAvg=42010.8 cumMaxPerThread=5261
Sim. time=00.25....~108.00 minutes computation to simulate 1 sec, run finished in ~00.81 hours
[STRETCHCENSUS] step=25201 t=0.2520 n=10 ext_nm=4.8861 absFdF_pN=3.1828 sgnFdF_pN=-0.6329 dwell_ms=0.6346
[GATHER] call=51000 totalDirty=0 maxThread=0 cumAvg=42010.8 cumMaxPerThread=5261
[STRETCHCENSUS] step=25501 t=0.2550 n=8 ext_nm=4.8750 absFdF_pN=2.4579 sgnFdF_pN=-2.4062 dwell_ms=0.6366
[STRETCHCENSUS] step=25801 t=0.2580 n=9 ext_nm=4.9663 absFdF_pN=3.1428 sgnFdF_pN=2.9182 dwell_ms=0.6353
[GATHER] call=52000 totalDirty=0 maxThread=0 cumAvg=42010.8 cumMaxPerThread=5261
Sim. time=00.26....~108.24 minutes computation to simulate 1 sec, run finished in ~00.79 hours
[STRETCHCENSUS] step=26101 t=0.2610 n=8 ext_nm=4.0226 absFdF_pN=2.6107 sgnFdF_pN=1.1097 dwell_ms=0.6360
[STRETCHCENSUS] step=26401 t=0.2640 n=7 ext_nm=6.3470 absFdF_pN=2.6687 sgnFdF_pN=-2.6393 dwell_ms=0.6370
[GATHER] call=53000 totalDirty=0 maxThread=0 cumAvg=42010.7 cumMaxPerThread=5261
[STRETCHCENSUS] step=26701 t=0.2670 n=10 ext_nm=4.7723 absFdF_pN=2.6963 sgnFdF_pN=0.1204 dwell_ms=0.6385
[GATHER] call=54000 totalDirty=0 maxThread=0 cumAvg=42010.7 cumMaxPerThread=5261
Sim. time=00.27....~107.50 minutes computation to simulate 1 sec, run finished in ~00.77 hours
[STRETCHCENSUS] step=27001 t=0.2700 n=5 ext_nm=5.6363 absFdF_pN=3.5013 sgnFdF_pN=0.4818 dwell_ms=0.6408
[STRETCHCENSUS] step=27301 t=0.2730 n=10 ext_nm=5.4475 absFdF_pN=4.0478 sgnFdF_pN=1.4824 dwell_ms=0.6411
[GATHER] call=55000 totalDirty=0 maxThread=0 cumAvg=42010.7 cumMaxPerThread=5261
[STRETCHCENSUS] step=27601 t=0.2760 n=9 ext_nm=5.1594 absFdF_pN=2.9302 sgnFdF_pN=1.3866 dwell_ms=0.6411
[STRETCHCENSUS] step=27901 t=0.2790 n=5 ext_nm=5.8639 absFdF_pN=3.1959 sgnFdF_pN=-1.6787 dwell_ms=0.6425
[GATHER] call=56000 totalDirty=0 maxThread=0 cumAvg=42010.6 cumMaxPerThread=5261
Sim. time=00.28....~108.53 minutes computation to simulate 1 sec, run finished in ~00.76 hours
[STRETCHCENSUS] step=28201 t=0.2820 n=14 ext_nm=4.8929 absFdF_pN=2.6449 sgnFdF_pN=-1.3539 dwell_ms=0.6428
[GATHER] call=57000 totalDirty=0 maxThread=0 cumAvg=42010.7 cumMaxPerThread=5261
[STRETCHCENSUS] step=28501 t=0.2850 n=13 ext_nm=4.9708 absFdF_pN=2.6752 sgnFdF_pN=0.3392 dwell_ms=0.6424
[STRETCHCENSUS] step=28801 t=0.2880 n=8 ext_nm=4.2925 absFdF_pN=2.3431 sgnFdF_pN=-0.2316 dwell_ms=0.6357
[GATHER] call=58000 totalDirty=0 maxThread=0 cumAvg=42010.7 cumMaxPerThread=5261
Sim. time=00.29....~108.16 minutes computation to simulate 1 sec, run finished in ~00.74 hours
[STRETCHCENSUS] step=29101 t=0.2910 n=18 ext_nm=5.3498 absFdF_pN=3.5779 sgnFdF_pN=1.1158 dwell_ms=0.6352
[STRETCHCENSUS] step=29401 t=0.2940 n=14 ext_nm=5.8056 absFdF_pN=4.1400 sgnFdF_pN=-0.6794 dwell_ms=0.6321
[GATHER] call=59000 totalDirty=0 maxThread=0 cumAvg=42010.7 cumMaxPerThread=5261
[STRETCHCENSUS] step=29701 t=0.2970 n=10 ext_nm=4.9085 absFdF_pN=2.4785 sgnFdF_pN=0.1553 dwell_ms=0.6310
[GATHER] call=60000 totalDirty=0 maxThread=0 cumAvg=42010.7 cumMaxPerThread=5261
Sim. time=00.30....~107.74 minutes computation to simulate 1 sec, run finished in ~00.72 hours
[STRETCHCENSUS] step=30001 t=0.3000 n=9 ext_nm=3.6093 absFdF_pN=1.6626 sgnFdF_pN=-0.4149 dwell_ms=0.6324
[STRETCHCENSUS] step=30301 t=0.3030 n=11 ext_nm=4.9746 absFdF_pN=3.2028 sgnFdF_pN=2.5276 dwell_ms=0.6331
[GATHER] call=61000 totalDirty=0 maxThread=0 cumAvg=42010.7 cumMaxPerThread=5261
[STRETCHCENSUS] step=30601 t=0.3060 n=10 ext_nm=5.2771 absFdF_pN=3.2715 sgnFdF_pN=2.8369 dwell_ms=0.6329
[STRETCHCENSUS] step=30901 t=0.3090 n=13 ext_nm=4.9762 absFdF_pN=3.4126 sgnFdF_pN=0.8643 dwell_ms=0.6323
[GATHER] call=62000 totalDirty=0 maxThread=0 cumAvg=42010.7 cumMaxPerThread=5261
Sim. time=00.31....~108.74 minutes computation to simulate 1 sec, run finished in ~00.71 hours
[STRETCHCENSUS] step=31201 t=0.3120 n=15 ext_nm=4.3570 absFdF_pN=2.4647 sgnFdF_pN=0.6980 dwell_ms=0.6343
[GATHER] call=63000 totalDirty=0 maxThread=0 cumAvg=42010.7 cumMaxPerThread=5261
[STRETCHCENSUS] step=31501 t=0.3150 n=13 ext_nm=5.9346 absFdF_pN=2.9448 sgnFdF_pN=0.5501 dwell_ms=0.6333
[STRETCHCENSUS] step=31801 t=0.3180 n=12 ext_nm=4.5957 absFdF_pN=2.5344 sgnFdF_pN=1.0319 dwell_ms=0.6336
[GATHER] call=64000 totalDirty=0 maxThread=0 cumAvg=42010.7 cumMaxPerThread=5261
Sim. time=00.32....~108.10 minutes computation to simulate 1 sec, run finished in ~00.68 hours
[STRETCHCENSUS] step=32101 t=0.3210 n=14 ext_nm=5.0682 absFdF_pN=3.1961 sgnFdF_pN=0.6715 dwell_ms=0.6327
[STRETCHCENSUS] step=32401 t=0.3240 n=8 ext_nm=5.9369 absFdF_pN=3.9683 sgnFdF_pN=-0.5398 dwell_ms=0.6337
[GATHER] call=65000 totalDirty=0 maxThread=0 cumAvg=42010.7 cumMaxPerThread=5261
[STRETCHCENSUS] step=32701 t=0.3270 n=14 ext_nm=5.3857 absFdF_pN=3.0190 sgnFdF_pN=1.9782 dwell_ms=0.6349
[GATHER] call=66000 totalDirty=0 maxThread=0 cumAvg=42010.7 cumMaxPerThread=5261
Sim. time=00.33....~108.40 minutes computation to simulate 1 sec, run finished in ~00.67 hours
[STRETCHCENSUS] step=33001 t=0.3300 n=12 ext_nm=4.6729 absFdF_pN=2.6352 sgnFdF_pN=-0.2833 dwell_ms=0.6347
[STRETCHCENSUS] step=33301 t=0.3330 n=14 ext_nm=4.9772 absFdF_pN=3.4114 sgnFdF_pN=-0.2150 dwell_ms=0.6342
[GATHER] call=67000 totalDirty=0 maxThread=0 cumAvg=42010.7 cumMaxPerThread=5261
[STRETCHCENSUS] step=33601 t=0.3360 n=11 ext_nm=5.2407 absFdF_pN=3.4439 sgnFdF_pN=-0.7833 dwell_ms=0.6356
[STRETCHCENSUS] step=33901 t=0.3390 n=14 ext_nm=5.6623 absFdF_pN=4.0302 sgnFdF_pN=1.9899 dwell_ms=0.6357
[GATHER] call=68000 totalDirty=0 maxThread=0 cumAvg=42010.7 cumMaxPerThread=5261
Sim. time=00.34....~118.31 minutes computation to simulate 1 sec, run finished in ~00.71 hours
[STRETCHCENSUS] step=34201 t=0.3420 n=12 ext_nm=4.5510 absFdF_pN=2.8656 sgnFdF_pN=-1.5763 dwell_ms=0.6356
[GATHER] call=69000 totalDirty=0 maxThread=0 cumAvg=42010.7 cumMaxPerThread=5261
[STRETCHCENSUS] step=34501 t=0.3450 n=12 ext_nm=5.4136 absFdF_pN=3.5128 sgnFdF_pN=-0.5534 dwell_ms=0.6359
[STRETCHCENSUS] step=34801 t=0.3480 n=14 ext_nm=4.2078 absFdF_pN=1.9662 sgnFdF_pN=-0.6153 dwell_ms=0.6339
[GATHER] call=70000 totalDirty=0 maxThread=0 cumAvg=42010.7 cumMaxPerThread=5261
Sim. time=00.35....~119.04 minutes computation to simulate 1 sec, run finished in ~00.69 hours
[STRETCHCENSUS] step=35101 t=0.3510 n=16 ext_nm=5.1880 absFdF_pN=3.7395 sgnFdF_pN=-1.4792 dwell_ms=0.6311
[STRETCHCENSUS] step=35401 t=0.3540 n=18 ext_nm=4.2454 absFdF_pN=2.7493 sgnFdF_pN=0.9078 dwell_ms=0.6307
[GATHER] call=71000 totalDirty=0 maxThread=0 cumAvg=42010.7 cumMaxPerThread=5261
[STRETCHCENSUS] step=35701 t=0.3570 n=13 ext_nm=4.3352 absFdF_pN=2.5229 sgnFdF_pN=1.1254 dwell_ms=0.6306
[GATHER] call=72000 totalDirty=0 maxThread=0 cumAvg=42010.7 cumMaxPerThread=5261
Sim. time=00.36....~118.42 minutes computation to simulate 1 sec, run finished in ~00.67 hours
[STRETCHCENSUS] step=36001 t=0.3600 n=10 ext_nm=5.0591 absFdF_pN=2.4873 sgnFdF_pN=1.3799 dwell_ms=0.6313
[STRETCHCENSUS] step=36301 t=0.3630 n=8 ext_nm=4.5733 absFdF_pN=1.9516 sgnFdF_pN=0.6277 dwell_ms=0.6327
[GATHER] call=73000 totalDirty=0 maxThread=0 cumAvg=42010.7 cumMaxPerThread=5261
[STRETCHCENSUS] step=36601 t=0.3660 n=10 ext_nm=5.3048 absFdF_pN=3.1570 sgnFdF_pN=-1.4456 dwell_ms=0.6325
[STRETCHCENSUS] step=36901 t=0.3690 n=10 ext_nm=4.7320 absFdF_pN=2.3596 sgnFdF_pN=0.4480 dwell_ms=0.6318
[GATHER] call=74000 totalDirty=0 maxThread=0 cumAvg=42010.7 cumMaxPerThread=5261
Sim. time=00.37....~118.84 minutes computation to simulate 1 sec, run finished in ~00.65 hours
[STRETCHCENSUS] step=37201 t=0.3720 n=12 ext_nm=5.0395 absFdF_pN=3.0711 sgnFdF_pN=1.0035 dwell_ms=0.6309
[GATHER] call=75000 totalDirty=0 maxThread=0 cumAvg=42010.7 cumMaxPerThread=5261
[STRETCHCENSUS] step=37501 t=0.3750 n=11 ext_nm=6.0542 absFdF_pN=3.3312 sgnFdF_pN=3.3312 dwell_ms=0.6288
[STRETCHCENSUS] step=37801 t=0.3780 n=12 ext_nm=3.6983 absFdF_pN=1.7930 sgnFdF_pN=-1.1024 dwell_ms=0.6281
[GATHER] call=76000 totalDirty=0 maxThread=0 cumAvg=42010.7 cumMaxPerThread=5261
Sim. time=00.38....~117.41 minutes computation to simulate 1 sec, run finished in ~00.63 hours
[STRETCHCENSUS] step=38101 t=0.3810 n=15 ext_nm=5.0949 absFdF_pN=2.8289 sgnFdF_pN=-0.9663 dwell_ms=0.6279
[STRETCHCENSUS] step=38401 t=0.3840 n=7 ext_nm=6.4118 absFdF_pN=3.9452 sgnFdF_pN=-1.4890 dwell_ms=0.6286
[GATHER] call=77000 totalDirty=0 maxThread=0 cumAvg=42010.7 cumMaxPerThread=5261
[STRETCHCENSUS] step=38701 t=0.3870 n=12 ext_nm=5.9974 absFdF_pN=4.0683 sgnFdF_pN=-0.8657 dwell_ms=0.6297
[GATHER] call=78000 totalDirty=0 maxThread=0 cumAvg=42010.7 cumMaxPerThread=5261
Sim. time=00.39....~116.94 minutes computation to simulate 1 sec, run finished in ~00.60 hours
[STRETCHCENSUS] step=39001 t=0.3900 n=13 ext_nm=5.6803 absFdF_pN=3.1027 sgnFdF_pN=0.0176 dwell_ms=0.6302
[STRETCHCENSUS] step=39301 t=0.3930 n=12 ext_nm=4.9333 absFdF_pN=3.4253 sgnFdF_pN=-0.0399 dwell_ms=0.6303
[GATHER] call=79000 totalDirty=0 maxThread=0 cumAvg=42010.7 cumMaxPerThread=5261
[STRETCHCENSUS] step=39601 t=0.3960 n=12 ext_nm=4.5353 absFdF_pN=2.9683 sgnFdF_pN=-0.2032 dwell_ms=0.6304
[STRETCHCENSUS] step=39901 t=0.3990 n=10 ext_nm=3.9494 absFdF_pN=2.4285 sgnFdF_pN=-0.5228 dwell_ms=0.6303
[GATHER] call=80000 totalDirty=0 maxThread=0 cumAvg=42010.7 cumMaxPerThread=5261
Sim. time=00.40....~118.02 minutes computation to simulate 1 sec, run finished in ~00.59 hours
[STRETCHCENSUS] step=40201 t=0.4020 n=10 ext_nm=4.6431 absFdF_pN=2.0577 sgnFdF_pN=-0.0186 dwell_ms=0.6309
[GATHER] call=81000 totalDirty=0 maxThread=0 cumAvg=42010.7 cumMaxPerThread=5261
[STRETCHCENSUS] step=40501 t=0.4050 n=10 ext_nm=4.9995 absFdF_pN=2.5476 sgnFdF_pN=-1.2195 dwell_ms=0.6321
[STRETCHCENSUS] step=40801 t=0.4080 n=10 ext_nm=6.1459 absFdF_pN=3.9006 sgnFdF_pN=0.7477 dwell_ms=0.6328
[GATHER] call=82000 totalDirty=0 maxThread=0 cumAvg=42010.7 cumMaxPerThread=5261
Sim. time=00.41....~117.98 minutes computation to simulate 1 sec, run finished in ~00.57 hours
[STRETCHCENSUS] step=41101 t=0.4110 n=9 ext_nm=6.0331 absFdF_pN=2.8403 sgnFdF_pN=-1.2423 dwell_ms=0.6325
[STRETCHCENSUS] step=41401 t=0.4140 n=10 ext_nm=5.8765 absFdF_pN=3.9364 sgnFdF_pN=-0.7564 dwell_ms=0.6330
[GATHER] call=83000 totalDirty=0 maxThread=0 cumAvg=42010.7 cumMaxPerThread=5261
[STRETCHCENSUS] step=41701 t=0.4170 n=10 ext_nm=4.3009 absFdF_pN=2.1491 sgnFdF_pN=-0.9875 dwell_ms=0.6322
[GATHER] call=84000 totalDirty=0 maxThread=0 cumAvg=42010.7 cumMaxPerThread=5261
Sim. time=00.42....~118.42 minutes computation to simulate 1 sec, run finished in ~00.55 hours
[STRETCHCENSUS] step=42001 t=0.4200 n=11 ext_nm=5.2128 absFdF_pN=2.1364 sgnFdF_pN=-0.4231 dwell_ms=0.6330
[STRETCHCENSUS] step=42301 t=0.4230 n=13 ext_nm=5.6681 absFdF_pN=3.1843 sgnFdF_pN=-0.0571 dwell_ms=0.6338
[GATHER] call=85000 totalDirty=0 maxThread=0 cumAvg=42010.7 cumMaxPerThread=5261
[STRETCHCENSUS] step=42601 t=0.4260 n=15 ext_nm=4.8089 absFdF_pN=2.2753 sgnFdF_pN=0.0296 dwell_ms=0.6332
[STRETCHCENSUS] step=42901 t=0.4290 n=14 ext_nm=4.3474 absFdF_pN=2.2128 sgnFdF_pN=0.8607 dwell_ms=0.6314
[GATHER] call=86000 totalDirty=0 maxThread=0 cumAvg=42010.7 cumMaxPerThread=5261
Sim. time=00.43....~118.72 minutes computation to simulate 1 sec, run finished in ~00.53 hours
[STRETCHCENSUS] step=43201 t=0.4320 n=11 ext_nm=5.1203 absFdF_pN=3.4088 sgnFdF_pN=-0.1827 dwell_ms=0.6313
[GATHER] call=87000 totalDirty=0 maxThread=0 cumAvg=42010.7 cumMaxPerThread=5261
[STRETCHCENSUS] step=43501 t=0.4350 n=9 ext_nm=4.3490 absFdF_pN=2.2675 sgnFdF_pN=-0.9606 dwell_ms=0.6315
[STRETCHCENSUS] step=43801 t=0.4380 n=13 ext_nm=5.6361 absFdF_pN=2.9947 sgnFdF_pN=1.9614 dwell_ms=0.6313
[GATHER] call=88000 totalDirty=0 maxThread=0 cumAvg=42010.7 cumMaxPerThread=5261
Sim. time=00.44....~112.35 minutes computation to simulate 1 sec, run finished in ~00.49 hours
[STRETCHCENSUS] step=44101 t=0.4410 n=12 ext_nm=5.0268 absFdF_pN=2.8961 sgnFdF_pN=1.7463 dwell_ms=0.6310
[STRETCHCENSUS] step=44401 t=0.4440 n=12 ext_nm=5.3967 absFdF_pN=2.2414 sgnFdF_pN=-0.5325 dwell_ms=0.6301
[GATHER] call=89000 totalDirty=0 maxThread=0 cumAvg=42010.7 cumMaxPerThread=5261
[STRETCHCENSUS] step=44701 t=0.4470 n=10 ext_nm=4.6797 absFdF_pN=2.8411 sgnFdF_pN=2.8160 dwell_ms=0.6313
[GATHER] call=90000 totalDirty=0 maxThread=0 cumAvg=42010.7 cumMaxPerThread=5261
Sim. time=00.45....~109.29 minutes computation to simulate 1 sec, run finished in ~00.46 hours
[STRETCHCENSUS] step=45001 t=0.4500 n=10 ext_nm=5.1994 absFdF_pN=4.0170 sgnFdF_pN=3.6136 dwell_ms=0.6301
[STRETCHCENSUS] step=45301 t=0.4530 n=10 ext_nm=5.6557 absFdF_pN=4.3902 sgnFdF_pN=3.0997 dwell_ms=0.6285
[GATHER] call=91000 totalDirty=0 maxThread=0 cumAvg=42010.7 cumMaxPerThread=5261
[STRETCHCENSUS] step=45601 t=0.4560 n=12 ext_nm=5.4720 absFdF_pN=3.1899 sgnFdF_pN=-1.1241 dwell_ms=0.6276
[STRETCHCENSUS] step=45901 t=0.4590 n=13 ext_nm=4.0542 absFdF_pN=1.7723 sgnFdF_pN=0.1016 dwell_ms=0.6280
[GATHER] call=92000 totalDirty=0 maxThread=0 cumAvg=42010.7 cumMaxPerThread=5261
Sim. time=00.46....~107.67 minutes computation to simulate 1 sec, run finished in ~00.43 hours
[STRETCHCENSUS] step=46201 t=0.4620 n=12 ext_nm=5.1299 absFdF_pN=2.8829 sgnFdF_pN=0.7480 dwell_ms=0.6289
[GATHER] call=93000 totalDirty=0 maxThread=0 cumAvg=42010.7 cumMaxPerThread=5261
[STRETCHCENSUS] step=46501 t=0.4650 n=14 ext_nm=4.8820 absFdF_pN=2.1331 sgnFdF_pN=-0.4994 dwell_ms=0.6283
[STRETCHCENSUS] step=46801 t=0.4680 n=9 ext_nm=4.8905 absFdF_pN=2.8879 sgnFdF_pN=-0.2192 dwell_ms=0.6287
[GATHER] call=94000 totalDirty=0 maxThread=0 cumAvg=42010.7 cumMaxPerThread=5261
Sim. time=00.47....~106.53 minutes computation to simulate 1 sec, run finished in ~00.41 hours
[STRETCHCENSUS] step=47101 t=0.4710 n=13 ext_nm=4.4444 absFdF_pN=2.3854 sgnFdF_pN=-0.4754 dwell_ms=0.6289
[STRETCHCENSUS] step=47401 t=0.4740 n=14 ext_nm=4.6274 absFdF_pN=1.7642 sgnFdF_pN=0.1751 dwell_ms=0.6293
[GATHER] call=95000 totalDirty=0 maxThread=0 cumAvg=42010.7 cumMaxPerThread=5261
[STRETCHCENSUS] step=47701 t=0.4770 n=15 ext_nm=5.5659 absFdF_pN=3.5787 sgnFdF_pN=-1.1339 dwell_ms=0.6277
[GATHER] call=96000 totalDirty=0 maxThread=0 cumAvg=42010.7 cumMaxPerThread=5261
Sim. time=00.48....~107.29 minutes computation to simulate 1 sec, run finished in ~00.39 hours
[STRETCHCENSUS] step=48001 t=0.4800 n=11 ext_nm=4.8747 absFdF_pN=2.3896 sgnFdF_pN=0.5305 dwell_ms=0.6278
[STRETCHCENSUS] step=48301 t=0.4830 n=4 ext_nm=5.0661 absFdF_pN=2.6821 sgnFdF_pN=0.0769 dwell_ms=0.6280
[GATHER] call=97000 totalDirty=0 maxThread=0 cumAvg=42010.7 cumMaxPerThread=5261
[STRETCHCENSUS] step=48601 t=0.4860 n=11 ext_nm=4.8938 absFdF_pN=3.7519 sgnFdF_pN=2.2827 dwell_ms=0.6293
[STRETCHCENSUS] step=48901 t=0.4890 n=16 ext_nm=4.7645 absFdF_pN=2.1187 sgnFdF_pN=-1.2202 dwell_ms=0.6274
[GATHER] call=98000 totalDirty=0 maxThread=0 cumAvg=42010.7 cumMaxPerThread=5261
Sim. time=00.49....~107.42 minutes computation to simulate 1 sec, run finished in ~00.38 hours
[STRETCHCENSUS] step=49201 t=0.4920 n=13 ext_nm=4.5099 absFdF_pN=1.8694 sgnFdF_pN=-0.6227 dwell_ms=0.6252
[GATHER] call=99000 totalDirty=0 maxThread=0 cumAvg=42010.7 cumMaxPerThread=5261
[STRETCHCENSUS] step=49501 t=0.4950 n=11 ext_nm=4.2735 absFdF_pN=2.5880 sgnFdF_pN=1.4737 dwell_ms=0.6252
[STRETCHCENSUS] step=49801 t=0.4980 n=8 ext_nm=5.9364 absFdF_pN=3.8663 sgnFdF_pN=0.9535 dwell_ms=0.6267
[GATHER] call=100000 totalDirty=0 maxThread=0 cumAvg=42010.7 cumMaxPerThread=5261
Sim. time=00.50....~107.38 minutes computation to simulate 1 sec, run finished in ~00.36 hours
[STRETCHCENSUS] step=50101 t=0.5010 n=8 ext_nm=3.7181 absFdF_pN=1.0951 sgnFdF_pN=0.7285 dwell_ms=0.6271
[STRETCHCENSUS] step=50401 t=0.5040 n=11 ext_nm=6.0438 absFdF_pN=2.9135 sgnFdF_pN=0.6322 dwell_ms=0.6270
[GATHER] call=101000 totalDirty=0 maxThread=0 cumAvg=42010.7 cumMaxPerThread=5261
[STRETCHCENSUS] step=50701 t=0.5070 n=11 ext_nm=4.4470 absFdF_pN=3.1004 sgnFdF_pN=1.4740 dwell_ms=0.6264
[GATHER] call=102000 totalDirty=0 maxThread=0 cumAvg=42010.7 cumMaxPerThread=5261
Sim. time=00.51....~106.60 minutes computation to simulate 1 sec, run finished in ~00.34 hours
[STRETCHCENSUS] step=51001 t=0.5100 n=12 ext_nm=6.2879 absFdF_pN=4.8001 sgnFdF_pN=3.2063 dwell_ms=0.6272
[STRETCHCENSUS] step=51301 t=0.5130 n=12 ext_nm=4.5523 absFdF_pN=2.6998 sgnFdF_pN=-2.0597 dwell_ms=0.6275
[GATHER] call=103000 totalDirty=0 maxThread=0 cumAvg=42010.7 cumMaxPerThread=5261
[STRETCHCENSUS] step=51601 t=0.5160 n=11 ext_nm=4.7996 absFdF_pN=2.4329 sgnFdF_pN=-0.3424 dwell_ms=0.6280
[STRETCHCENSUS] step=51901 t=0.5190 n=14 ext_nm=5.0785 absFdF_pN=3.1760 sgnFdF_pN=1.0480 dwell_ms=0.6284
[GATHER] call=104000 totalDirty=0 maxThread=0 cumAvg=42010.7 cumMaxPerThread=5261
Sim. time=00.52....~104.03 minutes computation to simulate 1 sec, run finished in ~00.31 hours
[STRETCHCENSUS] step=52201 t=0.5220 n=11 ext_nm=4.0186 absFdF_pN=2.1995 sgnFdF_pN=-1.8511 dwell_ms=0.6289
[GATHER] call=105000 totalDirty=0 maxThread=0 cumAvg=42010.7 cumMaxPerThread=5261
[STRETCHCENSUS] step=52501 t=0.5250 n=8 ext_nm=5.6846 absFdF_pN=3.7277 sgnFdF_pN=-1.0891 dwell_ms=0.6285
[STRETCHCENSUS] step=52801 t=0.5280 n=13 ext_nm=4.7586 absFdF_pN=2.3021 sgnFdF_pN=1.0602 dwell_ms=0.6285
[GATHER] call=106000 totalDirty=0 maxThread=0 cumAvg=42010.7 cumMaxPerThread=5261
Sim. time=00.53....~105.73 minutes computation to simulate 1 sec, run finished in ~00.30 hours
[STRETCHCENSUS] step=53101 t=0.5310 n=8 ext_nm=6.3766 absFdF_pN=2.6914 sgnFdF_pN=0.2385 dwell_ms=0.6285
[STRETCHCENSUS] step=53401 t=0.5340 n=9 ext_nm=4.2136 absFdF_pN=2.1259 sgnFdF_pN=-0.0351 dwell_ms=0.6299
[GATHER] call=107000 totalDirty=0 maxThread=0 cumAvg=42010.7 cumMaxPerThread=5261
[STRETCHCENSUS] step=53701 t=0.5370 n=10 ext_nm=5.3086 absFdF_pN=2.7421 sgnFdF_pN=-0.9252 dwell_ms=0.6296
[GATHER] call=108000 totalDirty=0 maxThread=0 cumAvg=42010.7 cumMaxPerThread=5261
Sim. time=00.54....~105.80 minutes computation to simulate 1 sec, run finished in ~00.28 hours
[STRETCHCENSUS] step=54001 t=0.5400 n=13 ext_nm=6.1403 absFdF_pN=3.9401 sgnFdF_pN=-0.3763 dwell_ms=0.6299
[STRETCHCENSUS] step=54301 t=0.5430 n=10 ext_nm=6.1511 absFdF_pN=3.9868 sgnFdF_pN=-0.6270 dwell_ms=0.6304
[GATHER] call=109000 totalDirty=0 maxThread=0 cumAvg=42010.7 cumMaxPerThread=5261
[STRETCHCENSUS] step=54601 t=0.5460 n=8 ext_nm=3.4505 absFdF_pN=1.9504 sgnFdF_pN=0.8363 dwell_ms=0.6299
[STRETCHCENSUS] step=54901 t=0.5490 n=7 ext_nm=5.8997 absFdF_pN=2.7665 sgnFdF_pN=0.5236 dwell_ms=0.6298
[GATHER] call=110000 totalDirty=0 maxThread=0 cumAvg=42010.7 cumMaxPerThread=5261
Sim. time=00.55....~110.62 minutes computation to simulate 1 sec, run finished in ~00.28 hours
[STRETCHCENSUS] step=55201 t=0.5520 n=12 ext_nm=5.1145 absFdF_pN=3.0935 sgnFdF_pN=-0.5633 dwell_ms=0.6294
[GATHER] call=111000 totalDirty=0 maxThread=0 cumAvg=42010.7 cumMaxPerThread=5261
[STRETCHCENSUS] step=55501 t=0.5550 n=9 ext_nm=5.0523 absFdF_pN=2.2379 sgnFdF_pN=-0.0239 dwell_ms=0.6294
[STRETCHCENSUS] step=55801 t=0.5580 n=18 ext_nm=6.5406 absFdF_pN=3.9626 sgnFdF_pN=1.1529 dwell_ms=0.6300
[GATHER] call=112000 totalDirty=0 maxThread=0 cumAvg=42010.7 cumMaxPerThread=5261
Sim. time=00.56....~116.53 minutes computation to simulate 1 sec, run finished in ~00.27 hours
[STRETCHCENSUS] step=56101 t=0.5610 n=14 ext_nm=4.7839 absFdF_pN=2.7344 sgnFdF_pN=1.3968 dwell_ms=0.6299
[STRETCHCENSUS] step=56401 t=0.5640 n=9 ext_nm=3.8473 absFdF_pN=2.6553 sgnFdF_pN=-0.0686 dwell_ms=0.6297
[GATHER] call=113000 totalDirty=0 maxThread=0 cumAvg=42010.7 cumMaxPerThread=5261
[STRETCHCENSUS] step=56701 t=0.5670 n=7 ext_nm=5.3856 absFdF_pN=2.3576 sgnFdF_pN=1.0735 dwell_ms=0.6289
[GATHER] call=114000 totalDirty=0 maxThread=0 cumAvg=42010.7 cumMaxPerThread=5261
Sim. time=00.57....~115.56 minutes computation to simulate 1 sec, run finished in ~00.25 hours
[STRETCHCENSUS] step=57001 t=0.5700 n=11 ext_nm=5.1401 absFdF_pN=2.2560 sgnFdF_pN=0.6042 dwell_ms=0.6286
[STRETCHCENSUS] step=57301 t=0.5730 n=10 ext_nm=4.2889 absFdF_pN=1.5688 sgnFdF_pN=0.5860 dwell_ms=0.6300
[GATHER] call=115000 totalDirty=0 maxThread=0 cumAvg=42010.7 cumMaxPerThread=5261
[STRETCHCENSUS] step=57601 t=0.5760 n=11 ext_nm=4.6500 absFdF_pN=2.0359 sgnFdF_pN=1.0875 dwell_ms=0.6293
[STRETCHCENSUS] step=57901 t=0.5790 n=14 ext_nm=4.7168 absFdF_pN=1.8306 sgnFdF_pN=0.3670 dwell_ms=0.6301
[GATHER] call=116000 totalDirty=0 maxThread=0 cumAvg=42010.7 cumMaxPerThread=5261
Sim. time=00.58....~117.43 minutes computation to simulate 1 sec, run finished in ~00.23 hours
[STRETCHCENSUS] step=58201 t=0.5820 n=10 ext_nm=5.4408 absFdF_pN=3.1958 sgnFdF_pN=0.9307 dwell_ms=0.6292
[GATHER] call=117000 totalDirty=0 maxThread=0 cumAvg=42010.7 cumMaxPerThread=5261
[STRETCHCENSUS] step=58501 t=0.5850 n=14 ext_nm=5.0754 absFdF_pN=3.5143 sgnFdF_pN=1.1494 dwell_ms=0.6294
[STRETCHCENSUS] step=58801 t=0.5880 n=13 ext_nm=6.5866 absFdF_pN=4.1353 sgnFdF_pN=-1.9338 dwell_ms=0.6310
[GATHER] call=118000 totalDirty=0 maxThread=0 cumAvg=42010.7 cumMaxPerThread=5261
Sim. time=00.59....~116.12 minutes computation to simulate 1 sec, run finished in ~00.21 hours
[STRETCHCENSUS] step=59101 t=0.5910 n=14 ext_nm=4.9632 absFdF_pN=2.7465 sgnFdF_pN=-1.2906 dwell_ms=0.6301
[STRETCHCENSUS] step=59401 t=0.5940 n=13 ext_nm=4.5140 absFdF_pN=2.0471 sgnFdF_pN=-0.5059 dwell_ms=0.6286
[GATHER] call=119000 totalDirty=0 maxThread=0 cumAvg=42010.7 cumMaxPerThread=5261
[STRETCHCENSUS] step=59701 t=0.5970 n=15 ext_nm=5.1544 absFdF_pN=2.6331 sgnFdF_pN=0.8422 dwell_ms=0.6288
[GATHER] call=120000 totalDirty=0 maxThread=0 cumAvg=42010.7 cumMaxPerThread=5261
Sim. time=00.60....~116.79 minutes computation to simulate 1 sec, run finished in ~00.19 hours
[STRETCHCENSUS] step=60001 t=0.6000 n=12 ext_nm=5.4532 absFdF_pN=2.2647 sgnFdF_pN=-1.5082 dwell_ms=0.6292
[STRETCHCENSUS] step=60301 t=0.6030 n=11 ext_nm=3.5385 absFdF_pN=1.4328 sgnFdF_pN=0.3484 dwell_ms=0.6307
[GATHER] call=121000 totalDirty=0 maxThread=0 cumAvg=42010.7 cumMaxPerThread=5261
[STRETCHCENSUS] step=60601 t=0.6060 n=12 ext_nm=5.3950 absFdF_pN=3.2805 sgnFdF_pN=1.7243 dwell_ms=0.6309
[STRETCHCENSUS] step=60901 t=0.6090 n=8 ext_nm=4.6786 absFdF_pN=3.2913 sgnFdF_pN=0.9532 dwell_ms=0.6317
[GATHER] call=122000 totalDirty=0 maxThread=0 cumAvg=42010.7 cumMaxPerThread=5261
Sim. time=00.61....~116.23 minutes computation to simulate 1 sec, run finished in ~00.17 hours
[STRETCHCENSUS] step=61201 t=0.6120 n=13 ext_nm=4.9146 absFdF_pN=2.2780 sgnFdF_pN=-0.1243 dwell_ms=0.6318
[GATHER] call=123000 totalDirty=0 maxThread=0 cumAvg=42010.7 cumMaxPerThread=5261
[STRETCHCENSUS] step=61501 t=0.6150 n=11 ext_nm=4.1793 absFdF_pN=1.8342 sgnFdF_pN=1.1076 dwell_ms=0.6322
[STRETCHCENSUS] step=61801 t=0.6180 n=6 ext_nm=4.7838 absFdF_pN=3.1848 sgnFdF_pN=-1.1473 dwell_ms=0.6327
[GATHER] call=124000 totalDirty=0 maxThread=0 cumAvg=42010.7 cumMaxPerThread=5261
Sim. time=00.62....~116.22 minutes computation to simulate 1 sec, run finished in ~00.15 hours
[STRETCHCENSUS] step=62101 t=0.6210 n=6 ext_nm=4.2257 absFdF_pN=2.4504 sgnFdF_pN=0.2032 dwell_ms=0.6331
[STRETCHCENSUS] step=62401 t=0.6240 n=9 ext_nm=5.0500 absFdF_pN=3.1193 sgnFdF_pN=1.2984 dwell_ms=0.6330
[GATHER] call=125000 totalDirty=0 maxThread=0 cumAvg=42010.7 cumMaxPerThread=5261
[STRETCHCENSUS] step=62701 t=0.6270 n=11 ext_nm=5.5693 absFdF_pN=3.1252 sgnFdF_pN=-0.7464 dwell_ms=0.6327
[GATHER] call=126000 totalDirty=0 maxThread=0 cumAvg=42010.7 cumMaxPerThread=5261
Sim. time=00.63....~115.97 minutes computation to simulate 1 sec, run finished in ~00.14 hours
[STRETCHCENSUS] step=63001 t=0.6300 n=11 ext_nm=5.3913 absFdF_pN=3.9267 sgnFdF_pN=1.0798 dwell_ms=0.6327
[STRETCHCENSUS] step=63301 t=0.6330 n=9 ext_nm=4.4305 absFdF_pN=2.6840 sgnFdF_pN=0.8649 dwell_ms=0.6329
[GATHER] call=127000 totalDirty=0 maxThread=0 cumAvg=42010.7 cumMaxPerThread=5261
[STRETCHCENSUS] step=63601 t=0.6360 n=9 ext_nm=5.6177 absFdF_pN=2.9936 sgnFdF_pN=1.8723 dwell_ms=0.6322
[STRETCHCENSUS] step=63901 t=0.6390 n=9 ext_nm=4.6070 absFdF_pN=1.4494 sgnFdF_pN=-0.0597 dwell_ms=0.6325
[GATHER] call=128000 totalDirty=0 maxThread=0 cumAvg=42010.7 cumMaxPerThread=5261
Sim. time=00.64....~116.84 minutes computation to simulate 1 sec, run finished in ~00.12 hours
[STRETCHCENSUS] step=64201 t=0.6420 n=11 ext_nm=6.6398 absFdF_pN=3.9900 sgnFdF_pN=1.6311 dwell_ms=0.6320
[GATHER] call=129000 totalDirty=0 maxThread=0 cumAvg=42010.7 cumMaxPerThread=5261
[STRETCHCENSUS] step=64501 t=0.6450 n=14 ext_nm=6.8915 absFdF_pN=3.3169 sgnFdF_pN=1.5010 dwell_ms=0.6321
[STRETCHCENSUS] step=64801 t=0.6480 n=12 ext_nm=5.9303 absFdF_pN=3.6941 sgnFdF_pN=1.2609 dwell_ms=0.6316
[GATHER] call=130000 totalDirty=0 maxThread=0 cumAvg=42010.7 cumMaxPerThread=5261
Sim. time=00.65....~113.04 minutes computation to simulate 1 sec, run finished in ~00.09 hours
[STRETCHCENSUS] step=65101 t=0.6510 n=18 ext_nm=4.5985 absFdF_pN=2.1722 sgnFdF_pN=1.1130 dwell_ms=0.6313
[STRETCHCENSUS] step=65401 t=0.6540 n=15 ext_nm=5.3846 absFdF_pN=3.4739 sgnFdF_pN=-1.2523 dwell_ms=0.6313
[GATHER] call=131000 totalDirty=0 maxThread=0 cumAvg=42010.7 cumMaxPerThread=5261
[STRETCHCENSUS] step=65701 t=0.6570 n=11 ext_nm=6.1475 absFdF_pN=3.2872 sgnFdF_pN=0.2795 dwell_ms=0.6312
[GATHER] call=132000 totalDirty=0 maxThread=0 cumAvg=42010.7 cumMaxPerThread=5261
Sim. time=00.66....~116.38 minutes computation to simulate 1 sec, run finished in ~00.08 hours
[STRETCHCENSUS] step=66001 t=0.6600 n=14 ext_nm=4.7049 absFdF_pN=2.3938 sgnFdF_pN=0.6028 dwell_ms=0.6315
[STRETCHCENSUS] step=66301 t=0.6630 n=11 ext_nm=5.2471 absFdF_pN=2.6754 sgnFdF_pN=0.2292 dwell_ms=0.6318
[GATHER] call=133000 totalDirty=0 maxThread=0 cumAvg=42010.7 cumMaxPerThread=5261
[STRETCHCENSUS] step=66601 t=0.6660 n=10 ext_nm=4.9753 absFdF_pN=4.0512 sgnFdF_pN=-2.3038 dwell_ms=0.6319
[STRETCHCENSUS] step=66901 t=0.6690 n=14 ext_nm=5.2693 absFdF_pN=2.9828 sgnFdF_pN=2.1917 dwell_ms=0.6324
[GATHER] call=134000 totalDirty=0 maxThread=0 cumAvg=42010.7 cumMaxPerThread=5261
Sim. time=00.67....~116.60 minutes computation to simulate 1 sec, run finished in ~00.06 hours
[STRETCHCENSUS] step=67201 t=0.6720 n=10 ext_nm=5.2287 absFdF_pN=2.6570 sgnFdF_pN=0.7649 dwell_ms=0.6312
[GATHER] call=135000 totalDirty=0 maxThread=0 cumAvg=42010.7 cumMaxPerThread=5261
[STRETCHCENSUS] step=67501 t=0.6750 n=13 ext_nm=6.7315 absFdF_pN=4.4832 sgnFdF_pN=-0.4559 dwell_ms=0.6318
[STRETCHCENSUS] step=67801 t=0.6780 n=14 ext_nm=4.9229 absFdF_pN=2.4318 sgnFdF_pN=0.5073 dwell_ms=0.6313
[GATHER] call=136000 totalDirty=0 maxThread=0 cumAvg=42010.7 cumMaxPerThread=5261
Sim. time=00.68....~110.47 minutes computation to simulate 1 sec, run finished in ~00.04 hours
[STRETCHCENSUS] step=68101 t=0.6810 n=15 ext_nm=5.1337 absFdF_pN=3.8732 sgnFdF_pN=0.9583 dwell_ms=0.6317
[STRETCHCENSUS] step=68401 t=0.6840 n=10 ext_nm=5.0371 absFdF_pN=1.0892 sgnFdF_pN=0.1247 dwell_ms=0.6323
[GATHER] call=137000 totalDirty=0 maxThread=0 cumAvg=42010.7 cumMaxPerThread=5261
[STRETCHCENSUS] step=68701 t=0.6870 n=14 ext_nm=6.2382 absFdF_pN=3.4274 sgnFdF_pN=-1.2562 dwell_ms=0.6314
[GATHER] call=138000 totalDirty=0 maxThread=0 cumAvg=42010.8 cumMaxPerThread=5261
Sim. time=00.69....~106.08 minutes computation to simulate 1 sec, run finished in ~00.02 hours
[STRETCHCENSUS] step=69001 t=0.6900 n=15 ext_nm=5.7792 absFdF_pN=3.6233 sgnFdF_pN=-0.0009 dwell_ms=0.6314
[STRETCHCENSUS] step=69301 t=0.6930 n=11 ext_nm=5.0530 absFdF_pN=2.7752 sgnFdF_pN=0.9842 dwell_ms=0.6316
[GATHER] call=139000 totalDirty=0 maxThread=0 cumAvg=42010.8 cumMaxPerThread=5261
[STRETCHCENSUS] step=69601 t=0.6960 n=12 ext_nm=5.0313 absFdF_pN=2.4419 sgnFdF_pN=-1.0804 dwell_ms=0.6321
[STRETCHCENSUS] step=69901 t=0.6990 n=11 ext_nm=6.0803 absFdF_pN=3.4242 sgnFdF_pN=-1.0130 dwell_ms=0.6317
[GATHER] call=140000 totalDirty=0 maxThread=0 cumAvg=42010.8 cumMaxPerThread=5261
Sim. time=00.70....~106.55 minutes computation to simulate 1 sec, run finished in ~00.00 hours
collisionTime = 0.0
myosinTime = 0.0
[STATS] bindEvents=12512
[STATS] filLinks=0 (active=0 inactive=0)
[STATS] linkCtMean=0.00 (samples=70101) linkCtMeanSettled=0.00 (samples=35102) finalActive=0
[STATS] filFilBroadphase active=false filsegMeshFillSkipped=0 candPairs=0 candMaxPerSeg=0 overflowSegs=0 drainCalls=0
[STATS] fActin segs=11 monomers=740 fActinUM=0.01 meanSegLenUM=0.184 freePoolUM=14.99
[STATS] mem usedHeapMB=1515.2 maxHeapMB=4295.0
[STATS] percolation filaments=1 activeLinks=0 linksPerFil=0.000 largestComp=1 (100.0% of fils) spanX=0.13 spanY=0.04 spanZ=0.08 spanFrac=0.13 percolates=false
[A3] cpuFallback histogram (last classify): thingCt=0 cpuFb total=0 { FilSeg=0 MyoMini=0 ProteinNode=0 Chamber=0 other=0 }
[A3] dimer cohesion dispatch: device(noop)=0 cpu(work)=0  | body↔rod constrain: device(noop)=0 cpu(work)=0  | updateMyosins(host-bookkeeping)=0
[NODE] cpuNodeTetherApplyCt=0 (must be 0 on GPU node path)
[STATS] checkBugInsideFireCt=0
[STATS] addLinkForcesFireCt=0
[STATS] addTorsionFireCt=0
[STATS] meshFillFilSegFireCt=0
[STATS] meshAllSegsFireCt=0
[STATS] mbg3dFillFilSegFireCt=0
[STATS] updatePosFromBindFireCt=0
[STATS] updatePosFromStepFireCt=0
[STATS] validateSegFireCt=0
[STATS] anchorFireCt=0
[STATS] filSegInitFireCt=0
[STATS] motorInitFireCt=0
[STATS] meanBoundMotors=11.464
[STATS] glidingVelocity=3.3071
ThingStep Threads took 2016.807000 seconds.
ThingBrownian Threads took 567.727000 seconds.
Myosin Threads took 742.877000 seconds.
MyoDimer Threads took 0.000000 seconds.
Protein Node Threads took 0.000000 seconds.
MyoMiniFil Threads took 0.000000 seconds.
Chamber Myo Threads took 0.000000 seconds.
Chamber MyoDimer Threads took 0.000000 seconds.
Mesh Threads took 56.900000 seconds.
Ck Mesh Threads took 38.366000 seconds.
Ck Mots Threads took 118.780000 seconds.
XLink Threads took 0.000000 seconds.
Arp23 Threads took 0.000000 seconds.
NodeLink Threads took 0.000000 seconds.
Membrane Node Threads took 0.000000 seconds.
ActA Threads took 0.000000 seconds.
MotorBindGrid3D Fill took 209.675000 seconds.
Finished closing JSON plots!
