[TELEPORT_DIAG] enabled=false threshold=0.1
Loading parameter values from /home/jba/Code/BoA/ParameterFiles/glidingAssay_d1000_colTol6nm...
     Parameter assigned: deltaT set to 1.0E-5
     Parameter assigned: biochemDeltaT set to 0.01
     Parameter assigned: collisionDeltaT set to 1.0E-5
     No match found for parameter label brownianDeltaT ... you best check that out!
     Parameter assigned: runTime set to 0.7
     Parameter assigned: toFileInterval set to 300
     Parameter assigned: remoteWriteInterval set to 1000
     Parameter assigned: fracMove set to 0.5
     Parameter assigned: fracR set to 0.1
     Parameter assigned: fracMoveTorq set to 0.2
     Parameter assigned: boxXDim set to 14.0
     Parameter assigned: boxYDim set to 2.0
     Parameter assigned: boxZDim set to 0.5
     Parameter assigned: aeta set to 0.1
     Parameter assigned: noMonomersSimd set to true
     Parameter assigned: kRdmNuc set to 0.0
     Parameter assigned: kNodeNuc set to 0.0
     Parameter assigned: initialFilaments set to 0
     Parameter assigned: initialMyoMiniFils set to 0
     Parameter assigned: equilNodes set to 0
     Parameter assigned: glidingAssay set to true
     Parameter assigned: externalDensitySweep set to true
     Parameter assigned: fixedMyosinDensity set to 1000.0
     Parameter assigned: fixedMyosinZValue set to -0.05
     Parameter assigned: glidingFilamentLength set to 2.0
     Parameter assigned: filSegLength set to 64
     Parameter assigned: myoColTol set to 0.006
Done... there were 1 misunderstandings.
[RNG] per-worker RNG pool: 17 MTFs, masterSeed=-8184540012660092085 (BOA_RNG_SEED unset)
[MOTOR] default fhat neck-stroke: cockedMotor_ActinAngle=90.0 cockedLever_MotorAngle=70.0 (default)
**************************************************************
Eulerian Mesh stats:
nXBins = 71; xBinWidth = 0.2 µm
nYBins = 11; yBinWidth = 0.2 µm
binDepth = 1000
**************************************************************
MotorBindGrid3D: 71 x 11 x 4 cells (0.2 µm each)
[13:53] [phase-plan] inert-wave cull — ThreadSet activation snapshot:
[13:53]   ON   ThingStep Threads
[13:53]   ON   ThingBrownian Threads
[13:53]   ON   Myosin Threads
[13:53]   OFF  MyoDimer Threads
[13:53]   OFF  Protein Node Threads
[13:53]   OFF  MyoMiniFil Threads
[13:53]   OFF  Chamber Myo Threads
[13:53]   OFF  Chamber MyoDimer Threads
[13:53]   ON   Mesh Threads
[13:53]   ON   Ck Mesh Threads
[13:53]   ON   Ck Mots Threads
[13:53]   OFF  XLink Threads
[13:53]   OFF  Arp23 Threads
[13:53]   OFF  NodeLink Threads
[13:53]   OFF  Membrane Node Threads
[13:53]   OFF  ActA Threads
[13:53]   ON   MotorBindGrid3D Fill
[13:53] [phase-plan] 7 active, 10 inert (will skip dispatch)
ThreeJSWriter: created directory /home/jba/Code/threejs_output/colrep_6nm_p1
ThreeJSWriter: output directory /home/jba/Code/threejs_output/colrep_6nm_p1
ThreeJSWriter: archived 5 source files to source.zip
ThreeJSWriter: wrote params_input.glidingAssay_d1000_colTol6nm
ThreeJSWriter: wrote params_effective.txt (381 parameters)
[STRETCHCENSUS] step=301 t=0.0030 n=11 ext_nm=4.9266 absFdF_pN=3.6501 sgnFdF_pN=-1.6220 dwell_ms=0.3122
[GATHER] call=1000 totalDirty=0 maxThread=0 cumAvg=42009.1 cumMaxPerThread=5261
[STRETCHCENSUS] step=601 t=0.0060 n=18 ext_nm=5.0126 absFdF_pN=2.9820 sgnFdF_pN=0.0975 dwell_ms=0.3673
[STRETCHCENSUS] step=901 t=0.0090 n=16 ext_nm=4.5565 absFdF_pN=1.9610 sgnFdF_pN=1.0012 dwell_ms=0.3385
[GATHER] call=2000 totalDirty=0 maxThread=0 cumAvg=42011.3 cumMaxPerThread=5261
Sim. time=00.01....~113.58 minutes computation to simulate 1 sec, run finished in ~01.31 hours
[STRETCHCENSUS] step=1201 t=0.0120 n=13 ext_nm=4.2655 absFdF_pN=2.1693 sgnFdF_pN=-0.0568 dwell_ms=0.3658
[GATHER] call=3000 totalDirty=0 maxThread=0 cumAvg=42011.9 cumMaxPerThread=5261
[STRETCHCENSUS] step=1501 t=0.0150 n=20 ext_nm=4.7646 absFdF_pN=3.0984 sgnFdF_pN=0.5261 dwell_ms=0.3238
[STRETCHCENSUS] step=1801 t=0.0180 n=16 ext_nm=6.0761 absFdF_pN=2.6536 sgnFdF_pN=0.5928 dwell_ms=0.3076
[GATHER] call=4000 totalDirty=0 maxThread=0 cumAvg=42012.3 cumMaxPerThread=5261
Sim. time=00.02....~107.24 minutes computation to simulate 1 sec, run finished in ~01.22 hours
[STRETCHCENSUS] step=2101 t=0.0210 n=18 ext_nm=5.0826 absFdF_pN=2.7480 sgnFdF_pN=0.4461 dwell_ms=0.3183
[STRETCHCENSUS] step=2401 t=0.0240 n=15 ext_nm=3.9295 absFdF_pN=1.9490 sgnFdF_pN=0.4196 dwell_ms=0.3048
[GATHER] call=5000 totalDirty=0 maxThread=0 cumAvg=42012.8 cumMaxPerThread=5261
[STRETCHCENSUS] step=2701 t=0.0270 n=16 ext_nm=6.5471 absFdF_pN=3.7937 sgnFdF_pN=1.1597 dwell_ms=0.3112
[GATHER] call=6000 totalDirty=0 maxThread=0 cumAvg=42012.9 cumMaxPerThread=5261
Sim. time=00.03....~107.69 minutes computation to simulate 1 sec, run finished in ~01.20 hours
[STRETCHCENSUS] step=3001 t=0.0300 n=14 ext_nm=5.1546 absFdF_pN=2.3071 sgnFdF_pN=-0.6206 dwell_ms=0.3055
[STRETCHCENSUS] step=3301 t=0.0330 n=14 ext_nm=5.3383 absFdF_pN=2.6588 sgnFdF_pN=0.7104 dwell_ms=0.3125
[GATHER] call=7000 totalDirty=0 maxThread=0 cumAvg=42012.8 cumMaxPerThread=5261
[STRETCHCENSUS] step=3601 t=0.0360 n=16 ext_nm=5.4797 absFdF_pN=2.6987 sgnFdF_pN=0.2591 dwell_ms=0.3208
[STRETCHCENSUS] step=3901 t=0.0390 n=19 ext_nm=5.2439 absFdF_pN=2.7324 sgnFdF_pN=1.5887 dwell_ms=0.3269
[GATHER] call=8000 totalDirty=0 maxThread=0 cumAvg=42013.0 cumMaxPerThread=5261
Sim. time=00.04....~108.03 minutes computation to simulate 1 sec, run finished in ~01.19 hours
[STRETCHCENSUS] step=4201 t=0.0420 n=17 ext_nm=5.4279 absFdF_pN=2.8797 sgnFdF_pN=0.0534 dwell_ms=0.3302
[GATHER] call=9000 totalDirty=0 maxThread=0 cumAvg=42013.0 cumMaxPerThread=5261
[STRETCHCENSUS] step=4501 t=0.0450 n=12 ext_nm=4.4819 absFdF_pN=3.0892 sgnFdF_pN=-0.5347 dwell_ms=0.3327
[STRETCHCENSUS] step=4801 t=0.0480 n=12 ext_nm=4.7919 absFdF_pN=2.3192 sgnFdF_pN=-0.7232 dwell_ms=0.3393
[GATHER] call=10000 totalDirty=0 maxThread=0 cumAvg=42012.8 cumMaxPerThread=5261
Sim. time=00.05....~106.74 minutes computation to simulate 1 sec, run finished in ~01.16 hours
[STRETCHCENSUS] step=5101 t=0.0510 n=18 ext_nm=4.9806 absFdF_pN=3.1836 sgnFdF_pN=-0.6018 dwell_ms=0.3416
[STRETCHCENSUS] step=5401 t=0.0540 n=17 ext_nm=5.4613 absFdF_pN=3.2246 sgnFdF_pN=0.2119 dwell_ms=0.3443
[GATHER] call=11000 totalDirty=0 maxThread=0 cumAvg=42012.9 cumMaxPerThread=5261
[STRETCHCENSUS] step=5701 t=0.0570 n=18 ext_nm=5.2757 absFdF_pN=3.1622 sgnFdF_pN=0.3559 dwell_ms=0.3372
[GATHER] call=12000 totalDirty=0 maxThread=0 cumAvg=42012.9 cumMaxPerThread=5261
Sim. time=00.06....~106.90 minutes computation to simulate 1 sec, run finished in ~01.14 hours
[STRETCHCENSUS] step=6001 t=0.0600 n=12 ext_nm=4.7999 absFdF_pN=1.7971 sgnFdF_pN=0.5430 dwell_ms=0.3377
[STRETCHCENSUS] step=6301 t=0.0630 n=16 ext_nm=5.1878 absFdF_pN=2.7813 sgnFdF_pN=1.1305 dwell_ms=0.3370
[GATHER] call=13000 totalDirty=0 maxThread=0 cumAvg=42012.8 cumMaxPerThread=5261
[STRETCHCENSUS] step=6601 t=0.0660 n=13 ext_nm=4.4089 absFdF_pN=2.5993 sgnFdF_pN=0.3275 dwell_ms=0.3408
[STRETCHCENSUS] step=6901 t=0.0690 n=15 ext_nm=4.9203 absFdF_pN=2.4337 sgnFdF_pN=0.1308 dwell_ms=0.3469
[GATHER] call=14000 totalDirty=0 maxThread=0 cumAvg=42012.8 cumMaxPerThread=5261
Sim. time=00.07....~107.19 minutes computation to simulate 1 sec, run finished in ~01.13 hours
[STRETCHCENSUS] step=7201 t=0.0720 n=18 ext_nm=5.0382 absFdF_pN=3.1682 sgnFdF_pN=-0.4612 dwell_ms=0.3543
[GATHER] call=15000 totalDirty=0 maxThread=0 cumAvg=42012.8 cumMaxPerThread=5261
[STRETCHCENSUS] step=7501 t=0.0750 n=15 ext_nm=5.0232 absFdF_pN=3.2065 sgnFdF_pN=0.1380 dwell_ms=0.3603
[STRETCHCENSUS] step=7801 t=0.0780 n=15 ext_nm=6.0917 absFdF_pN=3.9862 sgnFdF_pN=1.0122 dwell_ms=0.3597
[GATHER] call=16000 totalDirty=0 maxThread=0 cumAvg=42012.8 cumMaxPerThread=5261
Sim. time=00.08....~107.13 minutes computation to simulate 1 sec, run finished in ~01.11 hours
[STRETCHCENSUS] step=8101 t=0.0810 n=19 ext_nm=5.5067 absFdF_pN=2.6527 sgnFdF_pN=-0.7028 dwell_ms=0.3599
[STRETCHCENSUS] step=8401 t=0.0840 n=16 ext_nm=4.4400 absFdF_pN=1.6857 sgnFdF_pN=0.3878 dwell_ms=0.3641
[GATHER] call=17000 totalDirty=0 maxThread=0 cumAvg=42012.8 cumMaxPerThread=5261
[STRETCHCENSUS] step=8701 t=0.0870 n=22 ext_nm=4.9122 absFdF_pN=2.5517 sgnFdF_pN=0.9312 dwell_ms=0.3596
[GATHER] call=18000 totalDirty=0 maxThread=0 cumAvg=42013.0 cumMaxPerThread=5261
Sim. time=00.09....~106.85 minutes computation to simulate 1 sec, run finished in ~01.09 hours
[STRETCHCENSUS] step=9001 t=0.0900 n=18 ext_nm=5.2362 absFdF_pN=2.6202 sgnFdF_pN=-0.2200 dwell_ms=0.3566
[STRETCHCENSUS] step=9301 t=0.0930 n=19 ext_nm=5.9901 absFdF_pN=3.2538 sgnFdF_pN=0.7343 dwell_ms=0.3615
[GATHER] call=19000 totalDirty=0 maxThread=0 cumAvg=42013.0 cumMaxPerThread=5261
[STRETCHCENSUS] step=9601 t=0.0960 n=16 ext_nm=6.3378 absFdF_pN=3.1740 sgnFdF_pN=1.5038 dwell_ms=0.3630
[STRETCHCENSUS] step=9901 t=0.0990 n=14 ext_nm=4.7096 absFdF_pN=2.0319 sgnFdF_pN=-0.9339 dwell_ms=0.3611
[GATHER] call=20000 totalDirty=0 maxThread=0 cumAvg=42013.0 cumMaxPerThread=5261
Sim. time=00.10....~107.37 minutes computation to simulate 1 sec, run finished in ~01.07 hours
[STRETCHCENSUS] step=10201 t=0.1020 n=18 ext_nm=4.7240 absFdF_pN=2.4819 sgnFdF_pN=-0.2465 dwell_ms=0.3614
[GATHER] call=21000 totalDirty=0 maxThread=0 cumAvg=42013.1 cumMaxPerThread=5261
[STRETCHCENSUS] step=10501 t=0.1050 n=10 ext_nm=5.2520 absFdF_pN=2.6703 sgnFdF_pN=-1.1412 dwell_ms=0.3639
[STRETCHCENSUS] step=10801 t=0.1080 n=15 ext_nm=4.2553 absFdF_pN=1.8503 sgnFdF_pN=-0.8428 dwell_ms=0.3651
[GATHER] call=22000 totalDirty=0 maxThread=0 cumAvg=42013.1 cumMaxPerThread=5261
Sim. time=00.11....~106.95 minutes computation to simulate 1 sec, run finished in ~01.05 hours
[STRETCHCENSUS] step=11101 t=0.1110 n=18 ext_nm=4.9641 absFdF_pN=2.6290 sgnFdF_pN=0.1220 dwell_ms=0.3657
[STRETCHCENSUS] step=11401 t=0.1140 n=24 ext_nm=4.6738 absFdF_pN=2.4366 sgnFdF_pN=-0.3221 dwell_ms=0.3624
[GATHER] call=23000 totalDirty=0 maxThread=0 cumAvg=42013.1 cumMaxPerThread=5261
[STRETCHCENSUS] step=11701 t=0.1170 n=17 ext_nm=5.9322 absFdF_pN=3.7008 sgnFdF_pN=-1.1642 dwell_ms=0.3623
[GATHER] call=24000 totalDirty=0 maxThread=0 cumAvg=42013.1 cumMaxPerThread=5261
Sim. time=00.12....~107.18 minutes computation to simulate 1 sec, run finished in ~01.04 hours
[STRETCHCENSUS] step=12001 t=0.1200 n=19 ext_nm=5.1226 absFdF_pN=2.5324 sgnFdF_pN=0.3174 dwell_ms=0.3644
[STRETCHCENSUS] step=12301 t=0.1230 n=19 ext_nm=4.6645 absFdF_pN=2.9957 sgnFdF_pN=0.1992 dwell_ms=0.3660
[GATHER] call=25000 totalDirty=0 maxThread=0 cumAvg=42013.2 cumMaxPerThread=5261
[STRETCHCENSUS] step=12601 t=0.1260 n=14 ext_nm=5.0827 absFdF_pN=3.0579 sgnFdF_pN=1.1555 dwell_ms=0.3664
[STRETCHCENSUS] step=12901 t=0.1290 n=13 ext_nm=5.8775 absFdF_pN=4.3835 sgnFdF_pN=1.8370 dwell_ms=0.3701
[GATHER] call=26000 totalDirty=0 maxThread=0 cumAvg=42013.2 cumMaxPerThread=5261
Sim. time=00.13....~107.98 minutes computation to simulate 1 sec, run finished in ~01.03 hours
[STRETCHCENSUS] step=13201 t=0.1320 n=19 ext_nm=5.3383 absFdF_pN=3.6449 sgnFdF_pN=-0.6050 dwell_ms=0.3718
[GATHER] call=27000 totalDirty=0 maxThread=0 cumAvg=42013.2 cumMaxPerThread=5261
[STRETCHCENSUS] step=13501 t=0.1350 n=18 ext_nm=4.5612 absFdF_pN=2.6466 sgnFdF_pN=-0.3537 dwell_ms=0.3738
[STRETCHCENSUS] step=13801 t=0.1380 n=17 ext_nm=5.7913 absFdF_pN=2.5182 sgnFdF_pN=-0.3253 dwell_ms=0.3747
[GATHER] call=28000 totalDirty=0 maxThread=0 cumAvg=42013.2 cumMaxPerThread=5261
Sim. time=00.14....~112.65 minutes computation to simulate 1 sec, run finished in ~01.05 hours
[STRETCHCENSUS] step=14101 t=0.1410 n=16 ext_nm=4.4062 absFdF_pN=2.5782 sgnFdF_pN=0.1107 dwell_ms=0.3712
[STRETCHCENSUS] step=14401 t=0.1440 n=19 ext_nm=4.5978 absFdF_pN=2.2431 sgnFdF_pN=0.5807 dwell_ms=0.3689
[GATHER] call=29000 totalDirty=0 maxThread=0 cumAvg=42013.2 cumMaxPerThread=5261
[STRETCHCENSUS] step=14701 t=0.1470 n=21 ext_nm=6.0173 absFdF_pN=4.0652 sgnFdF_pN=0.1541 dwell_ms=0.3677
[GATHER] call=30000 totalDirty=0 maxThread=0 cumAvg=42013.3 cumMaxPerThread=5261
Sim. time=00.15....~120.54 minutes computation to simulate 1 sec, run finished in ~01.10 hours
[STRETCHCENSUS] step=15001 t=0.1500 n=19 ext_nm=5.1920 absFdF_pN=2.5865 sgnFdF_pN=0.0464 dwell_ms=0.3688
[STRETCHCENSUS] step=15301 t=0.1530 n=18 ext_nm=5.6949 absFdF_pN=3.4403 sgnFdF_pN=0.1359 dwell_ms=0.3709
[GATHER] call=31000 totalDirty=0 maxThread=0 cumAvg=42013.3 cumMaxPerThread=5261
[STRETCHCENSUS] step=15601 t=0.1560 n=13 ext_nm=4.7889 absFdF_pN=2.3494 sgnFdF_pN=1.0385 dwell_ms=0.3732
[STRETCHCENSUS] step=15901 t=0.1590 n=13 ext_nm=4.6817 absFdF_pN=2.7664 sgnFdF_pN=-0.7388 dwell_ms=0.3758
[GATHER] call=32000 totalDirty=0 maxThread=0 cumAvg=42013.3 cumMaxPerThread=5261
Sim. time=00.16....~125.42 minutes computation to simulate 1 sec, run finished in ~01.13 hours
[STRETCHCENSUS] step=16201 t=0.1620 n=17 ext_nm=6.3316 absFdF_pN=4.2713 sgnFdF_pN=0.8408 dwell_ms=0.3775
[GATHER] call=33000 totalDirty=0 maxThread=0 cumAvg=42013.3 cumMaxPerThread=5261
[STRETCHCENSUS] step=16501 t=0.1650 n=16 ext_nm=5.2705 absFdF_pN=2.7118 sgnFdF_pN=1.0170 dwell_ms=0.3747
[STRETCHCENSUS] step=16801 t=0.1680 n=15 ext_nm=5.7877 absFdF_pN=3.2290 sgnFdF_pN=0.5460 dwell_ms=0.3717
[GATHER] call=34000 totalDirty=0 maxThread=0 cumAvg=42013.3 cumMaxPerThread=5261
Sim. time=00.17....~120.18 minutes computation to simulate 1 sec, run finished in ~01.06 hours
[STRETCHCENSUS] step=17101 t=0.1710 n=21 ext_nm=4.6367 absFdF_pN=2.3915 sgnFdF_pN=-1.7753 dwell_ms=0.3724
[STRETCHCENSUS] step=17401 t=0.1740 n=14 ext_nm=5.1430 absFdF_pN=3.4358 sgnFdF_pN=1.3827 dwell_ms=0.3731
[GATHER] call=35000 totalDirty=0 maxThread=0 cumAvg=42013.3 cumMaxPerThread=5261
[STRETCHCENSUS] step=17701 t=0.1770 n=19 ext_nm=5.2436 absFdF_pN=3.7148 sgnFdF_pN=-0.6091 dwell_ms=0.3733
[GATHER] call=36000 totalDirty=0 maxThread=0 cumAvg=42013.3 cumMaxPerThread=5261
Sim. time=00.18....~123.11 minutes computation to simulate 1 sec, run finished in ~01.07 hours
[STRETCHCENSUS] step=18001 t=0.1800 n=20 ext_nm=6.0146 absFdF_pN=3.0079 sgnFdF_pN=0.1976 dwell_ms=0.3741
[STRETCHCENSUS] step=18301 t=0.1830 n=19 ext_nm=5.7723 absFdF_pN=3.3897 sgnFdF_pN=-0.3197 dwell_ms=0.3755
[GATHER] call=37000 totalDirty=0 maxThread=0 cumAvg=42013.3 cumMaxPerThread=5261
[STRETCHCENSUS] step=18601 t=0.1860 n=19 ext_nm=5.3132 absFdF_pN=3.6102 sgnFdF_pN=0.9469 dwell_ms=0.3761
[STRETCHCENSUS] step=18901 t=0.1890 n=21 ext_nm=5.6135 absFdF_pN=3.7358 sgnFdF_pN=-1.0557 dwell_ms=0.3740
[GATHER] call=38000 totalDirty=0 maxThread=0 cumAvg=42013.4 cumMaxPerThread=5261
Sim. time=00.19....~114.77 minutes computation to simulate 1 sec, run finished in ~00.98 hours
[STRETCHCENSUS] step=19201 t=0.1920 n=21 ext_nm=4.4910 absFdF_pN=2.5141 sgnFdF_pN=-0.4690 dwell_ms=0.3715
[GATHER] call=39000 totalDirty=0 maxThread=0 cumAvg=42013.4 cumMaxPerThread=5261
[STRETCHCENSUS] step=19501 t=0.1950 n=20 ext_nm=6.4893 absFdF_pN=3.7061 sgnFdF_pN=1.3161 dwell_ms=0.3705
[STRETCHCENSUS] step=19801 t=0.1980 n=18 ext_nm=5.8460 absFdF_pN=3.6241 sgnFdF_pN=1.9611 dwell_ms=0.3717
[GATHER] call=40000 totalDirty=0 maxThread=0 cumAvg=42013.4 cumMaxPerThread=5261
Sim. time=00.20....~110.44 minutes computation to simulate 1 sec, run finished in ~00.92 hours
[STRETCHCENSUS] step=20101 t=0.2010 n=17 ext_nm=4.9311 absFdF_pN=3.0019 sgnFdF_pN=2.4377 dwell_ms=0.3730
[STRETCHCENSUS] step=20401 t=0.2040 n=18 ext_nm=5.1153 absFdF_pN=2.5480 sgnFdF_pN=0.9524 dwell_ms=0.3722
[GATHER] call=41000 totalDirty=0 maxThread=0 cumAvg=42013.4 cumMaxPerThread=5261
[STRETCHCENSUS] step=20701 t=0.2070 n=17 ext_nm=4.8750 absFdF_pN=2.0383 sgnFdF_pN=1.0204 dwell_ms=0.3723
[GATHER] call=42000 totalDirty=0 maxThread=0 cumAvg=42013.4 cumMaxPerThread=5261
Sim. time=00.21....~111.53 minutes computation to simulate 1 sec, run finished in ~00.91 hours
[STRETCHCENSUS] step=21001 t=0.2100 n=16 ext_nm=5.2400 absFdF_pN=2.6318 sgnFdF_pN=-1.2070 dwell_ms=0.3734
[STRETCHCENSUS] step=21301 t=0.2130 n=12 ext_nm=5.5983 absFdF_pN=3.8745 sgnFdF_pN=-1.6964 dwell_ms=0.3753
[GATHER] call=43000 totalDirty=0 maxThread=0 cumAvg=42013.4 cumMaxPerThread=5261
[STRETCHCENSUS] step=21601 t=0.2160 n=20 ext_nm=4.9800 absFdF_pN=2.2878 sgnFdF_pN=-0.6686 dwell_ms=0.3749
[STRETCHCENSUS] step=21901 t=0.2190 n=20 ext_nm=5.5745 absFdF_pN=3.2845 sgnFdF_pN=0.6752 dwell_ms=0.3735
[GATHER] call=44000 totalDirty=0 maxThread=0 cumAvg=42013.5 cumMaxPerThread=5261
Sim. time=00.22....~116.66 minutes computation to simulate 1 sec, run finished in ~00.93 hours
[STRETCHCENSUS] step=22201 t=0.2220 n=15 ext_nm=5.2549 absFdF_pN=2.8329 sgnFdF_pN=-0.6673 dwell_ms=0.3731
[GATHER] call=45000 totalDirty=0 maxThread=0 cumAvg=42013.5 cumMaxPerThread=5261
[STRETCHCENSUS] step=22501 t=0.2250 n=18 ext_nm=4.7265 absFdF_pN=2.9401 sgnFdF_pN=1.6127 dwell_ms=0.3736
[STRETCHCENSUS] step=22801 t=0.2280 n=21 ext_nm=5.4279 absFdF_pN=2.3496 sgnFdF_pN=-0.4035 dwell_ms=0.3730
[GATHER] call=46000 totalDirty=0 maxThread=0 cumAvg=42013.5 cumMaxPerThread=5261
Sim. time=00.23....~116.09 minutes computation to simulate 1 sec, run finished in ~00.91 hours
[STRETCHCENSUS] step=23101 t=0.2310 n=24 ext_nm=5.9569 absFdF_pN=3.7236 sgnFdF_pN=0.8217 dwell_ms=0.3710
[STRETCHCENSUS] step=23401 t=0.2340 n=17 ext_nm=4.7959 absFdF_pN=2.9197 sgnFdF_pN=1.4758 dwell_ms=0.3711
[GATHER] call=47000 totalDirty=0 maxThread=0 cumAvg=42013.5 cumMaxPerThread=5261
[STRETCHCENSUS] step=23701 t=0.2370 n=13 ext_nm=6.0001 absFdF_pN=4.1388 sgnFdF_pN=1.3871 dwell_ms=0.3710
[GATHER] call=48000 totalDirty=0 maxThread=0 cumAvg=42013.4 cumMaxPerThread=5261
Sim. time=00.24....~116.84 minutes computation to simulate 1 sec, run finished in ~00.90 hours
[STRETCHCENSUS] step=24001 t=0.2400 n=15 ext_nm=5.7835 absFdF_pN=2.9852 sgnFdF_pN=0.0382 dwell_ms=0.3715
[STRETCHCENSUS] step=24301 t=0.2430 n=14 ext_nm=5.2426 absFdF_pN=2.8112 sgnFdF_pN=-0.0355 dwell_ms=0.3704
[GATHER] call=49000 totalDirty=0 maxThread=0 cumAvg=42013.4 cumMaxPerThread=5261
[STRETCHCENSUS] step=24601 t=0.2460 n=14 ext_nm=5.2486 absFdF_pN=2.7661 sgnFdF_pN=0.0209 dwell_ms=0.3700
[STRETCHCENSUS] step=24901 t=0.2490 n=17 ext_nm=5.0713 absFdF_pN=2.5265 sgnFdF_pN=-0.1346 dwell_ms=0.3714
[GATHER] call=50000 totalDirty=0 maxThread=0 cumAvg=42013.4 cumMaxPerThread=5261
Sim. time=00.25....~116.23 minutes computation to simulate 1 sec, run finished in ~00.87 hours
[STRETCHCENSUS] step=25201 t=0.2520 n=16 ext_nm=4.5106 absFdF_pN=2.1032 sgnFdF_pN=0.8647 dwell_ms=0.3729
[GATHER] call=51000 totalDirty=0 maxThread=0 cumAvg=42013.4 cumMaxPerThread=5261
[STRETCHCENSUS] step=25501 t=0.2550 n=14 ext_nm=5.2334 absFdF_pN=2.7668 sgnFdF_pN=0.9971 dwell_ms=0.3717
[STRETCHCENSUS] step=25801 t=0.2580 n=15 ext_nm=5.4006 absFdF_pN=2.7285 sgnFdF_pN=-0.3603 dwell_ms=0.3724
[GATHER] call=52000 totalDirty=0 maxThread=0 cumAvg=42013.4 cumMaxPerThread=5261
Sim. time=00.26....~116.30 minutes computation to simulate 1 sec, run finished in ~00.85 hours
[STRETCHCENSUS] step=26101 t=0.2610 n=17 ext_nm=4.4072 absFdF_pN=2.3052 sgnFdF_pN=-0.3590 dwell_ms=0.3738
[STRETCHCENSUS] step=26401 t=0.2640 n=19 ext_nm=4.4473 absFdF_pN=2.0452 sgnFdF_pN=-0.2867 dwell_ms=0.3734
[GATHER] call=53000 totalDirty=0 maxThread=0 cumAvg=42013.4 cumMaxPerThread=5261
[STRETCHCENSUS] step=26701 t=0.2670 n=23 ext_nm=5.5721 absFdF_pN=3.9386 sgnFdF_pN=-0.8818 dwell_ms=0.3741
[GATHER] call=54000 totalDirty=0 maxThread=0 cumAvg=42013.4 cumMaxPerThread=5261
Sim. time=00.27....~115.01 minutes computation to simulate 1 sec, run finished in ~00.82 hours
[STRETCHCENSUS] step=27001 t=0.2700 n=16 ext_nm=5.9371 absFdF_pN=3.7721 sgnFdF_pN=1.3294 dwell_ms=0.3728
[STRETCHCENSUS] step=27301 t=0.2730 n=15 ext_nm=5.4552 absFdF_pN=3.0690 sgnFdF_pN=0.2159 dwell_ms=0.3726
[GATHER] call=55000 totalDirty=0 maxThread=0 cumAvg=42013.4 cumMaxPerThread=5261
[STRETCHCENSUS] step=27601 t=0.2760 n=14 ext_nm=5.2521 absFdF_pN=3.4605 sgnFdF_pN=1.0523 dwell_ms=0.3731
[STRETCHCENSUS] step=27901 t=0.2790 n=18 ext_nm=5.4075 absFdF_pN=3.1618 sgnFdF_pN=0.0893 dwell_ms=0.3731
[GATHER] call=56000 totalDirty=0 maxThread=0 cumAvg=42013.4 cumMaxPerThread=5261
Sim. time=00.28....~107.22 minutes computation to simulate 1 sec, run finished in ~00.75 hours
[STRETCHCENSUS] step=28201 t=0.2820 n=18 ext_nm=5.8262 absFdF_pN=3.7767 sgnFdF_pN=3.0334 dwell_ms=0.3733
[GATHER] call=57000 totalDirty=0 maxThread=0 cumAvg=42013.4 cumMaxPerThread=5261
[STRETCHCENSUS] step=28501 t=0.2850 n=14 ext_nm=5.7970 absFdF_pN=3.7006 sgnFdF_pN=0.4171 dwell_ms=0.3740
[STRETCHCENSUS] step=28801 t=0.2880 n=15 ext_nm=5.0264 absFdF_pN=2.4968 sgnFdF_pN=-0.8208 dwell_ms=0.3752
[GATHER] call=58000 totalDirty=0 maxThread=0 cumAvg=42013.4 cumMaxPerThread=5261
Sim. time=00.29....~106.47 minutes computation to simulate 1 sec, run finished in ~00.73 hours
[STRETCHCENSUS] step=29101 t=0.2910 n=13 ext_nm=5.4053 absFdF_pN=3.8422 sgnFdF_pN=0.7856 dwell_ms=0.3743
[STRETCHCENSUS] step=29401 t=0.2940 n=19 ext_nm=4.3636 absFdF_pN=2.3731 sgnFdF_pN=-1.0561 dwell_ms=0.3742
[GATHER] call=59000 totalDirty=0 maxThread=0 cumAvg=42013.4 cumMaxPerThread=5261
[STRETCHCENSUS] step=29701 t=0.2970 n=17 ext_nm=5.2280 absFdF_pN=3.3226 sgnFdF_pN=-0.0571 dwell_ms=0.3737
[GATHER] call=60000 totalDirty=0 maxThread=0 cumAvg=42013.4 cumMaxPerThread=5261
Sim. time=00.30....~106.40 minutes computation to simulate 1 sec, run finished in ~00.71 hours
[STRETCHCENSUS] step=30001 t=0.3000 n=17 ext_nm=5.2302 absFdF_pN=3.2294 sgnFdF_pN=-1.1863 dwell_ms=0.3734
[STRETCHCENSUS] step=30301 t=0.3030 n=14 ext_nm=4.8570 absFdF_pN=2.3724 sgnFdF_pN=-0.1087 dwell_ms=0.3725
[GATHER] call=61000 totalDirty=0 maxThread=0 cumAvg=42013.3 cumMaxPerThread=5261
[STRETCHCENSUS] step=30601 t=0.3060 n=18 ext_nm=6.6060 absFdF_pN=3.6099 sgnFdF_pN=-0.2100 dwell_ms=0.3726
[STRETCHCENSUS] step=30901 t=0.3090 n=17 ext_nm=6.0204 absFdF_pN=4.1047 sgnFdF_pN=-0.7766 dwell_ms=0.3730
[GATHER] call=62000 totalDirty=0 maxThread=0 cumAvg=42013.3 cumMaxPerThread=5261
Sim. time=00.31....~106.73 minutes computation to simulate 1 sec, run finished in ~00.69 hours
[STRETCHCENSUS] step=31201 t=0.3120 n=14 ext_nm=5.8899 absFdF_pN=3.4353 sgnFdF_pN=-1.5680 dwell_ms=0.3740
[GATHER] call=63000 totalDirty=0 maxThread=0 cumAvg=42013.3 cumMaxPerThread=5261
[STRETCHCENSUS] step=31501 t=0.3150 n=18 ext_nm=5.3629 absFdF_pN=2.8693 sgnFdF_pN=1.4035 dwell_ms=0.3741
[STRETCHCENSUS] step=31801 t=0.3180 n=18 ext_nm=4.9142 absFdF_pN=2.4411 sgnFdF_pN=0.1548 dwell_ms=0.3744
[GATHER] call=64000 totalDirty=0 maxThread=0 cumAvg=42013.3 cumMaxPerThread=5261
Sim. time=00.32....~106.58 minutes computation to simulate 1 sec, run finished in ~00.68 hours
[STRETCHCENSUS] step=32101 t=0.3210 n=16 ext_nm=6.0024 absFdF_pN=4.0877 sgnFdF_pN=1.0662 dwell_ms=0.3733
[STRETCHCENSUS] step=32401 t=0.3240 n=15 ext_nm=5.4942 absFdF_pN=3.0335 sgnFdF_pN=-1.3382 dwell_ms=0.3742
[GATHER] call=65000 totalDirty=0 maxThread=0 cumAvg=42013.3 cumMaxPerThread=5261
[STRETCHCENSUS] step=32701 t=0.3270 n=14 ext_nm=4.5877 absFdF_pN=2.1666 sgnFdF_pN=-0.3733 dwell_ms=0.3750
[GATHER] call=66000 totalDirty=0 maxThread=0 cumAvg=42013.3 cumMaxPerThread=5261
Sim. time=00.33....~106.45 minutes computation to simulate 1 sec, run finished in ~00.66 hours
[STRETCHCENSUS] step=33001 t=0.3300 n=16 ext_nm=4.7356 absFdF_pN=2.2829 sgnFdF_pN=-0.6076 dwell_ms=0.3757
[STRETCHCENSUS] step=33301 t=0.3330 n=13 ext_nm=6.4546 absFdF_pN=3.3770 sgnFdF_pN=2.1920 dwell_ms=0.3770
[GATHER] call=67000 totalDirty=0 maxThread=0 cumAvg=42013.3 cumMaxPerThread=5261
[STRETCHCENSUS] step=33601 t=0.3360 n=19 ext_nm=5.1233 absFdF_pN=2.8541 sgnFdF_pN=-0.7257 dwell_ms=0.3776
[STRETCHCENSUS] step=33901 t=0.3390 n=17 ext_nm=5.1169 absFdF_pN=2.7667 sgnFdF_pN=1.2808 dwell_ms=0.3780
[GATHER] call=68000 totalDirty=0 maxThread=0 cumAvg=42013.3 cumMaxPerThread=5261
Sim. time=00.34....~107.40 minutes computation to simulate 1 sec, run finished in ~00.64 hours
[STRETCHCENSUS] step=34201 t=0.3420 n=11 ext_nm=5.8742 absFdF_pN=3.9331 sgnFdF_pN=0.6878 dwell_ms=0.3782
[GATHER] call=69000 totalDirty=0 maxThread=0 cumAvg=42013.3 cumMaxPerThread=5261
[STRETCHCENSUS] step=34501 t=0.3450 n=18 ext_nm=4.3369 absFdF_pN=2.1764 sgnFdF_pN=-0.6924 dwell_ms=0.3784
[STRETCHCENSUS] step=34801 t=0.3480 n=18 ext_nm=4.2665 absFdF_pN=2.0250 sgnFdF_pN=0.9660 dwell_ms=0.3788
[GATHER] call=70000 totalDirty=0 maxThread=0 cumAvg=42013.3 cumMaxPerThread=5261
Sim. time=00.35....~105.79 minutes computation to simulate 1 sec, run finished in ~00.62 hours
[STRETCHCENSUS] step=35101 t=0.3510 n=17 ext_nm=4.9056 absFdF_pN=2.4955 sgnFdF_pN=0.7593 dwell_ms=0.3796
[STRETCHCENSUS] step=35401 t=0.3540 n=19 ext_nm=5.7251 absFdF_pN=2.5232 sgnFdF_pN=1.1209 dwell_ms=0.3793
[GATHER] call=71000 totalDirty=0 maxThread=0 cumAvg=42013.3 cumMaxPerThread=5261
[STRETCHCENSUS] step=35701 t=0.3570 n=16 ext_nm=5.7156 absFdF_pN=3.4671 sgnFdF_pN=2.2167 dwell_ms=0.3801
[GATHER] call=72000 totalDirty=0 maxThread=0 cumAvg=42013.3 cumMaxPerThread=5261
Sim. time=00.36....~105.92 minutes computation to simulate 1 sec, run finished in ~00.60 hours
[STRETCHCENSUS] step=36001 t=0.3600 n=15 ext_nm=5.2986 absFdF_pN=3.2326 sgnFdF_pN=-1.3337 dwell_ms=0.3798
[STRETCHCENSUS] step=36301 t=0.3630 n=16 ext_nm=5.7289 absFdF_pN=4.2458 sgnFdF_pN=-1.4840 dwell_ms=0.3806
[GATHER] call=73000 totalDirty=0 maxThread=0 cumAvg=42013.3 cumMaxPerThread=5261
[STRETCHCENSUS] step=36601 t=0.3660 n=15 ext_nm=4.4890 absFdF_pN=2.1135 sgnFdF_pN=0.2144 dwell_ms=0.3818
[STRETCHCENSUS] step=36901 t=0.3690 n=16 ext_nm=4.3081 absFdF_pN=1.9408 sgnFdF_pN=-0.0035 dwell_ms=0.3824
[GATHER] call=74000 totalDirty=0 maxThread=0 cumAvg=42013.3 cumMaxPerThread=5261
Sim. time=00.37....~106.95 minutes computation to simulate 1 sec, run finished in ~00.59 hours
[STRETCHCENSUS] step=37201 t=0.3720 n=16 ext_nm=5.8675 absFdF_pN=2.8030 sgnFdF_pN=0.7368 dwell_ms=0.3827
[GATHER] call=75000 totalDirty=0 maxThread=0 cumAvg=42013.3 cumMaxPerThread=5261
[STRETCHCENSUS] step=37501 t=0.3750 n=15 ext_nm=6.4715 absFdF_pN=4.3295 sgnFdF_pN=0.1197 dwell_ms=0.3828
[STRETCHCENSUS] step=37801 t=0.3780 n=17 ext_nm=4.9444 absFdF_pN=3.1036 sgnFdF_pN=-0.0680 dwell_ms=0.3827
[GATHER] call=76000 totalDirty=0 maxThread=0 cumAvg=42013.3 cumMaxPerThread=5261
Sim. time=00.38....~106.83 minutes computation to simulate 1 sec, run finished in ~00.57 hours
[STRETCHCENSUS] step=38101 t=0.3810 n=18 ext_nm=4.9874 absFdF_pN=3.6242 sgnFdF_pN=-1.1032 dwell_ms=0.3834
[STRETCHCENSUS] step=38401 t=0.3840 n=18 ext_nm=4.9740 absFdF_pN=2.8049 sgnFdF_pN=-0.7197 dwell_ms=0.3843
[GATHER] call=77000 totalDirty=0 maxThread=0 cumAvg=42013.3 cumMaxPerThread=5261
[STRETCHCENSUS] step=38701 t=0.3870 n=16 ext_nm=5.7464 absFdF_pN=3.2939 sgnFdF_pN=2.2826 dwell_ms=0.3844
[GATHER] call=78000 totalDirty=0 maxThread=0 cumAvg=42013.3 cumMaxPerThread=5261
Sim. time=00.39....~107.09 minutes computation to simulate 1 sec, run finished in ~00.55 hours
[STRETCHCENSUS] step=39001 t=0.3900 n=17 ext_nm=5.5716 absFdF_pN=2.8249 sgnFdF_pN=0.0835 dwell_ms=0.3839
[STRETCHCENSUS] step=39301 t=0.3930 n=17 ext_nm=5.1493 absFdF_pN=3.2154 sgnFdF_pN=1.6734 dwell_ms=0.3833
[GATHER] call=79000 totalDirty=0 maxThread=0 cumAvg=42013.3 cumMaxPerThread=5261
[STRETCHCENSUS] step=39601 t=0.3960 n=18 ext_nm=4.6835 absFdF_pN=2.5781 sgnFdF_pN=-0.7264 dwell_ms=0.3834
[STRETCHCENSUS] step=39901 t=0.3990 n=17 ext_nm=4.4144 absFdF_pN=1.8943 sgnFdF_pN=0.2414 dwell_ms=0.3831
[GATHER] call=80000 totalDirty=0 maxThread=0 cumAvg=42013.3 cumMaxPerThread=5261
Sim. time=00.40....~109.74 minutes computation to simulate 1 sec, run finished in ~00.55 hours
[STRETCHCENSUS] step=40201 t=0.4020 n=19 ext_nm=6.0980 absFdF_pN=4.1884 sgnFdF_pN=1.7237 dwell_ms=0.3832
[GATHER] call=81000 totalDirty=0 maxThread=0 cumAvg=42013.3 cumMaxPerThread=5261
[STRETCHCENSUS] step=40501 t=0.4050 n=16 ext_nm=5.3099 absFdF_pN=3.3886 sgnFdF_pN=-0.4281 dwell_ms=0.3832
[STRETCHCENSUS] step=40801 t=0.4080 n=14 ext_nm=4.7927 absFdF_pN=3.1639 sgnFdF_pN=2.0730 dwell_ms=0.3840
[GATHER] call=82000 totalDirty=0 maxThread=0 cumAvg=42013.3 cumMaxPerThread=5261
Sim. time=00.41....~108.37 minutes computation to simulate 1 sec, run finished in ~00.52 hours
[STRETCHCENSUS] step=41101 t=0.4110 n=13 ext_nm=4.5495 absFdF_pN=1.9750 sgnFdF_pN=1.3165 dwell_ms=0.3842
[STRETCHCENSUS] step=41401 t=0.4140 n=14 ext_nm=5.6045 absFdF_pN=2.8807 sgnFdF_pN=1.5061 dwell_ms=0.3841
[GATHER] call=83000 totalDirty=0 maxThread=0 cumAvg=42013.3 cumMaxPerThread=5261
[STRETCHCENSUS] step=41701 t=0.4170 n=19 ext_nm=5.6721 absFdF_pN=3.2124 sgnFdF_pN=1.3959 dwell_ms=0.3843
[GATHER] call=84000 totalDirty=0 maxThread=0 cumAvg=42013.3 cumMaxPerThread=5261
Sim. time=00.42....~107.83 minutes computation to simulate 1 sec, run finished in ~00.50 hours
[STRETCHCENSUS] step=42001 t=0.4200 n=18 ext_nm=6.7268 absFdF_pN=4.0771 sgnFdF_pN=2.0022 dwell_ms=0.3837
[STRETCHCENSUS] step=42301 t=0.4230 n=17 ext_nm=5.4393 absFdF_pN=2.4822 sgnFdF_pN=-0.1432 dwell_ms=0.3829
[GATHER] call=85000 totalDirty=0 maxThread=0 cumAvg=42013.3 cumMaxPerThread=5261
[STRETCHCENSUS] step=42601 t=0.4260 n=20 ext_nm=5.4944 absFdF_pN=3.9606 sgnFdF_pN=-1.1312 dwell_ms=0.3838
[STRETCHCENSUS] step=42901 t=0.4290 n=14 ext_nm=4.6626 absFdF_pN=2.6225 sgnFdF_pN=0.0783 dwell_ms=0.3839
[GATHER] call=86000 totalDirty=0 maxThread=0 cumAvg=42013.3 cumMaxPerThread=5261
Sim. time=00.43....~108.69 minutes computation to simulate 1 sec, run finished in ~00.49 hours
[STRETCHCENSUS] step=43201 t=0.4320 n=17 ext_nm=4.3931 absFdF_pN=1.9970 sgnFdF_pN=-1.0390 dwell_ms=0.3848
[GATHER] call=87000 totalDirty=0 maxThread=0 cumAvg=42013.3 cumMaxPerThread=5261
[STRETCHCENSUS] step=43501 t=0.4350 n=16 ext_nm=6.1999 absFdF_pN=4.1495 sgnFdF_pN=2.6472 dwell_ms=0.3847
[STRETCHCENSUS] step=43801 t=0.4380 n=19 ext_nm=4.9256 absFdF_pN=2.4735 sgnFdF_pN=-0.9827 dwell_ms=0.3850
[GATHER] call=88000 totalDirty=0 maxThread=0 cumAvg=42013.3 cumMaxPerThread=5261
Sim. time=00.44....~108.07 minutes computation to simulate 1 sec, run finished in ~00.47 hours
[STRETCHCENSUS] step=44101 t=0.4410 n=20 ext_nm=4.8998 absFdF_pN=3.1824 sgnFdF_pN=2.0534 dwell_ms=0.3852
[STRETCHCENSUS] step=44401 t=0.4440 n=21 ext_nm=5.8573 absFdF_pN=4.1351 sgnFdF_pN=0.3980 dwell_ms=0.3854
[GATHER] call=89000 totalDirty=0 maxThread=0 cumAvg=42013.3 cumMaxPerThread=5261
[STRETCHCENSUS] step=44701 t=0.4470 n=13 ext_nm=4.7009 absFdF_pN=3.2778 sgnFdF_pN=-1.0056 dwell_ms=0.3861
[GATHER] call=90000 totalDirty=0 maxThread=0 cumAvg=42013.3 cumMaxPerThread=5261
Sim. time=00.45....~108.17 minutes computation to simulate 1 sec, run finished in ~00.45 hours
[STRETCHCENSUS] step=45001 t=0.4500 n=13 ext_nm=5.4523 absFdF_pN=3.0934 sgnFdF_pN=1.8862 dwell_ms=0.3860
[STRETCHCENSUS] step=45301 t=0.4530 n=18 ext_nm=5.4474 absFdF_pN=3.8883 sgnFdF_pN=-1.6854 dwell_ms=0.3867
[GATHER] call=91000 totalDirty=0 maxThread=0 cumAvg=42013.3 cumMaxPerThread=5261
[STRETCHCENSUS] step=45601 t=0.4560 n=14 ext_nm=4.9795 absFdF_pN=3.1830 sgnFdF_pN=-0.7687 dwell_ms=0.3873
[STRETCHCENSUS] step=45901 t=0.4590 n=16 ext_nm=4.5328 absFdF_pN=2.0012 sgnFdF_pN=-0.6756 dwell_ms=0.3871
[GATHER] call=92000 totalDirty=0 maxThread=0 cumAvg=42013.3 cumMaxPerThread=5261
Sim. time=00.46....~108.80 minutes computation to simulate 1 sec, run finished in ~00.44 hours
[STRETCHCENSUS] step=46201 t=0.4620 n=18 ext_nm=5.4788 absFdF_pN=2.9524 sgnFdF_pN=0.3990 dwell_ms=0.3874
[GATHER] call=93000 totalDirty=0 maxThread=0 cumAvg=42013.3 cumMaxPerThread=5261
[STRETCHCENSUS] step=46501 t=0.4650 n=16 ext_nm=5.3264 absFdF_pN=2.7507 sgnFdF_pN=0.0787 dwell_ms=0.3858
[STRETCHCENSUS] step=46801 t=0.4680 n=19 ext_nm=5.0817 absFdF_pN=3.0492 sgnFdF_pN=-0.1763 dwell_ms=0.3860
[GATHER] call=94000 totalDirty=0 maxThread=0 cumAvg=42013.3 cumMaxPerThread=5261
Sim. time=00.47....~108.48 minutes computation to simulate 1 sec, run finished in ~00.42 hours
[STRETCHCENSUS] step=47101 t=0.4710 n=14 ext_nm=5.5775 absFdF_pN=2.8882 sgnFdF_pN=2.1275 dwell_ms=0.3858
[STRETCHCENSUS] step=47401 t=0.4740 n=15 ext_nm=5.6828 absFdF_pN=3.8194 sgnFdF_pN=0.8989 dwell_ms=0.3861
[GATHER] call=95000 totalDirty=0 maxThread=0 cumAvg=42013.3 cumMaxPerThread=5261
[STRETCHCENSUS] step=47701 t=0.4770 n=16 ext_nm=5.3053 absFdF_pN=3.0013 sgnFdF_pN=-2.2903 dwell_ms=0.3864
[GATHER] call=96000 totalDirty=0 maxThread=0 cumAvg=42013.3 cumMaxPerThread=5261
Sim. time=00.48....~108.21 minutes computation to simulate 1 sec, run finished in ~00.40 hours
[STRETCHCENSUS] step=48001 t=0.4800 n=20 ext_nm=4.1691 absFdF_pN=1.6367 sgnFdF_pN=0.6596 dwell_ms=0.3868
[STRETCHCENSUS] step=48301 t=0.4830 n=21 ext_nm=5.3328 absFdF_pN=2.6001 sgnFdF_pN=-0.2636 dwell_ms=0.3867
[GATHER] call=97000 totalDirty=0 maxThread=0 cumAvg=42013.3 cumMaxPerThread=5261
[STRETCHCENSUS] step=48601 t=0.4860 n=16 ext_nm=5.8590 absFdF_pN=3.1627 sgnFdF_pN=-2.7769 dwell_ms=0.3872
[STRETCHCENSUS] step=48901 t=0.4890 n=15 ext_nm=5.3201 absFdF_pN=3.3117 sgnFdF_pN=-0.9439 dwell_ms=0.3860
[GATHER] call=98000 totalDirty=0 maxThread=0 cumAvg=42013.3 cumMaxPerThread=5261
Sim. time=00.49....~109.18 minutes computation to simulate 1 sec, run finished in ~00.38 hours
[STRETCHCENSUS] step=49201 t=0.4920 n=24 ext_nm=5.7152 absFdF_pN=2.7836 sgnFdF_pN=-1.3021 dwell_ms=0.3860
[GATHER] call=99000 totalDirty=0 maxThread=0 cumAvg=42013.3 cumMaxPerThread=5261
[STRETCHCENSUS] step=49501 t=0.4950 n=19 ext_nm=5.6482 absFdF_pN=3.5780 sgnFdF_pN=2.2160 dwell_ms=0.3850
[STRETCHCENSUS] step=49801 t=0.4980 n=17 ext_nm=5.4461 absFdF_pN=2.6146 sgnFdF_pN=-0.0521 dwell_ms=0.3843
[GATHER] call=100000 totalDirty=0 maxThread=0 cumAvg=42013.3 cumMaxPerThread=5261
Sim. time=00.50....~108.33 minutes computation to simulate 1 sec, run finished in ~00.36 hours
[STRETCHCENSUS] step=50101 t=0.5010 n=17 ext_nm=4.3226 absFdF_pN=2.2775 sgnFdF_pN=-0.5272 dwell_ms=0.3851
[STRETCHCENSUS] step=50401 t=0.5040 n=17 ext_nm=5.1550 absFdF_pN=3.2958 sgnFdF_pN=-1.7894 dwell_ms=0.3862
[GATHER] call=101000 totalDirty=0 maxThread=0 cumAvg=42013.3 cumMaxPerThread=5261
[STRETCHCENSUS] step=50701 t=0.5070 n=13 ext_nm=5.4032 absFdF_pN=2.0637 sgnFdF_pN=0.3989 dwell_ms=0.3868
[GATHER] call=102000 totalDirty=0 maxThread=0 cumAvg=42013.3 cumMaxPerThread=5261
Sim. time=00.51....~108.32 minutes computation to simulate 1 sec, run finished in ~00.34 hours
[STRETCHCENSUS] step=51001 t=0.5100 n=17 ext_nm=4.9850 absFdF_pN=2.9473 sgnFdF_pN=1.7699 dwell_ms=0.3871
[STRETCHCENSUS] step=51301 t=0.5130 n=16 ext_nm=5.3568 absFdF_pN=2.9724 sgnFdF_pN=-0.4237 dwell_ms=0.3873
[GATHER] call=103000 totalDirty=0 maxThread=0 cumAvg=42013.3 cumMaxPerThread=5261
[STRETCHCENSUS] step=51601 t=0.5160 n=17 ext_nm=5.2625 absFdF_pN=3.4420 sgnFdF_pN=1.0768 dwell_ms=0.3882
[STRETCHCENSUS] step=51901 t=0.5190 n=20 ext_nm=5.5740 absFdF_pN=4.1169 sgnFdF_pN=-0.0519 dwell_ms=0.3874
[GATHER] call=104000 totalDirty=0 maxThread=0 cumAvg=42013.3 cumMaxPerThread=5261
Sim. time=00.52....~108.82 minutes computation to simulate 1 sec, run finished in ~00.33 hours
[STRETCHCENSUS] step=52201 t=0.5220 n=19 ext_nm=6.2185 absFdF_pN=4.0857 sgnFdF_pN=0.8591 dwell_ms=0.3879
[GATHER] call=105000 totalDirty=0 maxThread=0 cumAvg=42013.3 cumMaxPerThread=5261
[STRETCHCENSUS] step=52501 t=0.5250 n=14 ext_nm=5.1857 absFdF_pN=2.9843 sgnFdF_pN=-0.0186 dwell_ms=0.3874
[STRETCHCENSUS] step=52801 t=0.5280 n=15 ext_nm=5.0184 absFdF_pN=2.8446 sgnFdF_pN=-0.1715 dwell_ms=0.3869
[GATHER] call=106000 totalDirty=0 maxThread=0 cumAvg=42013.3 cumMaxPerThread=5261
Sim. time=00.53....~118.12 minutes computation to simulate 1 sec, run finished in ~00.33 hours
[STRETCHCENSUS] step=53101 t=0.5310 n=16 ext_nm=5.2912 absFdF_pN=3.8421 sgnFdF_pN=1.0791 dwell_ms=0.3868
[STRETCHCENSUS] step=53401 t=0.5340 n=15 ext_nm=5.9533 absFdF_pN=3.5557 sgnFdF_pN=-1.0632 dwell_ms=0.3870
[GATHER] call=107000 totalDirty=0 maxThread=0 cumAvg=42013.3 cumMaxPerThread=5261
[STRETCHCENSUS] step=53701 t=0.5370 n=17 ext_nm=5.5543 absFdF_pN=2.9634 sgnFdF_pN=0.6901 dwell_ms=0.3876
[GATHER] call=108000 totalDirty=0 maxThread=0 cumAvg=42013.3 cumMaxPerThread=5261
Sim. time=00.54....~119.15 minutes computation to simulate 1 sec, run finished in ~00.32 hours
[STRETCHCENSUS] step=54001 t=0.5400 n=18 ext_nm=4.7683 absFdF_pN=2.4024 sgnFdF_pN=0.5216 dwell_ms=0.3882
[STRETCHCENSUS] step=54301 t=0.5430 n=19 ext_nm=5.5182 absFdF_pN=3.7163 sgnFdF_pN=1.1221 dwell_ms=0.3888
[GATHER] call=109000 totalDirty=0 maxThread=0 cumAvg=42013.3 cumMaxPerThread=5261
[STRETCHCENSUS] step=54601 t=0.5460 n=24 ext_nm=5.9200 absFdF_pN=3.3628 sgnFdF_pN=-1.9078 dwell_ms=0.3887
[STRETCHCENSUS] step=54901 t=0.5490 n=17 ext_nm=6.3233 absFdF_pN=4.1068 sgnFdF_pN=1.2194 dwell_ms=0.3875
[GATHER] call=110000 totalDirty=0 maxThread=0 cumAvg=42013.3 cumMaxPerThread=5261
Sim. time=00.55....~118.67 minutes computation to simulate 1 sec, run finished in ~00.30 hours
[STRETCHCENSUS] step=55201 t=0.5520 n=19 ext_nm=5.0686 absFdF_pN=3.4146 sgnFdF_pN=1.1810 dwell_ms=0.3865
[GATHER] call=111000 totalDirty=0 maxThread=0 cumAvg=42013.3 cumMaxPerThread=5261
[STRETCHCENSUS] step=55501 t=0.5550 n=18 ext_nm=5.2474 absFdF_pN=2.9188 sgnFdF_pN=0.9834 dwell_ms=0.3865
[STRETCHCENSUS] step=55801 t=0.5580 n=17 ext_nm=4.9095 absFdF_pN=3.2459 sgnFdF_pN=-0.1171 dwell_ms=0.3867
[GATHER] call=112000 totalDirty=0 maxThread=0 cumAvg=42013.3 cumMaxPerThread=5261
Sim. time=00.56....~118.07 minutes computation to simulate 1 sec, run finished in ~00.28 hours
[STRETCHCENSUS] step=56101 t=0.5610 n=17 ext_nm=4.6278 absFdF_pN=2.5780 sgnFdF_pN=1.1763 dwell_ms=0.3872
[STRETCHCENSUS] step=56401 t=0.5640 n=14 ext_nm=5.2835 absFdF_pN=2.7082 sgnFdF_pN=0.0582 dwell_ms=0.3877
[GATHER] call=113000 totalDirty=0 maxThread=0 cumAvg=42013.3 cumMaxPerThread=5261
[STRETCHCENSUS] step=56701 t=0.5670 n=15 ext_nm=5.2622 absFdF_pN=2.9011 sgnFdF_pN=-0.2381 dwell_ms=0.3881
[GATHER] call=114000 totalDirty=0 maxThread=0 cumAvg=42013.3 cumMaxPerThread=5261
Sim. time=00.57....~118.35 minutes computation to simulate 1 sec, run finished in ~00.26 hours
[STRETCHCENSUS] step=57001 t=0.5700 n=15 ext_nm=4.7133 absFdF_pN=2.9410 sgnFdF_pN=-0.0258 dwell_ms=0.3888
[STRETCHCENSUS] step=57301 t=0.5730 n=15 ext_nm=4.5794 absFdF_pN=2.2356 sgnFdF_pN=-1.5429 dwell_ms=0.3894
[GATHER] call=115000 totalDirty=0 maxThread=0 cumAvg=42013.3 cumMaxPerThread=5261
[STRETCHCENSUS] step=57601 t=0.5760 n=14 ext_nm=4.8140 absFdF_pN=2.1621 sgnFdF_pN=-0.8940 dwell_ms=0.3902
[STRETCHCENSUS] step=57901 t=0.5790 n=17 ext_nm=5.5102 absFdF_pN=2.7433 sgnFdF_pN=0.1044 dwell_ms=0.3903
[GATHER] call=116000 totalDirty=0 maxThread=0 cumAvg=42013.3 cumMaxPerThread=5261
Sim. time=00.58....~118.65 minutes computation to simulate 1 sec, run finished in ~00.24 hours
[STRETCHCENSUS] step=58201 t=0.5820 n=13 ext_nm=5.6977 absFdF_pN=2.8920 sgnFdF_pN=0.8354 dwell_ms=0.3905
[GATHER] call=117000 totalDirty=0 maxThread=0 cumAvg=42013.3 cumMaxPerThread=5261
[STRETCHCENSUS] step=58501 t=0.5850 n=18 ext_nm=4.6652 absFdF_pN=2.5020 sgnFdF_pN=0.3364 dwell_ms=0.3910
[STRETCHCENSUS] step=58801 t=0.5880 n=15 ext_nm=4.2840 absFdF_pN=2.1542 sgnFdF_pN=-0.0625 dwell_ms=0.3913
[GATHER] call=118000 totalDirty=0 maxThread=0 cumAvg=42013.3 cumMaxPerThread=5261
Sim. time=00.59....~118.69 minutes computation to simulate 1 sec, run finished in ~00.22 hours
[STRETCHCENSUS] step=59101 t=0.5910 n=15 ext_nm=5.3575 absFdF_pN=3.3587 sgnFdF_pN=0.9244 dwell_ms=0.3919
[STRETCHCENSUS] step=59401 t=0.5940 n=17 ext_nm=5.0850 absFdF_pN=2.6540 sgnFdF_pN=0.1619 dwell_ms=0.3923
[GATHER] call=119000 totalDirty=0 maxThread=0 cumAvg=42013.3 cumMaxPerThread=5261
[STRETCHCENSUS] step=59701 t=0.5970 n=14 ext_nm=4.1474 absFdF_pN=3.0116 sgnFdF_pN=0.6399 dwell_ms=0.3925
[GATHER] call=120000 totalDirty=0 maxThread=0 cumAvg=42013.3 cumMaxPerThread=5261
Sim. time=00.60....~117.43 minutes computation to simulate 1 sec, run finished in ~00.20 hours
[STRETCHCENSUS] step=60001 t=0.6000 n=16 ext_nm=5.3490 absFdF_pN=3.1771 sgnFdF_pN=1.8777 dwell_ms=0.3926
[STRETCHCENSUS] step=60301 t=0.6030 n=19 ext_nm=5.4223 absFdF_pN=3.5172 sgnFdF_pN=-0.9305 dwell_ms=0.3927
[GATHER] call=121000 totalDirty=0 maxThread=0 cumAvg=42013.3 cumMaxPerThread=5261
[STRETCHCENSUS] step=60601 t=0.6060 n=15 ext_nm=5.4896 absFdF_pN=3.2457 sgnFdF_pN=1.1099 dwell_ms=0.3923
[STRETCHCENSUS] step=60901 t=0.6090 n=19 ext_nm=4.8710 absFdF_pN=2.7871 sgnFdF_pN=-0.3250 dwell_ms=0.3919
[GATHER] call=122000 totalDirty=0 maxThread=0 cumAvg=42013.3 cumMaxPerThread=5261
Sim. time=00.61....~119.23 minutes computation to simulate 1 sec, run finished in ~00.18 hours
[STRETCHCENSUS] step=61201 t=0.6120 n=17 ext_nm=5.9066 absFdF_pN=3.3621 sgnFdF_pN=-1.2450 dwell_ms=0.3926
[GATHER] call=123000 totalDirty=0 maxThread=0 cumAvg=42013.3 cumMaxPerThread=5261
[STRETCHCENSUS] step=61501 t=0.6150 n=17 ext_nm=5.5610 absFdF_pN=3.1090 sgnFdF_pN=0.1510 dwell_ms=0.3929
[STRETCHCENSUS] step=61801 t=0.6180 n=16 ext_nm=4.7120 absFdF_pN=2.6242 sgnFdF_pN=0.4288 dwell_ms=0.3931
[GATHER] call=124000 totalDirty=0 maxThread=0 cumAvg=42013.3 cumMaxPerThread=5261
Sim. time=00.62....~118.06 minutes computation to simulate 1 sec, run finished in ~00.16 hours
[STRETCHCENSUS] step=62101 t=0.6210 n=17 ext_nm=4.9047 absFdF_pN=3.1839 sgnFdF_pN=0.7987 dwell_ms=0.3934
[STRETCHCENSUS] step=62401 t=0.6240 n=17 ext_nm=4.6652 absFdF_pN=2.6183 sgnFdF_pN=-1.7393 dwell_ms=0.3938
[GATHER] call=125000 totalDirty=0 maxThread=0 cumAvg=42013.3 cumMaxPerThread=5261
[STRETCHCENSUS] step=62701 t=0.6270 n=16 ext_nm=5.7486 absFdF_pN=2.3315 sgnFdF_pN=1.2555 dwell_ms=0.3943
[GATHER] call=126000 totalDirty=0 maxThread=0 cumAvg=42013.3 cumMaxPerThread=5261
Sim. time=00.63....~111.46 minutes computation to simulate 1 sec, run finished in ~00.13 hours
[STRETCHCENSUS] step=63001 t=0.6300 n=19 ext_nm=4.9089 absFdF_pN=2.5651 sgnFdF_pN=1.2449 dwell_ms=0.3947
[STRETCHCENSUS] step=63301 t=0.6330 n=18 ext_nm=5.4143 absFdF_pN=2.8076 sgnFdF_pN=0.5586 dwell_ms=0.3948
[GATHER] call=127000 totalDirty=0 maxThread=0 cumAvg=42013.3 cumMaxPerThread=5261
[STRETCHCENSUS] step=63601 t=0.6360 n=18 ext_nm=5.2974 absFdF_pN=3.0964 sgnFdF_pN=-0.5879 dwell_ms=0.3947
[STRETCHCENSUS] step=63901 t=0.6390 n=18 ext_nm=4.6165 absFdF_pN=2.3726 sgnFdF_pN=-0.6550 dwell_ms=0.3946
[GATHER] call=128000 totalDirty=0 maxThread=0 cumAvg=42013.3 cumMaxPerThread=5261
Sim. time=00.64....~110.13 minutes computation to simulate 1 sec, run finished in ~00.11 hours
[STRETCHCENSUS] step=64201 t=0.6420 n=18 ext_nm=5.2331 absFdF_pN=3.4803 sgnFdF_pN=0.7324 dwell_ms=0.3943
[GATHER] call=129000 totalDirty=0 maxThread=0 cumAvg=42013.3 cumMaxPerThread=5261
[STRETCHCENSUS] step=64501 t=0.6450 n=13 ext_nm=4.5415 absFdF_pN=2.5049 sgnFdF_pN=-1.1499 dwell_ms=0.3942
[STRETCHCENSUS] step=64801 t=0.6480 n=16 ext_nm=6.6472 absFdF_pN=3.6016 sgnFdF_pN=1.0659 dwell_ms=0.3946
[GATHER] call=130000 totalDirty=0 maxThread=0 cumAvg=42013.3 cumMaxPerThread=5261
Sim. time=00.65....~107.39 minutes computation to simulate 1 sec, run finished in ~00.09 hours
[STRETCHCENSUS] step=65101 t=0.6510 n=14 ext_nm=5.8845 absFdF_pN=3.4901 sgnFdF_pN=1.8373 dwell_ms=0.3933
[STRETCHCENSUS] step=65401 t=0.6540 n=18 ext_nm=6.3477 absFdF_pN=4.1173 sgnFdF_pN=-0.2372 dwell_ms=0.3931
[GATHER] call=131000 totalDirty=0 maxThread=0 cumAvg=42013.3 cumMaxPerThread=5261
[STRETCHCENSUS] step=65701 t=0.6570 n=16 ext_nm=5.4050 absFdF_pN=3.7547 sgnFdF_pN=-0.7675 dwell_ms=0.3934
[GATHER] call=132000 totalDirty=0 maxThread=0 cumAvg=42013.3 cumMaxPerThread=5261
Sim. time=00.66....~107.51 minutes computation to simulate 1 sec, run finished in ~00.07 hours
[STRETCHCENSUS] step=66001 t=0.6600 n=19 ext_nm=5.1389 absFdF_pN=3.4297 sgnFdF_pN=0.3469 dwell_ms=0.3937
[STRETCHCENSUS] step=66301 t=0.6630 n=18 ext_nm=5.0030 absFdF_pN=2.5399 sgnFdF_pN=-1.0050 dwell_ms=0.3937
[GATHER] call=133000 totalDirty=0 maxThread=0 cumAvg=42013.3 cumMaxPerThread=5261
[STRETCHCENSUS] step=66601 t=0.6660 n=22 ext_nm=4.7653 absFdF_pN=2.4535 sgnFdF_pN=1.0094 dwell_ms=0.3934
[STRETCHCENSUS] step=66901 t=0.6690 n=17 ext_nm=4.5685 absFdF_pN=2.8778 sgnFdF_pN=-0.2035 dwell_ms=0.3930
[GATHER] call=134000 totalDirty=0 maxThread=0 cumAvg=42013.3 cumMaxPerThread=5261
Sim. time=00.67....~107.93 minutes computation to simulate 1 sec, run finished in ~00.05 hours
[STRETCHCENSUS] step=67201 t=0.6720 n=18 ext_nm=5.5050 absFdF_pN=3.3125 sgnFdF_pN=0.6701 dwell_ms=0.3931
[GATHER] call=135000 totalDirty=0 maxThread=0 cumAvg=42013.3 cumMaxPerThread=5261
[STRETCHCENSUS] step=67501 t=0.6750 n=15 ext_nm=5.4182 absFdF_pN=3.3848 sgnFdF_pN=0.7732 dwell_ms=0.3926
[STRETCHCENSUS] step=67801 t=0.6780 n=17 ext_nm=5.4097 absFdF_pN=2.4500 sgnFdF_pN=0.9746 dwell_ms=0.3930
[GATHER] call=136000 totalDirty=0 maxThread=0 cumAvg=42013.3 cumMaxPerThread=5261
Sim. time=00.68....~107.37 minutes computation to simulate 1 sec, run finished in ~00.04 hours
[STRETCHCENSUS] step=68101 t=0.6810 n=15 ext_nm=4.7943 absFdF_pN=2.1647 sgnFdF_pN=0.5331 dwell_ms=0.3930
[STRETCHCENSUS] step=68401 t=0.6840 n=19 ext_nm=5.4220 absFdF_pN=3.1913 sgnFdF_pN=-0.9595 dwell_ms=0.3934
[GATHER] call=137000 totalDirty=0 maxThread=0 cumAvg=42013.3 cumMaxPerThread=5261
[STRETCHCENSUS] step=68701 t=0.6870 n=18 ext_nm=4.0819 absFdF_pN=2.5639 sgnFdF_pN=0.9127 dwell_ms=0.3937
[GATHER] call=138000 totalDirty=0 maxThread=0 cumAvg=42013.3 cumMaxPerThread=5261
Sim. time=00.69....~106.79 minutes computation to simulate 1 sec, run finished in ~00.02 hours
[STRETCHCENSUS] step=69001 t=0.6900 n=15 ext_nm=5.3209 absFdF_pN=3.3275 sgnFdF_pN=-0.2227 dwell_ms=0.3940
[STRETCHCENSUS] step=69301 t=0.6930 n=12 ext_nm=4.2965 absFdF_pN=2.9239 sgnFdF_pN=-0.8156 dwell_ms=0.3945
[GATHER] call=139000 totalDirty=0 maxThread=0 cumAvg=42013.3 cumMaxPerThread=5261
[STRETCHCENSUS] step=69601 t=0.6960 n=13 ext_nm=5.3046 absFdF_pN=2.8915 sgnFdF_pN=-0.2814 dwell_ms=0.3947
[STRETCHCENSUS] step=69901 t=0.6990 n=14 ext_nm=5.1372 absFdF_pN=3.1007 sgnFdF_pN=-0.4359 dwell_ms=0.3949
[GATHER] call=140000 totalDirty=0 maxThread=0 cumAvg=42013.2 cumMaxPerThread=5261
Sim. time=00.70....~108.39 minutes computation to simulate 1 sec, run finished in ~00.00 hours
collisionTime = 0.0
myosinTime = 0.0
[STATS] bindEvents=29477
[STATS] filLinks=0 (active=0 inactive=0)
[STATS] linkCtMean=0.00 (samples=70101) linkCtMeanSettled=0.00 (samples=35102) finalActive=0
[STATS] filFilBroadphase active=false filsegMeshFillSkipped=0 candPairs=0 candMaxPerSeg=0 overflowSegs=0 drainCalls=0
[STATS] fActin segs=11 monomers=740 fActinUM=0.01 meanSegLenUM=0.184 freePoolUM=14.99
[STATS] mem usedHeapMB=1547.6 maxHeapMB=4295.0
[STATS] percolation filaments=1 activeLinks=0 linksPerFil=0.000 largestComp=1 (100.0% of fils) spanX=0.12 spanY=0.27 spanZ=0.08 spanFrac=0.27 percolates=false
[A3] cpuFallback histogram (last classify): thingCt=0 cpuFb total=0 { FilSeg=0 MyoMini=0 ProteinNode=0 Chamber=0 other=0 }
[A3] dimer cohesion dispatch: device(noop)=0 cpu(work)=0  | body↔rod constrain: device(noop)=0 cpu(work)=0  | updateMyosins(host-bookkeeping)=0
[NODE] cpuNodeTetherApplyCt=0 (must be 0 on GPU node path)
[STATS] checkBugInsideFireCt=0
[STATS] addLinkForcesFireCt=0
[STATS] addTorsionFireCt=0
[STATS] meshFillFilSegFireCt=0
[STATS] meshAllSegsFireCt=0
[STATS] mbg3dFillFilSegFireCt=0
[STATS] updatePosFromBindFireCt=0
[STATS] updatePosFromStepFireCt=0
[STATS] validateSegFireCt=0
[STATS] anchorFireCt=0
[STATS] filSegInitFireCt=0
[STATS] motorInitFireCt=0
[STATS] meanBoundMotors=17.057
[STATS] glidingVelocity=3.3445
ThingStep Threads took 2008.162000 seconds.
ThingBrownian Threads took 560.086000 seconds.
Myosin Threads took 729.122000 seconds.
MyoDimer Threads took 0.000000 seconds.
Protein Node Threads took 0.000000 seconds.
MyoMiniFil Threads took 0.000000 seconds.
Chamber Myo Threads took 0.000000 seconds.
Chamber MyoDimer Threads took 0.000000 seconds.
Mesh Threads took 62.129000 seconds.
Ck Mesh Threads took 41.466000 seconds.
Ck Mots Threads took 123.438000 seconds.
XLink Threads took 0.000000 seconds.
Arp23 Threads took 0.000000 seconds.
NodeLink Threads took 0.000000 seconds.
Membrane Node Threads took 0.000000 seconds.
ActA Threads took 0.000000 seconds.
MotorBindGrid3D Fill took 212.879000 seconds.
Finished closing JSON plots!
